[ +278 ms] Artifact Instance of 'MaterialFonts' is not required, skipping update.
[   +1 ms] Artifact Instance of 'GradleWrapper' is not required, skipping update.
[        ] Artifact Instance of 'AndroidGenSnapshotArtifacts' is not required, skipping update.
[        ] Artifact Instance of 'AndroidInternalBuildArtifacts' is not required, skipping update.
[        ] Artifact Instance of 'IOSEngineArtifacts' is not required, skipping update.
[        ] Artifact Instance of 'FlutterWebSdk' is not required, skipping update.
[   +2 ms] Artifact Instance of 'LegacyCanvasKitRemover' is not required, skipping update.
[        ] Artifact Instance of 'FlutterSdk' is not required, skipping update.
[        ] Artifact Instance of 'WindowsEngineArtifacts' is not required, skipping update.
[        ] Artifact Instance of 'MacOSEngineArtifacts' is not required, skipping update.
[        ] Artifact Instance of 'LinuxEngineArtifacts' is not required, skipping update.
[        ] Artifact Instance of 'LinuxFuchsiaSDKArtifacts' is not required, skipping update.
[        ] Artifact Instance of 'MacOSFuchsiaSDKArtifacts' is not required, skipping update.
[        ] Artifact Instance of 'FlutterRunnerSDKArtifacts' is not required, skipping update.
[        ] Artifact Instance of 'FlutterRunnerDebugSymbols' is not required, skipping update.
[        ] Artifact Instance of 'IosUsbArtifacts' is not required, skipping update.
[        ] Artifact Instance of 'IosUsbArtifacts' is not required, skipping update.
[        ] Artifact Instance of 'IosUsbArtifacts' is not required, skipping update.
[        ] Artifact Instance of 'IosUsbArtifacts' is not required, skipping update.
[        ] Artifact Instance of 'IosUsbArtifacts' is not required, skipping update.
[        ] Artifact Instance of 'IosUsbArtifacts' is not required, skipping update.
[        ] Artifact Instance of 'FontSubsetArtifacts' is not required, skipping update.
[        ] Artifact Instance of 'PubDependencies' is not required, skipping update.
[   +1 ms] executing: [C:\Users\subhabrata\flutter/] git -c log.showSignature=false log HEAD -n 1 --pretty=format:%ad --date=iso
[ +137 ms] Exit code 0 from: git -c log.showSignature=false log HEAD -n 1 --pretty=format:%ad --date=iso
[        ] 2026-03-03 16:03:22 -0800
[  +29 ms] Artifact Instance of 'AndroidGenSnapshotArtifacts' is not required, skipping update.
[        ] Artifact Instance of 'AndroidInternalBuildArtifacts' is not required, skipping update.
[        ] Artifact Instance of 'IOSEngineArtifacts' is not required, skipping update.
[        ] Artifact Instance of 'FlutterWebSdk' is not required, skipping update.
[        ] Artifact Instance of 'FlutterEngineStamp' is not required, skipping update.
[        ] Artifact Instance of 'LegacyCanvasKitRemover' is not required, skipping update.
[   +7 ms] Artifact Instance of 'WindowsEngineArtifacts' is not required, skipping update.
[        ] Artifact Instance of 'MacOSEngineArtifacts' is not required, skipping update.
[        ] Artifact Instance of 'LinuxEngineArtifacts' is not required, skipping update.
[        ] Artifact Instance of 'LinuxFuchsiaSDKArtifacts' is not required, skipping update.
[        ] Artifact Instance of 'MacOSFuchsiaSDKArtifacts' is not required, skipping update.
[        ] Artifact Instance of 'FlutterRunnerSDKArtifacts' is not required, skipping update.
[        ] Artifact Instance of 'FlutterRunnerDebugSymbols' is not required, skipping update.
[  +96 ms] Artifact Instance of 'MaterialFonts' is not required, skipping update.
[        ] Artifact Instance of 'GradleWrapper' is not required, skipping update.
[        ] Artifact Instance of 'AndroidGenSnapshotArtifacts' is not required, skipping update.
[        ] Artifact Instance of 'AndroidInternalBuildArtifacts' is not required, skipping update.
[        ] Artifact Instance of 'IOSEngineArtifacts' is not required, skipping update.
[   +1 ms] Artifact Instance of 'FlutterEngineStamp' is not required, skipping update.
[   +2 ms] Artifact Instance of 'FlutterSdk' is not required, skipping update.
[        ] Artifact Instance of 'WindowsEngineArtifacts' is not required, skipping update.
[        ] Artifact Instance of 'MacOSEngineArtifacts' is not required, skipping update.
[        ] Artifact Instance of 'LinuxEngineArtifacts' is not required, skipping update.
[        ] Artifact Instance of 'LinuxFuchsiaSDKArtifacts' is not required, skipping update.
[        ] Artifact Instance of 'MacOSFuchsiaSDKArtifacts' is not required, skipping update.
[        ] Artifact Instance of 'FlutterRunnerSDKArtifacts' is not required, skipping update.
[        ] Artifact Instance of 'FlutterRunnerDebugSymbols' is not required, skipping update.
[        ] Artifact Instance of 'IosUsbArtifacts' is not required, skipping update.
[        ] Artifact Instance of 'IosUsbArtifacts' is not required, skipping update.
[        ] Artifact Instance of 'IosUsbArtifacts' is not required, skipping update.
[        ] Artifact Instance of 'IosUsbArtifacts' is not required, skipping update.
[        ] Artifact Instance of 'IosUsbArtifacts' is not required, skipping update.
[        ] Artifact Instance of 'IosUsbArtifacts' is not required, skipping update.
[        ] Artifact Instance of 'FontSubsetArtifacts' is not required, skipping update.
[        ] Artifact Instance of 'PubDependencies' is not required, skipping update.
[  +35 ms] Skipping pub get: version match.
[ +182 ms] Found plugin flutter_inappwebview at C:\Users\subhabrata\AppData\Local\Pub\Cache\hosted\pub.dev\flutter_inappwebview-6.1.5\
[  +13 ms] Found plugin flutter_inappwebview_web at C:\Users\subhabrata\AppData\Local\Pub\Cache\hosted\pub.dev\flutter_inappwebview_web-1.1.2\
[   +7 ms] Found plugin flutter_inappwebview_macos at C:\Users\subhabrata\AppData\Local\Pub\Cache\hosted\pub.dev\flutter_inappwebview_macos-1.1.2\
[   +3 ms] Found plugin flutter_inappwebview_ios at C:\Users\subhabrata\AppData\Local\Pub\Cache\hosted\pub.dev\flutter_inappwebview_ios-1.1.2\
[   +4 ms] Found plugin flutter_inappwebview_android at C:\Users\subhabrata\AppData\Local\Pub\Cache\hosted\pub.dev\flutter_inappwebview_android-1.1.3\
[   +8 ms] Found plugin url_launcher at C:\Users\subhabrata\AppData\Local\Pub\Cache\hosted\pub.dev\url_launcher-6.3.2\
[   +5 ms] Found plugin url_launcher_web at C:\Users\subhabrata\AppData\Local\Pub\Cache\hosted\pub.dev\url_launcher_web-2.4.1\
[   +3 ms] Found plugin url_launcher_macos at C:\Users\subhabrata\AppData\Local\Pub\Cache\hosted\pub.dev\url_launcher_macos-3.2.5\
[   +3 ms] Found plugin url_launcher_ios at C:\Users\subhabrata\AppData\Local\Pub\Cache\hosted\pub.dev\url_launcher_ios-6.3.6\
[   +3 ms] Found plugin url_launcher_android at C:\Users\subhabrata\AppData\Local\Pub\Cache\hosted\pub.dev\url_launcher_android-6.3.28\
[   +4 ms] Found plugin syncfusion_flutter_pdfviewer at C:\Users\subhabrata\AppData\Local\Pub\Cache\hosted\pub.dev\syncfusion_flutter_pdfviewer-32.1.21\
[   +9 ms] Found plugin syncfusion_pdfviewer_web at C:\Users\subhabrata\AppData\Local\Pub\Cache\hosted\pub.dev\syncfusion_pdfviewer_web-32.1.21\
[   +4 ms] Found plugin syncfusion_pdfviewer_macos at C:\Users\subhabrata\AppData\Local\Pub\Cache\hosted\pub.dev\syncfusion_pdfviewer_macos-32.1.21\
[  +34 ms] Found plugin sqflite at C:\Users\subhabrata\AppData\Local\Pub\Cache\hosted\pub.dev\sqflite-2.4.2\
[  +16 ms] Found plugin sqflite_darwin at C:\Users\subhabrata\AppData\Local\Pub\Cache\hosted\pub.dev\sqflite_darwin-2.4.2\
[   +4 ms] Found plugin sqflite_android at C:\Users\subhabrata\AppData\Local\Pub\Cache\hosted\pub.dev\sqflite_android-2.4.2+2\
[  +10 ms] Found plugin path_provider at C:\Users\subhabrata\AppData\Local\Pub\Cache\hosted\pub.dev\path_provider-2.1.5\
[   +8 ms] Found plugin path_provider_foundation at C:\Users\subhabrata\AppData\Local\Pub\Cache\hosted\pub.dev\path_provider_foundation-2.5.1\
[   +2 ms] Found plugin path_provider_android at C:\Users\subhabrata\AppData\Local\Pub\Cache\hosted\pub.dev\path_provider_android-2.2.22\
[  +13 ms] Found plugin razorpay_flutter at C:\Users\subhabrata\AppData\Local\Pub\Cache\hosted\pub.dev\razorpay_flutter-1.4.0\
[   +2 ms] Found plugin fluttertoast at C:\Users\subhabrata\AppData\Local\Pub\Cache\hosted\pub.dev\fluttertoast-8.2.14\
[   +5 ms] Found plugin permission_handler at C:\Users\subhabrata\AppData\Local\Pub\Cache\hosted\pub.dev\permission_handler-12.0.1\
[   +6 ms] Found plugin permission_handler_html at C:\Users\subhabrata\AppData\Local\Pub\Cache\hosted\pub.dev\permission_handler_html-0.1.3+5\
[   +2 ms] Found plugin permission_handler_apple at C:\Users\subhabrata\AppData\Local\Pub\Cache\hosted\pub.dev\permission_handler_apple-9.4.7\
[   +2 ms] Found plugin permission_handler_android at C:\Users\subhabrata\AppData\Local\Pub\Cache\hosted\pub.dev\permission_handler_android-13.0.1\
[   +2 ms] Found plugin no_screenshot at C:\Users\subhabrata\AppData\Local\Pub\Cache\hosted\pub.dev\no_screenshot-0.3.1\
[   +6 ms] Found plugin jitsi_meet_flutter_sdk at C:\Users\subhabrata\AppData\Local\Pub\Cache\hosted\pub.dev\jitsi_meet_flutter_sdk-11.6.0\
[   +2 ms] Found plugin google_sign_in at C:\Users\subhabrata\AppData\Local\Pub\Cache\hosted\pub.dev\google_sign_in-6.3.0\
[   +2 ms] Found plugin google_sign_in_web at C:\Users\subhabrata\AppData\Local\Pub\Cache\hosted\pub.dev\google_sign_in_web-0.12.4+4\
[   +7 ms] Found plugin google_sign_in_ios at C:\Users\subhabrata\AppData\Local\Pub\Cache\hosted\pub.dev\google_sign_in_ios-5.9.0\
[   +2 ms] Found plugin google_sign_in_android at C:\Users\subhabrata\AppData\Local\Pub\Cache\hosted\pub.dev\google_sign_in_android-6.2.1\
[  +22 ms] Found plugin firebase_database at C:\Users\subhabrata\AppData\Local\Pub\Cache\hosted\pub.dev\firebase_database-12.1.1\
[   +2 ms] Found plugin firebase_database_web at C:\Users\subhabrata\AppData\Local\Pub\Cache\hosted\pub.dev\firebase_database_web-0.2.7+2\
[   +4 ms] Found plugin firebase_core_web at C:\Users\subhabrata\AppData\Local\Pub\Cache\hosted\pub.dev\firebase_core_web-3.3.1\
[   +5 ms] Found plugin firebase_auth_web at C:\Users\subhabrata\AppData\Local\Pub\Cache\hosted\pub.dev\firebase_auth_web-6.1.1\
[   +9 ms] Found plugin cloud_firestore_web at C:\Users\subhabrata\AppData\Local\Pub\Cache\hosted\pub.dev\cloud_firestore_web-5.1.1\
flutter : [  +23 ms] Package path_provider:linux 
references path_provider_linux:linux as the default 
plugin, but the package does not exist, or is not a 
plugin package.
At line:1 char:1
+ flutter build web -v > build_output.txt 2>&1
+ ~~~~~~~~~~~~~~~~~~~~~~~~~~~~~~~~~~~~~~~~~~~~
    + CategoryInfo          : NotSpecified: ([  +23 
ms    ] Pack...plugin package.:String) [], 
RemoteExcepti    on
    + FullyQualifiedErrorId : NativeCommandError
 
           Ask the maintainers of path_provider to 
either avoid referencing a default implementation via 
`platforms: linux: default_package: 
path_provider_linux` or create a plugin named 
path_provider_linux.

[   +2 ms] Package syncfusion_flutter_pdfviewer:linux 
references syncfusion_pdfviewer_linux:linux as the 
default plugin, but the package does not exist, or is 
not a plugin package.
           Ask the maintainers of 
syncfusion_flutter_pdfviewer to either avoid 
referencing a default implementation via `platforms: 
linux: default_package: syncfusion_pdfviewer_linux` 
or create a plugin named syncfusion_pdfviewer_linux.

[        ] Package url_launcher:linux references 
url_launcher_linux:linux as the default plugin, but 
the package does not exist, or is not a plugin 
package.
           Ask the maintainers of url_launcher to 
either avoid referencing a default implementation via 
`platforms: linux: default_package: 
url_launcher_linux` or create a plugin named 
url_launcher_linux.

[        ] Package flutter_inappwebview:windows 
references flutter_inappwebview_windows:windows as 
the default plugin, but the package does not exist, 
or is not a plugin package.
           Ask the maintainers of 
flutter_inappwebview to either avoid referencing a 
default implementation via `platforms: windows: 
default_package: flutter_inappwebview_windows` or 
create a plugin named flutter_inappwebview_windows.

[        ] Package path_provider:windows references 
path_provider_windows:windows as the default plugin, 
but the package does not exist, or is not a plugin 
package.
           Ask the maintainers of path_provider to 
either avoid referencing a default implementation via 
`platforms: windows: default_package: 
path_provider_windows` or create a plugin named 
path_provider_windows.

[        ] Package permission_handler:windows 
references permission_handler_windows:windows as the 
default plugin, but the package does not exist, or is 
not a plugin package.
           Ask the maintainers of permission_handler 
to either avoid referencing a default implementation 
via `platforms: windows: default_package: 
permission_handler_windows` or create a plugin named 
permission_handler_windows.

[        ] Package 
syncfusion_flutter_pdfviewer:windows references 
syncfusion_pdfviewer_windows:windows as the default 
plugin, but the package does not exist, or is not a 
plugin package.
           Ask the maintainers of 
syncfusion_flutter_pdfviewer to either avoid 
referencing a default implementation via `platforms: 
windows: default_package: 
syncfusion_pdfviewer_windows` or create a plugin 
named syncfusion_pdfviewer_windows.

[        ] Package url_launcher:windows references 
url_launcher_windows:windows as the default plugin, 
but the package does not exist, or is not a plugin 
package.
           Ask the maintainers of url_launcher to 
either avoid referencing a default implementation via 
`platforms: windows: default_package: 
url_launcher_windows` or create a plugin named 
url_launcher_windows.

[ +156 ms] Found plugin flutter_inappwebview at C:\Users\subhabrata\AppData\Local\Pub\Cache\hosted\pub.dev\flutter_inappwebview-6.1.5\
[   +7 ms] Found plugin flutter_inappwebview_web at C:\Users\subhabrata\AppData\Local\Pub\Cache\hosted\pub.dev\flutter_inappwebview_web-1.1.2\
[   +4 ms] Found plugin flutter_inappwebview_macos at C:\Users\subhabrata\AppData\Local\Pub\Cache\hosted\pub.dev\flutter_inappwebview_macos-1.1.2\
[   +2 ms] Found plugin flutter_inappwebview_ios at C:\Users\subhabrata\AppData\Local\Pub\Cache\hosted\pub.dev\flutter_inappwebview_ios-1.1.2\
[   +2 ms] Found plugin flutter_inappwebview_android at C:\Users\subhabrata\AppData\Local\Pub\Cache\hosted\pub.dev\flutter_inappwebview_android-1.1.3\
[   +3 ms] Found plugin url_launcher at C:\Users\subhabrata\AppData\Local\Pub\Cache\hosted\pub.dev\url_launcher-6.3.2\
[   +3 ms] Found plugin url_launcher_web at C:\Users\subhabrata\AppData\Local\Pub\Cache\hosted\pub.dev\url_launcher_web-2.4.1\
[   +1 ms] Found plugin url_launcher_macos at C:\Users\subhabrata\AppData\Local\Pub\Cache\hosted\pub.dev\url_launcher_macos-3.2.5\
[   +2 ms] Found plugin url_launcher_ios at C:\Users\subhabrata\AppData\Local\Pub\Cache\hosted\pub.dev\url_launcher_ios-6.3.6\
[   +2 ms] Found plugin url_launcher_android at C:\Users\subhabrata\AppData\Local\Pub\Cache\hosted\pub.dev\url_launcher_android-6.3.28\
[   +3 ms] Found plugin syncfusion_flutter_pdfviewer at C:\Users\subhabrata\AppData\Local\Pub\Cache\hosted\pub.dev\syncfusion_flutter_pdfviewer-32.1.21\
[   +5 ms] Found plugin syncfusion_pdfviewer_web at C:\Users\subhabrata\AppData\Local\Pub\Cache\hosted\pub.dev\syncfusion_pdfviewer_web-32.1.21\
[   +3 ms] Found plugin syncfusion_pdfviewer_macos at C:\Users\subhabrata\AppData\Local\Pub\Cache\hosted\pub.dev\syncfusion_pdfviewer_macos-32.1.21\
[  +32 ms] Found plugin sqflite at C:\Users\subhabrata\AppData\Local\Pub\Cache\hosted\pub.dev\sqflite-2.4.2\
[  +13 ms] Found plugin sqflite_darwin at C:\Users\subhabrata\AppData\Local\Pub\Cache\hosted\pub.dev\sqflite_darwin-2.4.2\
[   +2 ms] Found plugin sqflite_android at C:\Users\subhabrata\AppData\Local\Pub\Cache\hosted\pub.dev\sqflite_android-2.4.2+2\
[   +4 ms] Found plugin path_provider at C:\Users\subhabrata\AppData\Local\Pub\Cache\hosted\pub.dev\path_provider-2.1.5\
[   +7 ms] Found plugin path_provider_foundation at C:\Users\subhabrata\AppData\Local\Pub\Cache\hosted\pub.dev\path_provider_foundation-2.5.1\
[   +2 ms] Found plugin path_provider_android at C:\Users\subhabrata\AppData\Local\Pub\Cache\hosted\pub.dev\path_provider_android-2.2.22\
[  +24 ms] Found plugin razorpay_flutter at C:\Users\subhabrata\AppData\Local\Pub\Cache\hosted\pub.dev\razorpay_flutter-1.4.0\
[   +3 ms] Found plugin fluttertoast at C:\Users\subhabrata\AppData\Local\Pub\Cache\hosted\pub.dev\fluttertoast-8.2.14\
[   +4 ms] Found plugin permission_handler at C:\Users\subhabrata\AppData\Local\Pub\Cache\hosted\pub.dev\permission_handler-12.0.1\
[   +6 ms] Found plugin permission_handler_html at C:\Users\subhabrata\AppData\Local\Pub\Cache\hosted\pub.dev\permission_handler_html-0.1.3+5\
[   +4 ms] Found plugin permission_handler_apple at C:\Users\subhabrata\AppData\Local\Pub\Cache\hosted\pub.dev\permission_handler_apple-9.4.7\
[   +2 ms] Found plugin permission_handler_android at C:\Users\subhabrata\AppData\Local\Pub\Cache\hosted\pub.dev\permission_handler_android-13.0.1\
[   +2 ms] Found plugin no_screenshot at C:\Users\subhabrata\AppData\Local\Pub\Cache\hosted\pub.dev\no_screenshot-0.3.1\
[   +6 ms] Found plugin jitsi_meet_flutter_sdk at C:\Users\subhabrata\AppData\Local\Pub\Cache\hosted\pub.dev\jitsi_meet_flutter_sdk-11.6.0\
[   +4 ms] Found plugin google_sign_in at C:\Users\subhabrata\AppData\Local\Pub\Cache\hosted\pub.dev\google_sign_in-6.3.0\
[   +2 ms] Found plugin google_sign_in_web at C:\Users\subhabrata\AppData\Local\Pub\Cache\hosted\pub.dev\google_sign_in_web-0.12.4+4\
[   +6 ms] Found plugin google_sign_in_ios at C:\Users\subhabrata\AppData\Local\Pub\Cache\hosted\pub.dev\google_sign_in_ios-5.9.0\
[   +2 ms] Found plugin google_sign_in_android at C:\Users\subhabrata\AppData\Local\Pub\Cache\hosted\pub.dev\google_sign_in_android-6.2.1\
[  +25 ms] Found plugin firebase_database at C:\Users\subhabrata\AppData\Local\Pub\Cache\hosted\pub.dev\firebase_database-12.1.1\
[   +1 ms] Found plugin firebase_database_web at C:\Users\subhabrata\AppData\Local\Pub\Cache\hosted\pub.dev\firebase_database_web-0.2.7+2\
[   +3 ms] Found plugin firebase_core_web at C:\Users\subhabrata\AppData\Local\Pub\Cache\hosted\pub.dev\firebase_core_web-3.3.1\
[   +5 ms] Found plugin firebase_auth_web at C:\Users\subhabrata\AppData\Local\Pub\Cache\hosted\pub.dev\firebase_auth_web-6.1.1\
[   +9 ms] Found plugin cloud_firestore_web at C:\Users\subhabrata\AppData\Local\Pub\Cache\hosted\pub.dev\cloud_firestore_web-5.1.1\
[  +18 ms] Package url_launcher:linux references 
url_launcher_linux:linux as the default plugin, but 
the package does not exist, or is not a plugin 
package.
           Ask the maintainers of url_launcher to 
either avoid referencing a default implementation via 
`platforms: linux: default_package: 
url_launcher_linux` or create a plugin named 
url_launcher_linux.

[        ] Package syncfusion_flutter_pdfviewer:linux 
references syncfusion_pdfviewer_linux:linux as the 
default plugin, but the package does not exist, or is 
not a plugin package.
           Ask the maintainers of 
syncfusion_flutter_pdfviewer to either avoid 
referencing a default implementation via `platforms: 
linux: default_package: syncfusion_pdfviewer_linux` 
or create a plugin named syncfusion_pdfviewer_linux.

[        ] Package path_provider:linux references 
path_provider_linux:linux as the default plugin, but 
the package does not exist, or is not a plugin 
package.
           Ask the maintainers of path_provider to 
either avoid referencing a default implementation via 
`platforms: linux: default_package: 
path_provider_linux` or create a plugin named 
path_provider_linux.

[        ] Package flutter_inappwebview:windows 
references flutter_inappwebview_windows:windows as 
the default plugin, but the package does not exist, 
or is not a plugin package.
           Ask the maintainers of 
flutter_inappwebview to either avoid referencing a 
default implementation via `platforms: windows: 
default_package: flutter_inappwebview_windows` or 
create a plugin named flutter_inappwebview_windows.

[        ] Package url_launcher:windows references 
url_launcher_windows:windows as the default plugin, 
but the package does not exist, or is not a plugin 
package.
           Ask the maintainers of url_launcher to 
either avoid referencing a default implementation via 
`platforms: windows: default_package: 
url_launcher_windows` or create a plugin named 
url_launcher_windows.

[        ] Package 
syncfusion_flutter_pdfviewer:windows references 
syncfusion_pdfviewer_windows:windows as the default 
plugin, but the package does not exist, or is not a 
plugin package.
           Ask the maintainers of 
syncfusion_flutter_pdfviewer to either avoid 
referencing a default implementation via `platforms: 
windows: default_package: 
syncfusion_pdfviewer_windows` or create a plugin 
named syncfusion_pdfviewer_windows.

[        ] Package path_provider:windows references 
path_provider_windows:windows as the default plugin, 
but the package does not exist, or is not a plugin 
package.
           Ask the maintainers of path_provider to 
either avoid referencing a default implementation via 
`platforms: windows: default_package: 
path_provider_windows` or create a plugin named 
path_provider_windows.

[        ] Package permission_handler:windows 
references permission_handler_windows:windows as the 
default plugin, but the package does not exist, or is 
not a plugin package.
           Ask the maintainers of permission_handler 
to either avoid referencing a default implementation 
via `platforms: windows: default_package: 
permission_handler_windows` or create a plugin named 
permission_handler_windows.

[  +43 ms] Skipping generating web_plugin_registrant.dart because it is up-to-date.
[  +88 ms] Found plugin flutter_inappwebview at C:\Users\subhabrata\AppData\Local\Pub\Cache\hosted\pub.dev\flutter_inappwebview-6.1.5\
[   +7 ms] Found plugin flutter_inappwebview_web at C:\Users\subhabrata\AppData\Local\Pub\Cache\hosted\pub.dev\flutter_inappwebview_web-1.1.2\
[   +4 ms] Found plugin flutter_inappwebview_macos at C:\Users\subhabrata\AppData\Local\Pub\Cache\hosted\pub.dev\flutter_inappwebview_macos-1.1.2\
[   +1 ms] Found plugin flutter_inappwebview_ios at C:\Users\subhabrata\AppData\Local\Pub\Cache\hosted\pub.dev\flutter_inappwebview_ios-1.1.2\
[   +1 ms] Found plugin flutter_inappwebview_android at C:\Users\subhabrata\AppData\Local\Pub\Cache\hosted\pub.dev\flutter_inappwebview_android-1.1.3\
[   +3 ms] Found plugin url_launcher at C:\Users\subhabrata\AppData\Local\Pub\Cache\hosted\pub.dev\url_launcher-6.3.2\
[   +3 ms] Found plugin url_launcher_web at C:\Users\subhabrata\AppData\Local\Pub\Cache\hosted\pub.dev\url_launcher_web-2.4.1\
[   +2 ms] Found plugin url_launcher_macos at C:\Users\subhabrata\AppData\Local\Pub\Cache\hosted\pub.dev\url_launcher_macos-3.2.5\
[   +3 ms] Found plugin url_launcher_ios at C:\Users\subhabrata\AppData\Local\Pub\Cache\hosted\pub.dev\url_launcher_ios-6.3.6\
[   +2 ms] Found plugin url_launcher_android at C:\Users\subhabrata\AppData\Local\Pub\Cache\hosted\pub.dev\url_launcher_android-6.3.28\
[   +2 ms] Found plugin syncfusion_flutter_pdfviewer at C:\Users\subhabrata\AppData\Local\Pub\Cache\hosted\pub.dev\syncfusion_flutter_pdfviewer-32.1.21\
[   +6 ms] Found plugin syncfusion_pdfviewer_web at C:\Users\subhabrata\AppData\Local\Pub\Cache\hosted\pub.dev\syncfusion_pdfviewer_web-32.1.21\
[   +4 ms] Found plugin syncfusion_pdfviewer_macos at C:\Users\subhabrata\AppData\Local\Pub\Cache\hosted\pub.dev\syncfusion_pdfviewer_macos-32.1.21\
[  +17 ms] Found plugin sqflite at C:\Users\subhabrata\AppData\Local\Pub\Cache\hosted\pub.dev\sqflite-2.4.2\
[   +6 ms] Found plugin sqflite_darwin at C:\Users\subhabrata\AppData\Local\Pub\Cache\hosted\pub.dev\sqflite_darwin-2.4.2\
[   +1 ms] Found plugin sqflite_android at C:\Users\subhabrata\AppData\Local\Pub\Cache\hosted\pub.dev\sqflite_android-2.4.2+2\
[   +2 ms] Found plugin path_provider at C:\Users\subhabrata\AppData\Local\Pub\Cache\hosted\pub.dev\path_provider-2.1.5\
[   +4 ms] Found plugin path_provider_foundation at C:\Users\subhabrata\AppData\Local\Pub\Cache\hosted\pub.dev\path_provider_foundation-2.5.1\
[   +1 ms] Found plugin path_provider_android at C:\Users\subhabrata\AppData\Local\Pub\Cache\hosted\pub.dev\path_provider_android-2.2.22\
[   +6 ms] Found plugin razorpay_flutter at C:\Users\subhabrata\AppData\Local\Pub\Cache\hosted\pub.dev\razorpay_flutter-1.4.0\
[   +1 ms] Found plugin fluttertoast at C:\Users\subhabrata\AppData\Local\Pub\Cache\hosted\pub.dev\fluttertoast-8.2.14\
[   +2 ms] Found plugin permission_handler at C:\Users\subhabrata\AppData\Local\Pub\Cache\hosted\pub.dev\permission_handler-12.0.1\
[   +2 ms] Found plugin permission_handler_html at C:\Users\subhabrata\AppData\Local\Pub\Cache\hosted\pub.dev\permission_handler_html-0.1.3+5\
[   +1 ms] Found plugin permission_handler_apple at C:\Users\subhabrata\AppData\Local\Pub\Cache\hosted\pub.dev\permission_handler_apple-9.4.7\
[   +1 ms] Found plugin permission_handler_android at C:\Users\subhabrata\AppData\Local\Pub\Cache\hosted\pub.dev\permission_handler_android-13.0.1\
[   +1 ms] Found plugin no_screenshot at C:\Users\subhabrata\AppData\Local\Pub\Cache\hosted\pub.dev\no_screenshot-0.3.1\
[   +3 ms] Found plugin jitsi_meet_flutter_sdk at C:\Users\subhabrata\AppData\Local\Pub\Cache\hosted\pub.dev\jitsi_meet_flutter_sdk-11.6.0\
[   +1 ms] Found plugin google_sign_in at C:\Users\subhabrata\AppData\Local\Pub\Cache\hosted\pub.dev\google_sign_in-6.3.0\
[   +1 ms] Found plugin google_sign_in_web at C:\Users\subhabrata\AppData\Local\Pub\Cache\hosted\pub.dev\google_sign_in_web-0.12.4+4\
[   +4 ms] Found plugin google_sign_in_ios at C:\Users\subhabrata\AppData\Local\Pub\Cache\hosted\pub.dev\google_sign_in_ios-5.9.0\
[   +2 ms] Found plugin google_sign_in_android at C:\Users\subhabrata\AppData\Local\Pub\Cache\hosted\pub.dev\google_sign_in_android-6.2.1\
[  +17 ms] Found plugin firebase_database at C:\Users\subhabrata\AppData\Local\Pub\Cache\hosted\pub.dev\firebase_database-12.1.1\
[   +1 ms] Found plugin firebase_database_web at C:\Users\subhabrata\AppData\Local\Pub\Cache\hosted\pub.dev\firebase_database_web-0.2.7+2\
[   +2 ms] Found plugin firebase_core_web at C:\Users\subhabrata\AppData\Local\Pub\Cache\hosted\pub.dev\firebase_core_web-3.3.1\
[   +4 ms] Found plugin firebase_auth_web at C:\Users\subhabrata\AppData\Local\Pub\Cache\hosted\pub.dev\firebase_auth_web-6.1.1\
[   +5 ms] Found plugin cloud_firestore_web at C:\Users\subhabrata\AppData\Local\Pub\Cache\hosted\pub.dev\cloud_firestore_web-5.1.1\
[  +11 ms] Package url_launcher:linux references 
url_launcher_linux:linux as the default plugin, but 
the package does not exist, or is not a plugin 
package.
           Ask the maintainers of url_launcher to 
either avoid referencing a default implementation via 
`platforms: linux: default_package: 
url_launcher_linux` or create a plugin named 
url_launcher_linux.

[        ] Package syncfusion_flutter_pdfviewer:linux 
references syncfusion_pdfviewer_linux:linux as the 
default plugin, but the package does not exist, or is 
not a plugin package.
           Ask the maintainers of 
syncfusion_flutter_pdfviewer to either avoid 
referencing a default implementation via `platforms: 
linux: default_package: syncfusion_pdfviewer_linux` 
or create a plugin named syncfusion_pdfviewer_linux.

[        ] Package path_provider:linux references 
path_provider_linux:linux as the default plugin, but 
the package does not exist, or is not a plugin 
package.
           Ask the maintainers of path_provider to 
either avoid referencing a default implementation via 
`platforms: linux: default_package: 
path_provider_linux` or create a plugin named 
path_provider_linux.

[        ] Package flutter_inappwebview:windows 
references flutter_inappwebview_windows:windows as 
the default plugin, but the package does not exist, 
or is not a plugin package.
           Ask the maintainers of 
flutter_inappwebview to either avoid referencing a 
default implementation via `platforms: windows: 
default_package: flutter_inappwebview_windows` or 
create a plugin named flutter_inappwebview_windows.

[        ] Package url_launcher:windows references 
url_launcher_windows:windows as the default plugin, 
but the package does not exist, or is not a plugin 
package.
           Ask the maintainers of url_launcher to 
either avoid referencing a default implementation via 
`platforms: windows: default_package: 
url_launcher_windows` or create a plugin named 
url_launcher_windows.

[        ] Package 
syncfusion_flutter_pdfviewer:windows references 
syncfusion_pdfviewer_windows:windows as the default 
plugin, but the package does not exist, or is not a 
plugin package.
           Ask the maintainers of 
syncfusion_flutter_pdfviewer to either avoid 
referencing a default implementation via `platforms: 
windows: default_package: 
syncfusion_pdfviewer_windows` or create a plugin 
named syncfusion_pdfviewer_windows.

[        ] Package path_provider:windows references 
path_provider_windows:windows as the default plugin, 
but the package does not exist, or is not a plugin 
package.
           Ask the maintainers of path_provider to 
either avoid referencing a default implementation via 
`platforms: windows: default_package: 
path_provider_windows` or create a plugin named 
path_provider_windows.

[        ] Package permission_handler:windows 
references permission_handler_windows:windows as the 
default plugin, but the package does not exist, or is 
not a plugin package.
           Ask the maintainers of permission_handler 
to either avoid referencing a default implementation 
via `platforms: windows: default_package: 
permission_handler_windows` or create a plugin named 
permission_handler_windows.

[  +28 ms] Generating D:\Subhabrata\Downloads\OnlineTeachingApp-main\OnlineTeachingApp-main\android\app\src\main\java\io\flutter\plugins\GeneratedPluginRegistrant.java
[  +26 ms] Skipping generating GeneratedPluginRegistrant.java because it is up-to-date.
[  +28 ms] Skipping generating generated_plugin_registrant.h because it is up-to-date.
[  +12 ms] Skipping generating generated_plugin_registrant.cc because it is up-to-date.
[  +12 ms] Skipping generating generated_plugins.cmake because it is up-to-date.
[  +30 ms] Skipping generating generated_plugin_registrant.h because it is up-to-date.
[  +13 ms] Skipping generating generated_plugin_registrant.cc because it is up-to-date.
[  +13 ms] Skipping generating generated_plugins.cmake because it is up-to-date.
[   +1 ms] Package url_launcher:linux references 
url_launcher_linux:linux as the default plugin, but 
the package does not exist, or is not a plugin 
package.
           Ask the maintainers of url_launcher to 
either avoid referencing a default implementation via 
`platforms: linux: default_package: 
url_launcher_linux` or create a plugin named 
url_launcher_linux.

[        ] Package syncfusion_flutter_pdfviewer:linux 
references syncfusion_pdfviewer_linux:linux as the 
default plugin, but the package does not exist, or is 
not a plugin package.
           Ask the maintainers of 
syncfusion_flutter_pdfviewer to either avoid 
referencing a default implementation via `platforms: 
linux: default_package: syncfusion_pdfviewer_linux` 
or create a plugin named syncfusion_pdfviewer_linux.

[        ] Package path_provider:linux references 
path_provider_linux:linux as the default plugin, but 
the package does not exist, or is not a plugin 
package.
           Ask the maintainers of path_provider to 
either avoid referencing a default implementation via 
`platforms: linux: default_package: 
path_provider_linux` or create a plugin named 
path_provider_linux.

[        ] Package flutter_inappwebview:windows 
references flutter_inappwebview_windows:windows as 
the default plugin, but the package does not exist, 
or is not a plugin package.
           Ask the maintainers of 
flutter_inappwebview to either avoid referencing a 
default implementation via `platforms: windows: 
default_package: flutter_inappwebview_windows` or 
create a plugin named flutter_inappwebview_windows.

[        ] Package url_launcher:windows references 
url_launcher_windows:windows as the default plugin, 
but the package does not exist, or is not a plugin 
package.
           Ask the maintainers of url_launcher to 
either avoid referencing a default implementation via 
`platforms: windows: default_package: 
url_launcher_windows` or create a plugin named 
url_launcher_windows.

[        ] Package 
syncfusion_flutter_pdfviewer:windows references 
syncfusion_pdfviewer_windows:windows as the default 
plugin, but the package does not exist, or is not a 
plugin package.
           Ask the maintainers of 
syncfusion_flutter_pdfviewer to either avoid 
referencing a default implementation via `platforms: 
windows: default_package: 
syncfusion_pdfviewer_windows` or create a plugin 
named syncfusion_pdfviewer_windows.

[        ] Package path_provider:windows references 
path_provider_windows:windows as the default plugin, 
but the package does not exist, or is not a plugin 
package.
           Ask the maintainers of path_provider to 
either avoid referencing a default implementation via 
`platforms: windows: default_package: 
path_provider_windows` or create a plugin named 
path_provider_windows.

[        ] Package permission_handler:windows 
references permission_handler_windows:windows as the 
default plugin, but the package does not exist, or is 
not a plugin package.
           Ask the maintainers of permission_handler 
to either avoid referencing a default implementation 
via `platforms: windows: default_package: 
permission_handler_windows` or create a plugin named 
permission_handler_windows.

[  +29 ms] Skipping generating GeneratedPluginRegistrant.h because it is up-to-date.
[  +13 ms] Skipping generating GeneratedPluginRegistrant.m because it is up-to-date.
[  +26 ms] Skipping generating GeneratedPluginRegistrant.swift because it is up-to-date.
[ +330 ms] Found plugin flutter_inappwebview at C:\Users\subhabrata\AppData\Local\Pub\Cache\hosted\pub.dev\flutter_inappwebview-6.1.5\
[   +5 ms] Found plugin flutter_inappwebview_web at C:\Users\subhabrata\AppData\Local\Pub\Cache\hosted\pub.dev\flutter_inappwebview_web-1.1.2\
[   +4 ms] Found plugin flutter_inappwebview_macos at C:\Users\subhabrata\AppData\Local\Pub\Cache\hosted\pub.dev\flutter_inappwebview_macos-1.1.2\
[   +1 ms] Found plugin flutter_inappwebview_ios at C:\Users\subhabrata\AppData\Local\Pub\Cache\hosted\pub.dev\flutter_inappwebview_ios-1.1.2\
[   +1 ms] Found plugin flutter_inappwebview_android at C:\Users\subhabrata\AppData\Local\Pub\Cache\hosted\pub.dev\flutter_inappwebview_android-1.1.3\
[   +2 ms] Found plugin url_launcher at C:\Users\subhabrata\AppData\Local\Pub\Cache\hosted\pub.dev\url_launcher-6.3.2\
[   +2 ms] Found plugin url_launcher_web at C:\Users\subhabrata\AppData\Local\Pub\Cache\hosted\pub.dev\url_launcher_web-2.4.1\
[   +1 ms] Found plugin url_launcher_macos at C:\Users\subhabrata\AppData\Local\Pub\Cache\hosted\pub.dev\url_launcher_macos-3.2.5\
[   +2 ms] Found plugin url_launcher_ios at C:\Users\subhabrata\AppData\Local\Pub\Cache\hosted\pub.dev\url_launcher_ios-6.3.6\
[   +1 ms] Found plugin url_launcher_android at C:\Users\subhabrata\AppData\Local\Pub\Cache\hosted\pub.dev\url_launcher_android-6.3.28\
[   +2 ms] Found plugin syncfusion_flutter_pdfviewer at C:\Users\subhabrata\AppData\Local\Pub\Cache\hosted\pub.dev\syncfusion_flutter_pdfviewer-32.1.21\
[   +3 ms] Found plugin syncfusion_pdfviewer_web at C:\Users\subhabrata\AppData\Local\Pub\Cache\hosted\pub.dev\syncfusion_pdfviewer_web-32.1.21\
[   +2 ms] Found plugin syncfusion_pdfviewer_macos at C:\Users\subhabrata\AppData\Local\Pub\Cache\hosted\pub.dev\syncfusion_pdfviewer_macos-32.1.21\
[  +14 ms] Found plugin sqflite at C:\Users\subhabrata\AppData\Local\Pub\Cache\hosted\pub.dev\sqflite-2.4.2\
[   +5 ms] Found plugin sqflite_darwin at C:\Users\subhabrata\AppData\Local\Pub\Cache\hosted\pub.dev\sqflite_darwin-2.4.2\
[   +1 ms] Found plugin sqflite_android at C:\Users\subhabrata\AppData\Local\Pub\Cache\hosted\pub.dev\sqflite_android-2.4.2+2\
[   +3 ms] Found plugin path_provider at C:\Users\subhabrata\AppData\Local\Pub\Cache\hosted\pub.dev\path_provider-2.1.5\
[   +3 ms] Found plugin path_provider_foundation at C:\Users\subhabrata\AppData\Local\Pub\Cache\hosted\pub.dev\path_provider_foundation-2.5.1\
[   +1 ms] Found plugin path_provider_android at C:\Users\subhabrata\AppData\Local\Pub\Cache\hosted\pub.dev\path_provider_android-2.2.22\
[   +9 ms] Found plugin razorpay_flutter at C:\Users\subhabrata\AppData\Local\Pub\Cache\hosted\pub.dev\razorpay_flutter-1.4.0\
[   +1 ms] Found plugin fluttertoast at C:\Users\subhabrata\AppData\Local\Pub\Cache\hosted\pub.dev\fluttertoast-8.2.14\
[   +2 ms] Found plugin permission_handler at C:\Users\subhabrata\AppData\Local\Pub\Cache\hosted\pub.dev\permission_handler-12.0.1\
[   +3 ms] Found plugin permission_handler_html at C:\Users\subhabrata\AppData\Local\Pub\Cache\hosted\pub.dev\permission_handler_html-0.1.3+5\
[   +1 ms] Found plugin permission_handler_apple at C:\Users\subhabrata\AppData\Local\Pub\Cache\hosted\pub.dev\permission_handler_apple-9.4.7\
[   +1 ms] Found plugin permission_handler_android at C:\Users\subhabrata\AppData\Local\Pub\Cache\hosted\pub.dev\permission_handler_android-13.0.1\
[   +1 ms] Found plugin no_screenshot at C:\Users\subhabrata\AppData\Local\Pub\Cache\hosted\pub.dev\no_screenshot-0.3.1\
[   +3 ms] Found plugin jitsi_meet_flutter_sdk at C:\Users\subhabrata\AppData\Local\Pub\Cache\hosted\pub.dev\jitsi_meet_flutter_sdk-11.6.0\
[   +1 ms] Found plugin google_sign_in at C:\Users\subhabrata\AppData\Local\Pub\Cache\hosted\pub.dev\google_sign_in-6.3.0\
[   +1 ms] Found plugin google_sign_in_web at C:\Users\subhabrata\AppData\Local\Pub\Cache\hosted\pub.dev\google_sign_in_web-0.12.4+4\
[   +4 ms] Found plugin google_sign_in_ios at C:\Users\subhabrata\AppData\Local\Pub\Cache\hosted\pub.dev\google_sign_in_ios-5.9.0\
[   +1 ms] Found plugin google_sign_in_android at C:\Users\subhabrata\AppData\Local\Pub\Cache\hosted\pub.dev\google_sign_in_android-6.2.1\
[  +15 ms] Found plugin firebase_database at C:\Users\subhabrata\AppData\Local\Pub\Cache\hosted\pub.dev\firebase_database-12.1.1\
[   +1 ms] Found plugin firebase_database_web at C:\Users\subhabrata\AppData\Local\Pub\Cache\hosted\pub.dev\firebase_database_web-0.2.7+2\
[   +3 ms] Found plugin firebase_core_web at C:\Users\subhabrata\AppData\Local\Pub\Cache\hosted\pub.dev\firebase_core_web-3.3.1\
[   +4 ms] Found plugin firebase_auth_web at C:\Users\subhabrata\AppData\Local\Pub\Cache\hosted\pub.dev\firebase_auth_web-6.1.1\
[   +7 ms] Found plugin cloud_firestore_web at C:\Users\subhabrata\AppData\Local\Pub\Cache\hosted\pub.dev\cloud_firestore_web-5.1.1\
[  +45 ms] generated_plugin_registrant.dart not found. Skipping.
[  +12 ms] Compiling lib\main.dart for the Web...
[  +59 ms] Initializing file store
[ +112 ms] invalidated build due to missing files: D:\Subhabrata\Downloads\OnlineTeachingApp-main\OnlineTeachingApp-main\web\*\index.html, D:\Subhabrata\Downloads\OnlineTeachingApp-main\OnlineTeachingApp-main\web\flutter_bootstrap.js
[   +5 ms] web_entrypoint: Starting due to {InvalidatedReasonKind.outputSetAddition: The following outputs were added to the output set: D:\Subhabrata\Downloads\OnlineTeachingApp-main\OnlineTeachingApp-main\.dart_tool\flutter_build\c130ee3d43418455fe609fe5112f5275\main.dart, InvalidatedReasonKind.inputChanged: The following inputs have updated contents: C:\Users\subhabrata\flutter\packages\flutter_tools\lib\src\build_system\targets\web.dart}
[   +2 ms] Skipping target: gen_localizations
[  +38 ms] web_templated_files: Starting due to {InvalidatedReasonKind.buildKeyChanged: The target build key changed., InvalidatedReasonKind.outputSetAddition: The following outputs were added to the output set: D:\Subhabrata\Downloads\OnlineTeachingApp-main\OnlineTeachingApp-main\build\web\*\index.html,D:\Subhabrata\Downloads\OnlineTeachingApp-main\OnlineTeachingApp-main\build\web\flutter_bootstrap.js, InvalidatedReasonKind.inputMissing: The following inputs were missing: D:\Subhabrata\Downloads\OnlineTeachingApp-main\OnlineTeachingApp-main\web\*\index.html,D:\Subhabrata\Downloads\OnlineTeachingApp-main\OnlineTeachingApp-main\web\flutter_bootstrap.js, InvalidatedReasonKind.inputChanged: The following inputs have updated contents: C:\Users\subhabrata\flutter\bin\cache\engine.stamp}
[   +3 ms] dart_build: Starting due to {}
[  +58 ms] web_static_assets: Starting due to {InvalidatedReasonKind.inputChanged: The following inputs have updated contents: C:\Users\subhabrata\flutter\bin\cache\engine.stamp, InvalidatedReasonKind.outputSetAddition: The following outputs were added to the output set: D:\Subhabrata\Downloads\OnlineTeachingApp-main\OnlineTeachingApp-main\.dart_tool\flutter_build\c130ee3d43418455fe609fe5112f5275\flutter.js,D:\Subhabrata\Downloads\OnlineTeachingApp-main\OnlineTeachingApp-main\.dart_tool\flutter_build\c130ee3d43418455fe609fe5112f5275\canvaskit\canvaskit.js,D:\Subhabrata\Downloads\OnlineTeachingApp-main\OnlineTeachingApp-main\.dart_tool\flutter_build\c130ee3d43418455fe609fe5112f5275\canvaskit\canvaskit.js.symbols,D:\Subhabrata\Downloads\OnlineTeachingApp-main\OnlineTeachingApp-main\.dart_tool\flutter_build\c130ee3d43418455fe609fe5112f5275\canvaskit\canvaskit.wasm,D:\Subhabrata\Downloads\OnlineTeachingApp-main\OnlineTeachingApp-main\.dart_tool\flutter_build\c130ee3d43418455fe609fe5112f5275\canvaskit\chromium\canvaskit.js,D:\Subhabrata\Downloads\OnlineTeachingApp-main\OnlineTeachingApp-main\.dart_tool\flutter_build\c130ee3d43418455fe609fe5112f5275\canvaskit\chromium\canvaskit.js.symbols,D:\Subhabrata\Downloads\OnlineTeachingApp-main\OnlineTeachingApp-main\.dart_tool\flutter_build\c130ee3d43418455fe609fe5112f5275\canvaskit\chromium\canvaskit.wasm,D:\Subhabrata\Downloads\OnlineTeachingApp-main\OnlineTeachingApp-main\.dart_tool\flutter_build\c130ee3d43418455fe609fe5112f5275\canvaskit\skwasm.js,D:\Subhabrata\Downloads\OnlineTeachingApp-main\OnlineTeachingApp-main\.dart_tool\flutter_build\c130ee3d43418455fe609fe5112f5275\canvaskit\skwasm.js.symbols,D:\Subhabrata\Downloads\OnlineTeachingApp-main\OnlineTeachingApp-main\.dart_tool\flutter_build\c130ee3d43418455fe609fe5112f5275\canvaskit\skwasm.wasm,D:\Subhabrata\Downloads\OnlineTeachingApp-main\OnlineTeachingApp-main\.dart_tool\flutter_build\c130ee3d43418455fe609fe5112f5275\canvaskit\skwasm_heavy.js,D:\Subhabrata\Downloads\OnlineTeachingApp-main\OnlineTeachingApp-main\.dart_tool\flutter_build\c130ee3d43418455fe609fe5112f5275\canvaskit\skwasm_heavy.js.symbols,D:\Subhabrata\Downloads\OnlineTeachingApp-main\OnlineTeachingApp-main\.dart_tool\flutter_build\c130ee3d43418455fe609fe5112f5275\canvaskit\skwasm_heavy.wasm,D:\Subhabrata\Downloads\OnlineTeachingApp-main\OnlineTeachingApp-main\.dart_tool\flutter_build\c130ee3d43418455fe609fe5112f5275\canvaskit\wimp.js,D:\Subhabrata\Downloads\OnlineTeachingApp-main\OnlineTeachingApp-main\.dart_tool\flutter_build\c130ee3d43418455fe609fe5112f5275\canvaskit\wimp.js.symbols,D:\Subhabrata\Downloads\OnlineTeachingApp-main\OnlineTeachingApp-main\.dart_tool\flutter_build\c130ee3d43418455fe609fe5112f5275\canvaskit\wimp.wasm}
[+2576 ms] web_static_assets: Complete
[ +279 ms] web_templated_files: Complete
[  +68 ms] No packages with native assets. Skipping native assets compilation.
[  +53 ms] dart_build: Complete
[  +53 ms] Found plugin flutter_inappwebview at C:\Users\subhabrata\AppData\Local\Pub\Cache\hosted\pub.dev\flutter_inappwebview-6.1.5\
[   +6 ms] Found plugin flutter_inappwebview_web at C:\Users\subhabrata\AppData\Local\Pub\Cache\hosted\pub.dev\flutter_inappwebview_web-1.1.2\
[   +4 ms] Found plugin flutter_inappwebview_macos at C:\Users\subhabrata\AppData\Local\Pub\Cache\hosted\pub.dev\flutter_inappwebview_macos-1.1.2\
[   +3 ms] Found plugin flutter_inappwebview_ios at C:\Users\subhabrata\AppData\Local\Pub\Cache\hosted\pub.dev\flutter_inappwebview_ios-1.1.2\
[   +2 ms] Found plugin flutter_inappwebview_android at C:\Users\subhabrata\AppData\Local\Pub\Cache\hosted\pub.dev\flutter_inappwebview_android-1.1.3\
[   +3 ms] Found plugin url_launcher at C:\Users\subhabrata\AppData\Local\Pub\Cache\hosted\pub.dev\url_launcher-6.3.2\
[   +3 ms] Found plugin url_launcher_web at C:\Users\subhabrata\AppData\Local\Pub\Cache\hosted\pub.dev\url_launcher_web-2.4.1\
[   +2 ms] Found plugin url_launcher_macos at C:\Users\subhabrata\AppData\Local\Pub\Cache\hosted\pub.dev\url_launcher_macos-3.2.5\
[   +2 ms] Found plugin url_launcher_ios at C:\Users\subhabrata\AppData\Local\Pub\Cache\hosted\pub.dev\url_launcher_ios-6.3.6\
[   +2 ms] Found plugin url_launcher_android at C:\Users\subhabrata\AppData\Local\Pub\Cache\hosted\pub.dev\url_launcher_android-6.3.28\
[   +2 ms] Found plugin syncfusion_flutter_pdfviewer at C:\Users\subhabrata\AppData\Local\Pub\Cache\hosted\pub.dev\syncfusion_flutter_pdfviewer-32.1.21\
[   +9 ms] Found plugin syncfusion_pdfviewer_web at C:\Users\subhabrata\AppData\Local\Pub\Cache\hosted\pub.dev\syncfusion_pdfviewer_web-32.1.21\
[   +4 ms] Found plugin syncfusion_pdfviewer_macos at C:\Users\subhabrata\AppData\Local\Pub\Cache\hosted\pub.dev\syncfusion_pdfviewer_macos-32.1.21\
[  +16 ms] Found plugin sqflite at C:\Users\subhabrata\AppData\Local\Pub\Cache\hosted\pub.dev\sqflite-2.4.2\
[   +6 ms] Found plugin sqflite_darwin at C:\Users\subhabrata\AppData\Local\Pub\Cache\hosted\pub.dev\sqflite_darwin-2.4.2\
[   +1 ms] Found plugin sqflite_android at C:\Users\subhabrata\AppData\Local\Pub\Cache\hosted\pub.dev\sqflite_android-2.4.2+2\
[   +3 ms] Found plugin path_provider at C:\Users\subhabrata\AppData\Local\Pub\Cache\hosted\pub.dev\path_provider-2.1.5\
[   +4 ms] Found plugin path_provider_foundation at C:\Users\subhabrata\AppData\Local\Pub\Cache\hosted\pub.dev\path_provider_foundation-2.5.1\
[   +1 ms] Found plugin path_provider_android at C:\Users\subhabrata\AppData\Local\Pub\Cache\hosted\pub.dev\path_provider_android-2.2.22\
[   +8 ms] Found plugin razorpay_flutter at C:\Users\subhabrata\AppData\Local\Pub\Cache\hosted\pub.dev\razorpay_flutter-1.4.0\
[   +1 ms] Found plugin fluttertoast at C:\Users\subhabrata\AppData\Local\Pub\Cache\hosted\pub.dev\fluttertoast-8.2.14\
[   +2 ms] Found plugin permission_handler at C:\Users\subhabrata\AppData\Local\Pub\Cache\hosted\pub.dev\permission_handler-12.0.1\
[   +3 ms] Found plugin permission_handler_html at C:\Users\subhabrata\AppData\Local\Pub\Cache\hosted\pub.dev\permission_handler_html-0.1.3+5\
[   +1 ms] Found plugin permission_handler_apple at C:\Users\subhabrata\AppData\Local\Pub\Cache\hosted\pub.dev\permission_handler_apple-9.4.7\
[   +1 ms] Found plugin permission_handler_android at C:\Users\subhabrata\AppData\Local\Pub\Cache\hosted\pub.dev\permission_handler_android-13.0.1\
[   +1 ms] Found plugin no_screenshot at C:\Users\subhabrata\AppData\Local\Pub\Cache\hosted\pub.dev\no_screenshot-0.3.1\
[   +5 ms] Found plugin jitsi_meet_flutter_sdk at C:\Users\subhabrata\AppData\Local\Pub\Cache\hosted\pub.dev\jitsi_meet_flutter_sdk-11.6.0\
[   +2 ms] Found plugin google_sign_in at C:\Users\subhabrata\AppData\Local\Pub\Cache\hosted\pub.dev\google_sign_in-6.3.0\
[   +1 ms] Found plugin google_sign_in_web at C:\Users\subhabrata\AppData\Local\Pub\Cache\hosted\pub.dev\google_sign_in_web-0.12.4+4\
[   +4 ms] Found plugin google_sign_in_ios at C:\Users\subhabrata\AppData\Local\Pub\Cache\hosted\pub.dev\google_sign_in_ios-5.9.0\
[   +1 ms] Found plugin google_sign_in_android at C:\Users\subhabrata\AppData\Local\Pub\Cache\hosted\pub.dev\google_sign_in_android-6.2.1\
[  +14 ms] Found plugin firebase_database at C:\Users\subhabrata\AppData\Local\Pub\Cache\hosted\pub.dev\firebase_database-12.1.1\
[   +1 ms] Found plugin firebase_database_web at C:\Users\subhabrata\AppData\Local\Pub\Cache\hosted\pub.dev\firebase_database_web-0.2.7+2\
[   +2 ms] Found plugin firebase_core_web at C:\Users\subhabrata\AppData\Local\Pub\Cache\hosted\pub.dev\firebase_core_web-3.3.1\
[   +3 ms] Found plugin firebase_auth_web at C:\Users\subhabrata\AppData\Local\Pub\Cache\hosted\pub.dev\firebase_auth_web-6.1.1\
[   +5 ms] Found plugin cloud_firestore_web at C:\Users\subhabrata\AppData\Local\Pub\Cache\hosted\pub.dev\cloud_firestore_web-5.1.1\
[  +12 ms] Package url_launcher:linux references 
url_launcher_linux:linux as the default plugin, but 
the package does not exist, or is not a plugin 
package.
           Ask the maintainers of url_launcher to 
either avoid referencing a default implementation via 
`platforms: linux: default_package: 
url_launcher_linux` or create a plugin named 
url_launcher_linux.

[        ] Package syncfusion_flutter_pdfviewer:linux 
references syncfusion_pdfviewer_linux:linux as the 
default plugin, but the package does not exist, or is 
not a plugin package.
           Ask the maintainers of 
syncfusion_flutter_pdfviewer to either avoid 
referencing a default implementation via `platforms: 
linux: default_package: syncfusion_pdfviewer_linux` 
or create a plugin named syncfusion_pdfviewer_linux.

[        ] Package path_provider:linux references 
path_provider_linux:linux as the default plugin, but 
the package does not exist, or is not a plugin 
package.
           Ask the maintainers of path_provider to 
either avoid referencing a default implementation via 
`platforms: linux: default_package: 
path_provider_linux` or create a plugin named 
path_provider_linux.

[        ] Package flutter_inappwebview:windows 
references flutter_inappwebview_windows:windows as 
the default plugin, but the package does not exist, 
or is not a plugin package.
           Ask the maintainers of 
flutter_inappwebview to either avoid referencing a 
default implementation via `platforms: windows: 
default_package: flutter_inappwebview_windows` or 
create a plugin named flutter_inappwebview_windows.

[        ] Package url_launcher:windows references 
url_launcher_windows:windows as the default plugin, 
but the package does not exist, or is not a plugin 
package.
           Ask the maintainers of url_launcher to 
either avoid referencing a default implementation via 
`platforms: windows: default_package: 
url_launcher_windows` or create a plugin named 
url_launcher_windows.

[        ] Package 
syncfusion_flutter_pdfviewer:windows references 
syncfusion_pdfviewer_windows:windows as the default 
plugin, but the package does not exist, or is not a 
plugin package.
           Ask the maintainers of 
syncfusion_flutter_pdfviewer to either avoid 
referencing a default implementation via `platforms: 
windows: default_package: 
syncfusion_pdfviewer_windows` or create a plugin 
named syncfusion_pdfviewer_windows.

[        ] Package path_provider:windows references 
path_provider_windows:windows as the default plugin, 
but the package does not exist, or is not a plugin 
package.
           Ask the maintainers of path_provider to 
either avoid referencing a default implementation via 
`platforms: windows: default_package: 
path_provider_windows` or create a plugin named 
path_provider_windows.

[        ] Package permission_handler:windows 
references permission_handler_windows:windows as the 
default plugin, but the package does not exist, or is 
not a plugin package.
           Ask the maintainers of permission_handler 
to either avoid referencing a default implementation 
via `platforms: windows: default_package: 
permission_handler_windows` or create a plugin named 
permission_handler_windows.

[  +72 ms] web_entrypoint: Complete
[  +47 ms] dart2js: Starting due to {}
[  +14 ms] executing: C:\Users\subhabrata\flutter\bin\cache\dart-sdk\bin\dart.exe compile js --platform-binaries=C:\Users\subhabrata\flutter\bin\cache\flutter_web_sdk\kernel --invoker=flutter_tool -Ddart.vm.product=true -DFLUTTER_VERSION=3.41.4 -DFLUTTER_CHANNEL=stable -DFLUTTER_GIT_URL=https://github.com/flutter/flutter.git -DFLUTTER_FRAMEWORK_REVISION=ff37bef603 -DFLUTTER_ENGINE_REVISION=e4b8dca3f1 -DFLUTTER_DART_VERSION=3.11.1 -DFLUTTER_WEB_USE_SKIA=true -DFLUTTER_WEB_USE_SKWASM=false -DFLUTTER_WEB_CANVASKIT_URL=https://www.gstatic.com/flutter-canvaskit/e4b8dca3f1b4ede4c30371002441c88c12187ed6/ --native-null-assertions --no-source-maps -O4 --minify -o D:\Subhabrata\Downloads\OnlineTeachingApp-main\OnlineTeachingApp-main\.dart_tool\flutter_build\c130ee3d43418455fe609fe5112f5275\app.dill --packages=D:\Subhabrata\Downloads\OnlineTeachingApp-main\OnlineTeachingApp-main\.dart_tool\package_config.json --cfe-only D:\Subhabrata\Downloads\OnlineTeachingApp-main\OnlineTeachingApp-main\.dart_tool\flutter_build\c130ee3d43418455fe609fe5112f5275\main.dart
[   +2 ms] dart2wasm: Starting due to {}
[   +3 ms] executing: C:\Users\subhabrata\flutter\bin\cache\dart-sdk\bin\dart.exe compile wasm --packages=D:\Subhabrata\Downloads\OnlineTeachingApp-main\OnlineTeachingApp-main\.dart_tool\package_config.json --extra-compiler-option=--platform=C:\Users\subhabrata\flutter\bin\cache\flutter_web_sdk\kernel\dart2wasm_platform.dill -Ddart.vm.profile=false -Ddart.vm.product=true --extra-compiler-option=--delete-tostring-package-uri=dart:ui --extra-compiler-option=--delete-tostring-package-uri=package:flutter --extra-compiler-option=--import-shared-memory --extra-compiler-option=--shared-memory-max-pages=32768 -DFLUTTER_VERSION=3.41.4 -DFLUTTER_CHANNEL=stable -DFLUTTER_GIT_URL=https://github.com/flutter/flutter.git -DFLUTTER_FRAMEWORK_REVISION=ff37bef603 -DFLUTTER_ENGINE_REVISION=e4b8dca3f1 -DFLUTTER_DART_VERSION=3.11.1 -DFLUTTER_WEB_USE_SKIA=false -DFLUTTER_WEB_USE_SKWASM=true -DFLUTTER_WEB_CANVASKIT_URL=https://www.gstatic.com/flutter-canvaskit/e4b8dca3f1b4ede4c30371002441c88c12187ed6/ --extra-compiler-option=--depfile=D:\Subhabrata\Downloads\OnlineTeachingApp-main\OnlineTeachingApp-main\.dart_tool\flutter_build\c130ee3d43418455fe609fe5112f5275\dart2wasm.d -O2 --strip-wasm --no-source-maps --minify --extra-compiler-option=--dry-run -o D:\Subhabrata\Downloads\OnlineTeachingApp-main\OnlineTeachingApp-main\.dart_tool\flutter_build\c130ee3d43418455fe609fe5112f5275\main.dart.wasm D:\Subhabrata\Downloads\OnlineTeachingApp-main\OnlineTeachingApp-main\.dart_tool\flutter_build\c130ee3d43418455fe609fe5112f5275\main.dart
[+42026 ms] lib/main.dart:1:8:
            Error: Error when reading '/C:/Users/subhabrata/AppData/Local/Pub/Cache/hosted/pub.dev/firebase_auth-6.1.3/lib/firebase_auth.dart': Error reading '/C:/Users/subhabrata/AppData/Local/Pub/Cache/hosted/pub.dev/firebase_auth-6.1.3/lib/firebase_auth.dart'  (The system cannot find the path specified)
            import 'package:firebase_auth/firebase_auth.dart';
                   ^
            lib/main.dart:2:8:
            Error: Error when reading '/C:/Users/subhabrata/AppData/Local/Pub/Cache/hosted/pub.dev/firebase_core-4.3.0/lib/firebase_core.dart': Error reading '/C:/Users/subhabrata/AppData/Local/Pub/Cache/hosted/pub.dev/firebase_core-4.3.0/lib/firebase_core.dart'  (The system cannot find the path specified)
            import 'package:firebase_core/firebase_core.dart';
                   ^
            lib/firebase_options.dart:3:8:
            Error: Error when reading '/C:/Users/subhabrata/AppData/Local/Pub/Cache/hosted/pub.dev/firebase_core-4.3.0/lib/firebase_core.dart': Error reading '/C:/Users/subhabrata/AppData/Local/Pub/Cache/hosted/pub.dev/firebase_core-4.3.0/lib/firebase_core.dart'  (The system cannot find the path specified)
            import 'package:firebase_core/firebase_core.dart' show FirebaseOptions;
                   ^
            lib/src/features/onboarding/presentation/onboarding_screen.dart:4:8:
            Error: Error when reading '/C:/Users/subhabrata/AppData/Local/Pub/Cache/hosted/pub.dev/firebase_auth-6.1.3/lib/firebase_auth.dart': Error reading '/C:/Users/subhabrata/AppData/Local/Pub/Cache/hosted/pub.dev/firebase_auth-6.1.3/lib/firebase_auth.dart'  (The system cannot find the path specified)
            import 'package:firebase_auth/firebase_auth.dart';
                   ^
            lib/src/features/login/presentation/auth_gate.dart:2:8:
            Error: Error when reading '/C:/Users/subhabrata/AppData/Local/Pub/Cache/hosted/pub.dev/firebase_auth-6.1.3/lib/firebase_auth.dart': Error reading '/C:/Users/subhabrata/AppData/Local/Pub/Cache/hosted/pub.dev/firebase_auth-6.1.3/lib/firebase_auth.dart'  (The system cannot find the path specified)
            import 'package:firebase_auth/firebase_auth.dart';
                   ^
            /C:/Users/subhabrata/AppData/Local/Pub/Cache/hosted/pub.dev/cloud_firestore_web-5.1.1/lib/cloud_firestore_web.dart:14:8:
            Error: Error when reading '/C:/Users/subhabrata/AppData/Local/Pub/Cache/hosted/pub.dev/firebase_core-4.3.0/lib/firebase_core.dart': Error reading '/C:/Users/subhabrata/AppData/Local/Pub/Cache/hosted/pub.dev/firebase_core-4.3.0/lib/firebase_core.dart'  (The system cannot find the path specified)
            import 'package:firebase_core/firebase_core.dart';
                   ^
            /C:/Users/subhabrata/AppData/Local/Pub/Cache/hosted/pub.dev/firebase_auth_web-6.1.1/lib/firebase_auth_web.dart:12:8:
            Error: Error when reading '/C:/Users/subhabrata/AppData/Local/Pub/Cache/hosted/pub.dev/firebase_core-4.3.0/lib/firebase_core.dart': Error reading '/C:/Users/subhabrata/AppData/Local/Pub/Cache/hosted/pub.dev/firebase_core-4.3.0/lib/firebase_core.dart'  (The system cannot find the path specified)
            import 'package:firebase_core/firebase_core.dart';
                   ^
            /C:/Users/subhabrata/AppData/Local/Pub/Cache/hosted/pub.dev/firebase_database_web-0.2.7+2/lib/firebase_database_web.dart:8:8:
            Error: Error when reading '/C:/Users/subhabrata/AppData/Local/Pub/Cache/hosted/pub.dev/firebase_core-4.3.0/lib/firebase_core.dart': Error reading '/C:/Users/subhabrata/AppData/Local/Pub/Cache/hosted/pub.dev/firebase_core-4.3.0/lib/firebase_core.dart'  (The system cannot find the path specified)
            import 'package:firebase_core/firebase_core.dart';
                   ^
            lib/src/features/onboarding/presentation/onboarding_screen.dart:3:8:
            Error: Error when reading '/C:/Users/subhabrata/AppData/Local/Pub/Cache/hosted/pub.dev/cloud_firestore-6.1.1/lib/cloud_firestore.dart': Error reading '/C:/Users/subhabrata/AppData/Local/Pub/Cache/hosted/pub.dev/cloud_firestore-6.1.1/lib/cloud_firestore.dart'  (The system cannot find the path specified)
            import 'package:cloud_firestore/cloud_firestore.dart';
                   ^
            lib/src/features/login/presentation/auth_gate.dart:3:8:
            Error: Error when reading '/C:/Users/subhabrata/AppData/Local/Pub/Cache/hosted/pub.dev/cloud_firestore-6.1.1/lib/cloud_firestore.dart': Error reading '/C:/Users/subhabrata/AppData/Local/Pub/Cache/hosted/pub.dev/cloud_firestore-6.1.1/lib/cloud_firestore.dart'  (The system cannot find the path specified)
            import 'package:cloud_firestore/cloud_firestore.dart';
                   ^
            lib/src/features/course/data/datasources/course_remote_data_source.dart:1:8:
            Error: Error when reading '/C:/Users/subhabrata/AppData/Local/Pub/Cache/hosted/pub.dev/cloud_firestore-6.1.1/lib/cloud_firestore.dart': Error reading '/C:/Users/subhabrata/AppData/Local/Pub/Cache/hosted/pub.dev/cloud_firestore-6.1.1/lib/cloud_firestore.dart'  (The system cannot find the path specified)
            import 'package:cloud_firestore/cloud_firestore.dart';
                   ^
            lib/core/services/auth_service.dart:1:8:
            Error: Error when reading '/C:/Users/subhabrata/AppData/Local/Pub/Cache/hosted/pub.dev/firebase_auth-6.1.3/lib/firebase_auth.dart': Error reading '/C:/Users/subhabrata/AppData/Local/Pub/Cache/hosted/pub.dev/firebase_auth-6.1.3/lib/firebase_auth.dart'  (The system cannot find the path specified)
            import 'package:firebase_auth/firebase_auth.dart';
                   ^
            lib/src/features/collection_form/collection_form.dart:1:8:
            Error: Error when reading '/C:/Users/subhabrata/AppData/Local/Pub/Cache/hosted/pub.dev/cloud_firestore-6.1.1/lib/cloud_firestore.dart': Error reading '/C:/Users/subhabrata/AppData/Local/Pub/Cache/hosted/pub.dev/cloud_firestore-6.1.1/lib/cloud_firestore.dart'  (The system cannot find the path specified)
            import 'package:cloud_firestore/cloud_firestore.dart';
                   ^
            lib/src/features/onboarding/presentation/syllabus_setup_screen.dart:4:8:
            Error: Error when reading '/C:/Users/subhabrata/AppData/Local/Pub/Cache/hosted/pub.dev/cloud_firestore-6.1.1/lib/cloud_firestore.dart': Error reading '/C:/Users/subhabrata/AppData/Local/Pub/Cache/hosted/pub.dev/cloud_firestore-6.1.1/lib/cloud_firestore.dart'  (The system cannot find the path specified)
            import 'package:cloud_firestore/cloud_firestore.dart';
                   ^
            lib/src/features/onboarding/presentation/syllabus_setup_screen.dart:5:8:
            Error: Error when reading '/C:/Users/subhabrata/AppData/Local/Pub/Cache/hosted/pub.dev/firebase_auth-6.1.3/lib/firebase_auth.dart': Error reading '/C:/Users/subhabrata/AppData/Local/Pub/Cache/hosted/pub.dev/firebase_auth-6.1.3/lib/firebase_auth.dart'  (The system cannot find the path specified)
            import 'package:firebase_auth/firebase_auth.dart';
                   ^
            lib/src/features/course/pesentation/pages/quiz/quiz_page.dart:4:8:
            Error: Error when reading '/C:/Users/subhabrata/AppData/Local/Pub/Cache/hosted/pub.dev/cloud_firestore-6.1.1/lib/cloud_firestore.dart': Error reading '/C:/Users/subhabrata/AppData/Local/Pub/Cache/hosted/pub.dev/cloud_firestore-6.1.1/lib/cloud_firestore.dart'  (The system cannot find the path specified)
            import 'package:cloud_firestore/cloud_firestore.dart';
                   ^
            lib/src/features/course/pesentation/pages/quiz/quiz_page.dart:5:8:
            Error: Error when reading '/C:/Users/subhabrata/AppData/Local/Pub/Cache/hosted/pub.dev/firebase_auth-6.1.3/lib/firebase_auth.dart': Error reading '/C:/Users/subhabrata/AppData/Local/Pub/Cache/hosted/pub.dev/firebase_auth-6.1.3/lib/firebase_auth.dart'  (The system cannot find the path specified)
            import 'package:firebase_auth/firebase_auth.dart';
                   ^
            lib/src/features/course/pesentation/pages/my_course/my_course.dart:1:8:
            Error: Error when reading '/C:/Users/subhabrata/AppData/Local/Pub/Cache/hosted/pub.dev/cloud_firestore-6.1.1/lib/cloud_firestore.dart': Error reading '/C:/Users/subhabrata/AppData/Local/Pub/Cache/hosted/pub.dev/cloud_firestore-6.1.1/lib/cloud_firestore.dart'  (The system cannot find the path specified)
            import 'package:cloud_firestore/cloud_firestore.dart';
                   ^
            lib/src/features/course/pesentation/pages/my_course/my_course.dart:2:8:
            Error: Error when reading '/C:/Users/subhabrata/AppData/Local/Pub/Cache/hosted/pub.dev/firebase_auth-6.1.3/lib/firebase_auth.dart': Error reading '/C:/Users/subhabrata/AppData/Local/Pub/Cache/hosted/pub.dev/firebase_auth-6.1.3/lib/firebase_auth.dart'  (The system cannot find the path specified)
            import 'package:firebase_auth/firebase_auth.dart';
                   ^
            lib/src/features/course/pesentation/pages/home/home.dart:1:8:
            Error: Error when reading '/C:/Users/subhabrata/AppData/Local/Pub/Cache/hosted/pub.dev/cloud_firestore-6.1.1/lib/cloud_firestore.dart': Error reading '/C:/Users/subhabrata/AppData/Local/Pub/Cache/hosted/pub.dev/cloud_firestore-6.1.1/lib/cloud_firestore.dart'  (The system cannot find the path specified)
            import 'package:cloud_firestore/cloud_firestore.dart';
                   ^
            lib/src/features/course/pesentation/pages/home/home.dart:2:8:
            Error: Error when reading '/C:/Users/subhabrata/AppData/Local/Pub/Cache/hosted/pub.dev/firebase_auth-6.1.3/lib/firebase_auth.dart': Error reading '/C:/Users/subhabrata/AppData/Local/Pub/Cache/hosted/pub.dev/firebase_auth-6.1.3/lib/firebase_auth.dart'  (The system cannot find the path specified)
            import 'package:firebase_auth/firebase_auth.dart';
                   ^
            /C:/Users/subhabrata/AppData/Local/Pub/Cache/hosted/pub.dev/cloud_firestore_web-5.1.1/lib/src/internals.dart:5:8:
            Error: Error when reading '/C:/Users/subhabrata/AppData/Local/Pub/Cache/hosted/pub.dev/firebase_core-4.3.0/lib/firebase_core.dart': Error reading '/C:/Users/subhabrata/AppData/Local/Pub/Cache/hosted/pub.dev/firebase_core-4.3.0/lib/firebase_core.dart'  (The system cannot find the path specified)
            import 'package:firebase_core/firebase_core.dart';
                   ^
            /C:/Users/subhabrata/AppData/Local/Pub/Cache/hosted/pub.dev/cloud_firestore_web-5.1.1/lib/src/interop/firestore.dart:16:8:
            Error: Error when reading '/C:/Users/subhabrata/AppData/Local/Pub/Cache/hosted/pub.dev/firebase_core-4.3.0/lib/firebase_core.dart': Error reading '/C:/Users/subhabrata/AppData/Local/Pub/Cache/hosted/pub.dev/firebase_core-4.3.0/lib/firebase_core.dart'  (The system cannot find the path specified)
            import 'package:firebase_core/firebase_core.dart';
                   ^
            lib/src/features/course/data/models/news_model.dart:2:8:
            Error: Error when reading '/C:/Users/subhabrata/AppData/Local/Pub/Cache/hosted/pub.dev/cloud_firestore-6.1.1/lib/cloud_firestore.dart': Error reading '/C:/Users/subhabrata/AppData/Local/Pub/Cache/hosted/pub.dev/cloud_firestore-6.1.1/lib/cloud_firestore.dart'  (The system cannot find the path specified)
            import 'package:cloud_firestore/cloud_firestore.dart';
                   ^
            lib/core/services/news_service.dart:2:8:
            Error: Error when reading '/C:/Users/subhabrata/AppData/Local/Pub/Cache/hosted/pub.dev/cloud_firestore-6.1.1/lib/cloud_firestore.dart': Error reading '/C:/Users/subhabrata/AppData/Local/Pub/Cache/hosted/pub.dev/cloud_firestore-6.1.1/lib/cloud_firestore.dart'  (The system cannot find the path specified)
            import 'package:cloud_firestore/cloud_firestore.dart';
                   ^
            lib/src/features/course/data/models/quiz_models.dart:3:8:
            Error: Error when reading '/C:/Users/subhabrata/AppData/Local/Pub/Cache/hosted/pub.dev/cloud_firestore-6.1.1/lib/cloud_firestore.dart': Error reading '/C:/Users/subhabrata/AppData/Local/Pub/Cache/hosted/pub.dev/cloud_firestore-6.1.1/lib/cloud_firestore.dart'  (The system cannot find the path specified)
            import 'package:cloud_firestore/cloud_firestore.dart';
                   ^
            lib/src/features/course/pesentation/pages/quiz/widgets/quiz_service.dart:2:8:
            Error: Error when reading '/C:/Users/subhabrata/AppData/Local/Pub/Cache/hosted/pub.dev/cloud_firestore-6.1.1/lib/cloud_firestore.dart': Error reading '/C:/Users/subhabrata/AppData/Local/Pub/Cache/hosted/pub.dev/cloud_firestore-6.1.1/lib/cloud_firestore.dart'  (The system cannot find the path specified)
            import 'package:cloud_firestore/cloud_firestore.dart';
                   ^
            lib/src/features/course/pesentation/pages/quiz/widgets/quiz_service.dart:3:8:
            Error: Error when reading '/C:/Users/subhabrata/AppData/Local/Pub/Cache/hosted/pub.dev/firebase_auth-6.1.3/lib/firebase_auth.dart': Error reading '/C:/Users/subhabrata/AppData/Local/Pub/Cache/hosted/pub.dev/firebase_auth-6.1.3/lib/firebase_auth.dart'  (The system cannot find the path specified)
            import 'package:firebase_auth/firebase_auth.dart';
                   ^
            lib/src/features/course/pesentation/pages/quiz/widgets/quiz_list_page.dart:2:8:
            Error: Error when reading '/C:/Users/subhabrata/AppData/Local/Pub/Cache/hosted/pub.dev/cloud_firestore-6.1.1/lib/cloud_firestore.dart': Error reading '/C:/Users/subhabrata/AppData/Local/Pub/Cache/hosted/pub.dev/cloud_firestore-6.1.1/lib/cloud_firestore.dart'  (The system cannot find the path specified)
            import 'package:cloud_firestore/cloud_firestore.dart';
                   ^
            lib/src/features/course/data/models/cur.model.dart:1:8:
            Error: Error when reading '/C:/Users/subhabrata/AppData/Local/Pub/Cache/hosted/pub.dev/cloud_firestore-6.1.1/lib/cloud_firestore.dart': Error reading '/C:/Users/subhabrata/AppData/Local/Pub/Cache/hosted/pub.dev/cloud_firestore-6.1.1/lib/cloud_firestore.dart'  (The system cannot find the path specified)
            import 'package:cloud_firestore/cloud_firestore.dart';
                   ^
            lib/src/features/course/pesentation/pages/home/widgets/home_appbar.dart:1:8:
            Error: Error when reading '/C:/Users/subhabrata/AppData/Local/Pub/Cache/hosted/pub.dev/firebase_auth-6.1.3/lib/firebase_auth.dart': Error reading '/C:/Users/subhabrata/AppData/Local/Pub/Cache/hosted/pub.dev/firebase_auth-6.1.3/lib/firebase_auth.dart'  (The system cannot find the path specified)
            import 'package:firebase_auth/firebase_auth.dart';
                   ^
            lib/src/features/course/pesentation/pages/home/widgets/home_category.dart:2:8:
            Error: Error when reading '/C:/Users/subhabrata/AppData/Local/Pub/Cache/hosted/pub.dev/cloud_firestore-6.1.1/lib/cloud_firestore.dart': Error reading '/C:/Users/subhabrata/AppData/Local/Pub/Cache/hosted/pub.dev/cloud_firestore-6.1.1/lib/cloud_firestore.dart'  (The system cannot find the path specified)
            import 'package:cloud_firestore/cloud_firestore.dart';
                   ^
            /C:/Users/subhabrata/AppData/Local/Pub/Cache/hosted/pub.dev/cloud_firestore_platform_interface-7.0.5/lib/src/platform_interface/platform_interface_firestore.dart:8:8:
            Error: Error when reading '/C:/Users/subhabrata/AppData/Local/Pub/Cache/hosted/pub.dev/firebase_core-4.3.0/lib/firebase_core.dart': Error reading '/C:/Users/subhabrata/AppData/Local/Pub/Cache/hosted/pub.dev/firebase_core-4.3.0/lib/firebase_core.dart'  (The system cannot find the path specified)
            import 'package:firebase_core/firebase_core.dart';
                   ^
            /C:/Users/subhabrata/AppData/Local/Pub/Cache/hosted/pub.dev/_flutterfire_internals-1.3.65/lib/_flutterfire_internals.dart:14:8:
            Error: Error when reading '/C:/Users/subhabrata/AppData/Local/Pub/Cache/hosted/pub.dev/firebase_core-4.3.0/lib/firebase_core.dart': Error reading '/C:/Users/subhabrata/AppData/Local/Pub/Cache/hosted/pub.dev/firebase_core-4.3.0/lib/firebase_core.dart'  (The system cannot find the path specified)
            import 'package:firebase_core/firebase_core.dart';
                   ^
            /C:/Users/subhabrata/AppData/Local/Pub/Cache/hosted/pub.dev/firebase_auth_platform_interface-8.1.5/lib/src/firebase_auth_exception.dart:6:8:
            Error: Error when reading '/C:/Users/subhabrata/AppData/Local/Pub/Cache/hosted/pub.dev/firebase_core-4.3.0/lib/firebase_core.dart': Error reading '/C:/Users/subhabrata/AppData/Local/Pub/Cache/hosted/pub.dev/firebase_core-4.3.0/lib/firebase_core.dart'  (The system cannot find the path specified)
            import 'package:firebase_core/firebase_core.dart';
                   ^
            /C:/Users/subhabrata/AppData/Local/Pub/Cache/hosted/pub.dev/firebase_auth_platform_interface-8.1.5/lib/src/platform_interface/platform_interface_firebase_auth.dart:9:8:
            Error: Error when reading '/C:/Users/subhabrata/AppData/Local/Pub/Cache/hosted/pub.dev/firebase_core-4.3.0/lib/firebase_core.dart': Error reading '/C:/Users/subhabrata/AppData/Local/Pub/Cache/hosted/pub.dev/firebase_core-4.3.0/lib/firebase_core.dart'  (The system cannot find the path specified)
            import 'package:firebase_core/firebase_core.dart';
                   ^
            /C:/Users/subhabrata/AppData/Local/Pub/Cache/hosted/pub.dev/firebase_database_platform_interface-0.3.0+1/lib/src/platform_interface/platform_interface_database.dart:5:8:
            Error: Error when reading '/C:/Users/subhabrata/AppData/Local/Pub/Cache/hosted/pub.dev/firebase_core-4.3.0/lib/firebase_core.dart': Error reading '/C:/Users/subhabrata/AppData/Local/Pub/Cache/hosted/pub.dev/firebase_core-4.3.0/lib/firebase_core.dart'  (The system cannot find the path specified)
            import 'package:firebase_core/firebase_core.dart';
                   ^
            lib/src/features/course/pesentation/pages/news/news_detail_screen.dart:2:8:
            Error: Error when reading '/C:/Users/subhabrata/AppData/Local/Pub/Cache/hosted/pub.dev/share_plus-12.0.1/lib/share_plus.dart': Error reading '/C:/Users/subhabrata/AppData/Local/Pub/Cache/hosted/pub.dev/share_plus-12.0.1/lib/share_plus.dart'  (The system cannot find the path specified)
            import 'package:share_plus/share_plus.dart'; // Add to pubspec.yaml
                   ^
            lib/src/features/course/pesentation/pages/quiz/widgets/anti_cheat_wrapper.dart:4:8:
            Error: Error when reading '/C:/Users/subhabrata/AppData/Local/Pub/Cache/hosted/pub.dev/cloud_firestore-6.1.1/lib/cloud_firestore.dart': Error reading '/C:/Users/subhabrata/AppData/Local/Pub/Cache/hosted/pub.dev/cloud_firestore-6.1.1/lib/cloud_firestore.dart'  (The system cannot find the path specified)
            import 'package:cloud_firestore/cloud_firestore.dart';
                   ^
            lib/src/features/course/pesentation/pages/quiz/widgets/anti_cheat_wrapper.dart:5:8:
            Error: Error when reading '/C:/Users/subhabrata/AppData/Local/Pub/Cache/hosted/pub.dev/firebase_auth-6.1.3/lib/firebase_auth.dart': Error reading '/C:/Users/subhabrata/AppData/Local/Pub/Cache/hosted/pub.dev/firebase_auth-6.1.3/lib/firebase_auth.dart'  (The system cannot find the path specified)
            import 'package:firebase_auth/firebase_auth.dart';
                   ^
            lib/src/features/course/pesentation/pages/quiz/widgets/quiz_attempt_page.dart:3:8:
            Error: Error when reading '/C:/Users/subhabrata/AppData/Local/Pub/Cache/hosted/pub.dev/cloud_firestore-6.1.1/lib/cloud_firestore.dart': Error reading '/C:/Users/subhabrata/AppData/Local/Pub/Cache/hosted/pub.dev/cloud_firestore-6.1.1/lib/cloud_firestore.dart'  (The system cannot find the path specified)
            import 'package:cloud_firestore/cloud_firestore.dart';
                   ^
            lib/src/features/course/pesentation/pages/my_course/widgets/my_course_item.dart:1:8:
            Error: Error when reading '/C:/Users/subhabrata/AppData/Local/Pub/Cache/hosted/pub.dev/cloud_firestore-6.1.1/lib/cloud_firestore.dart': Error reading '/C:/Users/subhabrata/AppData/Local/Pub/Cache/hosted/pub.dev/cloud_firestore-6.1.1/lib/cloud_firestore.dart'  (The system cannot find the path specified)
            import 'package:cloud_firestore/cloud_firestore.dart';
                   ^
            lib/src/features/course/pesentation/pages/my_course/widgets/my_course_item.dart:2:8:
            Error: Error when reading '/C:/Users/subhabrata/AppData/Local/Pub/Cache/hosted/pub.dev/firebase_auth-6.1.3/lib/firebase_auth.dart': Error reading '/C:/Users/subhabrata/AppData/Local/Pub/Cache/hosted/pub.dev/firebase_auth-6.1.3/lib/firebase_auth.dart'  (The system cannot find the path specified)
            import 'package:firebase_auth/firebase_auth.dart';
                   ^
            lib/src/features/store/data/sourse/product_datasource.dart:1:8:
            Error: Error when reading '/C:/Users/subhabrata/AppData/Local/Pub/Cache/hosted/pub.dev/cloud_firestore-6.1.1/lib/cloud_firestore.dart': Error reading '/C:/Users/subhabrata/AppData/Local/Pub/Cache/hosted/pub.dev/cloud_firestore-6.1.1/lib/cloud_firestore.dart'  (The system cannot find the path specified)
            import 'package:cloud_firestore/cloud_firestore.dart';
                   ^
            lib/src/features/course/pesentation/pages/course_detail/course_detail.dart:1:8:
            Error: Error when reading '/C:/Users/subhabrata/AppData/Local/Pub/Cache/hosted/pub.dev/cloud_firestore-6.1.1/lib/cloud_firestore.dart': Error reading '/C:/Users/subhabrata/AppData/Local/Pub/Cache/hosted/pub.dev/cloud_firestore-6.1.1/lib/cloud_firestore.dart'  (The system cannot find the path specified)
            import 'package:cloud_firestore/cloud_firestore.dart';
                   ^
            lib/src/features/course/pesentation/pages/explore/widgets/explore_course_list.dart:1:8:
            Error: Error when reading '/C:/Users/subhabrata/AppData/Local/Pub/Cache/hosted/pub.dev/cloud_firestore-6.1.1/lib/cloud_firestore.dart': Error reading '/C:/Users/subhabrata/AppData/Local/Pub/Cache/hosted/pub.dev/cloud_firestore-6.1.1/lib/cloud_firestore.dart'  (The system cannot find the path specified)
            import 'package:cloud_firestore/cloud_firestore.dart';
                   ^
            /C:/Users/subhabrata/AppData/Local/Pub/Cache/hosted/pub.dev/cloud_firestore_platform_interface-7.0.5/lib/src/method_channel/utils/firestore_message_codec.dart:12:8:
            Error: Error when reading '/C:/Users/subhabrata/AppData/Local/Pub/Cache/hosted/pub.dev/firebase_core-4.3.0/lib/firebase_core.dart': Error reading '/C:/Users/subhabrata/AppData/Local/Pub/Cache/hosted/pub.dev/firebase_core-4.3.0/lib/firebase_core.dart'  (The system cannot find the path specified)
            import 'package:firebase_core/firebase_core.dart';
                   ^
            /C:/Users/subhabrata/AppData/Local/Pub/Cache/hosted/pub.dev/cloud_firestore_platform_interface-7.0.5/lib/src/method_channel/method_channel_firestore.dart:13:8:
            Error: Error when reading '/C:/Users/subhabrata/AppData/Local/Pub/Cache/hosted/pub.dev/firebase_core-4.3.0/lib/firebase_core.dart': Error reading '/C:/Users/subhabrata/AppData/Local/Pub/Cache/hosted/pub.dev/firebase_core-4.3.0/lib/firebase_core.dart'  (The system cannot find the path specified)
            import 'package:firebase_core/firebase_core.dart';
                   ^
            /C:/Users/subhabrata/AppData/Local/Pub/Cache/hosted/pub.dev/_flutterfire_internals-1.3.65/lib/src/exception.dart:6:8:
            Error: Error when reading '/C:/Users/subhabrata/AppData/Local/Pub/Cache/hosted/pub.dev/firebase_core-4.3.0/lib/firebase_core.dart': Error reading '/C:/Users/subhabrata/AppData/Local/Pub/Cache/hosted/pub.dev/firebase_core-4.3.0/lib/firebase_core.dart'  (The system cannot find the path specified)
            import 'package:firebase_core/firebase_core.dart';
                   ^
            /C:/Users/subhabrata/AppData/Local/Pub/Cache/hosted/pub.dev/firebase_auth_platform_interface-8.1.5/lib/src/method_channel/method_channel_firebase_auth.dart:12:8:
            Error: Error when reading '/C:/Users/subhabrata/AppData/Local/Pub/Cache/hosted/pub.dev/firebase_core-4.3.0/lib/firebase_core.dart': Error reading '/C:/Users/subhabrata/AppData/Local/Pub/Cache/hosted/pub.dev/firebase_core-4.3.0/lib/firebase_core.dart'  (The system cannot find the path specified)
            import 'package:firebase_core/firebase_core.dart';
                   ^
            /C:/Users/subhabrata/AppData/Local/Pub/Cache/hosted/pub.dev/firebase_database_platform_interface-0.3.0+1/lib/src/method_channel/method_channel_database.dart:5:8:
            Error: Error when reading '/C:/Users/subhabrata/AppData/Local/Pub/Cache/hosted/pub.dev/firebase_core-4.3.0/lib/firebase_core.dart': Error reading '/C:/Users/subhabrata/AppData/Local/Pub/Cache/hosted/pub.dev/firebase_core-4.3.0/lib/firebase_core.dart'  (The system cannot find the path specified)
            import 'package:firebase_core/firebase_core.dart';
                   ^
            /C:/Users/subhabrata/AppData/Local/Pub/Cache/hosted/pub.dev/syncfusion_flutter_pdfviewer-32.1.21/lib/src/pdfviewer.dart:7:8:
            Error: Error when reading '/C:/Users/subhabrata/AppData/Local/Pub/Cache/hosted/pub.dev/device_info_plus-12.3.0/lib/device_info_plus.dart': Error reading '/C:/Users/subhabrata/AppData/Local/Pub/Cache/hosted/pub.dev/device_info_plus-12.3.0/lib/device_info_plus.dart'  (The system cannot find the path specified)
            import 'package:device_info_plus/device_info_plus.dart';
                   ^
            lib/src/features/account/presentation/pages/account/widgets/account_profile_block.dart:1:8:
            Error: Error when reading '/C:/Users/subhabrata/AppData/Local/Pub/Cache/hosted/pub.dev/firebase_auth-6.1.3/lib/firebase_auth.dart': Error reading '/C:/Users/subhabrata/AppData/Local/Pub/Cache/hosted/pub.dev/firebase_auth-6.1.3/lib/firebase_auth.dart'  (The system cannot find the path specified)
            import 'package:firebase_auth/firebase_auth.dart';
                   ^
            lib/src/features/pyq/presentation/pages/chat/exam_wise_pyq_page.dart:2:8:
            Error: Error when reading '/C:/Users/subhabrata/AppData/Local/Pub/Cache/hosted/pub.dev/cloud_firestore-6.1.1/lib/cloud_firestore.dart': Error reading '/C:/Users/subhabrata/AppData/Local/Pub/Cache/hosted/pub.dev/cloud_firestore-6.1.1/lib/cloud_firestore.dart'  (The system cannot find the path specified)
            import 'package:cloud_firestore/cloud_firestore.dart';
                   ^
            lib/src/features/course/pesentation/pages/course_detail/widgets/course_detail_bottom_block.dart:4:8:
            Error: Error when reading '/C:/Users/subhabrata/AppData/Local/Pub/Cache/hosted/pub.dev/cloud_firestore-6.1.1/lib/cloud_firestore.dart': Error reading '/C:/Users/subhabrata/AppData/Local/Pub/Cache/hosted/pub.dev/cloud_firestore-6.1.1/lib/cloud_firestore.dart'  (The system cannot find the path specified)
            import 'package:cloud_firestore/cloud_firestore.dart';
                   ^
            lib/src/features/course/pesentation/pages/course_detail/widgets/course_detail_tabbar.dart:1:8:
            Error: Error when reading '/C:/Users/subhabrata/AppData/Local/Pub/Cache/hosted/pub.dev/cloud_firestore-6.1.1/lib/cloud_firestore.dart': Error reading '/C:/Users/subhabrata/AppData/Local/Pub/Cache/hosted/pub.dev/cloud_firestore-6.1.1/lib/cloud_firestore.dart'  (The system cannot find the path specified)
            import 'package:cloud_firestore/cloud_firestore.dart';
                   ^
            /C:/Users/subhabrata/AppData/Local/Pub/Cache/hosted/pub.dev/cloud_firestore_platform_interface-7.0.5/lib/src/method_channel/method_channel_load_bundle_task.dart:9:8:
            Error: Error when reading '/C:/Users/subhabrata/AppData/Local/Pub/Cache/hosted/pub.dev/firebase_core-4.3.0/lib/firebase_core.dart': Error reading '/C:/Users/subhabrata/AppData/Local/Pub/Cache/hosted/pub.dev/firebase_core-4.3.0/lib/firebase_core.dart'  (The system cannot find the path specified)
            import 'package:firebase_core/firebase_core.dart';
                   ^
            /C:/Users/subhabrata/AppData/Local/Pub/Cache/hosted/pub.dev/cloud_firestore_platform_interface-7.0.5/lib/src/method_channel/method_channel_transaction.dart:10:8:
            Error: Error when reading '/C:/Users/subhabrata/AppData/Local/Pub/Cache/hosted/pub.dev/firebase_core-4.3.0/lib/firebase_core.dart': Error reading '/C:/Users/subhabrata/AppData/Local/Pub/Cache/hosted/pub.dev/firebase_core-4.3.0/lib/firebase_core.dart'  (The system cannot find the path specified)
            import 'package:firebase_core/firebase_core.dart';
                   ^
            /C:/Users/subhabrata/AppData/Local/Pub/Cache/hosted/pub.dev/cloud_firestore_platform_interface-7.0.5/lib/src/method_channel/utils/exception.dart:5:8:
            Error: Error when reading '/C:/Users/subhabrata/AppData/Local/Pub/Cache/hosted/pub.dev/firebase_core-4.3.0/lib/firebase_core.dart': Error reading '/C:/Users/subhabrata/AppData/Local/Pub/Cache/hosted/pub.dev/firebase_core-4.3.0/lib/firebase_core.dart'  (The system cannot find the path specified)
            import 'package:firebase_core/firebase_core.dart';
                   ^
            /C:/Users/subhabrata/AppData/Local/Pub/Cache/hosted/pub.dev/firebase_auth_platform_interface-8.1.5/lib/src/method_channel/utils/exception.dart:11:8:
            Error: Error when reading '/C:/Users/subhabrata/AppData/Local/Pub/Cache/hosted/pub.dev/firebase_core-4.3.0/lib/firebase_core.dart': Error reading '/C:/Users/subhabrata/AppData/Local/Pub/Cache/hosted/pub.dev/firebase_core-4.3.0/lib/firebase_core.dart'  (The system cannot find the path specified)
            import 'package:firebase_core/firebase_core.dart';
                   ^
            /C:/Users/subhabrata/AppData/Local/Pub/Cache/hosted/pub.dev/firebase_database_platform_interface-0.3.0+1/lib/src/method_channel/utils/exception.dart:5:8:
            Error: Error when reading '/C:/Users/subhabrata/AppData/Local/Pub/Cache/hosted/pub.dev/firebase_core-4.3.0/lib/firebase_core.dart': Error reading '/C:/Users/subhabrata/AppData/Local/Pub/Cache/hosted/pub.dev/firebase_core-4.3.0/lib/firebase_core.dart'  (The system cannot find the path specified)
            import 'package:firebase_core/firebase_core.dart';
                   ^
            lib/src/features/pyq/exam_questions_year_page.dart:2:8:
            Error: Error when reading '/C:/Users/subhabrata/AppData/Local/Pub/Cache/hosted/pub.dev/cloud_firestore-6.1.1/lib/cloud_firestore.dart': Error reading '/C:/Users/subhabrata/AppData/Local/Pub/Cache/hosted/pub.dev/cloud_firestore-6.1.1/lib/cloud_firestore.dart'  (The system cannot find the path specified)
            import 'package:cloud_firestore/cloud_firestore.dart';
                   ^
            lib/src/features/pyq/presentation/pages/chat/data/questions_service.dart:1:8:
            Error: Error when reading '/C:/Users/subhabrata/AppData/Local/Pub/Cache/hosted/pub.dev/cloud_firestore-6.1.1/lib/cloud_firestore.dart': Error reading '/C:/Users/subhabrata/AppData/Local/Pub/Cache/hosted/pub.dev/cloud_firestore-6.1.1/lib/cloud_firestore.dart'  (The system cannot find the path specified)
            import 'package:cloud_firestore/cloud_firestore.dart';
                   ^
            lib/src/features/store/presentation/pages/product_parts_page.dart:2:8:
            Error: Error when reading '/C:/Users/subhabrata/AppData/Local/Pub/Cache/hosted/pub.dev/cloud_firestore-6.1.1/lib/cloud_firestore.dart': Error reading '/C:/Users/subhabrata/AppData/Local/Pub/Cache/hosted/pub.dev/cloud_firestore-6.1.1/lib/cloud_firestore.dart'  (The system cannot find the path specified)
            import 'package:cloud_firestore/cloud_firestore.dart';
                   ^
            lib/src/features/course/data/datasources/account_courses_list.dart:1:8:
            Error: Error when reading '/C:/Users/subhabrata/AppData/Local/Pub/Cache/hosted/pub.dev/cloud_firestore-6.1.1/lib/cloud_firestore.dart': Error reading '/C:/Users/subhabrata/AppData/Local/Pub/Cache/hosted/pub.dev/cloud_firestore-6.1.1/lib/cloud_firestore.dart'  (The system cannot find the path specified)
            import 'package:cloud_firestore/cloud_firestore.dart';
                   ^
            lib/src/features/course/data/datasources/account_courses_list.dart:2:8:
            Error: Error when reading '/C:/Users/subhabrata/AppData/Local/Pub/Cache/hosted/pub.dev/firebase_auth-6.1.3/lib/firebase_auth.dart': Error reading '/C:/Users/subhabrata/AppData/Local/Pub/Cache/hosted/pub.dev/firebase_auth-6.1.3/lib/firebase_auth.dart'  (The system cannot find the path specified)
            import 'package:firebase_auth/firebase_auth.dart';
                   ^
            lib/src/features/course/pesentation/pages/course_detail/widgets/course_detail_lesson_list.dart:1:8:
            Error: Error when reading '/C:/Users/subhabrata/AppData/Local/Pub/Cache/hosted/pub.dev/cloud_firestore-6.1.1/lib/cloud_firestore.dart': Error reading '/C:/Users/subhabrata/AppData/Local/Pub/Cache/hosted/pub.dev/cloud_firestore-6.1.1/lib/cloud_firestore.dart'  (The system cannot find the path specified)
            import 'package:cloud_firestore/cloud_firestore.dart';
                   ^
            /C:/Users/subhabrata/AppData/Local/Pub/Cache/hosted/pub.dev/firebase_database-12.1.1/lib/firebase_database.dart:7:8:
            Error: Error when reading '/C:/Users/subhabrata/AppData/Local/Pub/Cache/hosted/pub.dev/firebase_core-4.3.0/lib/firebase_core.dart': Error reading '/C:/Users/subhabrata/AppData/Local/Pub/Cache/hosted/pub.dev/firebase_core-4.3.0/lib/firebase_core.dart'  (The system cannot find the path specified)
            import 'package:firebase_core/firebase_core.dart';
                   ^
            lib/src/features/pyq/questions_page.dart:2:8:
            Error: Error when reading '/C:/Users/subhabrata/AppData/Local/Pub/Cache/hosted/pub.dev/cloud_firestore-6.1.1/lib/cloud_firestore.dart': Error reading '/C:/Users/subhabrata/AppData/Local/Pub/Cache/hosted/pub.dev/cloud_firestore-6.1.1/lib/cloud_firestore.dart'  (The system cannot find the path specified)
            import 'package:cloud_firestore/cloud_firestore.dart';
                   ^
            lib/core/services/product_service.dart:1:8:
            Error: Error when reading '/C:/Users/subhabrata/AppData/Local/Pub/Cache/hosted/pub.dev/cloud_firestore-6.1.1/lib/cloud_firestore.dart': Error reading '/C:/Users/subhabrata/AppData/Local/Pub/Cache/hosted/pub.dev/cloud_firestore-6.1.1/lib/cloud_firestore.dart'  (The system cannot find the path specified)
            import 'package:cloud_firestore/cloud_firestore.dart';
                   ^
            lib/src/features/store/presentation/pages/product_document_page.dart:2:8:
            Error: Error when reading '/C:/Users/subhabrata/AppData/Local/Pub/Cache/hosted/pub.dev/cloud_firestore-6.1.1/lib/cloud_firestore.dart': Error reading '/C:/Users/subhabrata/AppData/Local/Pub/Cache/hosted/pub.dev/cloud_firestore-6.1.1/lib/cloud_firestore.dart'  (The system cannot find the path specified)
            import 'package:cloud_firestore/cloud_firestore.dart';
                   ^
            lib/src/features/course/pesentation/pages/course_detail/widgets/lesson_item.dart:1:8:
            Error: Error when reading '/C:/Users/subhabrata/AppData/Local/Pub/Cache/hosted/pub.dev/cloud_firestore-6.1.1/lib/cloud_firestore.dart': Error reading '/C:/Users/subhabrata/AppData/Local/Pub/Cache/hosted/pub.dev/cloud_firestore-6.1.1/lib/cloud_firestore.dart'  (The system cannot find the path specified)
            import 'package:cloud_firestore/cloud_firestore.dart';
                   ^
            lib/src/features/course/pesentation/pages/course_detail/widgets/lesson_item.dart:2:8:
            Error: Error when reading '/C:/Users/subhabrata/AppData/Local/Pub/Cache/hosted/pub.dev/firebase_auth-6.1.3/lib/firebase_auth.dart': Error reading '/C:/Users/subhabrata/AppData/Local/Pub/Cache/hosted/pub.dev/firebase_auth-6.1.3/lib/firebase_auth.dart'  (The system cannot find the path specified)
            import 'package:firebase_auth/firebase_auth.dart';
                   ^
            /C:/Users/subhabrata/AppData/Local/Pub/Cache/hosted/pub.dev/rive-0.12.4/lib/src/rive.dart:9:8:
            Error: Error when reading '/C:/Users/subhabrata/AppData/Local/Pub/Cache/hosted/pub.dev/rive_common-0.2.8/lib/math.dart': Error reading '/C:/Users/subhabrata/AppData/Local/Pub/Cache/hosted/pub.dev/rive_common-0.2.8/lib/math.dart'  (The system cannot find the path specified)
            import 'package:rive_common/math.dart';
                   ^
            /C:/Users/subhabrata/AppData/Local/Pub/Cache/hosted/pub.dev/rive-0.12.4/lib/src/rive_core/artboard.dart:23:8:
            Error: Error when reading '/C:/Users/subhabrata/AppData/Local/Pub/Cache/hosted/pub.dev/rive_common-0.2.8/lib/math.dart': Error reading '/C:/Users/subhabrata/AppData/Local/Pub/Cache/hosted/pub.dev/rive_common-0.2.8/lib/math.dart'  (The system cannot find the path specified)
            import 'package:rive_common/math.dart';
                   ^
            /C:/Users/subhabrata/AppData/Local/Pub/Cache/hosted/pub.dev/rive-0.12.4/lib/src/rive_core/nested_artboard.dart:12:8:
            Error: Error when reading '/C:/Users/subhabrata/AppData/Local/Pub/Cache/hosted/pub.dev/rive_common-0.2.8/lib/math.dart': Error reading '/C:/Users/subhabrata/AppData/Local/Pub/Cache/hosted/pub.dev/rive_common-0.2.8/lib/math.dart'  (The system cannot find the path specified)
            import 'package:rive_common/math.dart';
                   ^
            /C:/Users/subhabrata/AppData/Local/Pub/Cache/hosted/pub.dev/rive-0.12.4/lib/src/rive_core/shapes/paint/linear_gradient.dart:10:8:
            Error: Error when reading '/C:/Users/subhabrata/AppData/Local/Pub/Cache/hosted/pub.dev/rive_common-0.2.8/lib/math.dart': Error reading '/C:/Users/subhabrata/AppData/Local/Pub/Cache/hosted/pub.dev/rive_common-0.2.8/lib/math.dart'  (The system cannot find the path specified)
            import 'package:rive_common/math.dart';
                   ^
            /C:/Users/subhabrata/AppData/Local/Pub/Cache/hosted/pub.dev/rive-0.12.4/lib/src/rive_core/shapes/shape.dart:12:8:
            Error: Error when reading '/C:/Users/subhabrata/AppData/Local/Pub/Cache/hosted/pub.dev/rive_common-0.2.8/lib/math.dart': Error reading '/C:/Users/subhabrata/AppData/Local/Pub/Cache/hosted/pub.dev/rive_common-0.2.8/lib/math.dart'  (The system cannot find the path specified)
            import 'package:rive_common/math.dart';
                   ^
            /C:/Users/subhabrata/AppData/Local/Pub/Cache/hosted/pub.dev/rive-0.12.4/lib/src/rive_scene.dart:3:8:
            Error: Error when reading '/C:/Users/subhabrata/AppData/Local/Pub/Cache/hosted/pub.dev/rive_common-0.2.8/lib/math.dart': Error reading '/C:/Users/subhabrata/AppData/Local/Pub/Cache/hosted/pub.dev/rive_common-0.2.8/lib/math.dart'  (The system cannot find the path specified)
            import 'package:rive_common/math.dart';
                   ^
            /C:/Users/subhabrata/AppData/Local/Pub/Cache/hosted/pub.dev/rive-0.12.4/lib/src/runtime_mounted_artboard.dart:6:8:
            Error: Error when reading '/C:/Users/subhabrata/AppData/Local/Pub/Cache/hosted/pub.dev/rive_common-0.2.8/lib/math.dart': Error reading '/C:/Users/subhabrata/AppData/Local/Pub/Cache/hosted/pub.dev/rive_common-0.2.8/lib/math.dart'  (The system cannot find the path specified)
            import 'package:rive_common/math.dart';
                   ^
            /C:/Users/subhabrata/AppData/Local/Pub/Cache/hosted/pub.dev/rive-0.12.4/lib/src/runtime_nested_artboard.dart:10:8:
            Error: Error when reading '/C:/Users/subhabrata/AppData/Local/Pub/Cache/hosted/pub.dev/rive_common-0.2.8/lib/math.dart': Error reading '/C:/Users/subhabrata/AppData/Local/Pub/Cache/hosted/pub.dev/rive_common-0.2.8/lib/math.dart'  (The system cannot find the path specified)
            import 'package:rive_common/math.dart';
                   ^
            /C:/Users/subhabrata/AppData/Local/Pub/Cache/hosted/pub.dev/rive-0.12.4/lib/src/rive_core/state_machine_controller.dart:31:8:
            Error: Error when reading '/C:/Users/subhabrata/AppData/Local/Pub/Cache/hosted/pub.dev/rive_common-0.2.8/lib/math.dart': Error reading '/C:/Users/subhabrata/AppData/Local/Pub/Cache/hosted/pub.dev/rive_common-0.2.8/lib/math.dart'  (The system cannot find the path specified)
            import 'package:rive_common/math.dart';
                   ^
            /C:/Users/subhabrata/AppData/Local/Pub/Cache/hosted/pub.dev/rive-0.12.4/lib/src/rive_render_box.dart:6:8:
            Error: Error when reading '/C:/Users/subhabrata/AppData/Local/Pub/Cache/hosted/pub.dev/rive_common-0.2.8/lib/math.dart': Error reading '/C:/Users/subhabrata/AppData/Local/Pub/Cache/hosted/pub.dev/rive_common-0.2.8/lib/math.dart'  (The system cannot find the path specified)
            import 'package:rive_common/math.dart';
                   ^
            /C:/Users/subhabrata/AppData/Local/Pub/Cache/hosted/pub.dev/rive-0.12.4/lib/src/rive_core/joystick.dart:7:8:
            Error: Error when reading '/C:/Users/subhabrata/AppData/Local/Pub/Cache/hosted/pub.dev/rive_common-0.2.8/lib/math.dart': Error reading '/C:/Users/subhabrata/AppData/Local/Pub/Cache/hosted/pub.dev/rive_common-0.2.8/lib/math.dart'  (The system cannot find the path specified)
            import 'package:rive_common/math.dart';
                   ^
            /C:/Users/subhabrata/AppData/Local/Pub/Cache/hosted/pub.dev/rive-0.12.4/lib/src/rive_core/shapes/shape_paint_container.dart:7:8:
            Error: Error when reading '/C:/Users/subhabrata/AppData/Local/Pub/Cache/hosted/pub.dev/rive_common-0.2.8/lib/math.dart': Error reading '/C:/Users/subhabrata/AppData/Local/Pub/Cache/hosted/pub.dev/rive_common-0.2.8/lib/math.dart'  (The system cannot find the path specified)
            import 'package:rive_common/math.dart';
                   ^
            /C:/Users/subhabrata/AppData/Local/Pub/Cache/hosted/pub.dev/rive-0.12.4/lib/src/rive_core/artboard.dart:24:8:
            Error: Error when reading '/C:/Users/subhabrata/AppData/Local/Pub/Cache/hosted/pub.dev/rive_common-0.2.8/lib/utilities.dart': Error reading '/C:/Users/subhabrata/AppData/Local/Pub/Cache/hosted/pub.dev/rive_common-0.2.8/lib/utilities.dart'  (The system cannot find the path specified)
            import 'package:rive_common/utilities.dart';
                   ^
            /C:/Users/subhabrata/AppData/Local/Pub/Cache/hosted/pub.dev/rive-0.12.4/lib/src/rive_core/event.dart:7:8:
            Error: Error when reading '/C:/Users/subhabrata/AppData/Local/Pub/Cache/hosted/pub.dev/rive_common-0.2.8/lib/utilities.dart': Error reading '/C:/Users/subhabrata/AppData/Local/Pub/Cache/hosted/pub.dev/rive_common-0.2.8/lib/utilities.dart'  (The system cannot find the path specified)
            import 'package:rive_common/utilities.dart';
                   ^
            /C:/Users/subhabrata/AppData/Local/Pub/Cache/hosted/pub.dev/rive-0.12.4/lib/src/rive_core/runtime/runtime_header.dart:5:8:
            Error: Error when reading '/C:/Users/subhabrata/AppData/Local/Pub/Cache/hosted/pub.dev/rive_common-0.2.8/lib/utilities.dart': Error reading '/C:/Users/subhabrata/AppData/Local/Pub/Cache/hosted/pub.dev/rive_common-0.2.8/lib/utilities.dart'  (The system cannot find the path specified)
            import 'package:rive_common/utilities.dart';
                   ^
            /C:/Users/subhabrata/AppData/Local/Pub/Cache/hosted/pub.dev/rive-0.12.4/lib/src/rive_file.dart:41:8:
            Error: Error when reading '/C:/Users/subhabrata/AppData/Local/Pub/Cache/hosted/pub.dev/rive_common-0.2.8/lib/utilities.dart': Error reading '/C:/Users/subhabrata/AppData/Local/Pub/Cache/hosted/pub.dev/rive_common-0.2.8/lib/utilities.dart'  (The system cannot find the path specified)
            import 'package:rive_common/utilities.dart';
                   ^
            /C:/Users/subhabrata/AppData/Local/Pub/Cache/hosted/pub.dev/rive-0.12.4/lib/src/rive_core/component.dart:5:8:
            Error: Error when reading '/C:/Users/subhabrata/AppData/Local/Pub/Cache/hosted/pub.dev/rive_common-0.2.8/lib/utilities.dart': Error reading '/C:/Users/subhabrata/AppData/Local/Pub/Cache/hosted/pub.dev/rive_common-0.2.8/lib/utilities.dart'  (The system cannot find the path specified)
            import 'package:rive_common/utilities.dart';
                   ^
            /C:/Users/subhabrata/AppData/Local/Pub/Cache/hosted/pub.dev/rive-0.12.4/lib/src/rive_core/text/text_style.dart:18:8:
            Error: Error when reading '/C:/Users/subhabrata/AppData/Local/Pub/Cache/hosted/pub.dev/rive_common-0.2.8/lib/math.dart': Error reading '/C:/Users/subhabrata/AppData/Local/Pub/Cache/hosted/pub.dev/rive_common-0.2.8/lib/math.dart'  (The system cannot find the path specified)
            import 'package:rive_common/math.dart';
                   ^
            /C:/Users/subhabrata/AppData/Local/Pub/Cache/hosted/pub.dev/rive-0.12.4/lib/src/rive_core/assets/font_asset.dart:7:8:
            Error: Error when reading '/C:/Users/subhabrata/AppData/Local/Pub/Cache/hosted/pub.dev/rive_common-0.2.8/lib/rive_text.dart': Error reading '/C:/Users/subhabrata/AppData/Local/Pub/Cache/hosted/pub.dev/rive_common-0.2.8/lib/rive_text.dart'  (The system cannot find the path specified)
            import 'package:rive_common/rive_text.dart';
                   ^
            /C:/Users/subhabrata/AppData/Local/Pub/Cache/hosted/pub.dev/rive-0.12.4/lib/src/rive_file.dart:39:8:
            Error: Error when reading '/C:/Users/subhabrata/AppData/Local/Pub/Cache/hosted/pub.dev/rive_common-0.2.8/lib/rive_text.dart': Error reading '/C:/Users/subhabrata/AppData/Local/Pub/Cache/hosted/pub.dev/rive_common-0.2.8/lib/rive_text.dart'  (The system cannot find the path specified)
            import 'package:rive_common/rive_text.dart';
                   ^
            /C:/Users/subhabrata/AppData/Local/Pub/Cache/hosted/pub.dev/rive-0.12.4/lib/src/rive_core/text/text_style.dart:19:8:
            Error: Error when reading '/C:/Users/subhabrata/AppData/Local/Pub/Cache/hosted/pub.dev/rive_common-0.2.8/lib/rive_text.dart': Error reading '/C:/Users/subhabrata/AppData/Local/Pub/Cache/hosted/pub.dev/rive_common-0.2.8/lib/rive_text.dart'  (The system cannot find the path specified)
            import 'package:rive_common/rive_text.dart';
                   ^
            /C:/Users/subhabrata/AppData/Local/Pub/Cache/hosted/pub.dev/rive-0.12.4/lib/src/rive_core/shapes/image.dart:11:8:
            Error: Error when reading '/C:/Users/subhabrata/AppData/Local/Pub/Cache/hosted/pub.dev/rive_common-0.2.8/lib/math.dart': Error reading '/C:/Users/subhabrata/AppData/Local/Pub/Cache/hosted/pub.dev/rive_common-0.2.8/lib/math.dart'  (The system cannot find the path specified)
            import 'package:rive_common/math.dart';
                   ^
            /C:/Users/subhabrata/AppData/Local/Pub/Cache/hosted/pub.dev/rive-0.12.4/lib/src/rive_core/animation/nested_state_machine.dart:9:8:
            Error: Error when reading '/C:/Users/subhabrata/AppData/Local/Pub/Cache/hosted/pub.dev/rive_common-0.2.8/lib/math.dart': Error reading '/C:/Users/subhabrata/AppData/Local/Pub/Cache/hosted/pub.dev/rive_common-0.2.8/lib/math.dart'  (The system cannot find the path specified)
            import 'package:rive_common/math.dart';
                   ^
            /C:/Users/subhabrata/AppData/Local/Pub/Cache/hosted/pub.dev/rive-0.12.4/lib/src/rive_core/shapes/path.dart:12:8:
            Error: Error when reading '/C:/Users/subhabrata/AppData/Local/Pub/Cache/hosted/pub.dev/rive_common-0.2.8/lib/math.dart': Error reading '/C:/Users/subhabrata/AppData/Local/Pub/Cache/hosted/pub.dev/rive_common-0.2.8/lib/math.dart'  (The system cannot find the path specified)
            import 'package:rive_common/math.dart';
                   ^
            /C:/Users/subhabrata/AppData/Local/Pub/Cache/hosted/pub.dev/rive-0.12.4/lib/src/rive_core/shapes/path_composer.dart:9:8:
            Error: Error when reading '/C:/Users/subhabrata/AppData/Local/Pub/Cache/hosted/pub.dev/rive_common-0.2.8/lib/math.dart': Error reading '/C:/Users/subhabrata/AppData/Local/Pub/Cache/hosted/pub.dev/rive_common-0.2.8/lib/math.dart'  (The system cannot find the path specified)
            import 'package:rive_common/math.dart';
                   ^
            /C:/Users/subhabrata/AppData/Local/Pub/Cache/hosted/pub.dev/rive-0.12.4/lib/src/rive_core/text/text.dart:13:8:
            Error: Error when reading '/C:/Users/subhabrata/AppData/Local/Pub/Cache/hosted/pub.dev/rive_common-0.2.8/lib/math.dart': Error reading '/C:/Users/subhabrata/AppData/Local/Pub/Cache/hosted/pub.dev/rive_common-0.2.8/lib/math.dart'  (The system cannot find the path specified)
            import 'package:rive_common/math.dart';
                   ^
            /C:/Users/subhabrata/AppData/Local/Pub/Cache/hosted/pub.dev/rive-0.12.4/lib/src/rive_core/text/text.dart:14:8:
            Error: Error when reading '/C:/Users/subhabrata/AppData/Local/Pub/Cache/hosted/pub.dev/rive_common-0.2.8/lib/rive_text.dart': Error reading '/C:/Users/subhabrata/AppData/Local/Pub/Cache/hosted/pub.dev/rive_common-0.2.8/lib/rive_text.dart'  (The system cannot find the path specified)
            import 'package:rive_common/rive_text.dart';
                   ^
            /C:/Users/subhabrata/AppData/Local/Pub/Cache/hosted/pub.dev/rive-0.12.4/lib/src/core/field_types/core_field_type.dart:1:8:
            Error: Error when reading '/C:/Users/subhabrata/AppData/Local/Pub/Cache/hosted/pub.dev/rive_common-0.2.8/lib/utilities.dart': Error reading '/C:/Users/subhabrata/AppData/Local/Pub/Cache/hosted/pub.dev/rive_common-0.2.8/lib/utilities.dart'  (The system cannot find the path specified)
            import 'package:rive_common/utilities.dart';
                   ^
            /C:/Users/subhabrata/AppData/Local/Pub/Cache/hosted/pub.dev/rive-0.12.4/lib/src/rive_core/animation/state_machine_listener.dart:11:8:
            Error: Error when reading '/C:/Users/subhabrata/AppData/Local/Pub/Cache/hosted/pub.dev/rive_common-0.2.8/lib/math.dart': Error reading '/C:/Users/subhabrata/AppData/Local/Pub/Cache/hosted/pub.dev/rive_common-0.2.8/lib/math.dart'  (The system cannot find the path specified)
            import 'package:rive_common/math.dart';
                   ^
            lib/src/features/video/presentation/screen/yotutube_player.dart:3:8:
            Error: Error when reading '/C:/Users/subhabrata/AppData/Local/Pub/Cache/hosted/pub.dev/cloud_firestore-6.1.1/lib/cloud_firestore.dart': Error reading '/C:/Users/subhabrata/AppData/Local/Pub/Cache/hosted/pub.dev/cloud_firestore-6.1.1/lib/cloud_firestore.dart'  (The system cannot find the path specified)
            import 'package:cloud_firestore/cloud_firestore.dart';
                   ^
            lib/src/features/video/presentation/screen/yotutube_player.dart:4:8:
            Error: Error when reading '/C:/Users/subhabrata/AppData/Local/Pub/Cache/hosted/pub.dev/firebase_auth-6.1.3/lib/firebase_auth.dart': Error reading '/C:/Users/subhabrata/AppData/Local/Pub/Cache/hosted/pub.dev/firebase_auth-6.1.3/lib/firebase_auth.dart'  (The system cannot find the path specified)
            import 'package:firebase_auth/firebase_auth.dart';
                   ^
            /C:/Users/subhabrata/AppData/Local/Pub/Cache/hosted/pub.dev/rive-0.12.4/lib/src/rive_core/world_transform_component.dart:3:8:
            Error: Error when reading '/C:/Users/subhabrata/AppData/Local/Pub/Cache/hosted/pub.dev/rive_common-0.2.8/lib/math.dart': Error reading '/C:/Users/subhabrata/AppData/Local/Pub/Cache/hosted/pub.dev/rive_common-0.2.8/lib/math.dart'  (The system cannot find the path specified)
            import 'package:rive_common/math.dart';
                   ^
            /C:/Users/subhabrata/AppData/Local/Pub/Cache/hosted/pub.dev/rive-0.12.4/lib/src/core/field_types/core_callback_type.dart:2:8:
            Error: Error when reading '/C:/Users/subhabrata/AppData/Local/Pub/Cache/hosted/pub.dev/rive_common-0.2.8/lib/utilities.dart': Error reading '/C:/Users/subhabrata/AppData/Local/Pub/Cache/hosted/pub.dev/rive_common-0.2.8/lib/utilities.dart'  (The system cannot find the path specified)
            import 'package:rive_common/utilities.dart';
                   ^
            /C:/Users/subhabrata/AppData/Local/Pub/Cache/hosted/pub.dev/rive-0.12.4/lib/src/rive_core/node.dart:2:8:
            Error: Error when reading '/C:/Users/subhabrata/AppData/Local/Pub/Cache/hosted/pub.dev/rive_common-0.2.8/lib/math.dart': Error reading '/C:/Users/subhabrata/AppData/Local/Pub/Cache/hosted/pub.dev/rive_common-0.2.8/lib/math.dart'  (The system cannot find the path specified)
            import 'package:rive_common/math.dart';
                   ^
            /C:/Users/subhabrata/AppData/Local/Pub/Cache/hosted/pub.dev/rive-0.12.4/lib/src/rive_core/transform_component.dart:10:8:
            Error: Error when reading '/C:/Users/subhabrata/AppData/Local/Pub/Cache/hosted/pub.dev/rive_common-0.2.8/lib/math.dart': Error reading '/C:/Users/subhabrata/AppData/Local/Pub/Cache/hosted/pub.dev/rive_common-0.2.8/lib/math.dart'  (The system cannot find the path specified)
            import 'package:rive_common/math.dart';
                   ^
            /C:/Users/subhabrata/AppData/Local/Pub/Cache/hosted/pub.dev/rive-0.12.4/lib/src/rive_core/text/text_style_axis.dart:3:8:
            Error: Error when reading '/C:/Users/subhabrata/AppData/Local/Pub/Cache/hosted/pub.dev/rive_common-0.2.8/lib/rive_text.dart': Error reading '/C:/Users/subhabrata/AppData/Local/Pub/Cache/hosted/pub.dev/rive_common-0.2.8/lib/rive_text.dart'  (The system cannot find the path specified)
            import 'package:rive_common/rive_text.dart';
                   ^
            /C:/Users/subhabrata/AppData/Local/Pub/Cache/hosted/pub.dev/rive-0.12.4/lib/src/rive_core/text/text_style_feature.dart:3:8:
            Error: Error when reading '/C:/Users/subhabrata/AppData/Local/Pub/Cache/hosted/pub.dev/rive_common-0.2.8/lib/rive_text.dart': Error reading '/C:/Users/subhabrata/AppData/Local/Pub/Cache/hosted/pub.dev/rive_common-0.2.8/lib/rive_text.dart'  (The system cannot find the path specified)
            import 'package:rive_common/rive_text.dart';
                   ^
            /C:/Users/subhabrata/AppData/Local/Pub/Cache/hosted/pub.dev/rive-0.12.4/lib/src/rive_core/shapes/mesh.dart:13:8:
            Error: Error when reading '/C:/Users/subhabrata/AppData/Local/Pub/Cache/hosted/pub.dev/rive_common-0.2.8/lib/math.dart': Error reading '/C:/Users/subhabrata/AppData/Local/Pub/Cache/hosted/pub.dev/rive_common-0.2.8/lib/math.dart'  (The system cannot find the path specified)
            import 'package:rive_common/math.dart';
                   ^
            /C:/Users/subhabrata/AppData/Local/Pub/Cache/hosted/pub.dev/rive-0.12.4/lib/src/rive_core/shapes/mesh.dart:14:8:
            Error: Error when reading '/C:/Users/subhabrata/AppData/Local/Pub/Cache/hosted/pub.dev/rive_common-0.2.8/lib/utilities.dart': Error reading '/C:/Users/subhabrata/AppData/Local/Pub/Cache/hosted/pub.dev/rive_common-0.2.8/lib/utilities.dart'  (The system cannot find the path specified)
            import 'package:rive_common/utilities.dart';
                   ^
            /C:/Users/subhabrata/AppData/Local/Pub/Cache/hosted/pub.dev/rive-0.12.4/lib/src/rive_core/shapes/cubic_vertex.dart:5:8:
            Error: Error when reading '/C:/Users/subhabrata/AppData/Local/Pub/Cache/hosted/pub.dev/rive_common-0.2.8/lib/math.dart': Error reading '/C:/Users/subhabrata/AppData/Local/Pub/Cache/hosted/pub.dev/rive_common-0.2.8/lib/math.dart'  (The system cannot find the path specified)
            import 'package:rive_common/math.dart';
                   ^
            /C:/Users/subhabrata/AppData/Local/Pub/Cache/hosted/pub.dev/rive-0.12.4/lib/src/rive_core/shapes/straight_vertex.dart:5:8:
            Error: Error when reading '/C:/Users/subhabrata/AppData/Local/Pub/Cache/hosted/pub.dev/rive_common-0.2.8/lib/math.dart': Error reading '/C:/Users/subhabrata/AppData/Local/Pub/Cache/hosted/pub.dev/rive_common-0.2.8/lib/math.dart'  (The system cannot find the path specified)
            import 'package:rive_common/math.dart';
                   ^
            /C:/Users/subhabrata/AppData/Local/Pub/Cache/hosted/pub.dev/rive-0.12.4/lib/src/rive_core/text/styled_text.dart:1:8:
            Error: Error when reading '/C:/Users/subhabrata/AppData/Local/Pub/Cache/hosted/pub.dev/rive_common-0.2.8/lib/rive_text.dart': Error reading '/C:/Users/subhabrata/AppData/Local/Pub/Cache/hosted/pub.dev/rive_common-0.2.8/lib/rive_text.dart'  (The system cannot find the path specified)
            import 'package:rive_common/rive_text.dart';
                   ^
            /C:/Users/subhabrata/AppData/Local/Pub/Cache/hosted/pub.dev/rive-0.12.4/lib/src/rive_core/text/styled_text.dart:2:8:
            Error: Error when reading '/C:/Users/subhabrata/AppData/Local/Pub/Cache/hosted/pub.dev/rive_common-0.2.8/lib/utilities.dart': Error reading '/C:/Users/subhabrata/AppData/Local/Pub/Cache/hosted/pub.dev/rive_common-0.2.8/lib/utilities.dart'  (The system cannot find the path specified)
            import 'package:rive_common/utilities.dart';
                   ^
            /C:/Users/subhabrata/AppData/Local/Pub/Cache/hosted/pub.dev/rive-0.12.4/lib/src/rive_core/text/text_modifier_group.dart:11:8:
            Error: Error when reading '/C:/Users/subhabrata/AppData/Local/Pub/Cache/hosted/pub.dev/rive_common-0.2.8/lib/math.dart': Error reading '/C:/Users/subhabrata/AppData/Local/Pub/Cache/hosted/pub.dev/rive_common-0.2.8/lib/math.dart'  (The system cannot find the path specified)
            import 'package:rive_common/math.dart';
                   ^
            /C:/Users/subhabrata/AppData/Local/Pub/Cache/hosted/pub.dev/rive-0.12.4/lib/src/rive_core/text/text_modifier_group.dart:12:8:
            Error: Error when reading '/C:/Users/subhabrata/AppData/Local/Pub/Cache/hosted/pub.dev/rive_common-0.2.8/lib/rive_text.dart': Error reading '/C:/Users/subhabrata/AppData/Local/Pub/Cache/hosted/pub.dev/rive_common-0.2.8/lib/rive_text.dart'  (The system cannot find the path specified)
            import 'package:rive_common/rive_text.dart';
                   ^
            /C:/Users/subhabrata/AppData/Local/Pub/Cache/hosted/pub.dev/rive-0.12.4/lib/src/rive_core/text/text_style_container.dart:6:8:
            Error: Error when reading '/C:/Users/subhabrata/AppData/Local/Pub/Cache/hosted/pub.dev/rive_common-0.2.8/lib/utilities.dart': Error reading '/C:/Users/subhabrata/AppData/Local/Pub/Cache/hosted/pub.dev/rive_common-0.2.8/lib/utilities.dart'  (The system cannot find the path specified)
            import 'package:rive_common/utilities.dart';
                   ^
            /C:/Users/subhabrata/AppData/Local/Pub/Cache/hosted/pub.dev/rive-0.12.4/lib/src/rive_core/animation/listener_action.dart:5:8:
            Error: Error when reading '/C:/Users/subhabrata/AppData/Local/Pub/Cache/hosted/pub.dev/rive_common-0.2.8/lib/math.dart': Error reading '/C:/Users/subhabrata/AppData/Local/Pub/Cache/hosted/pub.dev/rive_common-0.2.8/lib/math.dart'  (The system cannot find the path specified)
            import 'package:rive_common/math.dart';
                   ^
            lib/src/features/course/data/models/comment_model.dart:1:8:
            Error: Error when reading '/C:/Users/subhabrata/AppData/Local/Pub/Cache/hosted/pub.dev/cloud_firestore-6.1.1/lib/cloud_firestore.dart': Error reading '/C:/Users/subhabrata/AppData/Local/Pub/Cache/hosted/pub.dev/cloud_firestore-6.1.1/lib/cloud_firestore.dart'  (The system cannot find the path specified)
            import 'package:cloud_firestore/cloud_firestore.dart';
                   ^
            lib/src/features/video/presentation/screen/share_video.dart:1:8:
            Error: Error when reading '/C:/Users/subhabrata/AppData/Local/Pub/Cache/hosted/pub.dev/cloud_firestore-6.1.1/lib/cloud_firestore.dart': Error reading '/C:/Users/subhabrata/AppData/Local/Pub/Cache/hosted/pub.dev/cloud_firestore-6.1.1/lib/cloud_firestore.dart'  (The system cannot find the path specified)
            import 'package:cloud_firestore/cloud_firestore.dart';
                   ^
            /C:/Users/subhabrata/AppData/Local/Pub/Cache/hosted/pub.dev/rive-0.12.4/lib/src/core/field_types/core_bool_type.dart:2:8:
            Error: Error when reading '/C:/Users/subhabrata/AppData/Local/Pub/Cache/hosted/pub.dev/rive_common-0.2.8/lib/utilities.dart': Error reading '/C:/Users/subhabrata/AppData/Local/Pub/Cache/hosted/pub.dev/rive_common-0.2.8/lib/utilities.dart'  (The system cannot find the path specified)
            import 'package:rive_common/utilities.dart';
                   ^
            /C:/Users/subhabrata/AppData/Local/Pub/Cache/hosted/pub.dev/rive-0.12.4/lib/src/core/field_types/core_bytes_type.dart:4:8:
            Error: Error when reading '/C:/Users/subhabrata/AppData/Local/Pub/Cache/hosted/pub.dev/rive_common-0.2.8/lib/utilities.dart': Error reading '/C:/Users/subhabrata/AppData/Local/Pub/Cache/hosted/pub.dev/rive_common-0.2.8/lib/utilities.dart'  (The system cannot find the path specified)
            import 'package:rive_common/utilities.dart';
                   ^
            /C:/Users/subhabrata/AppData/Local/Pub/Cache/hosted/pub.dev/rive-0.12.4/lib/src/core/field_types/core_color_type.dart:2:8:
            Error: Error when reading '/C:/Users/subhabrata/AppData/Local/Pub/Cache/hosted/pub.dev/rive_common-0.2.8/lib/utilities.dart': Error reading '/C:/Users/subhabrata/AppData/Local/Pub/Cache/hosted/pub.dev/rive_common-0.2.8/lib/utilities.dart'  (The system cannot find the path specified)
            import 'package:rive_common/utilities.dart';
                   ^
            /C:/Users/subhabrata/AppData/Local/Pub/Cache/hosted/pub.dev/rive-0.12.4/lib/src/core/field_types/core_double_type.dart:2:8:
            Error: Error when reading '/C:/Users/subhabrata/AppData/Local/Pub/Cache/hosted/pub.dev/rive_common-0.2.8/lib/utilities.dart': Error reading '/C:/Users/subhabrata/AppData/Local/Pub/Cache/hosted/pub.dev/rive_common-0.2.8/lib/utilities.dart'  (The system cannot find the path specified)
            import 'package:rive_common/utilities.dart';
                   ^
            /C:/Users/subhabrata/AppData/Local/Pub/Cache/hosted/pub.dev/rive-0.12.4/lib/src/core/field_types/core_string_type.dart:2:8:
            Error: Error when reading '/C:/Users/subhabrata/AppData/Local/Pub/Cache/hosted/pub.dev/rive_common-0.2.8/lib/utilities.dart': Error reading '/C:/Users/subhabrata/AppData/Local/Pub/Cache/hosted/pub.dev/rive_common-0.2.8/lib/utilities.dart'  (The system cannot find the path specified)
            import 'package:rive_common/utilities.dart';
                   ^
            /C:/Users/subhabrata/AppData/Local/Pub/Cache/hosted/pub.dev/rive-0.12.4/lib/src/core/field_types/core_uint_type.dart:2:8:
            Error: Error when reading '/C:/Users/subhabrata/AppData/Local/Pub/Cache/hosted/pub.dev/rive_common-0.2.8/lib/utilities.dart': Error reading '/C:/Users/subhabrata/AppData/Local/Pub/Cache/hosted/pub.dev/rive_common-0.2.8/lib/utilities.dart'  (The system cannot find the path specified)
            import 'package:rive_common/utilities.dart';
                   ^
            /C:/Users/subhabrata/AppData/Local/Pub/Cache/hosted/pub.dev/rive-0.12.4/lib/src/rive_core/animation/listener_align_target.dart:5:8:
            Error: Error when reading '/C:/Users/subhabrata/AppData/Local/Pub/Cache/hosted/pub.dev/rive_common-0.2.8/lib/math.dart': Error reading '/C:/Users/subhabrata/AppData/Local/Pub/Cache/hosted/pub.dev/rive_common-0.2.8/lib/math.dart'  (The system cannot find the path specified)
            import 'package:rive_common/math.dart';
                   ^
            /C:/Users/subhabrata/AppData/Local/Pub/Cache/hosted/pub.dev/rive-0.12.4/lib/src/rive_core/animation/listener_bool_change.dart:4:8:
            Error: Error when reading '/C:/Users/subhabrata/AppData/Local/Pub/Cache/hosted/pub.dev/rive_common-0.2.8/lib/math.dart': Error reading '/C:/Users/subhabrata/AppData/Local/Pub/Cache/hosted/pub.dev/rive_common-0.2.8/lib/math.dart'  (The system cannot find the path specified)
            import 'package:rive_common/math.dart';
                   ^
            /C:/Users/subhabrata/AppData/Local/Pub/Cache/hosted/pub.dev/rive-0.12.4/lib/src/rive_core/animation/listener_fire_event.dart:6:8:
            Error: Error when reading '/C:/Users/subhabrata/AppData/Local/Pub/Cache/hosted/pub.dev/rive_common-0.2.8/lib/math.dart': Error reading '/C:/Users/subhabrata/AppData/Local/Pub/Cache/hosted/pub.dev/rive_common-0.2.8/lib/math.dart'  (The system cannot find the path specified)
            import 'package:rive_common/math.dart';
                   ^
            /C:/Users/subhabrata/AppData/Local/Pub/Cache/hosted/pub.dev/rive-0.12.4/lib/src/rive_core/animation/listener_number_change.dart:4:8:
            Error: Error when reading '/C:/Users/subhabrata/AppData/Local/Pub/Cache/hosted/pub.dev/rive_common-0.2.8/lib/math.dart': Error reading '/C:/Users/subhabrata/AppData/Local/Pub/Cache/hosted/pub.dev/rive_common-0.2.8/lib/math.dart'  (The system cannot find the path specified)
            import 'package:rive_common/math.dart';
                   ^
            /C:/Users/subhabrata/AppData/Local/Pub/Cache/hosted/pub.dev/rive-0.12.4/lib/src/rive_core/animation/listener_trigger_change.dart:6:8:
            Error: Error when reading '/C:/Users/subhabrata/AppData/Local/Pub/Cache/hosted/pub.dev/rive_common-0.2.8/lib/math.dart': Error reading '/C:/Users/subhabrata/AppData/Local/Pub/Cache/hosted/pub.dev/rive_common-0.2.8/lib/math.dart'  (The system cannot find the path specified)
            import 'package:rive_common/math.dart';
                   ^
            /C:/Users/subhabrata/AppData/Local/Pub/Cache/hosted/pub.dev/rive-0.12.4/lib/src/rive_core/bones/bone.dart:3:8:
            Error: Error when reading '/C:/Users/subhabrata/AppData/Local/Pub/Cache/hosted/pub.dev/rive_common-0.2.8/lib/math.dart': Error reading '/C:/Users/subhabrata/AppData/Local/Pub/Cache/hosted/pub.dev/rive_common-0.2.8/lib/math.dart'  (The system cannot find the path specified)
            import 'package:rive_common/math.dart';
                   ^
            /C:/Users/subhabrata/AppData/Local/Pub/Cache/hosted/pub.dev/rive-0.12.4/lib/src/rive_core/bones/cubic_weight.dart:2:8:
            Error: Error when reading '/C:/Users/subhabrata/AppData/Local/Pub/Cache/hosted/pub.dev/rive_common-0.2.8/lib/math.dart': Error reading '/C:/Users/subhabrata/AppData/Local/Pub/Cache/hosted/pub.dev/rive_common-0.2.8/lib/math.dart'  (The system cannot find the path specified)
            import 'package:rive_common/math.dart';
                   ^
            /C:/Users/subhabrata/AppData/Local/Pub/Cache/hosted/pub.dev/rive-0.12.4/lib/src/rive_core/bones/skin.dart:10:8:
            Error: Error when reading '/C:/Users/subhabrata/AppData/Local/Pub/Cache/hosted/pub.dev/rive_common-0.2.8/lib/math.dart': Error reading '/C:/Users/subhabrata/AppData/Local/Pub/Cache/hosted/pub.dev/rive_common-0.2.8/lib/math.dart'  (The system cannot find the path specified)
            import 'package:rive_common/math.dart';
                   ^
            /C:/Users/subhabrata/AppData/Local/Pub/Cache/hosted/pub.dev/rive-0.12.4/lib/src/rive_core/bones/tendon.dart:3:8:
            Error: Error when reading '/C:/Users/subhabrata/AppData/Local/Pub/Cache/hosted/pub.dev/rive_common-0.2.8/lib/math.dart': Error reading '/C:/Users/subhabrata/AppData/Local/Pub/Cache/hosted/pub.dev/rive_common-0.2.8/lib/math.dart'  (The system cannot find the path specified)
            import 'package:rive_common/math.dart';
                   ^
            /C:/Users/subhabrata/AppData/Local/Pub/Cache/hosted/pub.dev/rive-0.12.4/lib/src/rive_core/bones/weight.dart:4:8:
            Error: Error when reading '/C:/Users/subhabrata/AppData/Local/Pub/Cache/hosted/pub.dev/rive_common-0.2.8/lib/math.dart': Error reading '/C:/Users/subhabrata/AppData/Local/Pub/Cache/hosted/pub.dev/rive_common-0.2.8/lib/math.dart'  (The system cannot find the path specified)
            import 'package:rive_common/math.dart';
                   ^
            /C:/Users/subhabrata/AppData/Local/Pub/Cache/hosted/pub.dev/rive-0.12.4/lib/src/rive_core/constraints/distance_constraint.dart:4:8:
            Error: Error when reading '/C:/Users/subhabrata/AppData/Local/Pub/Cache/hosted/pub.dev/rive_common-0.2.8/lib/math.dart': Error reading '/C:/Users/subhabrata/AppData/Local/Pub/Cache/hosted/pub.dev/rive_common-0.2.8/lib/math.dart'  (The system cannot find the path specified)
            import 'package:rive_common/math.dart';
                   ^
            /C:/Users/subhabrata/AppData/Local/Pub/Cache/hosted/pub.dev/rive-0.12.4/lib/src/rive_core/constraints/follow_path_constraint.dart:11:8:
            Error: Error when reading '/C:/Users/subhabrata/AppData/Local/Pub/Cache/hosted/pub.dev/rive_common-0.2.8/lib/math.dart': Error reading '/C:/Users/subhabrata/AppData/Local/Pub/Cache/hosted/pub.dev/rive_common-0.2.8/lib/math.dart'  (The system cannot find the path specified)
            import 'package:rive_common/math.dart';
                   ^
            /C:/Users/subhabrata/AppData/Local/Pub/Cache/hosted/pub.dev/rive-0.12.4/lib/src/rive_core/constraints/ik_constraint.dart:8:8:
            Error: Error when reading '/C:/Users/subhabrata/AppData/Local/Pub/Cache/hosted/pub.dev/rive_common-0.2.8/lib/math.dart': Error reading '/C:/Users/subhabrata/AppData/Local/Pub/Cache/hosted/pub.dev/rive_common-0.2.8/lib/math.dart'  (The system cannot find the path specified)
            import 'package:rive_common/math.dart';
                   ^
            /C:/Users/subhabrata/AppData/Local/Pub/Cache/hosted/pub.dev/rive-0.12.4/lib/src/rive_core/constraints/rotation_constraint.dart:7:8:
            Error: Error when reading '/C:/Users/subhabrata/AppData/Local/Pub/Cache/hosted/pub.dev/rive_common-0.2.8/lib/math.dart': Error reading '/C:/Users/subhabrata/AppData/Local/Pub/Cache/hosted/pub.dev/rive_common-0.2.8/lib/math.dart'  (The system cannot find the path specified)
            import 'package:rive_common/math.dart';
                   ^
            /C:/Users/subhabrata/AppData/Local/Pub/Cache/hosted/pub.dev/rive-0.12.4/lib/src/rive_core/constraints/scale_constraint.dart:5:8:
            Error: Error when reading '/C:/Users/subhabrata/AppData/Local/Pub/Cache/hosted/pub.dev/rive_common-0.2.8/lib/math.dart': Error reading '/C:/Users/subhabrata/AppData/Local/Pub/Cache/hosted/pub.dev/rive_common-0.2.8/lib/math.dart'  (The system cannot find the path specified)
            import 'package:rive_common/math.dart';
                   ^
            /C:/Users/subhabrata/AppData/Local/Pub/Cache/hosted/pub.dev/rive-0.12.4/lib/src/rive_core/constraints/transform_constraint.dart:7:8:
            Error: Error when reading '/C:/Users/subhabrata/AppData/Local/Pub/Cache/hosted/pub.dev/rive_common-0.2.8/lib/math.dart': Error reading '/C:/Users/subhabrata/AppData/Local/Pub/Cache/hosted/pub.dev/rive_common-0.2.8/lib/math.dart'  (The system cannot find the path specified)
            import 'package:rive_common/math.dart';
                   ^
            /C:/Users/subhabrata/AppData/Local/Pub/Cache/hosted/pub.dev/rive-0.12.4/lib/src/rive_core/constraints/translation_constraint.dart:5:8:
            Error: Error when reading '/C:/Users/subhabrata/AppData/Local/Pub/Cache/hosted/pub.dev/rive_common-0.2.8/lib/math.dart': Error reading '/C:/Users/subhabrata/AppData/Local/Pub/Cache/hosted/pub.dev/rive_common-0.2.8/lib/math.dart'  (The system cannot find the path specified)
            import 'package:rive_common/math.dart';
                   ^
            /C:/Users/subhabrata/AppData/Local/Pub/Cache/hosted/pub.dev/rive-0.12.4/lib/src/rive_core/shapes/cubic_asymmetric_vertex.dart:6:8:
            Error: Error when reading '/C:/Users/subhabrata/AppData/Local/Pub/Cache/hosted/pub.dev/rive_common-0.2.8/lib/math.dart': Error reading '/C:/Users/subhabrata/AppData/Local/Pub/Cache/hosted/pub.dev/rive_common-0.2.8/lib/math.dart'  (The system cannot find the path specified)
            import 'package:rive_common/math.dart';
                   ^
            /C:/Users/subhabrata/AppData/Local/Pub/Cache/hosted/pub.dev/rive-0.12.4/lib/src/rive_core/shapes/cubic_detached_vertex.dart:6:8:
            Error: Error when reading '/C:/Users/subhabrata/AppData/Local/Pub/Cache/hosted/pub.dev/rive_common-0.2.8/lib/math.dart': Error reading '/C:/Users/subhabrata/AppData/Local/Pub/Cache/hosted/pub.dev/rive_common-0.2.8/lib/math.dart'  (The system cannot find the path specified)
            import 'package:rive_common/math.dart';
                   ^
            /C:/Users/subhabrata/AppData/Local/Pub/Cache/hosted/pub.dev/rive-0.12.4/lib/src/rive_core/shapes/cubic_mirrored_vertex.dart:6:8:
            Error: Error when reading '/C:/Users/subhabrata/AppData/Local/Pub/Cache/hosted/pub.dev/rive_common-0.2.8/lib/math.dart': Error reading '/C:/Users/subhabrata/AppData/Local/Pub/Cache/hosted/pub.dev/rive_common-0.2.8/lib/math.dart'  (The system cannot find the path specified)
            import 'package:rive_common/math.dart';
                   ^
            /C:/Users/subhabrata/AppData/Local/Pub/Cache/hosted/pub.dev/rive-0.12.4/lib/src/rive_core/shapes/ellipse.dart:4:8:
            Error: Error when reading '/C:/Users/subhabrata/AppData/Local/Pub/Cache/hosted/pub.dev/rive_common-0.2.8/lib/math.dart': Error reading '/C:/Users/subhabrata/AppData/Local/Pub/Cache/hosted/pub.dev/rive_common-0.2.8/lib/math.dart'  (The system cannot find the path specified)
            import 'package:rive_common/math.dart';
                   ^
            /C:/Users/subhabrata/AppData/Local/Pub/Cache/hosted/pub.dev/rive-0.12.4/lib/src/rive_core/shapes/points_path.dart:6:8:
            Error: Error when reading '/C:/Users/subhabrata/AppData/Local/Pub/Cache/hosted/pub.dev/rive_common-0.2.8/lib/math.dart': Error reading '/C:/Users/subhabrata/AppData/Local/Pub/Cache/hosted/pub.dev/rive_common-0.2.8/lib/math.dart'  (The system cannot find the path specified)
            import 'package:rive_common/math.dart';
                   ^
            /C:/Users/subhabrata/AppData/Local/Pub/Cache/hosted/pub.dev/rive-0.12.4/lib/src/rive_core/text/text_modifier_range.dart:13:8:
            Error: Error when reading '/C:/Users/subhabrata/AppData/Local/Pub/Cache/hosted/pub.dev/rive_common-0.2.8/lib/rive_text.dart': Error reading '/C:/Users/subhabrata/AppData/Local/Pub/Cache/hosted/pub.dev/rive_common-0.2.8/lib/rive_text.dart'  (The system cannot find the path specified)
            import 'package:rive_common/rive_text.dart';
                   ^
            /C:/Users/subhabrata/AppData/Local/Pub/Cache/hosted/pub.dev/rive-0.12.4/lib/src/rive_core/text/text_variation_modifier.dart:5:8:
            Error: Error when reading '/C:/Users/subhabrata/AppData/Local/Pub/Cache/hosted/pub.dev/rive_common-0.2.8/lib/rive_text.dart': Error reading '/C:/Users/subhabrata/AppData/Local/Pub/Cache/hosted/pub.dev/rive_common-0.2.8/lib/rive_text.dart'  (The system cannot find the path specified)
            import 'package:rive_common/rive_text.dart';
                   ^
            /C:/Users/subhabrata/AppData/Local/Pub/Cache/hosted/pub.dev/rive-0.12.4/lib/src/rive_core/constraints/constraint.dart:5:8:
            Error: Error when reading '/C:/Users/subhabrata/AppData/Local/Pub/Cache/hosted/pub.dev/rive_common-0.2.8/lib/math.dart': Error reading '/C:/Users/subhabrata/AppData/Local/Pub/Cache/hosted/pub.dev/rive_common-0.2.8/lib/math.dart'  (The system cannot find the path specified)
            import 'package:rive_common/math.dart';
                   ^
            /C:/Users/subhabrata/AppData/Local/Pub/Cache/hosted/pub.dev/rive-0.12.4/lib/src/rive_core/shapes/vertex.dart:6:8:
            Error: Error when reading '/C:/Users/subhabrata/AppData/Local/Pub/Cache/hosted/pub.dev/rive_common-0.2.8/lib/math.dart': Error reading '/C:/Users/subhabrata/AppData/Local/Pub/Cache/hosted/pub.dev/rive_common-0.2.8/lib/math.dart'  (The system cannot find the path specified)
            import 'package:rive_common/math.dart';
                   ^
            /C:/Users/subhabrata/AppData/Local/Pub/Cache/hosted/pub.dev/rive-0.12.4/lib/src/rive_core/text/text_shape_modifier.dart:5:8:
            Error: Error when reading '/C:/Users/subhabrata/AppData/Local/Pub/Cache/hosted/pub.dev/rive_common-0.2.8/lib/rive_text.dart': Error reading '/C:/Users/subhabrata/AppData/Local/Pub/Cache/hosted/pub.dev/rive_common-0.2.8/lib/rive_text.dart'  (The system cannot find the path specified)
            import 'package:rive_common/rive_text.dart';
                   ^
            /C:/Users/subhabrata/AppData/Local/Pub/Cache/hosted/pub.dev/rive-0.12.4/lib/src/rive_core/constraints/transform_space_constraint.dart:4:8:
            Error: Error when reading '/C:/Users/subhabrata/AppData/Local/Pub/Cache/hosted/pub.dev/rive_common-0.2.8/lib/math.dart': Error reading '/C:/Users/subhabrata/AppData/Local/Pub/Cache/hosted/pub.dev/rive_common-0.2.8/lib/math.dart'  (The system cannot find the path specified)
            import 'package:rive_common/math.dart';
                   ^
            /C:/Users/subhabrata/AppData/Local/Pub/Cache/hosted/pub.dev/rive-0.12.4/lib/src/rive_core/shapes/parametric_path.dart:2:8:
            Error: Error when reading '/C:/Users/subhabrata/AppData/Local/Pub/Cache/hosted/pub.dev/rive_common-0.2.8/lib/math.dart': Error reading '/C:/Users/subhabrata/AppData/Local/Pub/Cache/hosted/pub.dev/rive_common-0.2.8/lib/math.dart'  (The system cannot find the path specified)
            import 'package:rive_common/math.dart';
                   ^
            lib/firebase_options.dart:43:16:
            Error: Type 'FirebaseOptions' not found.
              static const FirebaseOptions web = FirebaseOptions(
                           ^^^^^^^^^^^^^^^
            lib/firebase_options.dart:54:16:
            Error: Type 'FirebaseOptions' not found.
              static const FirebaseOptions android = FirebaseOptions(
                           ^^^^^^^^^^^^^^^
            lib/firebase_options.dart:63:16:
            Error: Type 'FirebaseOptions' not found.
              static const FirebaseOptions ios = FirebaseOptions(
                           ^^^^^^^^^^^^^^^
            lib/firebase_options.dart:75:16:
            Error: Type 'FirebaseOptions' not found.
              static const FirebaseOptions macos = FirebaseOptions(
                           ^^^^^^^^^^^^^^^
            lib/firebase_options.dart:87:16:
            Error: Type 'FirebaseOptions' not found.
              static const FirebaseOptions windows = FirebaseOptions(
                           ^^^^^^^^^^^^^^^
            lib/firebase_options.dart:18:10:
            Error: Type 'FirebaseOptions' not found.
              static FirebaseOptions get currentPlatform {
                     ^^^^^^^^^^^^^^^
            lib/src/features/onboarding/presentation/onboarding_screen.dart:27:9:
            Error: Type 'FirebaseAuth' not found.
              final FirebaseAuth _auth = FirebaseAuth.instance;
                    ^^^^^^^^^^^^
            lib/src/features/onboarding/presentation/onboarding_screen.dart:428:17:
            Error: Type 'User' not found.
              void navigete(User user) async {
                            ^^^^
            /C:/Users/subhabrata/AppData/Local/Pub/Cache/hosted/pub.dev/cloud_firestore_web-5.1.1/lib/cloud_firestore_web.dart:56:25:
            Error: Type 'FirebaseApp' not found.
              FirebaseFirestoreWeb({FirebaseApp? app, String? databaseId})
                                    ^^^^^^^^^^^
            /C:/Users/subhabrata/AppData/Local/Pub/Cache/hosted/pub.dev/cloud_firestore_web-5.1.1/lib/cloud_firestore_web.dart:63:17:
            Error: Type 'FirebaseApp' not found.
                  {required FirebaseApp app, required String databaseId}) {
                            ^^^^^^^^^^^
            /C:/Users/subhabrata/AppData/Local/Pub/Cache/hosted/pub.dev/firebase_auth_web-6.1.1/lib/firebase_auth_web.dart:44:29:
            Error: Type 'FirebaseApp' not found.
              FirebaseAuthWeb({required FirebaseApp app}) : super(appInstance: app) {
                                        ^^^^^^^^^^^
            /C:/Users/subhabrata/AppData/Local/Pub/Cache/hosted/pub.dev/firebase_auth_web-6.1.1/lib/firebase_auth_web.dart:216:46:
            Error: Type 'FirebaseApp' not found.
              FirebaseAuthPlatform delegateFor({required FirebaseApp app}) {
                                                         ^^^^^^^^^^^
            /C:/Users/subhabrata/AppData/Local/Pub/Cache/hosted/pub.dev/firebase_database_web-0.2.7+2/lib/firebase_database_web.dart:60:17:
            Error: Type 'FirebaseApp' not found.
                  {required FirebaseApp app, String? databaseURL}) {
                            ^^^^^^^^^^^
            /C:/Users/subhabrata/AppData/Local/Pub/Cache/hosted/pub.dev/firebase_database_web-0.2.7+2/lib/src/utils/exception.dart:9:1:
            Error: Type 'FirebaseException' not found.
            FirebaseException convertFirebaseDatabaseException(Object exception,
            ^^^^^^^^^^^^^^^^^
            lib/core/services/auth_service.dart:6:3:
            Error: Type 'User' not found.
              User? user = FirebaseAuth.instance.currentUser;
              ^^^^
            lib/core/services/auth_service.dart:8:10:
            Error: Type 'User' not found.
              static User? getUser() {
                     ^^^^
            lib/core/services/auth_service.dart:30:10:
            Error: Type 'User' not found.
              Future<User?> signInwithGoogle() async {
                     ^^^^
            lib/src/features/onboarding/presentation/syllabus_setup_screen.dart:760:29:
            Error: Type 'DocumentSnapshot' not found.
              factory _DropItem.fromDoc(DocumentSnapshot doc) {
                                        ^^^^^^^^^^^^^^^^
            lib/src/features/course/data/models/news_model.dart:32:35:
            Error: Type 'DocumentSnapshot' not found.
              factory NewsModel.fromFirestore(DocumentSnapshot doc) {
                                              ^^^^^^^^^^^^^^^^
            lib/core/services/news_service.dart:6:9:
            Error: Type 'FirebaseFirestore' not found.
              final FirebaseFirestore _firestore = FirebaseFirestore.instance;
                    ^^^^^^^^^^^^^^^^^
            lib/src/features/course/data/models/quiz_models.dart:91:30:
            Error: Type 'DocumentSnapshot' not found.
              factory Quiz.fromFirestore(DocumentSnapshot doc, {String? categoryId}) {
                                         ^^^^^^^^^^^^^^^^
            lib/src/features/course/data/models/quiz_models.dart:198:34:
            Error: Type 'DocumentSnapshot' not found.
              factory Question.fromFirestore(DocumentSnapshot doc) {
                                             ^^^^^^^^^^^^^^^^
            lib/src/features/course/data/models/quiz_models.dart:285:37:
            Error: Type 'DocumentSnapshot' not found.
              factory QuizAttempt.fromFirestore(DocumentSnapshot doc) {
                                                ^^^^^^^^^^^^^^^^
            lib/src/features/course/pesentation/pages/quiz/widgets/quiz_service.dart:8:9:
            Error: Type 'FirebaseFirestore' not found.
              final FirebaseFirestore _firestore = FirebaseFirestore.instance;
                    ^^^^^^^^^^^^^^^^^
            lib/src/features/course/pesentation/pages/quiz/widgets/quiz_service.dart:9:9:
            Error: Type 'FirebaseAuth' not found.
              final FirebaseAuth _auth = FirebaseAuth.instance;
                    ^^^^^^^^^^^^
            lib/src/features/course/data/models/cur.model.dart:7:21:
            Error: Type 'Timestamp' not found.
              final Map<String, Timestamp> sectionPurchaseDate;
                                ^^^^^^^^^
            lib/src/features/course/data/models/cur.model.dart:8:9:
            Error: Type 'Timestamp' not found.
              final Timestamp purchaseDate;
                    ^^^^^^^^^
            lib/src/features/course/pesentation/pages/home/widgets/home_appbar.dart:9:9:
            Error: Type 'User' not found.
              final User? user;
                    ^^^^
            /C:/Users/subhabrata/AppData/Local/Pub/Cache/hosted/pub.dev/cloud_firestore_platform_interface-7.0.5/lib/src/platform_interface/platform_interface_firestore.dart:19:9:
            Error: Type 'FirebaseApp' not found.
              final FirebaseApp? appInstance;
                    ^^^^^^^^^^^
            /C:/Users/subhabrata/AppData/Local/Pub/Cache/hosted/pub.dev/cloud_firestore_platform_interface-7.0.5/lib/src/platform_interface/platform_interface_firestore.dart:26:3:
            Error: Type 'FirebaseApp' not found.
              FirebaseApp get app {
              ^^^^^^^^^^^
            /C:/Users/subhabrata/AppData/Local/Pub/Cache/hosted/pub.dev/cloud_firestore_platform_interface-7.0.5/lib/src/platform_interface/platform_interface_firestore.dart:41:14:
            Error: Type 'FirebaseApp' not found.
                required FirebaseApp app,
                         ^^^^^^^^^^^
            /C:/Users/subhabrata/AppData/Local/Pub/Cache/hosted/pub.dev/cloud_firestore_platform_interface-7.0.5/lib/src/platform_interface/platform_interface_firestore.dart:69:17:
            Error: Type 'FirebaseApp' not found.
                  {required FirebaseApp app, required String databaseId}) {
                            ^^^^^^^^^^^
            /C:/Users/subhabrata/AppData/Local/Pub/Cache/hosted/pub.dev/_flutterfire_internals-1.3.65/lib/_flutterfire_internals.dart:64:1:
            Error: Type 'FirebaseException' not found.
            FirebaseException _firebaseExceptionFromCoreFirebaseError(
            ^^^^^^^^^^^^^^^^^
            /C:/Users/subhabrata/AppData/Local/Pub/Cache/hosted/pub.dev/firebase_auth_platform_interface-8.1.5/lib/src/firebase_auth_exception.dart:12:37:
            Error: Type 'FirebaseException' not found.
            class FirebaseAuthException extends FirebaseException implements Exception {
                                                ^^^^^^^^^^^^^^^^^
            /C:/Users/subhabrata/AppData/Local/Pub/Cache/hosted/pub.dev/firebase_auth_platform_interface-8.1.5/lib/src/platform_interface/platform_interface_firebase_auth.dart:26:9:
            Error: Type 'FirebaseApp' not found.
              final FirebaseApp? appInstance;
                    ^^^^^^^^^^^
            /C:/Users/subhabrata/AppData/Local/Pub/Cache/hosted/pub.dev/firebase_auth_platform_interface-8.1.5/lib/src/platform_interface/platform_interface_firebase_auth.dart:48:3:
            Error: Type 'FirebaseApp' not found.
              FirebaseApp get app {
              ^^^^^^^^^^^
            /C:/Users/subhabrata/AppData/Local/Pub/Cache/hosted/pub.dev/firebase_auth_platform_interface-8.1.5/lib/src/platform_interface/platform_interface_firebase_auth.dart:60:14:
            Error: Type 'FirebaseApp' not found.
                required FirebaseApp app,
                         ^^^^^^^^^^^
            /C:/Users/subhabrata/AppData/Local/Pub/Cache/hosted/pub.dev/firebase_auth_platform_interface-8.1.5/lib/src/platform_interface/platform_interface_firebase_auth.dart:99:46:
            Error: Type 'FirebaseApp' not found.
              FirebaseAuthPlatform delegateFor({required FirebaseApp app}) {
                                                         ^^^^^^^^^^^
            /C:/Users/subhabrata/AppData/Local/Pub/Cache/hosted/pub.dev/firebase_database_platform_interface-0.3.0+1/lib/src/platform_interface/platform_interface_database.dart:17:9:
            Error: Type 'FirebaseApp' not found.
              final FirebaseApp? app;
                    ^^^^^^^^^^^
            /C:/Users/subhabrata/AppData/Local/Pub/Cache/hosted/pub.dev/firebase_database_platform_interface-0.3.0+1/lib/src/platform_interface/platform_interface_database.dart:29:14:
            Error: Type 'FirebaseApp' not found.
                required FirebaseApp app,
                         ^^^^^^^^^^^
            /C:/Users/subhabrata/AppData/Local/Pub/Cache/hosted/pub.dev/firebase_database_platform_interface-0.3.0+1/lib/src/platform_interface/platform_interface_database.dart:59:14:
            Error: Type 'FirebaseApp' not found.
                required FirebaseApp app,
                         ^^^^^^^^^^^
            lib/src/features/store/data/sourse/product_datasource.dart:5:9:
            Error: Type 'FirebaseFirestore' not found.
              final FirebaseFirestore _firestore;
                    ^^^^^^^^^^^^^^^^^
            lib/src/features/course/pesentation/pages/course_detail/course_detail.dart:29:21:
            Error: Type 'Timestamp' not found.
              final Map<String, Timestamp> sectionPurchaseDate;
                                ^^^^^^^^^
            /C:/Users/subhabrata/AppData/Local/Pub/Cache/hosted/pub.dev/cloud_firestore_platform_interface-7.0.5/lib/src/method_channel/method_channel_firestore.dart:29:35:
            Error: Type 'FirebaseApp' not found.
              MethodChannelFirebaseFirestore({FirebaseApp? app, String? databaseId})
                                              ^^^^^^^^^^^
            /C:/Users/subhabrata/AppData/Local/Pub/Cache/hosted/pub.dev/cloud_firestore_platform_interface-7.0.5/lib/src/method_channel/method_channel_firestore.dart:86:14:
            Error: Type 'FirebaseApp' not found.
                required FirebaseApp app,
                         ^^^^^^^^^^^
            /C:/Users/subhabrata/AppData/Local/Pub/Cache/hosted/pub.dev/_flutterfire_internals-1.3.65/lib/src/exception.dart:37:1:
            Error: Type 'FirebaseException' not found.
            FirebaseException platformExceptionToFirebaseException(
            ^^^^^^^^^^^^^^^^^
            /C:/Users/subhabrata/AppData/Local/Pub/Cache/hosted/pub.dev/firebase_auth_platform_interface-8.1.5/lib/src/method_channel/method_channel_firebase_auth.dart:75:39:
            Error: Type 'FirebaseApp' not found.
              MethodChannelFirebaseAuth({required FirebaseApp app})
                                                  ^^^^^^^^^^^
            /C:/Users/subhabrata/AppData/Local/Pub/Cache/hosted/pub.dev/firebase_auth_platform_interface-8.1.5/lib/src/method_channel/method_channel_firebase_auth.dart:202:46:
            Error: Type 'FirebaseApp' not found.
              FirebaseAuthPlatform delegateFor({required FirebaseApp app}) {
                                                         ^^^^^^^^^^^
            /C:/Users/subhabrata/AppData/Local/Pub/Cache/hosted/pub.dev/firebase_database_platform_interface-0.3.0+1/lib/src/method_channel/method_channel_database.dart:18:3:
            Error: Type 'FirebaseApp' not found.
              FirebaseApp app;
              ^^^^^^^^^^^
            /C:/Users/subhabrata/AppData/Local/Pub/Cache/hosted/pub.dev/firebase_database_platform_interface-0.3.0+1/lib/src/method_channel/method_channel_database.dart:80:26:
            Error: Type 'FirebaseApp' not found.
              MethodChannelDatabase({FirebaseApp? app, String? databaseURL})
                                     ^^^^^^^^^^^
            /C:/Users/subhabrata/AppData/Local/Pub/Cache/hosted/pub.dev/firebase_database_platform_interface-0.3.0+1/lib/src/method_channel/method_channel_database.dart:118:14:
            Error: Type 'FirebaseApp' not found.
                required FirebaseApp app,
                         ^^^^^^^^^^^
            lib/src/features/account/presentation/pages/account/widgets/account_profile_block.dart:10:9:
            Error: Type 'User' not found.
              final User? user = AuthService().user;
                    ^^^^
            lib/src/features/course/pesentation/pages/course_detail/widgets/course_detail_tabbar.dart:13:21:
            Error: Type 'Timestamp' not found.
              final Map<String, Timestamp> sectionPurchaseDate;
                                ^^^^^^^^^
            /C:/Users/subhabrata/AppData/Local/Pub/Cache/hosted/pub.dev/firebase_auth_platform_interface-8.1.5/lib/src/method_channel/utils/exception.dart:36:1:
            Error: Type 'FirebaseException' not found.
            FirebaseException platformExceptionToFirebaseAuthException(
            ^^^^^^^^^^^^^^^^^
            lib/src/features/pyq/presentation/pages/chat/data/questions_service.dart:6:9:
            Error: Type 'FirebaseFirestore' not found.
              final FirebaseFirestore _db = FirebaseFirestore.instance;
                    ^^^^^^^^^^^^^^^^^
            lib/src/features/pyq/presentation/pages/chat/data/questions_service.dart:8:15:
            Error: Type 'QueryDocumentSnapshot' not found.
              Future<List<QueryDocumentSnapshot>> getExams(
                          ^^^^^^^^^^^^^^^^^^^^^
            lib/src/features/pyq/presentation/pages/chat/data/questions_service.dart:46:15:
            Error: Type 'QueryDocumentSnapshot' not found.
              Future<List<QueryDocumentSnapshot>> getYears(String examId) async {
                          ^^^^^^^^^^^^^^^^^^^^^
            lib/src/features/pyq/presentation/pages/chat/data/questions_service.dart:55:15:
            Error: Type 'QueryDocumentSnapshot' not found.
              Future<List<QueryDocumentSnapshot>> getQuestions(
                          ^^^^^^^^^^^^^^^^^^^^^
            lib/src/features/course/pesentation/pages/course_detail/widgets/course_detail_lesson_list.dart:27:21:
            Error: Type 'Timestamp' not found.
              final Map<String, Timestamp> sectionPurchaseDate;
                                ^^^^^^^^^
            /C:/Users/subhabrata/AppData/Local/Pub/Cache/hosted/pub.dev/firebase_database-12.1.1/lib/src/firebase_database.dart:18:3:
            Error: Type 'FirebaseApp' not found.
              FirebaseApp app;
              ^^^^^^^^^^^
            /C:/Users/subhabrata/AppData/Local/Pub/Cache/hosted/pub.dev/firebase_database-12.1.1/lib/src/firebase_database.dart:34:14:
            Error: Type 'FirebaseApp' not found.
                required FirebaseApp app,
                         ^^^^^^^^^^^
            lib/src/features/pyq/questions_page.dart:140:5:
            Error: Type 'QueryDocumentSnapshot' not found.
                QueryDocumentSnapshot question,
                ^^^^^^^^^^^^^^^^^^^^^
            lib/core/services/product_service.dart:6:9:
            Error: Type 'FirebaseFirestore' not found.
              final FirebaseFirestore _firestore = FirebaseFirestore.instance;
                    ^^^^^^^^^^^^^^^^^
            lib/core/services/product_service.dart:15:17:
            Error: Type 'QueryDocumentSnapshot' not found.
                Future<List<QueryDocumentSnapshot>> getProducts() async {
                            ^^^^^^^^^^^^^^^^^^^^^
            lib/core/services/product_service.dart:26:15:
            Error: Type 'QueryDocumentSnapshot' not found.
              Future<List<QueryDocumentSnapshot>> getParts(String productId) async {
                          ^^^^^^^^^^^^^^^^^^^^^
            lib/core/services/product_service.dart:35:15:
            Error: Type 'QueryDocumentSnapshot' not found.
              Future<List<QueryDocumentSnapshot>> getDocuments(String productId, String partId) async {
                          ^^^^^^^^^^^^^^^^^^^^^
            lib/src/features/store/presentation/pages/product_document_page.dart:158:5:
            Error: Type 'QueryDocumentSnapshot' not found.
                QueryDocumentSnapshot question,
                ^^^^^^^^^^^^^^^^^^^^^
            /C:/Users/subhabrata/AppData/Local/Pub/Cache/hosted/pub.dev/rive-0.12.4/lib/src/rive.dart:171:3:
            Error: Type 'Vec2D' not found.
              Vec2D _toArtboard(Offset local) {
              ^^^^^
            /C:/Users/subhabrata/AppData/Local/Pub/Cache/hosted/pub.dev/rive-0.12.4/lib/src/rive.dart:178:45:
            Error: Type 'Vec2D' not found.
                  void Function(StateMachineController, Vec2D) callback) {
                                                        ^^^^^
            /C:/Users/subhabrata/AppData/Local/Pub/Cache/hosted/pub.dev/rive-0.12.4/lib/src/rive.dart:328:3:
            Error: Type 'AABB' not found.
              AABB get aabb {
              ^^^^
            /C:/Users/subhabrata/AppData/Local/Pub/Cache/hosted/pub.dev/rive-0.12.4/lib/src/rive.dart:350:28:
            Error: Type 'Mat2D' not found.
              void draw(Canvas canvas, Mat2D viewTransform) {
                                       ^^^^^
            /C:/Users/subhabrata/AppData/Local/Pub/Cache/hosted/pub.dev/rive-0.12.4/lib/src/rive_core/artboard.dart:119:3:
            Error: Type 'Vec2D' not found.
              Vec2D get originWorld {
              ^^^^^
            /C:/Users/subhabrata/AppData/Local/Pub/Cache/hosted/pub.dev/rive-0.12.4/lib/src/rive_core/artboard.dart:123:3:
            Error: Type 'Vec2D' not found.
              Vec2D get origin => Vec2D.fromValues(width * originX, height * originY);
              ^^^^^
            /C:/Users/subhabrata/AppData/Local/Pub/Cache/hosted/pub.dev/rive-0.12.4/lib/src/rive_core/artboard.dart:312:3:
            Error: Type 'Vec2D' not found.
              Vec2D renderTranslation(Vec2D worldTranslation) {
              ^^^^^
            /C:/Users/subhabrata/AppData/Local/Pub/Cache/hosted/pub.dev/rive-0.12.4/lib/src/rive_core/artboard.dart:312:27:
            Error: Type 'Vec2D' not found.
              Vec2D renderTranslation(Vec2D worldTranslation) {
                                      ^^^^^
            /C:/Users/subhabrata/AppData/Local/Pub/Cache/hosted/pub.dev/rive-0.12.4/lib/src/rive_core/artboard.dart:510:3:
            Error: Type 'Vec2D' not found.
              Vec2D get worldTranslation => Vec2D();
              ^^^^^
            /C:/Users/subhabrata/AppData/Local/Pub/Cache/hosted/pub.dev/rive-0.12.4/lib/src/rive_core/assets/font_asset.dart:31:3:
            Error: Type 'Font' not found.
              Font? _font;
              ^^^^
            /C:/Users/subhabrata/AppData/Local/Pub/Cache/hosted/pub.dev/rive-0.12.4/lib/src/rive_core/assets/font_asset.dart:32:3:
            Error: Type 'Font' not found.
              Font? get font => _font;
              ^^^^
            /C:/Users/subhabrata/AppData/Local/Pub/Cache/hosted/pub.dev/rive-0.12.4/lib/src/rive_core/assets/font_asset.dart:33:12:
            Error: Type 'Font' not found.
              set font(Font? font) {
                       ^^^^
            /C:/Users/subhabrata/AppData/Local/Pub/Cache/hosted/pub.dev/rive-0.12.4/lib/src/rive_core/assets/font_asset.dart:62:17:
            Error: Type 'Font' not found.
              static Future<Font?> parseBytes(Uint8List bytes) async {
                            ^^^^
            /C:/Users/subhabrata/AppData/Local/Pub/Cache/hosted/pub.dev/rive-0.12.4/lib/src/rive_core/nested_artboard.dart:20:3:
            Error: Type 'Mat2D' not found.
              Mat2D get worldTransform;
              ^^^^^
            /C:/Users/subhabrata/AppData/Local/Pub/Cache/hosted/pub.dev/rive-0.12.4/lib/src/rive_core/nested_artboard.dart:21:22:
            Error: Type 'Mat2D' not found.
              set worldTransform(Mat2D value);
                                 ^^^^^
            /C:/Users/subhabrata/AppData/Local/Pub/Cache/hosted/pub.dev/rive-0.12.4/lib/src/rive_core/nested_artboard.dart:22:3:
            Error: Type 'AABB' not found.
              AABB get bounds;
              ^^^^
            /C:/Users/subhabrata/AppData/Local/Pub/Cache/hosted/pub.dev/rive-0.12.4/lib/src/rive_core/nested_artboard.dart:100:3:
            Error: Type 'Vec2D' not found.
              Vec2D? worldToLocal(Vec2D position) {
              ^^^^^
            /C:/Users/subhabrata/AppData/Local/Pub/Cache/hosted/pub.dev/rive-0.12.4/lib/src/rive_core/nested_artboard.dart:100:23:
            Error: Type 'Vec2D' not found.
              Vec2D? worldToLocal(Vec2D position) {
                                  ^^^^^
            /C:/Users/subhabrata/AppData/Local/Pub/Cache/hosted/pub.dev/rive-0.12.4/lib/src/rive_core/runtime/runtime_header.dart:40:5:
            Error: Type 'BinaryReader' not found.
                BinaryReader reader, {
                ^^^^^^^^^^^^
            /C:/Users/subhabrata/AppData/Local/Pub/Cache/hosted/pub.dev/rive-0.12.4/lib/src/rive_core/shapes/paint/linear_gradient.dart:33:3:
            Error: Type 'Vec2D' not found.
              Vec2D get start => Vec2D.fromValues(startX, startY);
              ^^^^^
            /C:/Users/subhabrata/AppData/Local/Pub/Cache/hosted/pub.dev/rive-0.12.4/lib/src/rive_core/shapes/paint/linear_gradient.dart:34:3:
            Error: Type 'Vec2D' not found.
              Vec2D get end => Vec2D.fromValues(endX, endY);
              ^^^^^
            /C:/Users/subhabrata/AppData/Local/Pub/Cache/hosted/pub.dev/rive-0.12.4/lib/src/rive_core/shapes/shape.dart:36:3:
            Error: Type 'AABB' not found.
              AABB? _worldBounds;
              ^^^^
            /C:/Users/subhabrata/AppData/Local/Pub/Cache/hosted/pub.dev/rive-0.12.4/lib/src/rive_core/shapes/shape.dart:37:3:
            Error: Type 'AABB' not found.
              AABB? _localBounds;
              ^^^^
            /C:/Users/subhabrata/AppData/Local/Pub/Cache/hosted/pub.dev/rive-0.12.4/lib/src/rive_core/shapes/shape.dart:39:3:
            Error: Type 'AABB' not found.
              AABB get worldBounds => _worldBounds ??= computeWorldBounds();
              ^^^^
            /C:/Users/subhabrata/AppData/Local/Pub/Cache/hosted/pub.dev/rive-0.12.4/lib/src/rive_core/shapes/shape.dart:42:3:
            Error: Type 'AABB' not found.
              AABB get localBounds => _localBounds ??= computeLocalBounds();
              ^^^^
            /C:/Users/subhabrata/AppData/Local/Pub/Cache/hosted/pub.dev/rive-0.12.4/lib/src/rive_core/shapes/shape.dart:189:3:
            Error: Type 'AABB' not found.
              AABB computeWorldBounds() {
              ^^^^
            /C:/Users/subhabrata/AppData/Local/Pub/Cache/hosted/pub.dev/rive-0.12.4/lib/src/rive_core/shapes/shape.dart:203:3:
            Error: Type 'AABB' not found.
              AABB computeBounds(Mat2D relativeTo) {
              ^^^^
            /C:/Users/subhabrata/AppData/Local/Pub/Cache/hosted/pub.dev/rive-0.12.4/lib/src/rive_core/shapes/shape.dart:203:22:
            Error: Type 'Mat2D' not found.
              AABB computeBounds(Mat2D relativeTo) {
                                 ^^^^^
            /C:/Users/subhabrata/AppData/Local/Pub/Cache/hosted/pub.dev/rive-0.12.4/lib/src/rive_core/shapes/shape.dart:234:3:
            Error: Type 'AABB' not found.
              AABB computeLocalBounds() {
              ^^^^
            /C:/Users/subhabrata/AppData/Local/Pub/Cache/hosted/pub.dev/rive-0.12.4/lib/src/rive_core/shapes/shape.dart:313:22:
            Error: Type 'TransformingHitTester' not found.
              void fillHitTester(TransformingHitTester hitTester) {
                                 ^^^^^^^^^^^^^^^^^^^^^
            /C:/Users/subhabrata/AppData/Local/Pub/Cache/hosted/pub.dev/rive-0.12.4/lib/src/rive_file.dart:44:5:
            Error: Type 'BinaryReader' not found.
                BinaryReader reader, HashMap<int, CoreFieldType> propertyToField) {
                ^^^^^^^^^^^^
            /C:/Users/subhabrata/AppData/Local/Pub/Cache/hosted/pub.dev/rive-0.12.4/lib/src/rive_file.dart:76:5:
            Error: Type 'BinaryReader' not found.
                BinaryReader reader, HashMap<int, CoreFieldType> propertyToField) {
                ^^^^^^^^^^^^
            /C:/Users/subhabrata/AppData/Local/Pub/Cache/hosted/pub.dev/rive-0.12.4/lib/src/rive_file.dart:91:20:
            Error: Type 'BinaryReader' not found.
            void _skipProperty(BinaryReader reader, int propertyKey,
                               ^^^^^^^^^^^^
            /C:/Users/subhabrata/AppData/Local/Pub/Cache/hosted/pub.dev/rive-0.12.4/lib/src/rive_file.dart:154:5:
            Error: Type 'BinaryReader' not found.
                BinaryReader reader,
                ^^^^^^^^^^^^
            /C:/Users/subhabrata/AppData/Local/Pub/Cache/hosted/pub.dev/rive-0.12.4/lib/src/rive_scene.dart:22:28:
            Error: Type 'Mat2D' not found.
              void draw(Canvas canvas, Mat2D viewTransform);
                                       ^^^^^
            /C:/Users/subhabrata/AppData/Local/Pub/Cache/hosted/pub.dev/rive-0.12.4/lib/src/rive_scene.dart:88:3:
            Error: Type 'AABB' not found.
              AABB get aabb {
              ^^^^
            /C:/Users/subhabrata/AppData/Local/Pub/Cache/hosted/pub.dev/rive-0.12.4/lib/src/rive_scene.dart:103:28:
            Error: Type 'Mat2D' not found.
              void draw(Canvas canvas, Mat2D viewTransform) {
                                       ^^^^^
            /C:/Users/subhabrata/AppData/Local/Pub/Cache/hosted/pub.dev/rive-0.12.4/lib/src/runtime_mounted_artboard.dart:28:3:
            Error: Type 'Mat2D' not found.
              Mat2D worldTransform = Mat2D();
              ^^^^^
            /C:/Users/subhabrata/AppData/Local/Pub/Cache/hosted/pub.dev/rive-0.12.4/lib/src/runtime_mounted_artboard.dart:39:3:
            Error: Type 'AABB' not found.
              AABB get bounds {
              ^^^^
            /C:/Users/subhabrata/AppData/Local/Pub/Cache/hosted/pub.dev/rive-0.12.4/lib/src/runtime_nested_artboard.dart:123:16:
            Error: Type 'Vec2D' not found.
              bool hitTest(Vec2D position) => stateMachineController.hitTest(position);
                           ^^^^^
            /C:/Users/subhabrata/AppData/Local/Pub/Cache/hosted/pub.dev/rive-0.12.4/lib/src/runtime_nested_artboard.dart:126:20:
            Error: Type 'Vec2D' not found.
              void pointerDown(Vec2D position, PointerDownEvent event) =>
                               ^^^^^
            /C:/Users/subhabrata/AppData/Local/Pub/Cache/hosted/pub.dev/rive-0.12.4/lib/src/runtime_nested_artboard.dart:130:20:
            Error: Type 'Vec2D' not found.
              void pointerMove(Vec2D position) =>
                               ^^^^^
            /C:/Users/subhabrata/AppData/Local/Pub/Cache/hosted/pub.dev/rive-0.12.4/lib/src/runtime_nested_artboard.dart:134:18:
            Error: Type 'Vec2D' not found.
              void pointerUp(Vec2D position) => stateMachineController.pointerUp(position);
                             ^^^^^
            lib/src/features/course/pesentation/pages/course_detail/widgets/lesson_item.dart:275:23:
            Error: Type 'Timestamp' not found.
              bool CheckIfExpired(Timestamp purchaseDate) {
                                  ^^^^^^^^^
            /C:/Users/subhabrata/AppData/Local/Pub/Cache/hosted/pub.dev/rive-0.12.4/lib/src/rive_core/state_machine_controller.dart:506:5:
            Error: Type 'Vec2D' not found.
                Vec2D position, {
                ^^^^^
            /C:/Users/subhabrata/AppData/Local/Pub/Cache/hosted/pub.dev/rive-0.12.4/lib/src/rive_core/state_machine_controller.dart:609:5:
            Error: Type 'Vec2D' not found.
                Vec2D position, {
                ^^^^^
            /C:/Users/subhabrata/AppData/Local/Pub/Cache/hosted/pub.dev/rive-0.12.4/lib/src/rive_core/state_machine_controller.dart:671:20:
            Error: Type 'Vec2D' not found.
              void pointerMove(Vec2D position) => _processEvent(
                               ^^^^^
            /C:/Users/subhabrata/AppData/Local/Pub/Cache/hosted/pub.dev/rive-0.12.4/lib/src/rive_core/state_machine_controller.dart:676:20:
            Error: Type 'Vec2D' not found.
              void pointerDown(Vec2D position, PointerDownEvent event) {
                               ^^^^^
            /C:/Users/subhabrata/AppData/Local/Pub/Cache/hosted/pub.dev/rive-0.12.4/lib/src/rive_core/state_machine_controller.dart:686:18:
            Error: Type 'Vec2D' not found.
              void pointerUp(Vec2D position) => _processEvent(
                             ^^^^^
            /C:/Users/subhabrata/AppData/Local/Pub/Cache/hosted/pub.dev/rive-0.12.4/lib/src/rive_core/state_machine_controller.dart:691:20:
            Error: Type 'Vec2D' not found.
              void pointerExit(Vec2D position) => _processEvent(
                               ^^^^^
            /C:/Users/subhabrata/AppData/Local/Pub/Cache/hosted/pub.dev/rive-0.12.4/lib/src/rive_core/state_machine_controller.dart:696:21:
            Error: Type 'Vec2D' not found.
              void pointerEnter(Vec2D position) => _processEvent(
                                ^^^^^
            /C:/Users/subhabrata/AppData/Local/Pub/Cache/hosted/pub.dev/rive-0.12.4/lib/src/rive_render_box.dart:234:3:
            Error: Type 'AABB' not found.
              AABB get aabb;
              ^^^^
            /C:/Users/subhabrata/AppData/Local/Pub/Cache/hosted/pub.dev/rive-0.12.4/lib/src/rive_render_box.dart:236:28:
            Error: Type 'Mat2D' not found.
              void draw(Canvas canvas, Mat2D viewTransform);
                                       ^^^^^
            /C:/Users/subhabrata/AppData/Local/Pub/Cache/hosted/pub.dev/rive-0.12.4/lib/src/rive_render_box.dart:269:3:
            Error: Type 'Vec2D' not found.
              Vec2D globalToArtboard(Offset globalPosition) {
              ^^^^^
            /C:/Users/subhabrata/AppData/Local/Pub/Cache/hosted/pub.dev/rive-0.12.4/lib/src/rive_render_box.dart:280:3:
            Error: Type 'Mat2D' not found.
              Mat2D computeAlignment([Offset offset = Offset.zero]) {
              ^^^^^
            /C:/Users/subhabrata/AppData/Local/Pub/Cache/hosted/pub.dev/rive-0.12.4/lib/src/rive_core/component.dart:10:16:
            Error: Type 'DependencyGraphNode' not found.
                implements DependencyGraphNode<Component>, Parentable<Component> {
                           ^^^^^^^^^^^^^^^^^^^
            /C:/Users/subhabrata/AppData/Local/Pub/Cache/hosted/pub.dev/rive-0.12.4/lib/src/rive_core/component.dart:10:48:
            Error: Type 'Parentable' not found.
                implements DependencyGraphNode<Component>, Parentable<Component> {
                                                           ^^^^^^^^^^
            /C:/Users/subhabrata/AppData/Local/Pub/Cache/hosted/pub.dev/rive-0.12.4/lib/src/rive_core/joystick.dart:104:3:
            Error: Type 'Mat2D' not found.
              Mat2D _worldTransform = Mat2D();
              ^^^^^
            /C:/Users/subhabrata/AppData/Local/Pub/Cache/hosted/pub.dev/rive-0.12.4/lib/src/rive_core/joystick.dart:105:9:
            Error: Type 'Mat2D' not found.
              final Mat2D _inverseWorldTransform = Mat2D();
                    ^^^^^
            /C:/Users/subhabrata/AppData/Local/Pub/Cache/hosted/pub.dev/rive-0.12.4/lib/src/rive_core/joystick.dart:103:3:
            Error: Type 'Vec2D' not found.
              Vec2D get position => Vec2D.fromValues(posX, posY);
              ^^^^^
            /C:/Users/subhabrata/AppData/Local/Pub/Cache/hosted/pub.dev/rive-0.12.4/lib/src/rive_core/joystick.dart:107:3:
            Error: Type 'Mat2D' not found.
              Mat2D computeWorldTransform() {
              ^^^^^
            /C:/Users/subhabrata/AppData/Local/Pub/Cache/hosted/pub.dev/rive-0.12.4/lib/src/rive_core/joystick.dart:120:3:
            Error: Type 'Mat2D' not found.
              Mat2D get worldTransform =>
              ^^^^^
            /C:/Users/subhabrata/AppData/Local/Pub/Cache/hosted/pub.dev/rive-0.12.4/lib/src/rive_core/joystick.dart:207:3:
            Error: Type 'AABB' not found.
              AABB get localBounds => AABB.fromValues(
              ^^^^
            /C:/Users/subhabrata/AppData/Local/Pub/Cache/hosted/pub.dev/rive-0.12.4/lib/src/rive_core/joystick.dart:214:3:
            Error: Type 'Mat2D' not found.
              Mat2D get transform => Mat2D.fromTranslation(position);
              ^^^^^
            /C:/Users/subhabrata/AppData/Local/Pub/Cache/hosted/pub.dev/rive-0.12.4/lib/src/rive_core/shapes/shape_paint_container.dart:75:3:
            Error: Type 'Mat2D' not found.
              Mat2D get worldTransform;
              ^^^^^
            /C:/Users/subhabrata/AppData/Local/Pub/Cache/hosted/pub.dev/rive-0.12.4/lib/src/rive_core/shapes/shape_paint_container.dart:76:3:
            Error: Type 'Vec2D' not found.
              Vec2D get worldTranslation;
              ^^^^^
            /C:/Users/subhabrata/AppData/Local/Pub/Cache/hosted/pub.dev/rive-0.12.4/lib/src/rive_core/text/text_style.dart:25:3:
            Error: Type 'Font' not found.
              Font? _font;
              ^^^^
            /C:/Users/subhabrata/AppData/Local/Pub/Cache/hosted/pub.dev/rive-0.12.4/lib/src/rive_core/text/text_style.dart:30:3:
            Error: Type 'Font' not found.
              Font? get font => _font;
              ^^^^
            /C:/Users/subhabrata/AppData/Local/Pub/Cache/hosted/pub.dev/rive-0.12.4/lib/src/rive_core/text/text_style.dart:66:12:
            Error: Type 'FontAxis' not found.
              Iterable<FontAxis> get variableAxes => asset?.font?.axes ?? [];
                       ^^^^^^^^
            /C:/Users/subhabrata/AppData/Local/Pub/Cache/hosted/pub.dev/rive-0.12.4/lib/src/rive_core/text/text_style.dart:72:12:
            Error: Type 'FontTag' not found.
              Iterable<FontTag> get fontFeatures => asset?.font?.features ?? [];
                       ^^^^^^^
            /C:/Users/subhabrata/AppData/Local/Pub/Cache/hosted/pub.dev/rive-0.12.4/lib/src/rive_core/text/text_style.dart:74:3:
            Error: Type 'Font' not found.
              Font? _makeFontVariation() => asset?.font?.withOptions(
              ^^^^
            /C:/Users/subhabrata/AppData/Local/Pub/Cache/hosted/pub.dev/rive-0.12.4/lib/src/rive_core/text/text_style.dart:89:3:
            Error: Type 'Font' not found.
              Font? get font => _variationHelper?.font ?? asset?.font;
              ^^^^
            /C:/Users/subhabrata/AppData/Local/Pub/Cache/hosted/pub.dev/rive-0.12.4/lib/src/rive_core/text/text_style.dart:192:3:
            Error: Type 'Mat2D' not found.
              Mat2D get worldTransform => text?.worldTransform ?? Mat2D.identity;
              ^^^^^
            /C:/Users/subhabrata/AppData/Local/Pub/Cache/hosted/pub.dev/rive-0.12.4/lib/src/rive_core/text/text_style.dart:195:3:
            Error: Type 'Vec2D' not found.
              Vec2D get worldTranslation => text?.worldTranslation ?? Vec2D();
              ^^^^^
            /C:/Users/subhabrata/AppData/Local/Pub/Cache/hosted/pub.dev/rive-0.12.4/lib/src/rive_core/shapes/image.dart:26:3:
            Error: Type 'AABB' not found.
              AABB get localBounds {
              ^^^^
            /C:/Users/subhabrata/AppData/Local/Pub/Cache/hosted/pub.dev/rive-0.12.4/lib/src/rive_core/shapes/image.dart:136:3:
            Error: Type 'Mat2D' not found.
              Mat2D get renderTransform {
              ^^^^^
            /C:/Users/subhabrata/AppData/Local/Pub/Cache/hosted/pub.dev/rive-0.12.4/lib/src/rive_core/animation/nested_state_machine.dart:19:16:
            Error: Type 'Vec2D' not found.
              bool hitTest(Vec2D position);
                           ^^^^^
            /C:/Users/subhabrata/AppData/Local/Pub/Cache/hosted/pub.dev/rive-0.12.4/lib/src/rive_core/animation/nested_state_machine.dart:21:20:
            Error: Type 'Vec2D' not found.
              void pointerMove(Vec2D position);
                               ^^^^^
            /C:/Users/subhabrata/AppData/Local/Pub/Cache/hosted/pub.dev/rive-0.12.4/lib/src/rive_core/animation/nested_state_machine.dart:23:20:
            Error: Type 'Vec2D' not found.
              void pointerDown(Vec2D position, PointerDownEvent event);
                               ^^^^^
            /C:/Users/subhabrata/AppData/Local/Pub/Cache/hosted/pub.dev/rive-0.12.4/lib/src/rive_core/animation/nested_state_machine.dart:25:18:
            Error: Type 'Vec2D' not found.
              void pointerUp(Vec2D position);
                             ^^^^^
            /C:/Users/subhabrata/AppData/Local/Pub/Cache/hosted/pub.dev/rive-0.12.4/lib/src/rive_core/animation/nested_state_machine.dart:79:16:
            Error: Type 'Vec2D' not found.
              bool hitTest(Vec2D position) =>
                           ^^^^^
            /C:/Users/subhabrata/AppData/Local/Pub/Cache/hosted/pub.dev/rive-0.12.4/lib/src/rive_core/animation/nested_state_machine.dart:82:20:
            Error: Type 'Vec2D' not found.
              void pointerMove(Vec2D position) =>
                               ^^^^^
            /C:/Users/subhabrata/AppData/Local/Pub/Cache/hosted/pub.dev/rive-0.12.4/lib/src/rive_core/animation/nested_state_machine.dart:85:20:
            Error: Type 'Vec2D' not found.
              void pointerDown(Vec2D position, PointerDownEvent event) =>
                               ^^^^^
            /C:/Users/subhabrata/AppData/Local/Pub/Cache/hosted/pub.dev/rive-0.12.4/lib/src/rive_core/animation/nested_state_machine.dart:88:18:
            Error: Type 'Vec2D' not found.
              void pointerUp(Vec2D position) => _stateMachineInstance?.pointerUp(position);
                             ^^^^^
            /C:/Users/subhabrata/AppData/Local/Pub/Cache/hosted/pub.dev/rive-0.12.4/lib/src/rive_core/shapes/path.dart:21:9:
            Error: Type 'Mat2D' not found.
              final Mat2D _inverseWorldTransform = Mat2D();
                    ^^^^^
            /C:/Users/subhabrata/AppData/Local/Pub/Cache/hosted/pub.dev/rive-0.12.4/lib/src/rive_core/shapes/path.dart:39:3:
            Error: Type 'Mat2D' not found.
              Mat2D get pathTransform;
              ^^^^^
            /C:/Users/subhabrata/AppData/Local/Pub/Cache/hosted/pub.dev/rive-0.12.4/lib/src/rive_core/shapes/path.dart:40:3:
            Error: Type 'Mat2D' not found.
              Mat2D get inversePathTransform;
              ^^^^^
            /C:/Users/subhabrata/AppData/Local/Pub/Cache/hosted/pub.dev/rive-0.12.4/lib/src/rive_core/shapes/path.dart:41:3:
            Error: Type 'Mat2D' not found.
              Mat2D get inverseWorldTransform => _inverseWorldTransform;
              ^^^^^
            /C:/Users/subhabrata/AppData/Local/Pub/Cache/hosted/pub.dev/rive-0.12.4/lib/src/rive_core/shapes/path.dart:123:18:
            Error: Type 'PathInterface' not found.
              bool buildPath(PathInterface path) {
                             ^^^^^^^^^^^^^
            /C:/Users/subhabrata/AppData/Local/Pub/Cache/hosted/pub.dev/rive-0.12.4/lib/src/rive_core/shapes/path.dart:292:3:
            Error: Type 'AABB' not found.
              AABB get localBounds => _renderPath.preciseComputeBounds();
              ^^^^
            /C:/Users/subhabrata/AppData/Local/Pub/Cache/hosted/pub.dev/rive-0.12.4/lib/src/rive_core/shapes/path.dart:293:3:
            Error: Type 'AABB' not found.
              AABB computeBounds(Mat2D relativeTo) => preciseComputeBounds(
              ^^^^
            /C:/Users/subhabrata/AppData/Local/Pub/Cache/hosted/pub.dev/rive-0.12.4/lib/src/rive_core/shapes/path.dart:293:22:
            Error: Type 'Mat2D' not found.
              AABB computeBounds(Mat2D relativeTo) => preciseComputeBounds(
                                 ^^^^^
            /C:/Users/subhabrata/AppData/Local/Pub/Cache/hosted/pub.dev/rive-0.12.4/lib/src/rive_core/shapes/path.dart:300:3:
            Error: Type 'AABB' not found.
              AABB preciseComputeBounds({
              ^^^^
            /C:/Users/subhabrata/AppData/Local/Pub/Cache/hosted/pub.dev/rive-0.12.4/lib/src/rive_core/shapes/path.dart:301:5:
            Error: Type 'Mat2D' not found.
                Mat2D? transform,
                ^^^^^
            /C:/Users/subhabrata/AppData/Local/Pub/Cache/hosted/pub.dev/rive-0.12.4/lib/src/rive_core/shapes/path.dart:325:29:
            Error: Type 'PathInterface' not found.
            class RenderPath implements PathInterface {
                                        ^^^^^^^^^^^^^
            /C:/Users/subhabrata/AppData/Local/Pub/Cache/hosted/pub.dev/rive-0.12.4/lib/src/rive_core/shapes/path.dart:365:13:
            Error: Type 'Vec2D' not found.
              void move(Vec2D v) {
                        ^^^^^
            /C:/Users/subhabrata/AppData/Local/Pub/Cache/hosted/pub.dev/rive-0.12.4/lib/src/rive_core/shapes/path.dart:369:13:
            Error: Type 'Vec2D' not found.
              void line(Vec2D v) {
                        ^^^^^
            /C:/Users/subhabrata/AppData/Local/Pub/Cache/hosted/pub.dev/rive-0.12.4/lib/src/rive_core/shapes/path.dart:373:14:
            Error: Type 'Vec2D' not found.
              void cubic(Vec2D b, Vec2D c, Vec2D d) {
                         ^^^^^
            /C:/Users/subhabrata/AppData/Local/Pub/Cache/hosted/pub.dev/rive-0.12.4/lib/src/rive_core/shapes/path.dart:373:23:
            Error: Type 'Vec2D' not found.
              void cubic(Vec2D b, Vec2D c, Vec2D d) {
                                  ^^^^^
            /C:/Users/subhabrata/AppData/Local/Pub/Cache/hosted/pub.dev/rive-0.12.4/lib/src/rive_core/shapes/path.dart:373:32:
            Error: Type 'Vec2D' not found.
              void cubic(Vec2D b, Vec2D c, Vec2D d) {
                                           ^^^^^
            /C:/Users/subhabrata/AppData/Local/Pub/Cache/hosted/pub.dev/rive-0.12.4/lib/src/rive_core/shapes/path.dart:390:3:
            Error: Type 'AABB' not found.
              AABB preciseComputeBounds({
              ^^^^
            /C:/Users/subhabrata/AppData/Local/Pub/Cache/hosted/pub.dev/rive-0.12.4/lib/src/rive_core/shapes/path.dart:391:5:
            Error: Type 'Mat2D' not found.
                Mat2D? transform,
                ^^^^^
            /C:/Users/subhabrata/AppData/Local/Pub/Cache/hosted/pub.dev/rive-0.12.4/lib/src/rive_core/shapes/path.dart:463:5:
            Error: Type 'AABB' not found.
                AABB bounds, Axis axis, double t, double a, double b, double c, double d) {
                ^^^^
            /C:/Users/subhabrata/AppData/Local/Pub/Cache/hosted/pub.dev/rive-0.12.4/lib/src/rive_core/shapes/path.dart:474:21:
            Error: Type 'AABB' not found.
            void __expandBounds(AABB bounds, Axis axis, double value) {
                                ^^^^
            /C:/Users/subhabrata/AppData/Local/Pub/Cache/hosted/pub.dev/rive-0.12.4/lib/src/rive_core/shapes/path.dart:493:5:
            Error: Type 'AABB' not found.
                AABB bounds, Axis axis, double start, double cp1, double cp2, double end) {
                ^^^^
            /C:/Users/subhabrata/AppData/Local/Pub/Cache/hosted/pub.dev/rive-0.12.4/lib/src/rive_core/shapes/path.dart:533:5:
            Error: Type 'Vec2D' not found.
                Vec2D toPrev, Vec2D toNext, double radius) {
                ^^^^^
            /C:/Users/subhabrata/AppData/Local/Pub/Cache/hosted/pub.dev/rive-0.12.4/lib/src/rive_core/shapes/path.dart:533:19:
            Error: Type 'Vec2D' not found.
                Vec2D toPrev, Vec2D toNext, double radius) {
                              ^^^^^
            /C:/Users/subhabrata/AppData/Local/Pub/Cache/hosted/pub.dev/rive-0.12.4/lib/src/rive_core/text/text.dart:37:3:
            Error: Type 'TextShapeResult' not found.
              TextShapeResult? _shape;
              ^^^^^^^^^^^^^^^
            /C:/Users/subhabrata/AppData/Local/Pub/Cache/hosted/pub.dev/rive-0.12.4/lib/src/rive_core/text/text.dart:40:3:
            Error: Type 'TextShapeResult' not found.
              TextShapeResult? _modifierShape;
              ^^^^^^^^^^^^^^^
            /C:/Users/subhabrata/AppData/Local/Pub/Cache/hosted/pub.dev/rive-0.12.4/lib/src/rive_core/text/text.dart:41:3:
            Error: Type 'BreakLinesResult' not found.
              BreakLinesResult? _modifierLines;
              ^^^^^^^^^^^^^^^^
            /C:/Users/subhabrata/AppData/Local/Pub/Cache/hosted/pub.dev/rive-0.12.4/lib/src/rive_core/text/text.dart:44:14:
            Error: Type 'TextShapeResult' not found.
              final List<TextShapeResult> _cleanupShapes = [];
                         ^^^^^^^^^^^^^^^
            /C:/Users/subhabrata/AppData/Local/Pub/Cache/hosted/pub.dev/rive-0.12.4/lib/src/rive_core/text/text.dart:45:3:
            Error: Type 'BreakLinesResult' not found.
              BreakLinesResult? _lines;
              ^^^^^^^^^^^^^^^^
            /C:/Users/subhabrata/AppData/Local/Pub/Cache/hosted/pub.dev/rive-0.12.4/lib/src/rive_core/text/text.dart:50:3:
            Error: Type 'GlyphLookup' not found.
              GlyphLookup? _glyphLookup;
              ^^^^^^^^^^^
            /C:/Users/subhabrata/AppData/Local/Pub/Cache/hosted/pub.dev/rive-0.12.4/lib/src/rive_core/text/text.dart:183:3:
            Error: Type 'AABB' not found.
              AABB _bounds = AABB.collapsed(Vec2D());
              ^^^^
            /C:/Users/subhabrata/AppData/Local/Pub/Cache/hosted/pub.dev/rive-0.12.4/lib/src/rive_core/text/text.dart:453:10:
            Error: Type 'Font' not found.
              static Font? _defaultFont;
                     ^^^^
            /C:/Users/subhabrata/AppData/Local/Pub/Cache/hosted/pub.dev/rive-0.12.4/lib/src/rive_core/text/text.dart:47:3:
            Error: Type 'BreakLinesResult' not found.
              BreakLinesResult? get lines => _lines;
              ^^^^^^^^^^^^^^^^
            /C:/Users/subhabrata/AppData/Local/Pub/Cache/hosted/pub.dev/rive-0.12.4/lib/src/rive_core/text/text.dart:52:19:
            Error: Type 'LineRunGlyph' not found.
              double tValueOf(LineRunGlyph glyphInfo) {
                              ^^^^^^^^^^^^
            /C:/Users/subhabrata/AppData/Local/Pub/Cache/hosted/pub.dev/rive-0.12.4/lib/src/rive_core/text/text.dart:63:27:
            Error: Type 'LineRunGlyph' not found.
              int glyphCodePointCount(LineRunGlyph glyphInfo) {
                                      ^^^^^^^^^^^^
            /C:/Users/subhabrata/AppData/Local/Pub/Cache/hosted/pub.dev/rive-0.12.4/lib/src/rive_core/text/text.dart:80:3:
            Error: Type 'Font' not found.
              Font? getFirstAvailableFont() {
              ^^^^
            /C:/Users/subhabrata/AppData/Local/Pub/Cache/hosted/pub.dev/rive-0.12.4/lib/src/rive_core/text/text.dart:90:5:
            Error: Type 'Font' not found.
                Font defaultFont, {
                ^^^^
            /C:/Users/subhabrata/AppData/Local/Pub/Cache/hosted/pub.dev/rive-0.12.4/lib/src/rive_core/text/text.dart:174:3:
            Error: Type 'Mat2D' not found.
              Mat2D get originTransform => Mat2D.multiply(
              ^^^^^
            /C:/Users/subhabrata/AppData/Local/Pub/Cache/hosted/pub.dev/rive-0.12.4/lib/src/rive_core/text/text.dart:188:3:
            Error: Type 'AABB' not found.
              AABB get localBounds => AABB.fromCoordinates(
              ^^^^
            /C:/Users/subhabrata/AppData/Local/Pub/Cache/hosted/pub.dev/rive-0.12.4/lib/src/rive_core/text/text.dart:196:3:
            Error: Type 'AABB' not found.
              AABB get constraintBounds => localBounds;
              ^^^^
            /C:/Users/subhabrata/AppData/Local/Pub/Cache/hosted/pub.dev/rive-0.12.4/lib/src/rive_core/text/text.dart:199:21:
            Error: Type 'LineRunGlyph' not found.
                  bool Function(LineRunGlyph, double, double, GlyphLine) callback) {
                                ^^^^^^^^^^^^
            /C:/Users/subhabrata/AppData/Local/Pub/Cache/hosted/pub.dev/rive-0.12.4/lib/src/rive_core/text/text.dart:199:51:
            Error: Type 'GlyphLine' not found.
                  bool Function(LineRunGlyph, double, double, GlyphLine) callback) {
                                                              ^^^^^^^^^
            /C:/Users/subhabrata/AppData/Local/Pub/Cache/hosted/pub.dev/rive-0.12.4/lib/src/core/field_types/core_field_type.dart:5:17:
            Error: Type 'BinaryReader' not found.
              T deserialize(BinaryReader reader);
                            ^^^^^^^^^^^^
            /C:/Users/subhabrata/AppData/Local/Pub/Cache/hosted/pub.dev/rive-0.12.4/lib/src/core/field_types/core_field_type.dart:6:13:
            Error: Type 'BinaryReader' not found.
              void skip(BinaryReader reader) => deserialize(reader);
                        ^^^^^^^^^^^^
            /C:/Users/subhabrata/AppData/Local/Pub/Cache/hosted/pub.dev/rive-0.12.4/lib/src/rive_core/animation/state_machine_listener.dart:86:58:
            Error: Type 'Vec2D' not found.
              void performChanges(StateMachineController controller, Vec2D position) {
                                                                     ^^^^^
            lib/src/features/video/presentation/screen/yotutube_player.dart:28:27:
            Error: Type 'QuerySnapshot' not found.
              late StreamSubscription<QuerySnapshot> _subscription;
                                      ^^^^^^^^^^^^^
            lib/src/features/video/presentation/screen/yotutube_player.dart:29:9:
            Error: Type 'User' not found.
              final User? _user = null;
                    ^^^^
            /C:/Users/subhabrata/AppData/Local/Pub/Cache/hosted/pub.dev/rive-0.12.4/lib/src/rive_core/world_transform_component.dart:9:9:
            Error: Type 'Mat2D' not found.
              final Mat2D worldTransform = Mat2D();
                    ^^^^^
            /C:/Users/subhabrata/AppData/Local/Pub/Cache/hosted/pub.dev/rive-0.12.4/lib/src/rive_core/world_transform_component.dart:22:3:
            Error: Type 'Mat2D' not found.
              Mat2D get parentWorldTransform => parent is WorldTransformComponent
              ^^^^^
            /C:/Users/subhabrata/AppData/Local/Pub/Cache/hosted/pub.dev/rive-0.12.4/lib/src/core/field_types/core_callback_type.dart:15:19:
            Error: Type 'BinaryReader' not found.
              int deserialize(BinaryReader reader) => 0;
                              ^^^^^^^^^^^^
            /C:/Users/subhabrata/AppData/Local/Pub/Cache/hosted/pub.dev/rive-0.12.4/lib/src/rive_core/node.dart:12:19:
            Error: Type 'Vec2D' not found.
              set translation(Vec2D pos) {
                              ^^^^^
            /C:/Users/subhabrata/AppData/Local/Pub/Cache/hosted/pub.dev/rive-0.12.4/lib/src/rive_core/transform_component.dart:41:9:
            Error: Type 'Mat2D' not found.
              final Mat2D transform = Mat2D();
                    ^^^^^
            /C:/Users/subhabrata/AppData/Local/Pub/Cache/hosted/pub.dev/rive-0.12.4/lib/src/rive_core/transform_component.dart:43:3:
            Error: Type 'Vec2D' not found.
              Vec2D get translation => Vec2D.fromValues(x, y);
              ^^^^^
            /C:/Users/subhabrata/AppData/Local/Pub/Cache/hosted/pub.dev/rive-0.12.4/lib/src/rive_core/transform_component.dart:44:3:
            Error: Type 'Vec2D' not found.
              Vec2D get worldTranslation =>
              ^^^^^
            /C:/Users/subhabrata/AppData/Local/Pub/Cache/hosted/pub.dev/rive-0.12.4/lib/src/rive_core/transform_component.dart:79:3:
            Error: Type 'Vec2D' not found.
              Vec2D get scale => Vec2D.fromValues(scaleX, scaleY);
              ^^^^^
            /C:/Users/subhabrata/AppData/Local/Pub/Cache/hosted/pub.dev/rive-0.12.4/lib/src/rive_core/transform_component.dart:80:13:
            Error: Type 'Vec2D' not found.
              set scale(Vec2D value) {
                        ^^^^^
            /C:/Users/subhabrata/AppData/Local/Pub/Cache/hosted/pub.dev/rive-0.12.4/lib/src/rive_core/transform_component.dart:211:3:
            Error: Type 'AABB' not found.
              AABB get localBounds => AABB.collapsed(Vec2D());
              ^^^^
            /C:/Users/subhabrata/AppData/Local/Pub/Cache/hosted/pub.dev/rive-0.12.4/lib/src/rive_core/transform_component.dart:214:3:
            Error: Type 'AABB' not found.
              AABB get constraintBounds => AABB.collapsed(Vec2D());
              ^^^^
            /C:/Users/subhabrata/AppData/Local/Pub/Cache/hosted/pub.dev/rive-0.12.4/lib/src/rive_core/shapes/mesh.dart:92:3:
            Error: Type 'AABB' not found.
              AABB bounds = AABB.empty();
              ^^^^
            /C:/Users/subhabrata/AppData/Local/Pub/Cache/hosted/pub.dev/rive-0.12.4/lib/src/rive_core/shapes/mesh.dart:148:3:
            Error: Type 'Mat2D' not found.
              Mat2D get worldTransform =>
              ^^^^^
            /C:/Users/subhabrata/AppData/Local/Pub/Cache/hosted/pub.dev/rive-0.12.4/lib/src/rive_core/shapes/cubic_vertex.dart:10:3:
            Error: Type 'Vec2D' not found.
              Vec2D get outPoint;
              ^^^^^
            /C:/Users/subhabrata/AppData/Local/Pub/Cache/hosted/pub.dev/rive-0.12.4/lib/src/rive_core/shapes/cubic_vertex.dart:11:3:
            Error: Type 'Vec2D' not found.
              Vec2D get inPoint;
              ^^^^^
            /C:/Users/subhabrata/AppData/Local/Pub/Cache/hosted/pub.dev/rive-0.12.4/lib/src/rive_core/shapes/cubic_vertex.dart:13:16:
            Error: Type 'Vec2D' not found.
              set outPoint(Vec2D value);
                           ^^^^^
            /C:/Users/subhabrata/AppData/Local/Pub/Cache/hosted/pub.dev/rive-0.12.4/lib/src/rive_core/shapes/cubic_vertex.dart:14:15:
            Error: Type 'Vec2D' not found.
              set inPoint(Vec2D value);
                          ^^^^^
            /C:/Users/subhabrata/AppData/Local/Pub/Cache/hosted/pub.dev/rive-0.12.4/lib/src/rive_core/shapes/cubic_vertex.dart:17:3:
            Error: Type 'Vec2D' not found.
              Vec2D get renderTranslation => weight?.translation ?? super.renderTranslation;
              ^^^^^
            /C:/Users/subhabrata/AppData/Local/Pub/Cache/hosted/pub.dev/rive-0.12.4/lib/src/rive_core/shapes/cubic_vertex.dart:19:3:
            Error: Type 'Vec2D' not found.
              Vec2D get renderIn => weight?.inTranslation ?? inPoint;
              ^^^^^
            /C:/Users/subhabrata/AppData/Local/Pub/Cache/hosted/pub.dev/rive-0.12.4/lib/src/rive_core/shapes/cubic_vertex.dart:20:3:
            Error: Type 'Vec2D' not found.
              Vec2D get renderOut => weight?.outTranslation ?? outPoint;
              ^^^^^
            /C:/Users/subhabrata/AppData/Local/Pub/Cache/hosted/pub.dev/rive-0.12.4/lib/src/rive_core/shapes/cubic_vertex.dart:23:15:
            Error: Type 'Mat2D' not found.
              void deform(Mat2D world, Float32List boneTransforms) {
                          ^^^^^
            /C:/Users/subhabrata/AppData/Local/Pub/Cache/hosted/pub.dev/rive-0.12.4/lib/src/rive_core/shapes/straight_vertex.dart:46:3:
            Error: Type 'Vec2D' not found.
              Vec2D get renderTranslation =>
              ^^^^^
            /C:/Users/subhabrata/AppData/Local/Pub/Cache/hosted/pub.dev/rive-0.12.4/lib/src/rive_core/text/styled_text.dart:11:14:
            Error: Type 'TextRun' not found.
              final List<TextRun> runs;
                         ^^^^^^^
            /C:/Users/subhabrata/AppData/Local/Pub/Cache/hosted/pub.dev/rive-0.12.4/lib/src/rive_core/text/styled_text.dart:13:40:
            Error: Type 'TextRun' not found.
              factory StyledText(String text, List<TextRun> runs) {
                                                   ^^^^^^^
            /C:/Users/subhabrata/AppData/Local/Pub/Cache/hosted/pub.dev/rive-0.12.4/lib/src/rive_core/text/styled_text.dart:22:28:
            Error: Type 'TextRun' not found.
              factory StyledText.empty(TextRun run) => StyledText('', [run]);
                                       ^^^^^^^
            /C:/Users/subhabrata/AppData/Local/Pub/Cache/hosted/pub.dev/rive-0.12.4/lib/src/rive_core/text/text_modifier_group.dart:122:14:
            Error: Type 'Font' not found.
              final List<Font> _cleanupFonts = [];
                         ^^^^
            /C:/Users/subhabrata/AppData/Local/Pub/Cache/hosted/pub.dev/rive-0.12.4/lib/src/rive_core/text/text_modifier_group.dart:82:37:
            Error: Type 'TextShapeResult' not found.
              void computeRangeMap(String text, TextShapeResult? shape,
                                                ^^^^^^^^^^^^^^^
            /C:/Users/subhabrata/AppData/Local/Pub/Cache/hosted/pub.dev/rive-0.12.4/lib/src/rive_core/text/text_modifier_group.dart:83:7:
            Error: Type 'BreakLinesResult' not found.
                  BreakLinesResult? lines, GlyphLookup glyphLookup) {
                  ^^^^^^^^^^^^^^^^
            /C:/Users/subhabrata/AppData/Local/Pub/Cache/hosted/pub.dev/rive-0.12.4/lib/src/rive_core/text/text_modifier_group.dart:83:32:
            Error: Type 'GlyphLookup' not found.
                  BreakLinesResult? lines, GlyphLookup glyphLookup) {
                                           ^^^^^^^^^^^
            /C:/Users/subhabrata/AppData/Local/Pub/Cache/hosted/pub.dev/rive-0.12.4/lib/src/rive_core/text/text_modifier_group.dart:108:24:
            Error: Type 'LineRunGlyph' not found.
              double glyphCoverage(LineRunGlyph glyphInfo) {
                                   ^^^^^^^^^^^^
            /C:/Users/subhabrata/AppData/Local/Pub/Cache/hosted/pub.dev/rive-0.12.4/lib/src/rive_core/text/text_modifier_group.dart:124:3:
            Error: Type 'TextRun' not found.
              TextRun modifyShape(Text text, TextRun run, double strength) {
              ^^^^^^^
            /C:/Users/subhabrata/AppData/Local/Pub/Cache/hosted/pub.dev/rive-0.12.4/lib/src/rive_core/text/text_modifier_group.dart:124:34:
            Error: Type 'TextRun' not found.
              TextRun modifyShape(Text text, TextRun run, double strength) {
                                             ^^^^^^^
            /C:/Users/subhabrata/AppData/Local/Pub/Cache/hosted/pub.dev/rive-0.12.4/lib/src/rive_core/text/text_modifier_group.dart:196:3:
            Error: Type 'Mat2D' not found.
              Mat2D get originTransform {
              ^^^^^
            /C:/Users/subhabrata/AppData/Local/Pub/Cache/hosted/pub.dev/rive-0.12.4/lib/src/rive_core/text/text_modifier_group.dart:204:3:
            Error: Type 'Mat2D' not found.
              Mat2D transform(double t, Mat2D glyphTransform) {
              ^^^^^
            /C:/Users/subhabrata/AppData/Local/Pub/Cache/hosted/pub.dev/rive-0.12.4/lib/src/rive_core/text/text_modifier_group.dart:204:29:
            Error: Type 'Mat2D' not found.
              Mat2D transform(double t, Mat2D glyphTransform) {
                                        ^^^^^
            /C:/Users/subhabrata/AppData/Local/Pub/Cache/hosted/pub.dev/rive-0.12.4/lib/src/rive_core/text/text_modifier_group.dart:236:8:
            Error: Type 'TextRun' not found.
              List<TextRun> applyShapeModifiers(Text text, List<TextRun> runs) {
                   ^^^^^^^
            /C:/Users/subhabrata/AppData/Local/Pub/Cache/hosted/pub.dev/rive-0.12.4/lib/src/rive_core/text/text_modifier_group.dart:236:53:
            Error: Type 'TextRun' not found.
              List<TextRun> applyShapeModifiers(Text text, List<TextRun> runs) {
                                                                ^^^^^^^
            /C:/Users/subhabrata/AppData/Local/Pub/Cache/hosted/pub.dev/rive-0.12.4/lib/src/rive_core/animation/listener_action.dart:17:51:
            Error: Type 'Vec2D' not found.
              void perform(StateMachineController controller, Vec2D position);
                                                              ^^^^^
            lib/src/features/course/data/models/comment_model.dart:8:9:
            Error: Type 'Timestamp' not found.
              final Timestamp timestamp;
                    ^^^^^^^^^
            /C:/Users/subhabrata/AppData/Local/Pub/Cache/hosted/pub.dev/rive-0.12.4/lib/src/core/field_types/core_bool_type.dart:6:20:
            Error: Type 'BinaryReader' not found.
              bool deserialize(BinaryReader reader) => reader.readInt8() == 1;
                               ^^^^^^^^^^^^
            /C:/Users/subhabrata/AppData/Local/Pub/Cache/hosted/pub.dev/rive-0.12.4/lib/src/core/field_types/core_bytes_type.dart:8:25:
            Error: Type 'BinaryReader' not found.
              Uint8List deserialize(BinaryReader reader) {
                                    ^^^^^^^^^^^^
            /C:/Users/subhabrata/AppData/Local/Pub/Cache/hosted/pub.dev/rive-0.12.4/lib/src/core/field_types/core_color_type.dart:6:19:
            Error: Type 'BinaryReader' not found.
              int deserialize(BinaryReader reader) => reader.readUint32();
                              ^^^^^^^^^^^^
            /C:/Users/subhabrata/AppData/Local/Pub/Cache/hosted/pub.dev/rive-0.12.4/lib/src/core/field_types/core_double_type.dart:6:22:
            Error: Type 'BinaryReader' not found.
              double deserialize(BinaryReader reader) => reader.readFloat32();
                                 ^^^^^^^^^^^^
            /C:/Users/subhabrata/AppData/Local/Pub/Cache/hosted/pub.dev/rive-0.12.4/lib/src/core/field_types/core_string_type.dart:6:22:
            Error: Type 'BinaryReader' not found.
              String deserialize(BinaryReader reader) =>
                                 ^^^^^^^^^^^^
            /C:/Users/subhabrata/AppData/Local/Pub/Cache/hosted/pub.dev/rive-0.12.4/lib/src/core/field_types/core_string_type.dart:9:13:
            Error: Type 'BinaryReader' not found.
              void read(BinaryReader reader) {
                        ^^^^^^^^^^^^
            /C:/Users/subhabrata/AppData/Local/Pub/Cache/hosted/pub.dev/rive-0.12.4/lib/src/core/field_types/core_uint_type.dart:6:19:
            Error: Type 'BinaryReader' not found.
              int deserialize(BinaryReader reader) => reader.readVarUint();
                              ^^^^^^^^^^^^
            /C:/Users/subhabrata/AppData/Local/Pub/Cache/hosted/pub.dev/rive-0.12.4/lib/src/rive_core/animation/listener_align_target.dart:11:51:
            Error: Type 'Vec2D' not found.
              void perform(StateMachineController controller, Vec2D position) {
                                                              ^^^^^
            /C:/Users/subhabrata/AppData/Local/Pub/Cache/hosted/pub.dev/rive-0.12.4/lib/src/rive_core/animation/listener_bool_change.dart:13:51:
            Error: Type 'Vec2D' not found.
              void perform(StateMachineController controller, Vec2D position) {
                                                              ^^^^^
            /C:/Users/subhabrata/AppData/Local/Pub/Cache/hosted/pub.dev/rive-0.12.4/lib/src/rive_core/animation/listener_fire_event.dart:15:51:
            Error: Type 'Vec2D' not found.
              void perform(StateMachineController controller, Vec2D position) {
                                                              ^^^^^
            /C:/Users/subhabrata/AppData/Local/Pub/Cache/hosted/pub.dev/rive-0.12.4/lib/src/rive_core/animation/listener_number_change.dart:13:51:
            Error: Type 'Vec2D' not found.
              void perform(StateMachineController controller, Vec2D position) {
                                                              ^^^^^
            /C:/Users/subhabrata/AppData/Local/Pub/Cache/hosted/pub.dev/rive-0.12.4/lib/src/rive_core/animation/listener_trigger_change.dart:12:51:
            Error: Type 'Vec2D' not found.
              void perform(StateMachineController controller, Vec2D position) {
                                                              ^^^^^
            /C:/Users/subhabrata/AppData/Local/Pub/Cache/hosted/pub.dev/rive-0.12.4/lib/src/rive_core/bones/bone.dart:74:3:
            Error: Type 'Vec2D' not found.
              Vec2D get tipWorldTranslation => getTipWorldTranslation(worldTransform);
              ^^^^^
            /C:/Users/subhabrata/AppData/Local/Pub/Cache/hosted/pub.dev/rive-0.12.4/lib/src/rive_core/bones/bone.dart:76:3:
            Error: Type 'Vec2D' not found.
              Vec2D getTipWorldTranslation(Mat2D worldTransform) {
              ^^^^^
            /C:/Users/subhabrata/AppData/Local/Pub/Cache/hosted/pub.dev/rive-0.12.4/lib/src/rive_core/bones/bone.dart:76:32:
            Error: Type 'Mat2D' not found.
              Vec2D getTipWorldTranslation(Mat2D worldTransform) {
                                           ^^^^^
            /C:/Users/subhabrata/AppData/Local/Pub/Cache/hosted/pub.dev/rive-0.12.4/lib/src/rive_core/bones/cubic_weight.dart:7:9:
            Error: Type 'Vec2D' not found.
              final Vec2D inTranslation = Vec2D();
                    ^^^^^
            /C:/Users/subhabrata/AppData/Local/Pub/Cache/hosted/pub.dev/rive-0.12.4/lib/src/rive_core/bones/cubic_weight.dart:8:9:
            Error: Type 'Vec2D' not found.
              final Vec2D outTranslation = Vec2D();
                    ^^^^^
            /C:/Users/subhabrata/AppData/Local/Pub/Cache/hosted/pub.dev/rive-0.12.4/lib/src/rive_core/bones/skin.dart:20:9:
            Error: Type 'Mat2D' not found.
              final Mat2D _worldTransform = Mat2D();
                    ^^^^^
            /C:/Users/subhabrata/AppData/Local/Pub/Cache/hosted/pub.dev/rive-0.12.4/lib/src/rive_core/bones/tendon.dart:8:9:
            Error: Type 'Mat2D' not found.
              final Mat2D _bind = Mat2D();
                    ^^^^^
            /C:/Users/subhabrata/AppData/Local/Pub/Cache/hosted/pub.dev/rive-0.12.4/lib/src/rive_core/bones/tendon.dart:9:3:
            Error: Type 'Mat2D' not found.
              Mat2D? _inverseBind;
              ^^^^^
            /C:/Users/subhabrata/AppData/Local/Pub/Cache/hosted/pub.dev/rive-0.12.4/lib/src/rive_core/bones/tendon.dart:13:3:
            Error: Type 'Mat2D' not found.
              Mat2D get inverseBind {
              ^^^^^
            /C:/Users/subhabrata/AppData/Local/Pub/Cache/hosted/pub.dev/rive-0.12.4/lib/src/rive_core/bones/weight.dart:9:9:
            Error: Type 'Vec2D' not found.
              final Vec2D translation = Vec2D();
                    ^^^^^
            /C:/Users/subhabrata/AppData/Local/Pub/Cache/hosted/pub.dev/rive-0.12.4/lib/src/rive_core/bones/weight.dart:22:68:
            Error: Type 'Mat2D' not found.
              static void deform(double x, double y, int indices, int weights, Mat2D world,
                                                                               ^^^^^
            /C:/Users/subhabrata/AppData/Local/Pub/Cache/hosted/pub.dev/rive-0.12.4/lib/src/rive_core/bones/weight.dart:23:35:
            Error: Type 'Vec2D' not found.
                  Float32List boneTransforms, Vec2D result) {
                                              ^^^^^
            /C:/Users/subhabrata/AppData/Local/Pub/Cache/hosted/pub.dev/rive-0.12.4/lib/src/rive_core/constraints/follow_path_constraint.dart:20:3:
            Error: Type 'Mat2D' not found.
              Mat2D get targetTransform {
              ^^^^^
            /C:/Users/subhabrata/AppData/Local/Pub/Cache/hosted/pub.dev/rive-0.12.4/lib/src/rive_core/constraints/ik_constraint.dart:174:35:
            Error: Type 'Vec2D' not found.
              void solve1(_BoneChainLink fk1, Vec2D worldTargetTranslation) {
                                              ^^^^^
            /C:/Users/subhabrata/AppData/Local/Pub/Cache/hosted/pub.dev/rive-0.12.4/lib/src/rive_core/constraints/ik_constraint.dart:191:47:
            Error: Type 'Vec2D' not found.
                  _BoneChainLink fk1, _BoneChainLink fk2, Vec2D worldTargetTranslation) {
                                                          ^^^^^
            /C:/Users/subhabrata/AppData/Local/Pub/Cache/hosted/pub.dev/rive-0.12.4/lib/src/rive_core/constraints/ik_constraint.dart:272:3:
            Error: Type 'TransformComponents' not found.
              TransformComponents transformComponents = TransformComponents();
              ^^^^^^^^^^^^^^^^^^^
            /C:/Users/subhabrata/AppData/Local/Pub/Cache/hosted/pub.dev/rive-0.12.4/lib/src/rive_core/constraints/ik_constraint.dart:273:3:
            Error: Type 'Mat2D' not found.
              Mat2D parentWorldInverse = Mat2D();
              ^^^^^
            /C:/Users/subhabrata/AppData/Local/Pub/Cache/hosted/pub.dev/rive-0.12.4/lib/src/rive_core/constraints/transform_constraint.dart:14:3:
            Error: Type 'Mat2D' not found.
              Mat2D get targetTransform {
              ^^^^^
            /C:/Users/subhabrata/AppData/Local/Pub/Cache/hosted/pub.dev/rive-0.12.4/lib/src/rive_core/shapes/cubic_asymmetric_vertex.dart:33:3:
            Error: Type 'Vec2D' not found.
              Vec2D? _inPoint;
              ^^^^^
            /C:/Users/subhabrata/AppData/Local/Pub/Cache/hosted/pub.dev/rive-0.12.4/lib/src/rive_core/shapes/cubic_asymmetric_vertex.dart:34:3:
            Error: Type 'Vec2D' not found.
              Vec2D? _outPoint;
              ^^^^^
            /C:/Users/subhabrata/AppData/Local/Pub/Cache/hosted/pub.dev/rive-0.12.4/lib/src/rive_core/shapes/cubic_asymmetric_vertex.dart:23:5:
            Error: Type 'Vec2D' not found.
                Vec2D? inPoint,
                ^^^^^
            /C:/Users/subhabrata/AppData/Local/Pub/Cache/hosted/pub.dev/rive-0.12.4/lib/src/rive_core/shapes/cubic_asymmetric_vertex.dart:24:5:
            Error: Type 'Vec2D' not found.
                Vec2D? outPoint,
                ^^^^^
            /C:/Users/subhabrata/AppData/Local/Pub/Cache/hosted/pub.dev/rive-0.12.4/lib/src/rive_core/shapes/cubic_asymmetric_vertex.dart:37:3:
            Error: Type 'Vec2D' not found.
              Vec2D get outPoint {
              ^^^^^
            /C:/Users/subhabrata/AppData/Local/Pub/Cache/hosted/pub.dev/rive-0.12.4/lib/src/rive_core/shapes/cubic_asymmetric_vertex.dart:44:16:
            Error: Type 'Vec2D' not found.
              set outPoint(Vec2D value) {
                           ^^^^^
            /C:/Users/subhabrata/AppData/Local/Pub/Cache/hosted/pub.dev/rive-0.12.4/lib/src/rive_core/shapes/cubic_asymmetric_vertex.dart:49:3:
            Error: Type 'Vec2D' not found.
              Vec2D get inPoint {
              ^^^^^
            /C:/Users/subhabrata/AppData/Local/Pub/Cache/hosted/pub.dev/rive-0.12.4/lib/src/rive_core/shapes/cubic_asymmetric_vertex.dart:56:15:
            Error: Type 'Vec2D' not found.
              set inPoint(Vec2D value) {
                          ^^^^^
            /C:/Users/subhabrata/AppData/Local/Pub/Cache/hosted/pub.dev/rive-0.12.4/lib/src/rive_core/shapes/cubic_detached_vertex.dart:11:3:
            Error: Type 'Vec2D' not found.
              Vec2D? _inPoint;
              ^^^^^
            /C:/Users/subhabrata/AppData/Local/Pub/Cache/hosted/pub.dev/rive-0.12.4/lib/src/rive_core/shapes/cubic_detached_vertex.dart:12:3:
            Error: Type 'Vec2D' not found.
              Vec2D? _outPoint;
              ^^^^^
            /C:/Users/subhabrata/AppData/Local/Pub/Cache/hosted/pub.dev/rive-0.12.4/lib/src/rive_core/shapes/cubic_detached_vertex.dart:22:5:
            Error: Type 'Vec2D' not found.
                Vec2D? inPoint,
                ^^^^^
            /C:/Users/subhabrata/AppData/Local/Pub/Cache/hosted/pub.dev/rive-0.12.4/lib/src/rive_core/shapes/cubic_detached_vertex.dart:23:5:
            Error: Type 'Vec2D' not found.
                Vec2D? outPoint,
                ^^^^^
            /C:/Users/subhabrata/AppData/Local/Pub/Cache/hosted/pub.dev/rive-0.12.4/lib/src/rive_core/shapes/cubic_detached_vertex.dart:33:3:
            Error: Type 'Vec2D' not found.
              Vec2D get outPoint => _outPoint ??= Vec2D.fromValues(
              ^^^^^
            /C:/Users/subhabrata/AppData/Local/Pub/Cache/hosted/pub.dev/rive-0.12.4/lib/src/rive_core/shapes/cubic_detached_vertex.dart:38:16:
            Error: Type 'Vec2D' not found.
              set outPoint(Vec2D value) {
                           ^^^^^
            /C:/Users/subhabrata/AppData/Local/Pub/Cache/hosted/pub.dev/rive-0.12.4/lib/src/rive_core/shapes/cubic_detached_vertex.dart:43:3:
            Error: Type 'Vec2D' not found.
              Vec2D get inPoint => _inPoint ??= Vec2D.fromValues(
              ^^^^^
            /C:/Users/subhabrata/AppData/Local/Pub/Cache/hosted/pub.dev/rive-0.12.4/lib/src/rive_core/shapes/cubic_detached_vertex.dart:48:15:
            Error: Type 'Vec2D' not found.
              set inPoint(Vec2D value) {
                          ^^^^^
            /C:/Users/subhabrata/AppData/Local/Pub/Cache/hosted/pub.dev/rive-0.12.4/lib/src/rive_core/shapes/cubic_mirrored_vertex.dart:18:3:
            Error: Type 'Vec2D' not found.
              Vec2D? _inPoint;
              ^^^^^
            /C:/Users/subhabrata/AppData/Local/Pub/Cache/hosted/pub.dev/rive-0.12.4/lib/src/rive_core/shapes/cubic_mirrored_vertex.dart:19:3:
            Error: Type 'Vec2D' not found.
              Vec2D? _outPoint;
              ^^^^^
            /C:/Users/subhabrata/AppData/Local/Pub/Cache/hosted/pub.dev/rive-0.12.4/lib/src/rive_core/shapes/cubic_mirrored_vertex.dart:22:3:
            Error: Type 'Vec2D' not found.
              Vec2D get outPoint {
              ^^^^^
            /C:/Users/subhabrata/AppData/Local/Pub/Cache/hosted/pub.dev/rive-0.12.4/lib/src/rive_core/shapes/cubic_mirrored_vertex.dart:29:16:
            Error: Type 'Vec2D' not found.
              set outPoint(Vec2D value) {
                           ^^^^^
            /C:/Users/subhabrata/AppData/Local/Pub/Cache/hosted/pub.dev/rive-0.12.4/lib/src/rive_core/shapes/cubic_mirrored_vertex.dart:34:3:
            Error: Type 'Vec2D' not found.
              Vec2D get inPoint {
              ^^^^^
            /C:/Users/subhabrata/AppData/Local/Pub/Cache/hosted/pub.dev/rive-0.12.4/lib/src/rive_core/shapes/cubic_mirrored_vertex.dart:41:15:
            Error: Type 'Vec2D' not found.
              set inPoint(Vec2D value) {
                          ^^^^^
            /C:/Users/subhabrata/AppData/Local/Pub/Cache/hosted/pub.dev/rive-0.12.4/lib/src/rive_core/shapes/points_path.dart:20:3:
            Error: Type 'Mat2D' not found.
              Mat2D get pathTransform => skin != null ? Mat2D.identity : worldTransform;
              ^^^^^
            /C:/Users/subhabrata/AppData/Local/Pub/Cache/hosted/pub.dev/rive-0.12.4/lib/src/rive_core/shapes/points_path.dart:24:3:
            Error: Type 'Mat2D' not found.
              Mat2D get inversePathTransform =>
              ^^^^^
            /C:/Users/subhabrata/AppData/Local/Pub/Cache/hosted/pub.dev/rive-0.12.4/lib/src/rive_core/text/text_modifier_range.dart:109:34:
            Error: Type 'TextShapeResult' not found.
              void computeRange(String text, TextShapeResult? shape,
                                             ^^^^^^^^^^^^^^^
            /C:/Users/subhabrata/AppData/Local/Pub/Cache/hosted/pub.dev/rive-0.12.4/lib/src/rive_core/text/text_modifier_range.dart:110:7:
            Error: Type 'BreakLinesResult' not found.
                  BreakLinesResult? lines, GlyphLookup glyphLookup) {
                  ^^^^^^^^^^^^^^^^
            /C:/Users/subhabrata/AppData/Local/Pub/Cache/hosted/pub.dev/rive-0.12.4/lib/src/rive_core/text/text_modifier_range.dart:110:32:
            Error: Type 'GlyphLookup' not found.
                  BreakLinesResult? lines, GlyphLookup glyphLookup) {
                                           ^^^^^^^^^^^
            /C:/Users/subhabrata/AppData/Local/Pub/Cache/hosted/pub.dev/rive-0.12.4/lib/src/rive_core/text/text_modifier_range.dart:362:40:
            Error: Type 'GlyphLookup' not found.
                  String text, int start, int end, GlyphLookup glyphLookup,
                                                   ^^^^^^^^^^^
            /C:/Users/subhabrata/AppData/Local/Pub/Cache/hosted/pub.dev/rive-0.12.4/lib/src/rive_core/text/text_modifier_range.dart:387:7:
            Error: Type 'TextShapeResult' not found.
                  TextShapeResult shape, BreakLinesResult lines, GlyphLookup glyphLookup) {
                  ^^^^^^^^^^^^^^^
            /C:/Users/subhabrata/AppData/Local/Pub/Cache/hosted/pub.dev/rive-0.12.4/lib/src/rive_core/text/text_modifier_range.dart:387:30:
            Error: Type 'BreakLinesResult' not found.
                  TextShapeResult shape, BreakLinesResult lines, GlyphLookup glyphLookup) {
                                         ^^^^^^^^^^^^^^^^
            /C:/Users/subhabrata/AppData/Local/Pub/Cache/hosted/pub.dev/rive-0.12.4/lib/src/rive_core/text/text_modifier_range.dart:387:54:
            Error: Type 'GlyphLookup' not found.
                  TextShapeResult shape, BreakLinesResult lines, GlyphLookup glyphLookup) {
                                                                 ^^^^^^^^^^^
            /C:/Users/subhabrata/AppData/Local/Pub/Cache/hosted/pub.dev/rive-0.12.4/lib/src/rive_core/text/text_variation_modifier.dart:24:28:
            Error: Type 'Font' not found.
              double modify(Text text, Font font, HashMap<int, double> variations,
                                       ^^^^
            /C:/Users/subhabrata/AppData/Local/Pub/Cache/hosted/pub.dev/rive-0.12.4/lib/src/rive_core/constraints/constraint.dart:43:1:
            Error: Type 'Mat2D' not found.
            Mat2D parentWorld(TransformComponent component) {
            ^^^^^
            /C:/Users/subhabrata/AppData/Local/Pub/Cache/hosted/pub.dev/rive-0.12.4/lib/src/rive_core/shapes/vertex.dart:14:3:
            Error: Type 'Vec2D' not found.
              Vec2D get translation => Vec2D.fromValues(x, y);
              ^^^^^
            /C:/Users/subhabrata/AppData/Local/Pub/Cache/hosted/pub.dev/rive-0.12.4/lib/src/rive_core/shapes/vertex.dart:15:3:
            Error: Type 'Vec2D' not found.
              Vec2D get renderTranslation => weight?.translation ?? translation;
              ^^^^^
            /C:/Users/subhabrata/AppData/Local/Pub/Cache/hosted/pub.dev/rive-0.12.4/lib/src/rive_core/shapes/vertex.dart:17:19:
            Error: Type 'Vec2D' not found.
              set translation(Vec2D value) {
                              ^^^^^
            /C:/Users/subhabrata/AppData/Local/Pub/Cache/hosted/pub.dev/rive-0.12.4/lib/src/rive_core/shapes/vertex.dart:56:15:
            Error: Type 'Mat2D' not found.
              void deform(Mat2D world, Float32List boneTransforms) {
                          ^^^^^
            /C:/Users/subhabrata/AppData/Local/Pub/Cache/hosted/pub.dev/rive-0.12.4/lib/src/rive_core/text/text_shape_modifier.dart:10:28:
            Error: Type 'Font' not found.
              double modify(Text text, Font font, HashMap<int, double> variations,
                                       ^^^^
            /C:/Users/subhabrata/AppData/Local/Pub/Cache/hosted/pub.dev/rive-0.12.4/lib/src/rive_core/constraints/transform_space_constraint.dart:9:9:
            Error: Type 'TransformComponents' not found.
              final TransformComponents componentsA = TransformComponents();
                    ^^^^^^^^^^^^^^^^^^^
            /C:/Users/subhabrata/AppData/Local/Pub/Cache/hosted/pub.dev/rive-0.12.4/lib/src/rive_core/constraints/transform_space_constraint.dart:10:9:
            Error: Type 'TransformComponents' not found.
              final TransformComponents componentsB = TransformComponents();
                    ^^^^^^^^^^^^^^^^^^^
            /C:/Users/subhabrata/AppData/Local/Pub/Cache/hosted/pub.dev/rive-0.12.4/lib/src/rive_core/shapes/parametric_path.dart:11:3:
            Error: Type 'Mat2D' not found.
              Mat2D get pathTransform => worldTransform;
              ^^^^^
            /C:/Users/subhabrata/AppData/Local/Pub/Cache/hosted/pub.dev/rive-0.12.4/lib/src/rive_core/shapes/parametric_path.dart:14:3:
            Error: Type 'Mat2D' not found.
              Mat2D get inversePathTransform => inverseWorldTransform;
              ^^^^^
            lib/src/features/course/pesentation/pages/home/home.dart:27:17:
            Error: Undefined name 'FirebaseAuth'.
              final _user = FirebaseAuth.instance.currentUser;
                            ^^^^^^^^^^^^
            lib/firebase_options.dart:43:38:
            Error: Method not found: 'FirebaseOptions'.
              static const FirebaseOptions web = FirebaseOptions(
                                                 ^^^^^^^^^^^^^^^
            lib/firebase_options.dart:54:42:
            Error: Method not found: 'FirebaseOptions'.
              static const FirebaseOptions android = FirebaseOptions(
                                                     ^^^^^^^^^^^^^^^
            lib/firebase_options.dart:63:38:
            Error: Method not found: 'FirebaseOptions'.
              static const FirebaseOptions ios = FirebaseOptions(
                                                 ^^^^^^^^^^^^^^^
            lib/firebase_options.dart:75:40:
            Error: Method not found: 'FirebaseOptions'.
              static const FirebaseOptions macos = FirebaseOptions(
                                                   ^^^^^^^^^^^^^^^
            lib/firebase_options.dart:87:42:
            Error: Method not found: 'FirebaseOptions'.
              static const FirebaseOptions windows = FirebaseOptions(
                                                     ^^^^^^^^^^^^^^^
            lib/src/features/course/pesentation/pages/course_detail/course_detail.dart:21:32:
            Error: A value of type 'Map<dynamic, dynamic>' can't be assigned to a variable of type 'Map<String, invalid-type>'.
             - 'Map' is from 'dart:core'.
                this.sectionPurchaseDate = const {}, required int initialTab,
                                           ^
            lib/src/features/course/pesentation/pages/course_detail/widgets/course_detail_tabbar.dart:23:32:
            Error: A value of type 'Map<dynamic, dynamic>' can't be assigned to a variable of type 'Map<String, invalid-type>'.
             - 'Map' is from 'dart:core'.
                this.sectionPurchaseDate = const {},
                                           ^
            lib/src/features/course/pesentation/pages/course_detail/widgets/course_detail_lesson_list.dart:17:32:
            Error: A value of type 'Map<dynamic, dynamic>' can't be assigned to a variable of type 'Map<String, invalid-type>'.
             - 'Map' is from 'dart:core'.
                this.sectionPurchaseDate = const {},
                                           ^
            lib/main.dart:24:11:
            Error: Undefined name 'Firebase'.
                await Firebase.initializeApp(
                      ^^^^^^^^
            lib/main.dart:95:29:
            Error: 'User' isn't a type.
                    home: StreamBuilder<User?>(
                                        ^^^^
            lib/main.dart:96:19:
            Error: The getter 'FirebaseAuth' isn't defined for the type 'MyApp'.
             - 'MyApp' is from 'package:online_course/main.dart' ('lib/main.dart').
                      stream: FirebaseAuth.instance.authStateChanges(),
                              ^^^^^^^^^^^^
            lib/firebase_options.dart:43:16:
            Error: 'FirebaseOptions' isn't a type.
              static const FirebaseOptions web = FirebaseOptions(
                           ^^^^^^^^^^^^^^^
            lib/firebase_options.dart:54:16:
            Error: 'FirebaseOptions' isn't a type.
              static const FirebaseOptions android = FirebaseOptions(
                           ^^^^^^^^^^^^^^^
            lib/firebase_options.dart:63:16:
            Error: 'FirebaseOptions' isn't a type.
              static const FirebaseOptions ios = FirebaseOptions(
                           ^^^^^^^^^^^^^^^
            lib/firebase_options.dart:75:16:
            Error: 'FirebaseOptions' isn't a type.
              static const FirebaseOptions macos = FirebaseOptions(
                           ^^^^^^^^^^^^^^^
            lib/firebase_options.dart:87:16:
            Error: 'FirebaseOptions' isn't a type.
              static const FirebaseOptions windows = FirebaseOptions(
                           ^^^^^^^^^^^^^^^
            lib/src/features/onboarding/presentation/onboarding_screen.dart:27:9:
            Error: 'FirebaseAuth' isn't a type.
              final FirebaseAuth _auth = FirebaseAuth.instance;
                    ^^^^^^^^^^^^
            lib/src/features/onboarding/presentation/onboarding_screen.dart:27:30:
            Error: Undefined name 'FirebaseAuth'.
              final FirebaseAuth _auth = FirebaseAuth.instance;
                                         ^^^^^^^^^^^^
            lib/src/features/onboarding/presentation/onboarding_screen.dart:428:17:
            Error: 'User' isn't a type.
              void navigete(User user) async {
                            ^^^^
            lib/src/features/onboarding/presentation/onboarding_screen.dart:430:30:
            Error: The getter 'FirebaseFirestore' isn't defined for the type '_OnboardingScreenState'.
             - '_OnboardingScreenState' is from 'package:online_course/src/features/onboarding/presentation/onboarding_screen.dart' ('lib/src/features/onboarding/presentation/onboarding_screen.dart').
                  final userData = await FirebaseFirestore.instance
                                         ^^^^^^^^^^^^^^^^^
            lib/src/features/onboarding/presentation/onboarding_screen.dart:481:20:
            Error: The getter 'FirebaseAuth' isn't defined for the type '_OnboardingScreenState'.
             - '_OnboardingScreenState' is from 'package:online_course/src/features/onboarding/presentation/onboarding_screen.dart' ('lib/src/features/onboarding/presentation/onboarding_screen.dart').
                  final user = FirebaseAuth.instance.currentUser;
                               ^^^^^^^^^^^^
            lib/src/features/login/presentation/auth_gate.dart:18:26:
            Error: 'DocumentSnapshot' isn't a type.
                return StreamBuilder<DocumentSnapshot>(
                                     ^^^^^^^^^^^^^^^^
            lib/src/features/login/presentation/auth_gate.dart:15:18:
            Error: The getter 'FirebaseAuth' isn't defined for the type 'AuthGate'.
             - 'AuthGate' is from 'package:online_course/src/features/login/presentation/auth_gate.dart' ('lib/src/features/login/presentation/auth_gate.dart').
                final user = FirebaseAuth.instance.currentUser!;
                             ^^^^^^^^^^^^
            lib/src/features/login/presentation/auth_gate.dart:19:15:
            Error: The getter 'FirebaseFirestore' isn't defined for the type 'AuthGate'.
             - 'AuthGate' is from 'package:online_course/src/features/login/presentation/auth_gate.dart' ('lib/src/features/login/presentation/auth_gate.dart').
                  stream: FirebaseFirestore.instance.collection('users').doc(user.uid).snapshots(),
                          ^^^^^^^^^^^^^^^^^
            /C:/Users/subhabrata/AppData/Local/Pub/Cache/hosted/pub.dev/cloud_firestore_web-5.1.1/lib/cloud_firestore_web.dart:56:25:
            Error: 'FirebaseApp' isn't a type.
              FirebaseFirestoreWeb({FirebaseApp? app, String? databaseId})
                                    ^^^^^^^^^^^
            /C:/Users/subhabrata/AppData/Local/Pub/Cache/hosted/pub.dev/cloud_firestore_web-5.1.1/lib/cloud_firestore_web.dart:63:17:
            Error: 'FirebaseApp' isn't a type.
                  {required FirebaseApp app, required String databaseId}) {
                            ^^^^^^^^^^^
            /C:/Users/subhabrata/AppData/Local/Pub/Cache/hosted/pub.dev/firebase_auth_web-6.1.1/lib/firebase_auth_web.dart:44:29:
            Error: 'FirebaseApp' isn't a type.
              FirebaseAuthWeb({required FirebaseApp app}) : super(appInstance: app) {
                                        ^^^^^^^^^^^
            /C:/Users/subhabrata/AppData/Local/Pub/Cache/hosted/pub.dev/firebase_auth_web-6.1.1/lib/firebase_auth_web.dart:216:46:
            Error: 'FirebaseApp' isn't a type.
              FirebaseAuthPlatform delegateFor({required FirebaseApp app}) {
                                                         ^^^^^^^^^^^
            /C:/Users/subhabrata/AppData/Local/Pub/Cache/hosted/pub.dev/firebase_database_web-0.2.7+2/lib/firebase_database_web.dart:60:17:
            Error: 'FirebaseApp' isn't a type.
                  {required FirebaseApp app, String? databaseURL}) {
                            ^^^^^^^^^^^
            /C:/Users/subhabrata/AppData/Local/Pub/Cache/hosted/pub.dev/firebase_database_web-0.2.7+2/lib/firebase_database_web.dart:122:7:
            Error: 'FirebaseException' isn't a type.
                  FirebaseException exception = convertFirebaseDatabaseException(e);
                  ^^^^^^^^^^^^^^^^^
            /C:/Users/subhabrata/AppData/Local/Pub/Cache/hosted/pub.dev/firebase_database_web-0.2.7+2/lib/src/query_web.dart:129:55:
            Error: The getter 'Firebase' isn't defined for the type 'QueryWeb'.
             - 'QueryWeb' is from 'package:firebase_database_web/firebase_database_web.dart' ('/C:/Users/subhabrata/AppData/Local/Pub/Cache/hosted/pub.dev/firebase_database_web-0.2.7+2/lib/firebase_database_web.dart').
                    _database.app != null ? _database.app!.name : Firebase.app().name;
                                                                  ^^^^^^^^
            /C:/Users/subhabrata/AppData/Local/Pub/Cache/hosted/pub.dev/firebase_database_web-0.2.7+2/lib/src/utils/exception.dart:36:10:
            Error: Method not found: 'FirebaseException'.
              return FirebaseException(
                     ^^^^^^^^^^^^^^^^^
            lib/src/features/course/data/datasources/course_remote_data_source.dart:24:7:
            Error: 'QuerySnapshot' isn't a type.
                  QuerySnapshot querySnapshot = await FirebaseFirestore.instance
                  ^^^^^^^^^^^^^
            lib/src/features/course/data/datasources/course_remote_data_source.dart:24:43:
            Error: The getter 'FirebaseFirestore' isn't defined for the type 'CourseRemoteDataSourceImpl'.
             - 'CourseRemoteDataSourceImpl' is from 'package:online_course/src/features/course/data/datasources/course_remote_data_source.dart' ('lib/src/features/course/data/datasources/course_remote_data_source.dart').
                  QuerySnapshot querySnapshot = await FirebaseFirestore.instance
                                                      ^^^^^^^^^^^^^^^^^
            lib/src/features/course/data/datasources/course_remote_data_source.dart:63:7:
            Error: 'QuerySnapshot' isn't a type.
                  QuerySnapshot querySnapshot = await FirebaseFirestore.instance
                  ^^^^^^^^^^^^^
            lib/src/features/course/data/datasources/course_remote_data_source.dart:63:43:
            Error: The getter 'FirebaseFirestore' isn't defined for the type 'CourseRemoteDataSourceImpl'.
             - 'CourseRemoteDataSourceImpl' is from 'package:online_course/src/features/course/data/datasources/course_remote_data_source.dart' ('lib/src/features/course/data/datasources/course_remote_data_source.dart').
                  QuerySnapshot querySnapshot = await FirebaseFirestore.instance
                                                      ^^^^^^^^^^^^^^^^^
            lib/src/features/course/data/datasources/course_remote_data_source.dart:98:7:
            Error: 'QuerySnapshot' isn't a type.
                  QuerySnapshot querySnapshot = await FirebaseFirestore.instance
                  ^^^^^^^^^^^^^
            lib/src/features/course/data/datasources/course_remote_data_source.dart:98:43:
            Error: The getter 'FirebaseFirestore' isn't defined for the type 'CourseRemoteDataSourceImpl'.
             - 'CourseRemoteDataSourceImpl' is from 'package:online_course/src/features/course/data/datasources/course_remote_data_source.dart' ('lib/src/features/course/data/datasources/course_remote_data_source.dart').
                  QuerySnapshot querySnapshot = await FirebaseFirestore.instance
                                                      ^^^^^^^^^^^^^^^^^
            lib/core/services/auth_service.dart:6:3:
            Error: 'User' isn't a type.
              User? user = FirebaseAuth.instance.currentUser;
              ^^^^
            lib/core/services/auth_service.dart:6:16:
            Error: Undefined name 'FirebaseAuth'.
              User? user = FirebaseAuth.instance.currentUser;
                           ^^^^^^^^^^^^
            lib/core/services/auth_service.dart:9:12:
            Error: Undefined name 'FirebaseAuth'.
                return FirebaseAuth.instance.currentUser;
                       ^^^^^^^^^^^^
            lib/core/services/auth_service.dart:13:5:
            Error: 'FirebaseAuth' isn't a type.
                FirebaseAuth auth = FirebaseAuth.instance;
                ^^^^^^^^^^^^
            lib/core/services/auth_service.dart:13:25:
            Error: The getter 'FirebaseAuth' isn't defined for the type 'AuthService'.
             - 'AuthService' is from 'package:online_course/core/services/auth_service.dart' ('lib/core/services/auth_service.dart').
                FirebaseAuth auth = FirebaseAuth.instance;
                                    ^^^^^^^^^^^^
            lib/core/services/auth_service.dart:31:5:
            Error: 'FirebaseAuth' isn't a type.
                FirebaseAuth auth = FirebaseAuth.instance;
                ^^^^^^^^^^^^
            lib/core/services/auth_service.dart:36:9:
            Error: 'GoogleAuthProvider' isn't a type.
                    GoogleAuthProvider authProvider = GoogleAuthProvider();
                    ^^^^^^^^^^^^^^^^^^
            lib/core/services/auth_service.dart:75:15:
            Error: 'AuthCredential' isn't a type.
                    final AuthCredential credential = GoogleAuthProvider.credential(
                          ^^^^^^^^^^^^^^
            lib/core/services/auth_service.dart:82:17:
            Error: 'UserCredential' isn't a type.
                      final UserCredential userCredential =
                            ^^^^^^^^^^^^^^
            lib/core/services/auth_service.dart:89:14:
            Error: 'FirebaseAuthException' isn't a type.
                    } on FirebaseAuthException catch (e) {
                         ^^^^^^^^^^^^^^^^^^^^^
            lib/core/services/auth_service.dart:31:25:
            Error: The getter 'FirebaseAuth' isn't defined for the type 'AuthService'.
             - 'AuthService' is from 'package:online_course/core/services/auth_service.dart' ('lib/core/services/auth_service.dart').
                FirebaseAuth auth = FirebaseAuth.instance;
                                    ^^^^^^^^^^^^
            lib/core/services/auth_service.dart:36:43:
            Error: The method 'GoogleAuthProvider' isn't defined for the type 'AuthService'.
             - 'AuthService' is from 'package:online_course/core/services/auth_service.dart' ('lib/core/services/auth_service.dart').
                    GoogleAuthProvider authProvider = GoogleAuthProvider();
                                                      ^^^^^^^^^^^^^^^^^^
            lib/core/services/auth_service.dart:75:43:
            Error: The getter 'GoogleAuthProvider' isn't defined for the type 'AuthService'.
             - 'AuthService' is from 'package:online_course/core/services/auth_service.dart' ('lib/core/services/auth_service.dart').
                    final AuthCredential credential = GoogleAuthProvider.credential(
                                                      ^^^^^^^^^^^^^^^^^^
            lib/src/features/collection_form/collection_form.dart:53:15:
            Error: The getter 'FirebaseFirestore' isn't defined for the type '_CollectionFormState'.
             - '_CollectionFormState' is from 'package:online_course/src/features/collection_form/collection_form.dart' ('lib/src/features/collection_form/collection_form.dart').
                    await FirebaseFirestore.instance
                          ^^^^^^^^^^^^^^^^^
            lib/src/features/collection_form/collection_form.dart:56:28:
            Error: The method 'SetOptions' isn't defined for the type '_CollectionFormState'.
             - '_CollectionFormState' is from 'package:online_course/src/features/collection_form/collection_form.dart' ('lib/src/features/collection_form/collection_form.dart').
                        .set(formData, SetOptions(merge: true));
                                       ^^^^^^^^^^
            lib/src/features/onboarding/presentation/syllabus_setup_screen.dart:118:26:
            Error: The getter 'FirebaseFirestore' isn't defined for the type '_StudentOnboardingPageState'.
             - '_StudentOnboardingPageState' is from 'package:online_course/src/features/onboarding/presentation/syllabus_setup_screen.dart' ('lib/src/features/onboarding/presentation/syllabus_setup_screen.dart').
                  final snap = await FirebaseFirestore.instance
                                     ^^^^^^^^^^^^^^^^^
            lib/src/features/onboarding/presentation/syllabus_setup_screen.dart:131:26:
            Error: The getter 'FirebaseFirestore' isn't defined for the type '_StudentOnboardingPageState'.
             - '_StudentOnboardingPageState' is from 'package:online_course/src/features/onboarding/presentation/syllabus_setup_screen.dart' ('lib/src/features/onboarding/presentation/syllabus_setup_screen.dart').
                  final snap = await FirebaseFirestore.instance
                                     ^^^^^^^^^^^^^^^^^
            lib/src/features/onboarding/presentation/syllabus_setup_screen.dart:190:13:
            Error: The getter 'FirebaseFirestore' isn't defined for the type '_StudentOnboardingPageState'.
             - '_StudentOnboardingPageState' is from 'package:online_course/src/features/onboarding/presentation/syllabus_setup_screen.dart' ('lib/src/features/onboarding/presentation/syllabus_setup_screen.dart').
                  await FirebaseFirestore.instance.collection('users').doc(widget.userId).set({
                        ^^^^^^^^^^^^^^^^^
            lib/src/features/onboarding/presentation/syllabus_setup_screen.dart:205:22:
            Error: The getter 'FieldValue' isn't defined for the type '_StudentOnboardingPageState'.
             - '_StudentOnboardingPageState' is from 'package:online_course/src/features/onboarding/presentation/syllabus_setup_screen.dart' ('lib/src/features/onboarding/presentation/syllabus_setup_screen.dart').
                    'updatedAt': FieldValue.serverTimestamp(),
                                 ^^^^^^^^^^
            lib/src/features/onboarding/presentation/syllabus_setup_screen.dart:206:10:
            Error: The method 'SetOptions' isn't defined for the type '_StudentOnboardingPageState'.
             - '_StudentOnboardingPageState' is from 'package:online_course/src/features/onboarding/presentation/syllabus_setup_screen.dart' ('lib/src/features/onboarding/presentation/syllabus_setup_screen.dart').
                  }, SetOptions(merge: true));
                     ^^^^^^^^^^
            lib/src/features/onboarding/presentation/syllabus_setup_screen.dart:760:29:
            Error: 'DocumentSnapshot' isn't a type.
              factory _DropItem.fromDoc(DocumentSnapshot doc) {
                                        ^^^^^^^^^^^^^^^^
            lib/src/features/onboarding/presentation/syllabus_setup_screen.dart:840:26:
            Error: The getter 'FirebaseFirestore' isn't defined for the type '_StudentDashboardPageState'.
             - '_StudentDashboardPageState' is from 'package:online_course/src/features/onboarding/presentation/syllabus_setup_screen.dart' ('lib/src/features/onboarding/presentation/syllabus_setup_screen.dart').
                  final snap = await FirebaseFirestore.instance
                                     ^^^^^^^^^^^^^^^^^
            lib/src/features/onboarding/presentation/syllabus_setup_screen.dart:864:13:
            Error: The getter 'FirebaseFirestore' isn't defined for the type '_StudentDashboardPageState'.
             - '_StudentDashboardPageState' is from 'package:online_course/src/features/onboarding/presentation/syllabus_setup_screen.dart' ('lib/src/features/onboarding/presentation/syllabus_setup_screen.dart').
                  await FirebaseFirestore.instance.collection('users').doc(widget.userId).update({
                        ^^^^^^^^^^^^^^^^^
            lib/src/features/onboarding/presentation/syllabus_setup_screen.dart:984:30:
            Error: 'QuerySnapshot' isn't a type.
                    child: StreamBuilder<QuerySnapshot>(
                                         ^^^^^^^^^^^^^
            lib/src/features/onboarding/presentation/syllabus_setup_screen.dart:986:19:
            Error: The getter 'FirebaseFirestore' isn't defined for the type '_StudentDashboardPageState'.
             - '_StudentDashboardPageState' is from 'package:online_course/src/features/onboarding/presentation/syllabus_setup_screen.dart' ('lib/src/features/onboarding/presentation/syllabus_setup_screen.dart').
                      stream: FirebaseFirestore.instance.collection('syllabus_nodes')
                              ^^^^^^^^^^^^^^^^^
            lib/src/features/onboarding/presentation/syllabus_setup_screen.dart:1065:26:
            Error: 'DocumentSnapshot' isn't a type.
                return FutureBuilder<DocumentSnapshot>(
                                     ^^^^^^^^^^^^^^^^
            lib/src/features/onboarding/presentation/syllabus_setup_screen.dart:1156:27:
            Error: 'QuerySnapshot' isn't a type.
                        StreamBuilder<QuerySnapshot>(
                                      ^^^^^^^^^^^^^
            lib/src/features/onboarding/presentation/syllabus_setup_screen.dart:1066:15:
            Error: The getter 'FirebaseFirestore' isn't defined for the type '_StudentDashboardPageState'.
             - '_StudentDashboardPageState' is from 'package:online_course/src/features/onboarding/presentation/syllabus_setup_screen.dart' ('lib/src/features/onboarding/presentation/syllabus_setup_screen.dart').
                  future: FirebaseFirestore.instance.collection('users').doc(widget.userId).get(),
                          ^^^^^^^^^^^^^^^^^
            lib/src/features/onboarding/presentation/syllabus_setup_screen.dart:1157:23:
            Error: The getter 'FirebaseFirestore' isn't defined for the type '_StudentDashboardPageState'.
             - '_StudentDashboardPageState' is from 'package:online_course/src/features/onboarding/presentation/syllabus_setup_screen.dart' ('lib/src/features/onboarding/presentation/syllabus_setup_screen.dart').
                          stream: FirebaseFirestore.instance.collection('syllabus_nodes')
                                  ^^^^^^^^^^^^^^^^^
            lib/src/features/onboarding/presentation/syllabus_setup_screen.dart:1359:21:
            Error: The getter 'FirebaseFirestore' isn't defined for the type '_StudentDashboardPageState'.
             - '_StudentDashboardPageState' is from 'package:online_course/src/features/onboarding/presentation/syllabus_setup_screen.dart' ('lib/src/features/onboarding/presentation/syllabus_setup_screen.dart').
                          await FirebaseFirestore.instance
                                ^^^^^^^^^^^^^^^^^
            lib/src/features/onboarding/presentation/syllabus_setup_screen.dart:1555:26:
            Error: 'DocumentSnapshot' isn't a type.
                return StreamBuilder<DocumentSnapshot>(
                                     ^^^^^^^^^^^^^^^^
            lib/src/features/onboarding/presentation/syllabus_setup_screen.dart:1549:18:
            Error: The getter 'FirebaseAuth' isn't defined for the type 'DashboardLoader'.
             - 'DashboardLoader' is from 'package:online_course/src/features/onboarding/presentation/syllabus_setup_screen.dart' ('lib/src/features/onboarding/presentation/syllabus_setup_screen.dart').
                final user = FirebaseAuth.instance.currentUser;
                             ^^^^^^^^^^^^
            lib/src/features/onboarding/presentation/syllabus_setup_screen.dart:1556:15:
            Error: The getter 'FirebaseFirestore' isn't defined for the type 'DashboardLoader'.
             - 'DashboardLoader' is from 'package:online_course/src/features/onboarding/presentation/syllabus_setup_screen.dart' ('lib/src/features/onboarding/presentation/syllabus_setup_screen.dart').
                  stream: FirebaseFirestore.instance.collection('users').doc(user.uid).snapshots(),
                          ^^^^^^^^^^^^^^^^^
            lib/src/features/onboarding/presentation/syllabus_setup_screen.dart:1685:26:
            Error: 'DocumentSnapshot' isn't a type.
                return FutureBuilder<DocumentSnapshot>(
                                     ^^^^^^^^^^^^^^^^
            lib/src/features/onboarding/presentation/syllabus_setup_screen.dart:1686:15:
            Error: The getter 'FirebaseFirestore' isn't defined for the type '_SubjectCard'.
             - '_SubjectCard' is from 'package:online_course/src/features/onboarding/presentation/syllabus_setup_screen.dart' ('lib/src/features/onboarding/presentation/syllabus_setup_screen.dart').
                  future: FirebaseFirestore.instance
                          ^^^^^^^^^^^^^^^^^
            lib/src/features/onboarding/presentation/syllabus_setup_screen.dart:1687:36:
            Error: The getter 'FirebaseAuth' isn't defined for the type '_SubjectCard'.
             - '_SubjectCard' is from 'package:online_course/src/features/onboarding/presentation/syllabus_setup_screen.dart' ('lib/src/features/onboarding/presentation/syllabus_setup_screen.dart').
                      .collection('users').doc(FirebaseAuth.instance.currentUser?.uid).get(),
                                               ^^^^^^^^^^^^
            lib/src/features/onboarding/presentation/syllabus_setup_screen.dart:1697:26:
            Error: The getter 'FirebaseAuth' isn't defined for the type '_SubjectCard'.
             - '_SubjectCard' is from 'package:online_course/src/features/onboarding/presentation/syllabus_setup_screen.dart' ('lib/src/features/onboarding/presentation/syllabus_setup_screen.dart').
                        final user = FirebaseAuth.instance.currentUser;
                                     ^^^^^^^^^^^^
            lib/src/features/onboarding/presentation/syllabus_setup_screen.dart:1699:35:
            Error: The getter 'FirebaseFirestore' isn't defined for the type '_SubjectCard'.
             - '_SubjectCard' is from 'package:online_course/src/features/onboarding/presentation/syllabus_setup_screen.dart' ('lib/src/features/onboarding/presentation/syllabus_setup_screen.dart').
                        final userDoc = await FirebaseFirestore.instance.collection('users').doc(user.uid).get();
                                              ^^^^^^^^^^^^^^^^^
            lib/src/features/onboarding/presentation/syllabus_setup_screen.dart:1864:18:
            Error: The getter 'FirebaseAuth' isn't defined for the type '_PremiumPaymentBottomSheetState'.
             - '_PremiumPaymentBottomSheetState' is from 'package:online_course/src/features/onboarding/presentation/syllabus_setup_screen.dart' ('lib/src/features/onboarding/presentation/syllabus_setup_screen.dart').
                final user = FirebaseAuth.instance.currentUser;
                             ^^^^^^^^^^^^
            lib/src/features/onboarding/presentation/syllabus_setup_screen.dart:1866:13:
            Error: The getter 'FirebaseFirestore' isn't defined for the type '_PremiumPaymentBottomSheetState'.
             - '_PremiumPaymentBottomSheetState' is from 'package:online_course/src/features/onboarding/presentation/syllabus_setup_screen.dart' ('lib/src/features/onboarding/presentation/syllabus_setup_screen.dart').
                  await FirebaseFirestore.instance.collection('users').doc(user.uid).set(
                        ^^^^^^^^^^^^^^^^^
            lib/src/features/onboarding/presentation/syllabus_setup_screen.dart:1867:34:
            Error: The getter 'FieldValue' isn't defined for the type '_PremiumPaymentBottomSheetState'.
             - '_PremiumPaymentBottomSheetState' is from 'package:online_course/src/features/onboarding/presentation/syllabus_setup_screen.dart' ('lib/src/features/onboarding/presentation/syllabus_setup_screen.dart').
                      {'purchased_subjects': FieldValue.arrayUnion([widget.subjectId])},
                                             ^^^^^^^^^^
            lib/src/features/onboarding/presentation/syllabus_setup_screen.dart:1868:11:
            Error: The method 'SetOptions' isn't defined for the type '_PremiumPaymentBottomSheetState'.
             - '_PremiumPaymentBottomSheetState' is from 'package:online_course/src/features/onboarding/presentation/syllabus_setup_screen.dart' ('lib/src/features/onboarding/presentation/syllabus_setup_screen.dart').
                      SetOptions(merge: true));
                      ^^^^^^^^^^
            lib/src/features/onboarding/presentation/syllabus_setup_screen.dart:2029:25:
            Error: The getter 'FirebaseFirestore' isn't defined for the type '_FreeSubjectDetailsScreenState'.
             - '_FreeSubjectDetailsScreenState' is from 'package:online_course/src/features/onboarding/presentation/syllabus_setup_screen.dart' ('lib/src/features/onboarding/presentation/syllabus_setup_screen.dart').
                  final doc = await FirebaseFirestore.instance
                                    ^^^^^^^^^^^^^^^^^
            lib/src/features/course/pesentation/pages/quiz/quiz_page.dart:236:36:
            Error: 'QuerySnapshot' isn't a type.
                          child: StreamBuilder<QuerySnapshot>(
                                               ^^^^^^^^^^^^^
            lib/src/features/course/pesentation/pages/quiz/quiz_page.dart:237:25:
            Error: The getter 'FirebaseFirestore' isn't defined for the type '_QuizMainPageState'.
             - '_QuizMainPageState' is from 'package:online_course/src/features/course/pesentation/pages/quiz/quiz_page.dart' ('lib/src/features/course/pesentation/pages/quiz/quiz_page.dart').
                            stream: FirebaseFirestore.instance.collection('exams').snapshots(),
                                    ^^^^^^^^^^^^^^^^^
            lib/src/features/course/pesentation/pages/my_course/my_course.dart:32:5:
            Error: 'User' isn't a type.
                User? user = FirebaseAuth.instance.currentUser;
                ^^^^
            lib/src/features/course/pesentation/pages/my_course/my_course.dart:32:18:
            Error: The getter 'FirebaseAuth' isn't defined for the type '_MyCoursePageState'.
             - '_MyCoursePageState' is from 'package:online_course/src/features/course/pesentation/pages/my_course/my_course.dart' ('lib/src/features/course/pesentation/pages/my_course/my_course.dart').
                User? user = FirebaseAuth.instance.currentUser;
                             ^^^^^^^^^^^^
            lib/src/features/course/pesentation/pages/my_course/my_course.dart:35:46:
            Error: The getter 'FirebaseFirestore' isn't defined for the type '_MyCoursePageState'.
             - '_MyCoursePageState' is from 'package:online_course/src/features/course/pesentation/pages/my_course/my_course.dart' ('lib/src/features/course/pesentation/pages/my_course/my_course.dart').
                  final purchasedCoursesSnapshot = await FirebaseFirestore.instance
                                                         ^^^^^^^^^^^^^^^^^
            lib/src/features/course/pesentation/pages/home/home.dart:192:25:
            Error: The getter 'FirebaseFirestore' isn't defined for the type '_HomePageState'.
             - '_HomePageState' is from 'package:online_course/src/features/course/pesentation/pages/home/home.dart' ('lib/src/features/course/pesentation/pages/home/home.dart').
                  final doc = await FirebaseFirestore.instance
                                    ^^^^^^^^^^^^^^^^^
            lib/src/features/course/pesentation/pages/home/home.dart:212:20:
            Error: The getter 'FirebaseAuth' isn't defined for the type '_HomePageState'.
             - '_HomePageState' is from 'package:online_course/src/features/course/pesentation/pages/home/home.dart' ('lib/src/features/course/pesentation/pages/home/home.dart').
                  final user = FirebaseAuth.instance.currentUser;
                               ^^^^^^^^^^^^
            lib/src/features/course/pesentation/pages/home/home.dart:215:13:
            Error: The getter 'FirebaseFirestore' isn't defined for the type '_HomePageState'.
             - '_HomePageState' is from 'package:online_course/src/features/course/pesentation/pages/home/home.dart' ('lib/src/features/course/pesentation/pages/home/home.dart').
                  await FirebaseFirestore.instance.collection('users').doc(user.uid).set({
                        ^^^^^^^^^^^^^^^^^
            lib/src/features/course/pesentation/pages/home/home.dart:220:10:
            Error: The method 'SetOptions' isn't defined for the type '_HomePageState'.
             - '_HomePageState' is from 'package:online_course/src/features/course/pesentation/pages/home/home.dart' ('lib/src/features/course/pesentation/pages/home/home.dart').
                  }, SetOptions(merge: true));
                     ^^^^^^^^^^
            lib/src/features/course/pesentation/pages/home/home.dart:229:5:
            Error: The getter 'FirebaseFirestore' isn't defined for the type '_HomePageState'.
             - '_HomePageState' is from 'package:online_course/src/features/course/pesentation/pages/home/home.dart' ('lib/src/features/course/pesentation/pages/home/home.dart').
                FirebaseFirestore.instance
                ^^^^^^^^^^^^^^^^^
            /C:/Users/subhabrata/AppData/Local/Pub/Cache/hosted/pub.dev/cloud_firestore_web-5.1.1/lib/src/interop/firestore.dart:212:13:
            Error: The method 'FirebaseException' isn't defined for the type 'Firestore'.
             - 'Firestore' is from 'package:cloud_firestore_web/src/interop/firestore.dart' ('/C:/Users/subhabrata/AppData/Local/Pub/Cache/hosted/pub.dev/cloud_firestore_web-5.1.1/lib/src/interop/firestore.dart').
                  throw FirebaseException(
                        ^^^^^^^^^^^^^^^^^
            /C:/Users/subhabrata/AppData/Local/Pub/Cache/hosted/pub.dev/cloud_firestore_web-5.1.1/lib/src/interop/firestore.dart:268:13:
            Error: The method 'FirebaseException' isn't defined for the type 'LoadBundleTask'.
             - 'LoadBundleTask' is from 'package:cloud_firestore_web/src/interop/firestore.dart' ('/C:/Users/subhabrata/AppData/Local/Pub/Cache/hosted/pub.dev/cloud_firestore_web-5.1.1/lib/src/interop/firestore.dart').
                        FirebaseException(
                        ^^^^^^^^^^^^^^^^^
            lib/src/features/course/data/models/news_model.dart:32:35:
            Error: 'DocumentSnapshot' isn't a type.
              factory NewsModel.fromFirestore(DocumentSnapshot doc) {
                                              ^^^^^^^^^^^^^^^^
            lib/src/features/course/data/models/news_model.dart:37:49:
            Error: 'Timestamp' isn't a type.
                if (data['date'] != null && data['date'] is Timestamp) {
                                                            ^^^^^^^^^
            lib/src/features/course/data/models/news_model.dart:38:37:
            Error: 'Timestamp' isn't a type.
                  parsedDate = (data['date'] as Timestamp).toDate();
                                                ^^^^^^^^^
            lib/src/features/course/data/models/news_model.dart:39:66:
            Error: 'Timestamp' isn't a type.
                } else if (data['createdAt'] != null && data['createdAt'] is Timestamp) {
                                                                             ^^^^^^^^^
            lib/src/features/course/data/models/news_model.dart:40:42:
            Error: 'Timestamp' isn't a type.
                  parsedDate = (data['createdAt'] as Timestamp).toDate();
                                                     ^^^^^^^^^
            lib/src/features/course/data/models/news_model.dart:47:59:
            Error: 'Timestamp' isn't a type.
                if (data['createdAt'] != null && data['createdAt'] is Timestamp) {
                                                                      ^^^^^^^^^
            lib/src/features/course/data/models/news_model.dart:48:47:
            Error: 'Timestamp' isn't a type.
                  parsedCreatedAt = (data['createdAt'] as Timestamp).toDate();
                                                          ^^^^^^^^^
            lib/src/features/course/data/models/news_model.dart:74:15:
            Error: The getter 'Timestamp' isn't defined for the type 'NewsModel'.
             - 'NewsModel' is from 'package:online_course/src/features/course/data/models/news_model.dart' ('lib/src/features/course/data/models/news_model.dart').
                  'date': Timestamp.fromDate(date),
                          ^^^^^^^^^
            lib/src/features/course/data/models/news_model.dart:78:20:
            Error: The getter 'Timestamp' isn't defined for the type 'NewsModel'.
             - 'NewsModel' is from 'package:online_course/src/features/course/data/models/news_model.dart' ('lib/src/features/course/data/models/news_model.dart').
                  'createdAt': Timestamp.fromDate(createdAt),
                               ^^^^^^^^^
            lib/core/services/news_service.dart:6:9:
            Error: 'FirebaseFirestore' isn't a type.
              final FirebaseFirestore _firestore = FirebaseFirestore.instance;
                    ^^^^^^^^^^^^^^^^^
            lib/core/services/news_service.dart:6:40:
            Error: Undefined name 'FirebaseFirestore'.
              final FirebaseFirestore _firestore = FirebaseFirestore.instance;
                                                   ^^^^^^^^^^^^^^^^^
            lib/core/services/news_service.dart:35:7:
            Error: 'QuerySnapshot' isn't a type.
                  QuerySnapshot snapshot = await _firestore
                  ^^^^^^^^^^^^^
            lib/core/services/news_service.dart:61:7:
            Error: 'QuerySnapshot' isn't a type.
                  QuerySnapshot snapshot = await _firestore
                  ^^^^^^^^^^^^^
            lib/core/services/news_service.dart:80:7:
            Error: 'DocumentSnapshot' isn't a type.
                  DocumentSnapshot doc = await _firestore
                  ^^^^^^^^^^^^^^^^
            lib/src/features/course/pesentation/pages/news/news_detail_screen.dart:25:15:
            Error: The getter 'Share' isn't defined for the type 'NewsDetailScreen'.
             - 'NewsDetailScreen' is from 'package:online_course/src/features/course/pesentation/pages/news/news_detail_screen.dart' ('lib/src/features/course/pesentation/pages/news/news_detail_screen.dart').
                          Share.share(
                          ^^^^^
            lib/src/features/course/data/models/quiz_models.dart:87:33:
            Error: The getter 'FieldValue' isn't defined for the type 'Quiz'.
             - 'Quiz' is from 'package:online_course/src/features/course/data/models/quiz_models.dart' ('lib/src/features/course/data/models/quiz_models.dart').
                  'createdAt': createdAt ?? FieldValue.serverTimestamp(),
                                            ^^^^^^^^^^
            lib/src/features/course/data/models/quiz_models.dart:91:30:
            Error: 'DocumentSnapshot' isn't a type.
              factory Quiz.fromFirestore(DocumentSnapshot doc, {String? categoryId}) {
                                         ^^^^^^^^^^^^^^^^
            lib/src/features/course/data/models/quiz_models.dart:122:40:
            Error: 'Timestamp' isn't a type.
                  createdAt: (data['createdAt'] as Timestamp?)?.toDate(),
                                                   ^^^^^^^^^
            lib/src/features/course/data/models/quiz_models.dart:198:34:
            Error: 'DocumentSnapshot' isn't a type.
              factory Question.fromFirestore(DocumentSnapshot doc) {
                                             ^^^^^^^^^^^^^^^^
            lib/src/features/course/data/models/quiz_models.dart:285:37:
            Error: 'DocumentSnapshot' isn't a type.
              factory QuizAttempt.fromFirestore(DocumentSnapshot doc) {
                                                ^^^^^^^^^^^^^^^^
            lib/src/features/course/data/models/quiz_models.dart:290:18:
            Error: 'Timestamp' isn't a type.
                  if (val is Timestamp) return val.toDate();
                             ^^^^^^^^^
            lib/src/features/course/pesentation/pages/quiz/widgets/quiz_service.dart:8:9:
            Error: 'FirebaseFirestore' isn't a type.
              final FirebaseFirestore _firestore = FirebaseFirestore.instance;
                    ^^^^^^^^^^^^^^^^^
            lib/src/features/course/pesentation/pages/quiz/widgets/quiz_service.dart:8:40:
            Error: Undefined name 'FirebaseFirestore'.
              final FirebaseFirestore _firestore = FirebaseFirestore.instance;
                                                   ^^^^^^^^^^^^^^^^^
            lib/src/features/course/pesentation/pages/quiz/widgets/quiz_service.dart:9:9:
            Error: 'FirebaseAuth' isn't a type.
              final FirebaseAuth _auth = FirebaseAuth.instance;
                    ^^^^^^^^^^^^
            lib/src/features/course/pesentation/pages/quiz/widgets/quiz_service.dart:9:30:
            Error: Undefined name 'FirebaseAuth'.
              final FirebaseAuth _auth = FirebaseAuth.instance;
                                         ^^^^^^^^^^^^
            lib/src/features/course/pesentation/pages/quiz/widgets/quiz_service.dart:215:28:
            Error: The method 'SetOptions' isn't defined for the type 'QuizService'.
             - 'QuizService' is from 'package:online_course/src/features/course/pesentation/pages/quiz/widgets/quiz_service.dart' ('lib/src/features/course/pesentation/pages/quiz/widgets/quiz_service.dart').
                      .set(updateData, SetOptions(merge: true));
                                       ^^^^^^^^^^
            lib/src/features/course/pesentation/pages/quiz/widgets/quiz_service.dart:223:28:
            Error: The method 'SetOptions' isn't defined for the type 'QuizService'.
             - 'QuizService' is from 'package:online_course/src/features/course/pesentation/pages/quiz/widgets/quiz_service.dart' ('lib/src/features/course/pesentation/pages/quiz/widgets/quiz_service.dart').
                      .set(updateData, SetOptions(merge: true));
                                       ^^^^^^^^^^
            lib/src/features/course/pesentation/pages/quiz/widgets/quiz_list_page.dart:58:35:
            Error: The getter 'FirebaseFirestore' isn't defined for the type '_QuizListPageState'.
             - '_QuizListPageState' is from 'package:online_course/src/features/course/pesentation/pages/quiz/widgets/quiz_list_page.dart' ('lib/src/features/course/pesentation/pages/quiz/widgets/quiz_list_page.dart').
                  final querySnapshot = await FirebaseFirestore.instance
                                              ^^^^^^^^^^^^^^^^^
            lib/src/features/course/data/models/cur.model.dart:7:21:
            Error: 'Timestamp' isn't a type.
              final Map<String, Timestamp> sectionPurchaseDate;
                                ^^^^^^^^^
            lib/src/features/course/data/models/cur.model.dart:8:9:
            Error: 'Timestamp' isn't a type.
              final Timestamp purchaseDate;
                    ^^^^^^^^^
            lib/src/features/course/data/models/cur.model.dart:22:48:
            Error: 'Timestamp' isn't a type.
                    purchaseDate: json['purchase_date'] as Timestamp,
                                                           ^^^^^^^^^
            lib/src/features/course/data/models/cur.model.dart:23:42:
            Error: 'Timestamp' isn't a type.
                    sectionPurchaseDate: Map<String, Timestamp>.from(
                                                     ^^^^^^^^^
            lib/src/features/course/pesentation/pages/home/widgets/home_appbar.dart:9:9:
            Error: 'User' isn't a type.
              final User? user;
                    ^^^^
            lib/src/features/course/pesentation/pages/home/widgets/home_category.dart:61:68:
            Error: The getter 'FirebaseFirestore' isn't defined for the type 'HomeCategory'.
             - 'HomeCategory' is from 'package:online_course/src/features/course/pesentation/pages/home/widgets/home_category.dart' ('lib/src/features/course/pesentation/pages/home/widgets/home_category.dart').
                        productRepository: ProductRepository(ProductDataSource(FirebaseFirestore.instance))
                                                                               ^^^^^^^^^^^^^^^^^
            /C:/Users/subhabrata/AppData/Local/Pub/Cache/hosted/pub.dev/cloud_firestore_platform_interface-7.0.5/lib/src/platform_interface/platform_interface_firestore.dart:19:9:
            Error: 'FirebaseApp' isn't a type.
              final FirebaseApp? appInstance;
                    ^^^^^^^^^^^
            /C:/Users/subhabrata/AppData/Local/Pub/Cache/hosted/pub.dev/cloud_firestore_platform_interface-7.0.5/lib/src/platform_interface/platform_interface_firestore.dart:27:27:
            Error: The getter 'Firebase' isn't defined for the type 'FirebaseFirestorePlatform'.
             - 'FirebaseFirestorePlatform' is from 'package:cloud_firestore_platform_interface/src/platform_interface/platform_interface_firestore.dart' ('/C:/Users/subhabrata/AppData/Local/Pub/Cache/hosted/pub.dev/cloud_firestore_platform_interface-7.0.5/lib/src/platform_interface/platform_interface_firestore.dart').
                return appInstance ?? Firebase.app();
                                      ^^^^^^^^
            /C:/Users/subhabrata/AppData/Local/Pub/Cache/hosted/pub.dev/cloud_firestore_platform_interface-7.0.5/lib/src/platform_interface/platform_interface_firestore.dart:41:14:
            Error: 'FirebaseApp' isn't a type.
                required FirebaseApp app,
                         ^^^^^^^^^^^
            /C:/Users/subhabrata/AppData/Local/Pub/Cache/hosted/pub.dev/cloud_firestore_platform_interface-7.0.5/lib/src/platform_interface/platform_interface_firestore.dart:54:14:
            Error: Undefined name 'Firebase'.
                    app: Firebase.app(), databaseId: '(default)');
                         ^^^^^^^^
            /C:/Users/subhabrata/AppData/Local/Pub/Cache/hosted/pub.dev/cloud_firestore_platform_interface-7.0.5/lib/src/platform_interface/platform_interface_firestore.dart:69:17:
            Error: 'FirebaseApp' isn't a type.
                  {required FirebaseApp app, required String databaseId}) {
                            ^^^^^^^^^^^
            /C:/Users/subhabrata/AppData/Local/Pub/Cache/hosted/pub.dev/_flutterfire_internals-1.3.65/lib/_flutterfire_internals.dart:79:10:
            Error: Method not found: 'FirebaseException'.
              return FirebaseException(
                     ^^^^^^^^^^^^^^^^^
            /C:/Users/subhabrata/AppData/Local/Pub/Cache/hosted/pub.dev/firebase_auth_platform_interface-8.1.5/lib/src/platform_interface/platform_interface_firebase_auth.dart:26:9:
            Error: 'FirebaseApp' isn't a type.
              final FirebaseApp? appInstance;
                    ^^^^^^^^^^^
            /C:/Users/subhabrata/AppData/Local/Pub/Cache/hosted/pub.dev/firebase_auth_platform_interface-8.1.5/lib/src/platform_interface/platform_interface_firebase_auth.dart:50:14:
            Error: The getter 'Firebase' isn't defined for the type 'FirebaseAuthPlatform'.
             - 'FirebaseAuthPlatform' is from 'package:firebase_auth_platform_interface/src/platform_interface/platform_interface_firebase_auth.dart' ('/C:/Users/subhabrata/AppData/Local/Pub/Cache/hosted/pub.dev/firebase_auth_platform_interface-8.1.5/lib/src/platform_interface/platform_interface_firebase_auth.dart').
                  return Firebase.app();
                         ^^^^^^^^
            /C:/Users/subhabrata/AppData/Local/Pub/Cache/hosted/pub.dev/firebase_auth_platform_interface-8.1.5/lib/src/platform_interface/platform_interface_firebase_auth.dart:60:14:
            Error: 'FirebaseApp' isn't a type.
                required FirebaseApp app,
                         ^^^^^^^^^^^
            /C:/Users/subhabrata/AppData/Local/Pub/Cache/hosted/pub.dev/firebase_auth_platform_interface-8.1.5/lib/src/platform_interface/platform_interface_firebase_auth.dart:99:46:
            Error: 'FirebaseApp' isn't a type.
              FirebaseAuthPlatform delegateFor({required FirebaseApp app}) {
                                                         ^^^^^^^^^^^
            /C:/Users/subhabrata/AppData/Local/Pub/Cache/hosted/pub.dev/firebase_database_platform_interface-0.3.0+1/lib/src/platform_interface/platform_interface_database.dart:17:9:
            Error: 'FirebaseApp' isn't a type.
              final FirebaseApp? app;
                    ^^^^^^^^^^^
            /C:/Users/subhabrata/AppData/Local/Pub/Cache/hosted/pub.dev/firebase_database_platform_interface-0.3.0+1/lib/src/platform_interface/platform_interface_database.dart:29:14:
            Error: 'FirebaseApp' isn't a type.
                required FirebaseApp app,
                         ^^^^^^^^^^^
            /C:/Users/subhabrata/AppData/Local/Pub/Cache/hosted/pub.dev/firebase_database_platform_interface-0.3.0+1/lib/src/platform_interface/platform_interface_database.dart:59:14:
            Error: 'FirebaseApp' isn't a type.
                required FirebaseApp app,
                         ^^^^^^^^^^^
            /C:/Users/subhabrata/AppData/Local/Pub/Cache/hosted/pub.dev/syncfusion_flutter_pdfviewer-32.1.21/lib/src/pdfviewer.dart:3371:13:
            Error: 'DeviceInfoPlugin' isn't a type.
                  final DeviceInfoPlugin deviceInfo = DeviceInfoPlugin();
                        ^^^^^^^^^^^^^^^^
            /C:/Users/subhabrata/AppData/Local/Pub/Cache/hosted/pub.dev/syncfusion_flutter_pdfviewer-32.1.21/lib/src/pdfviewer.dart:3372:13:
            Error: 'AndroidDeviceInfo' isn't a type.
                  final AndroidDeviceInfo androidInfo = await deviceInfo.androidInfo;
                        ^^^^^^^^^^^^^^^^^
            /C:/Users/subhabrata/AppData/Local/Pub/Cache/hosted/pub.dev/syncfusion_flutter_pdfviewer-32.1.21/lib/src/pdfviewer.dart:3371:43:
            Error: The method 'DeviceInfoPlugin' isn't defined for the type 'SfPdfViewerState'.
             - 'SfPdfViewerState' is from 'package:syncfusion_flutter_pdfviewer/src/pdfviewer.dart' ('/C:/Users/subhabrata/AppData/Local/Pub/Cache/hosted/pub.dev/syncfusion_flutter_pdfviewer-32.1.21/lib/src/pdfviewer.dart').
                  final DeviceInfoPlugin deviceInfo = DeviceInfoPlugin();
                                                      ^^^^^^^^^^^^^^^^
            /C:/Users/subhabrata/AppData/Local/Pub/Cache/hosted/pub.dev/syncfusion_flutter_pdfviewer-32.1.21/lib/src/pdfviewer.dart:3490:13:
            Error: 'DeviceInfoPlugin' isn't a type.
                  final DeviceInfoPlugin deviceInfo = DeviceInfoPlugin();
                        ^^^^^^^^^^^^^^^^
            /C:/Users/subhabrata/AppData/Local/Pub/Cache/hosted/pub.dev/syncfusion_flutter_pdfviewer-32.1.21/lib/src/pdfviewer.dart:3491:13:
            Error: 'AndroidDeviceInfo' isn't a type.
                  final AndroidDeviceInfo androidInfo = await deviceInfo.androidInfo;
                        ^^^^^^^^^^^^^^^^^
            /C:/Users/subhabrata/AppData/Local/Pub/Cache/hosted/pub.dev/syncfusion_flutter_pdfviewer-32.1.21/lib/src/pdfviewer.dart:3497:13:
            Error: 'DeviceInfoPlugin' isn't a type.
                  final DeviceInfoPlugin deviceInfo = DeviceInfoPlugin();
                        ^^^^^^^^^^^^^^^^
            /C:/Users/subhabrata/AppData/Local/Pub/Cache/hosted/pub.dev/syncfusion_flutter_pdfviewer-32.1.21/lib/src/pdfviewer.dart:3498:13:
            Error: 'WebBrowserInfo' isn't a type.
                  final WebBrowserInfo webBrowserInfo = await deviceInfo.webBrowserInfo;
                        ^^^^^^^^^^^^^^
            /C:/Users/subhabrata/AppData/Local/Pub/Cache/hosted/pub.dev/syncfusion_flutter_pdfviewer-32.1.21/lib/src/pdfviewer.dart:3490:43:
            Error: The method 'DeviceInfoPlugin' isn't defined for the type 'SfPdfViewerState'.
             - 'SfPdfViewerState' is from 'package:syncfusion_flutter_pdfviewer/src/pdfviewer.dart' ('/C:/Users/subhabrata/AppData/Local/Pub/Cache/hosted/pub.dev/syncfusion_flutter_pdfviewer-32.1.21/lib/src/pdfviewer.dart').
                  final DeviceInfoPlugin deviceInfo = DeviceInfoPlugin();
                                                      ^^^^^^^^^^^^^^^^
            /C:/Users/subhabrata/AppData/Local/Pub/Cache/hosted/pub.dev/syncfusion_flutter_pdfviewer-32.1.21/lib/src/pdfviewer.dart:3497:43:
            Error: The method 'DeviceInfoPlugin' isn't defined for the type 'SfPdfViewerState'.
             - 'SfPdfViewerState' is from 'package:syncfusion_flutter_pdfviewer/src/pdfviewer.dart' ('/C:/Users/subhabrata/AppData/Local/Pub/Cache/hosted/pub.dev/syncfusion_flutter_pdfviewer-32.1.21/lib/src/pdfviewer.dart').
                  final DeviceInfoPlugin deviceInfo = DeviceInfoPlugin();
                                                      ^^^^^^^^^^^^^^^^
            lib/src/features/course/pesentation/pages/quiz/widgets/anti_cheat_wrapper.dart:67:13:
            Error: Undefined name 'FirebaseFirestore'.
                  await FirebaseFirestore.instance.collection('quiz_attempts').doc(session.attemptId).set(session.toMap(), SetOptions(merge: true));
                        ^^^^^^^^^^^^^^^^^
            lib/src/features/course/pesentation/pages/quiz/widgets/anti_cheat_wrapper.dart:67:112:
            Error: Method not found: 'SetOptions'.
                  await FirebaseFirestore.instance.collection('quiz_attempts').doc(session.attemptId).set(session.toMap(), SetOptions(merge: true));
                                                                                          ^^^^^^^^^^
            lib/src/features/course/pesentation/pages/quiz/widgets/anti_cheat_wrapper.dart:77:13:
            Error: Undefined name 'FirebaseFirestore'.
                  await FirebaseFirestore.instance.collection('quiz_attempts').doc(session.attemptId).set({
                        ^^^^^^^^^^^^^^^^^
            lib/src/features/course/pesentation/pages/quiz/widgets/anti_cheat_wrapper.dart:81:10:
            Error: Method not found: 'SetOptions'.
                  }, SetOptions(merge: true));
                     ^^^^^^^^^^
            lib/src/features/course/pesentation/pages/quiz/widgets/anti_cheat_wrapper.dart:83:13:
            Error: Undefined name 'FirebaseFirestore'.
                  await FirebaseFirestore.instance.collection('users').doc(session.userId).collection('disqualifications').add({
                        ^^^^^^^^^^^^^^^^^
            lib/src/features/course/pesentation/pages/quiz/widgets/anti_cheat_wrapper.dart:87:22:
            Error: Undefined name 'FieldValue'.
                    'timestamp': FieldValue.serverTimestamp(),
                                 ^^^^^^^^^^
            lib/src/features/course/pesentation/pages/quiz/widgets/anti_cheat_wrapper.dart:123:18:
            Error: The getter 'FirebaseAuth' isn't defined for the type '_AntiCheatQuizWrapperState'.
             - '_AntiCheatQuizWrapperState' is from 'package:online_course/src/features/course/pesentation/pages/quiz/widgets/anti_cheat_wrapper.dart' ('lib/src/features/course/pesentation/pages/quiz/widgets/anti_cheat_wrapper.dart').
                final user = FirebaseAuth.instance.currentUser;
                             ^^^^^^^^^^^^
            lib/src/features/course/pesentation/pages/my_course/widgets/my_course_item.dart:36:5:
            Error: The getter 'FirebaseFirestore' isn't defined for the type '_MyCourseItemState'.
             - '_MyCourseItemState' is from 'package:online_course/src/features/course/pesentation/pages/my_course/widgets/my_course_item.dart' ('lib/src/features/course/pesentation/pages/my_course/widgets/my_course_item.dart').
                FirebaseFirestore.instance
                ^^^^^^^^^^^^^^^^^
            lib/src/features/course/pesentation/pages/my_course/widgets/my_course_item.dart:198:7:
            Error: 'DocumentSnapshot' isn't a type.
                  DocumentSnapshot snapshot = await FirebaseFirestore.instance
                  ^^^^^^^^^^^^^^^^
            lib/src/features/course/pesentation/pages/my_course/widgets/my_course_item.dart:198:41:
            Error: The getter 'FirebaseFirestore' isn't defined for the type '_MyCourseItemState'.
             - '_MyCourseItemState' is from 'package:online_course/src/features/course/pesentation/pages/my_course/widgets/my_course_item.dart' ('lib/src/features/course/pesentation/pages/my_course/widgets/my_course_item.dart').
                  DocumentSnapshot snapshot = await FirebaseFirestore.instance
                                                    ^^^^^^^^^^^^^^^^^
            lib/src/features/course/pesentation/pages/my_course/widgets/my_course_item.dart:200:16:
            Error: The getter 'FirebaseAuth' isn't defined for the type '_MyCourseItemState'.
             - '_MyCourseItemState' is from 'package:online_course/src/features/course/pesentation/pages/my_course/widgets/my_course_item.dart' ('lib/src/features/course/pesentation/pages/my_course/widgets/my_course_item.dart').
                      .doc(FirebaseAuth.instance.currentUser!.uid)
                           ^^^^^^^^^^^^
            lib/src/features/store/data/sourse/product_datasource.dart:5:9:
            Error: 'FirebaseFirestore' isn't a type.
              final FirebaseFirestore _firestore;
                    ^^^^^^^^^^^^^^^^^
            lib/src/features/store/data/sourse/product_datasource.dart:10:5:
            Error: 'QuerySnapshot' isn't a type.
                QuerySnapshot snapshot = await _firestore.collection('products').get();
                ^^^^^^^^^^^^^
            lib/src/features/course/pesentation/pages/course_detail/course_detail.dart:29:21:
            Error: 'Timestamp' isn't a type.
              final Map<String, Timestamp> sectionPurchaseDate;
                                ^^^^^^^^^
            lib/src/features/course/pesentation/pages/course_detail/course_detail.dart:99:24:
            Error: The getter 'FirebaseFirestore' isn't defined for the type '_CourseDetailPageState'.
             - '_CourseDetailPageState' is from 'package:online_course/src/features/course/pesentation/pages/course_detail/course_detail.dart' ('lib/src/features/course/pesentation/pages/course_detail/course_detail.dart').
                final data = await FirebaseFirestore.instance
                                   ^^^^^^^^^^^^^^^^^
            lib/src/features/course/pesentation/pages/course_detail/course_detail.dart:275:32:
            Error: The getter 'FirebaseFirestore' isn't defined for the type '_CourseDetailPageState'.
             - '_CourseDetailPageState' is from 'package:online_course/src/features/course/pesentation/pages/course_detail/course_detail.dart' ('lib/src/features/course/pesentation/pages/course_detail/course_detail.dart').
                final dataSnapshot = await FirebaseFirestore.instance
                                           ^^^^^^^^^^^^^^^^^
            lib/src/features/course/pesentation/pages/explore/widgets/explore_course_list.dart:145:7:
            Error: 'Query' isn't a type.
                  Query query = FirebaseFirestore.instance.collection('courses');
                  ^^^^^
            lib/src/features/course/pesentation/pages/explore/widgets/explore_course_list.dart:182:7:
            Error: 'QuerySnapshot' isn't a type.
                  QuerySnapshot querySnapshot = await query.get();
                  ^^^^^^^^^^^^^
            lib/src/features/course/pesentation/pages/explore/widgets/explore_course_list.dart:145:21:
            Error: The getter 'FirebaseFirestore' isn't defined for the type '_ExploreCourseListState'.
             - '_ExploreCourseListState' is from 'package:online_course/src/features/course/pesentation/pages/explore/widgets/explore_course_list.dart' ('lib/src/features/course/pesentation/pages/explore/widgets/explore_course_list.dart').
                  Query query = FirebaseFirestore.instance.collection('courses');
                                ^^^^^^^^^^^^^^^^^
            lib/src/features/course/pesentation/pages/explore/widgets/explore_course_list.dart:158:33:
            Error: The getter 'FieldPath' isn't defined for the type '_ExploreCourseListState'.
             - '_ExploreCourseListState' is from 'package:online_course/src/features/course/pesentation/pages/explore/widgets/explore_course_list.dart' ('lib/src/features/course/pesentation/pages/explore/widgets/explore_course_list.dart').
                        query = query.where(FieldPath.documentId, whereIn: docIds);
                                            ^^^^^^^^^
            /C:/Users/subhabrata/AppData/Local/Pub/Cache/hosted/pub.dev/cloud_firestore_platform_interface-7.0.5/lib/src/method_channel/utils/firestore_message_codec.dart:150:15:
            Error: 'FirebaseApp' isn't a type.
                    final FirebaseApp app = Firebase.app(appName);
                          ^^^^^^^^^^^
            /C:/Users/subhabrata/AppData/Local/Pub/Cache/hosted/pub.dev/cloud_firestore_platform_interface-7.0.5/lib/src/method_channel/utils/firestore_message_codec.dart:150:33:
            Error: The getter 'Firebase' isn't defined for the type 'FirestoreMessageCodec'.
             - 'FirestoreMessageCodec' is from 'package:cloud_firestore_platform_interface/src/method_channel/utils/firestore_message_codec.dart' ('/C:/Users/subhabrata/AppData/Local/Pub/Cache/hosted/pub.dev/cloud_firestore_platform_interface-7.0.5/lib/src/method_channel/utils/firestore_message_codec.dart').
                    final FirebaseApp app = Firebase.app(appName);
                                            ^^^^^^^^
            /C:/Users/subhabrata/AppData/Local/Pub/Cache/hosted/pub.dev/cloud_firestore_platform_interface-7.0.5/lib/src/method_channel/method_channel_firestore.dart:29:35:
            Error: 'FirebaseApp' isn't a type.
              MethodChannelFirebaseFirestore({FirebaseApp? app, String? databaseId})
                                              ^^^^^^^^^^^
            /C:/Users/subhabrata/AppData/Local/Pub/Cache/hosted/pub.dev/cloud_firestore_platform_interface-7.0.5/lib/src/method_channel/method_channel_firestore.dart:86:14:
            Error: 'FirebaseApp' isn't a type.
                required FirebaseApp app,
                         ^^^^^^^^^^^
            /C:/Users/subhabrata/AppData/Local/Pub/Cache/hosted/pub.dev/cloud_firestore_platform_interface-7.0.5/lib/src/method_channel/method_channel_firestore.dart:121:11:
            Error: The method 'FirebaseException' isn't defined for the type 'MethodChannelFirebaseFirestore'.
             - 'MethodChannelFirebaseFirestore' is from 'package:cloud_firestore_platform_interface/src/method_channel/method_channel_firestore.dart' ('/C:/Users/subhabrata/AppData/Local/Pub/Cache/hosted/pub.dev/cloud_firestore_platform_interface-7.0.5/lib/src/method_channel/method_channel_firestore.dart').
                      FirebaseException(
                      ^^^^^^^^^^^^^^^^^
            /C:/Users/subhabrata/AppData/Local/Pub/Cache/hosted/pub.dev/cloud_firestore_platform_interface-7.0.5/lib/src/method_channel/method_channel_firestore.dart:249:13:
            Error: The method 'FirebaseException' isn't defined for the type 'MethodChannelFirebaseFirestore'.
             - 'MethodChannelFirebaseFirestore' is from 'package:cloud_firestore_platform_interface/src/method_channel/method_channel_firestore.dart' ('/C:/Users/subhabrata/AppData/Local/Pub/Cache/hosted/pub.dev/cloud_firestore_platform_interface-7.0.5/lib/src/method_channel/method_channel_firestore.dart').
                        FirebaseException(
                        ^^^^^^^^^^^^^^^^^
            /C:/Users/subhabrata/AppData/Local/Pub/Cache/hosted/pub.dev/_flutterfire_internals-1.3.65/lib/src/exception.dart:53:10:
            Error: Method not found: 'FirebaseException'.
              return FirebaseException(
                     ^^^^^^^^^^^^^^^^^
            /C:/Users/subhabrata/AppData/Local/Pub/Cache/hosted/pub.dev/firebase_auth_platform_interface-8.1.5/lib/src/method_channel/method_channel_firebase_auth.dart:75:39:
            Error: 'FirebaseApp' isn't a type.
              MethodChannelFirebaseAuth({required FirebaseApp app})
                                                  ^^^^^^^^^^^
            /C:/Users/subhabrata/AppData/Local/Pub/Cache/hosted/pub.dev/firebase_auth_platform_interface-8.1.5/lib/src/method_channel/method_channel_firebase_auth.dart:202:46:
            Error: 'FirebaseApp' isn't a type.
              FirebaseAuthPlatform delegateFor({required FirebaseApp app}) {
                                                         ^^^^^^^^^^^
            /C:/Users/subhabrata/AppData/Local/Pub/Cache/hosted/pub.dev/firebase_database_platform_interface-0.3.0+1/lib/src/method_channel/method_channel_database.dart:18:3:
            Error: 'FirebaseApp' isn't a type.
              FirebaseApp app;
              ^^^^^^^^^^^
            /C:/Users/subhabrata/AppData/Local/Pub/Cache/hosted/pub.dev/firebase_database_platform_interface-0.3.0+1/lib/src/method_channel/method_channel_database.dart:80:26:
            Error: 'FirebaseApp' isn't a type.
              MethodChannelDatabase({FirebaseApp? app, String? databaseURL})
                                     ^^^^^^^^^^^
            /C:/Users/subhabrata/AppData/Local/Pub/Cache/hosted/pub.dev/firebase_database_platform_interface-0.3.0+1/lib/src/method_channel/method_channel_database.dart:118:14:
            Error: 'FirebaseApp' isn't a type.
                required FirebaseApp app,
                         ^^^^^^^^^^^
            lib/src/features/account/presentation/pages/account/widgets/account_profile_block.dart:10:9:
            Error: 'User' isn't a type.
              final User? user = AuthService().user;
                    ^^^^
            lib/src/features/pyq/presentation/pages/chat/exam_wise_pyq_page.dart:61:32:
            Error: 'QueryDocumentSnapshot' isn't a type.
                  body: FutureBuilder<List<QueryDocumentSnapshot>>(
                                           ^^^^^^^^^^^^^^^^^^^^^
            lib/src/features/course/pesentation/pages/course_detail/widgets/course_detail_bottom_block.dart:474:5:
            Error: 'QuerySnapshot' isn't a type.
                QuerySnapshot snapshot = await FirebaseFirestore.instance
                ^^^^^^^^^^^^^
            lib/src/features/course/pesentation/pages/course_detail/widgets/course_detail_bottom_block.dart:474:36:
            Error: The getter 'FirebaseFirestore' isn't defined for the type '_CourseDetailBottomBlockState'.
             - '_CourseDetailBottomBlockState' is from 'package:online_course/src/features/course/pesentation/pages/course_detail/widgets/course_detail_bottom_block.dart' ('lib/src/features/course/pesentation/pages/course_detail/widgets/course_detail_bottom_block.dart').
                QuerySnapshot snapshot = await FirebaseFirestore.instance
                                               ^^^^^^^^^^^^^^^^^
            lib/src/features/course/pesentation/pages/course_detail/widgets/course_detail_tabbar.dart:13:21:
            Error: 'Timestamp' isn't a type.
              final Map<String, Timestamp> sectionPurchaseDate;
                                ^^^^^^^^^
            /C:/Users/subhabrata/AppData/Local/Pub/Cache/hosted/pub.dev/cloud_firestore_platform_interface-7.0.5/lib/src/method_channel/method_channel_load_bundle_task.dart:47:15:
            Error: The method 'FirebaseException' isn't defined for the type 'MethodChannelLoadBundleTask'.
             - 'MethodChannelLoadBundleTask' is from 'package:cloud_firestore_platform_interface/src/method_channel/method_channel_load_bundle_task.dart' ('/C:/Users/subhabrata/AppData/Local/Pub/Cache/hosted/pub.dev/cloud_firestore_platform_interface-7.0.5/lib/src/method_channel/method_channel_load_bundle_task.dart').
                    throw FirebaseException(
                          ^^^^^^^^^^^^^^^^^
            /C:/Users/subhabrata/AppData/Local/Pub/Cache/hosted/pub.dev/cloud_firestore_platform_interface-7.0.5/lib/src/method_channel/method_channel_transaction.dart:31:14:
            Error: The getter 'Firebase' isn't defined for the type 'MethodChannelTransaction'.
             - 'MethodChannelTransaction' is from 'package:cloud_firestore_platform_interface/src/method_channel/method_channel_transaction.dart' ('/C:/Users/subhabrata/AppData/Local/Pub/Cache/hosted/pub.dev/cloud_firestore_platform_interface-7.0.5/lib/src/method_channel/method_channel_transaction.dart').
                    app: Firebase.app(appName), databaseId: databaseId);
                         ^^^^^^^^
            lib/src/features/pyq/exam_questions_year_page.dart:168:41:
            Error: 'QueryDocumentSnapshot' isn't a type.
                          child: FutureBuilder<List<QueryDocumentSnapshot>>(
                                                    ^^^^^^^^^^^^^^^^^^^^^
            lib/src/features/pyq/presentation/pages/chat/data/questions_service.dart:6:9:
            Error: 'FirebaseFirestore' isn't a type.
              final FirebaseFirestore _db = FirebaseFirestore.instance;
                    ^^^^^^^^^^^^^^^^^
            lib/src/features/pyq/presentation/pages/chat/data/questions_service.dart:6:33:
            Error: Undefined name 'FirebaseFirestore'.
              final FirebaseFirestore _db = FirebaseFirestore.instance;
                                            ^^^^^^^^^^^^^^^^^
            lib/src/features/pyq/presentation/pages/chat/data/questions_service.dart:10:5:
            Error: 'QuerySnapshot' isn't a type.
                QuerySnapshot snapshot;
                ^^^^^^^^^^^^^
            lib/src/features/pyq/presentation/pages/chat/data/questions_service.dart:18:22:
            Error: The getter 'FieldPath' isn't defined for the type 'FirestoreService'.
             - 'FirestoreService' is from 'package:online_course/src/features/pyq/presentation/pages/chat/data/questions_service.dart' ('lib/src/features/pyq/presentation/pages/chat/data/questions_service.dart').
                          .where(FieldPath.documentId, whereIn: docIds)
                                 ^^^^^^^^^
            lib/src/features/pyq/presentation/pages/chat/data/questions_service.dart:47:5:
            Error: 'QuerySnapshot' isn't a type.
                QuerySnapshot snapshot = await _db
                ^^^^^^^^^^^^^
            lib/src/features/pyq/presentation/pages/chat/data/questions_service.dart:57:5:
            Error: 'QuerySnapshot' isn't a type.
                QuerySnapshot snapshot = await _db
                ^^^^^^^^^^^^^
            lib/src/features/store/presentation/pages/product_parts_page.dart:86:41:
            Error: 'QueryDocumentSnapshot' isn't a type.
                          child: FutureBuilder<List<QueryDocumentSnapshot>>(
                                                    ^^^^^^^^^^^^^^^^^^^^^
            lib/src/features/course/data/datasources/account_courses_list.dart:8:3:
            Error: 'User' isn't a type.
              User? Fireba = FirebaseAuth.instance.currentUser;
              ^^^^
            lib/src/features/course/data/datasources/account_courses_list.dart:8:18:
            Error: Undefined name 'FirebaseAuth'.
              User? Fireba = FirebaseAuth.instance.currentUser;
                             ^^^^^^^^^^^^
            lib/src/features/course/data/datasources/account_courses_list.dart:9:42:
            Error: Undefined name 'FirebaseFirestore'.
              final purchasedCoursesSnapshot = await FirebaseFirestore.instance
                                                     ^^^^^^^^^^^^^^^^^
            lib/src/features/course/data/datasources/account_courses_list.dart:23:5:
            Error: 'DocumentSnapshot' isn't a type.
                DocumentSnapshot snapshot = await FirebaseFirestore.instance
                ^^^^^^^^^^^^^^^^
            lib/src/features/course/data/datasources/account_courses_list.dart:23:39:
            Error: Undefined name 'FirebaseFirestore'.
                DocumentSnapshot snapshot = await FirebaseFirestore.instance
                                                  ^^^^^^^^^^^^^^^^^
            lib/src/features/course/data/datasources/account_courses_list.dart:36:7:
            Error: 'CollectionReference' isn't a type.
                  CollectionReference reference =
                  ^^^^^^^^^^^^^^^^^^^
            lib/src/features/course/data/datasources/account_courses_list.dart:37:11:
            Error: Undefined name 'FirebaseFirestore'.
                      FirebaseFirestore.instance.collection('courses');
                      ^^^^^^^^^^^^^^^^^
            lib/src/features/course/data/datasources/account_courses_list.dart:40:9:
            Error: 'DocumentSnapshot' isn't a type.
                    DocumentSnapshot courseSnapshot = await reference
                    ^^^^^^^^^^^^^^^^
            lib/src/features/course/data/datasources/account_courses_list.dart:118:17:
            Error: 'Timestamp' isn't a type.
                Map<String, Timestamp> sectionsMap = {};
                            ^^^^^^^^^
            lib/src/features/course/data/datasources/account_courses_list.dart:120:32:
            Error: Undefined name 'Timestamp'.
                  sectionsMap[sectionId] = Timestamp.now();
                                           ^^^^^^^^^
            lib/src/features/course/data/datasources/account_courses_list.dart:122:11:
            Error: Undefined name 'FirebaseFirestore'.
                await FirebaseFirestore.instance
                      ^^^^^^^^^^^^^^^^^
            lib/src/features/course/data/datasources/account_courses_list.dart:124:26:
            Error: Undefined name 'FirebaseAuth'.
                    .doc('$courseId${FirebaseAuth.instance.currentUser?.uid ?? "me"}')
                                     ^^^^^^^^^^^^
            lib/src/features/course/data/datasources/account_courses_list.dart:127:17:
            Error: Undefined name 'FirebaseAuth'.
                  'userId': FirebaseAuth.instance.currentUser?.uid ?? "me",
                            ^^^^^^^^^^^^
            lib/src/features/course/data/datasources/account_courses_list.dart:128:19:
            Error: Undefined name 'FieldValue'.
                  'sections': FieldValue.arrayUnion(sectionIdsforPayment),
                              ^^^^^^^^^^
            lib/src/features/course/data/datasources/account_courses_list.dart:130:24:
            Error: Undefined name 'FieldValue'.
                  'purchase_date': FieldValue.serverTimestamp(),
                                   ^^^^^^^^^^
            lib/src/features/course/data/datasources/account_courses_list.dart:131:8:
            Error: Method not found: 'SetOptions'.
                }, SetOptions(merge: true));
                   ^^^^^^^^^^
            lib/src/features/course/data/datasources/account_courses_list.dart:118:42:
            Error: A value of type 'Map<dynamic, dynamic>' can't be assigned to a variable of type 'Map<String, invalid-type>'.
             - 'Map' is from 'dart:core'.
                Map<String, Timestamp> sectionsMap = {};
                                                     ^
            lib/src/features/course/pesentation/pages/course_detail/widgets/course_detail_lesson_list.dart:27:21:
            Error: 'Timestamp' isn't a type.
              final Map<String, Timestamp> sectionPurchaseDate;
                                ^^^^^^^^^
            lib/src/features/course/pesentation/pages/course_detail/widgets/course_detail_lesson_list.dart:54:7:
            Error: 'QuerySnapshot' isn't a type.
                  QuerySnapshot snapshot;
                  ^^^^^^^^^^^^^
            lib/src/features/course/pesentation/pages/course_detail/widgets/course_detail_lesson_list.dart:56:26:
            Error: The getter 'FirebaseFirestore' isn't defined for the type '_CourseDetailLessonListState'.
             - '_CourseDetailLessonListState' is from 'package:online_course/src/features/course/pesentation/pages/course_detail/widgets/course_detail_lesson_list.dart' ('lib/src/features/course/pesentation/pages/course_detail/widgets/course_detail_lesson_list.dart').
                    snapshot = await FirebaseFirestore.instance
                                     ^^^^^^^^^^^^^^^^^
            lib/src/features/course/pesentation/pages/course_detail/widgets/course_detail_lesson_list.dart:62:26:
            Error: The getter 'FirebaseFirestore' isn't defined for the type '_CourseDetailLessonListState'.
             - '_CourseDetailLessonListState' is from 'package:online_course/src/features/course/pesentation/pages/course_detail/widgets/course_detail_lesson_list.dart' ('lib/src/features/course/pesentation/pages/course_detail/widgets/course_detail_lesson_list.dart').
                    snapshot = await FirebaseFirestore.instance
                                     ^^^^^^^^^^^^^^^^^
            lib/src/features/course/pesentation/pages/course_detail/widgets/course_detail_lesson_list.dart:249:5:
            Error: 'Timestamp' isn't a type.
                Timestamp timestamp = widget.sectionPurchaseDate[sectionId]!;
                ^^^^^^^^^
            /C:/Users/subhabrata/AppData/Local/Pub/Cache/hosted/pub.dev/firebase_database-12.1.1/lib/src/firebase_database.dart:18:3:
            Error: 'FirebaseApp' isn't a type.
              FirebaseApp app;
              ^^^^^^^^^^^
            /C:/Users/subhabrata/AppData/Local/Pub/Cache/hosted/pub.dev/firebase_database-12.1.1/lib/src/firebase_database.dart:28:12:
            Error: Undefined name 'Firebase'.
                  app: Firebase.app(),
                       ^^^^^^^^
            /C:/Users/subhabrata/AppData/Local/Pub/Cache/hosted/pub.dev/firebase_database-12.1.1/lib/src/firebase_database.dart:34:14:
            Error: 'FirebaseApp' isn't a type.
                required FirebaseApp app,
                         ^^^^^^^^^^^
            lib/src/features/pyq/questions_page.dart:24:32:
            Error: 'QueryDocumentSnapshot' isn't a type.
                  body: FutureBuilder<List<QueryDocumentSnapshot>>(
                                           ^^^^^^^^^^^^^^^^^^^^^
            lib/src/features/pyq/questions_page.dart:140:5:
            Error: 'QueryDocumentSnapshot' isn't a type.
                QueryDocumentSnapshot question,
                ^^^^^^^^^^^^^^^^^^^^^
            lib/core/services/product_service.dart:6:9:
            Error: 'FirebaseFirestore' isn't a type.
              final FirebaseFirestore _firestore = FirebaseFirestore.instance;
                    ^^^^^^^^^^^^^^^^^
            lib/core/services/product_service.dart:6:40:
            Error: Undefined name 'FirebaseFirestore'.
              final FirebaseFirestore _firestore = FirebaseFirestore.instance;
                                                   ^^^^^^^^^^^^^^^^^
            lib/core/services/product_service.dart:16:5:
            Error: 'QuerySnapshot' isn't a type.
                QuerySnapshot snapshot = await _firestore.collection('products').get();
                ^^^^^^^^^^^^^
            lib/core/services/product_service.dart:27:5:
            Error: 'QuerySnapshot' isn't a type.
                QuerySnapshot snapshot = await _firestore
                ^^^^^^^^^^^^^
            lib/core/services/product_service.dart:36:5:
            Error: 'QuerySnapshot' isn't a type.
                QuerySnapshot snapshot = await _firestore
                ^^^^^^^^^^^^^
            lib/src/features/store/presentation/pages/product_document_page.dart:27:32:
            Error: 'QueryDocumentSnapshot' isn't a type.
                  body: FutureBuilder<List<QueryDocumentSnapshot>>(
                                           ^^^^^^^^^^^^^^^^^^^^^
            lib/src/features/store/presentation/pages/product_document_page.dart:158:5:
            Error: 'QueryDocumentSnapshot' isn't a type.
                QueryDocumentSnapshot question,
                ^^^^^^^^^^^^^^^^^^^^^
            /C:/Users/subhabrata/AppData/Local/Pub/Cache/hosted/pub.dev/rive-0.12.4/lib/src/rive.dart:178:45:
            Error: 'Vec2D' isn't a type.
                  void Function(StateMachineController, Vec2D) callback) {
                                                        ^^^^^
            /C:/Users/subhabrata/AppData/Local/Pub/Cache/hosted/pub.dev/rive-0.12.4/lib/src/rive.dart:331:12:
            Error: The getter 'AABB' isn't defined for the type 'RiveRenderObject'.
             - 'RiveRenderObject' is from 'package:rive/src/rive.dart' ('/C:/Users/subhabrata/AppData/Local/Pub/Cache/hosted/pub.dev/rive-0.12.4/lib/src/rive.dart').
                return AABB.fromValues(0, 0, width, height);
                       ^^^^
            /C:/Users/subhabrata/AppData/Local/Pub/Cache/hosted/pub.dev/rive-0.12.4/lib/src/rive.dart:350:28:
            Error: 'Mat2D' isn't a type.
              void draw(Canvas canvas, Mat2D viewTransform) {
                                       ^^^^^
            /C:/Users/subhabrata/AppData/Local/Pub/Cache/hosted/pub.dev/rive-0.12.4/lib/src/rive_core/artboard.dart:120:12:
            Error: The getter 'Vec2D' isn't defined for the type 'Artboard'.
             - 'Artboard' is from 'package:rive/src/rive_core/artboard.dart' ('/C:/Users/subhabrata/AppData/Local/Pub/Cache/hosted/pub.dev/rive-0.12.4/lib/src/rive_core/artboard.dart').
                return Vec2D.fromValues(x + width * originX, y + height * originY);
                       ^^^^^
            /C:/Users/subhabrata/AppData/Local/Pub/Cache/hosted/pub.dev/rive-0.12.4/lib/src/rive_core/artboard.dart:123:23:
            Error: The getter 'Vec2D' isn't defined for the type 'Artboard'.
             - 'Artboard' is from 'package:rive/src/rive_core/artboard.dart' ('/C:/Users/subhabrata/AppData/Local/Pub/Cache/hosted/pub.dev/rive-0.12.4/lib/src/rive_core/artboard.dart').
              Vec2D get origin => Vec2D.fromValues(width * originX, height * originY);
                                  ^^^^^
            /C:/Users/subhabrata/AppData/Local/Pub/Cache/hosted/pub.dev/rive-0.12.4/lib/src/rive_core/artboard.dart:262:22:
            Error: The method 'DependencyGraphNodeSorter' isn't defined for the type 'Artboard'.
             - 'Artboard' is from 'package:rive/src/rive_core/artboard.dart' ('/C:/Users/subhabrata/AppData/Local/Pub/Cache/hosted/pub.dev/rive-0.12.4/lib/src/rive_core/artboard.dart').
                var optimistic = DependencyGraphNodeSorter<Component>();
                                 ^^^^^^^^^^^^^^^^^^^^^^^^^
            /C:/Users/subhabrata/AppData/Local/Pub/Cache/hosted/pub.dev/rive-0.12.4/lib/src/rive_core/artboard.dart:266:20:
            Error: The method 'TarjansDependencyGraphNodeSorter' isn't defined for the type 'Artboard'.
             - 'Artboard' is from 'package:rive/src/rive_core/artboard.dart' ('/C:/Users/subhabrata/AppData/Local/Pub/Cache/hosted/pub.dev/rive-0.12.4/lib/src/rive_core/artboard.dart').
                  var robust = TarjansDependencyGraphNodeSorter<Component>();
                               ^^^^^^^^^^^^^^^^^^^^^^^^^^^^^^^^
            /C:/Users/subhabrata/AppData/Local/Pub/Cache/hosted/pub.dev/rive-0.12.4/lib/src/rive_core/artboard.dart:312:27:
            Error: 'Vec2D' isn't a type.
              Vec2D renderTranslation(Vec2D worldTranslation) {
                                      ^^^^^
            /C:/Users/subhabrata/AppData/Local/Pub/Cache/hosted/pub.dev/rive-0.12.4/lib/src/rive_core/artboard.dart:510:33:
            Error: The method 'Vec2D' isn't defined for the type 'Artboard'.
             - 'Artboard' is from 'package:rive/src/rive_core/artboard.dart' ('/C:/Users/subhabrata/AppData/Local/Pub/Cache/hosted/pub.dev/rive-0.12.4/lib/src/rive_core/artboard.dart').
              Vec2D get worldTranslation => Vec2D();
                                            ^^^^^
            /C:/Users/subhabrata/AppData/Local/Pub/Cache/hosted/pub.dev/rive-0.12.4/lib/src/rive_core/artboard.dart:542:18:
            Error: The method 'DependencyGraphNodeSorter' isn't defined for the type 'Artboard'.
             - 'Artboard' is from 'package:rive/src/rive_core/artboard.dart' ('/C:/Users/subhabrata/AppData/Local/Pub/Cache/hosted/pub.dev/rive-0.12.4/lib/src/rive_core/artboard.dart').
                var sorter = DependencyGraphNodeSorter<Component>();
                             ^^^^^^^^^^^^^^^^^^^^^^^^^
            /C:/Users/subhabrata/AppData/Local/Pub/Cache/hosted/pub.dev/rive-0.12.4/lib/src/rive_core/assets/font_asset.dart:31:3:
            Error: 'Font' isn't a type.
              Font? _font;
              ^^^^
            /C:/Users/subhabrata/AppData/Local/Pub/Cache/hosted/pub.dev/rive-0.12.4/lib/src/rive_core/assets/font_asset.dart:33:12:
            Error: 'Font' isn't a type.
              set font(Font? font) {
                       ^^^^
            /C:/Users/subhabrata/AppData/Local/Pub/Cache/hosted/pub.dev/rive-0.12.4/lib/src/rive_core/assets/font_asset.dart:63:12:
            Error: Undefined name 'Font'.
                return Font.decode(bytes);
                       ^^^^
            /C:/Users/subhabrata/AppData/Local/Pub/Cache/hosted/pub.dev/rive-0.12.4/lib/src/rive_core/event.dart:29:10:
            Error: The method 'iterableEquals' isn't defined for the type 'Event'.
             - 'Event' is from 'package:rive/src/rive_core/event.dart' ('/C:/Users/subhabrata/AppData/Local/Pub/Cache/hosted/pub.dev/rive-0.12.4/lib/src/rive_core/event.dart').
                if (!iterableEquals(customProperties, nextCustomProperties)) {
                     ^^^^^^^^^^^^^^
            /C:/Users/subhabrata/AppData/Local/Pub/Cache/hosted/pub.dev/rive-0.12.4/lib/src/rive_core/nested_artboard.dart:21:22:
            Error: 'Mat2D' isn't a type.
              set worldTransform(Mat2D value);
                                 ^^^^^
            /C:/Users/subhabrata/AppData/Local/Pub/Cache/hosted/pub.dev/rive-0.12.4/lib/src/rive_core/nested_artboard.dart:100:23:
            Error: 'Vec2D' isn't a type.
              Vec2D? worldToLocal(Vec2D position) {
                                  ^^^^^
            /C:/Users/subhabrata/AppData/Local/Pub/Cache/hosted/pub.dev/rive-0.12.4/lib/src/rive_core/nested_artboard.dart:105:29:
            Error: The method 'Mat2D' isn't defined for the type 'NestedArtboard'.
             - 'NestedArtboard' is from 'package:rive/src/rive_core/nested_artboard.dart' ('/C:/Users/subhabrata/AppData/Local/Pub/Cache/hosted/pub.dev/rive-0.12.4/lib/src/rive_core/nested_artboard.dart').
                var toMountedArtboard = Mat2D();
                                        ^^^^^
            /C:/Users/subhabrata/AppData/Local/Pub/Cache/hosted/pub.dev/rive-0.12.4/lib/src/rive_core/nested_artboard.dart:106:10:
            Error: The getter 'Mat2D' isn't defined for the type 'NestedArtboard'.
             - 'NestedArtboard' is from 'package:rive/src/rive_core/nested_artboard.dart' ('/C:/Users/subhabrata/AppData/Local/Pub/Cache/hosted/pub.dev/rive-0.12.4/lib/src/rive_core/nested_artboard.dart').
                if (!Mat2D.invert(toMountedArtboard, mounted.worldTransform)) {
                     ^^^^^
            /C:/Users/subhabrata/AppData/Local/Pub/Cache/hosted/pub.dev/rive-0.12.4/lib/src/rive_core/nested_artboard.dart:109:12:
            Error: The getter 'Vec2D' isn't defined for the type 'NestedArtboard'.
             - 'NestedArtboard' is from 'package:rive/src/rive_core/nested_artboard.dart' ('/C:/Users/subhabrata/AppData/Local/Pub/Cache/hosted/pub.dev/rive-0.12.4/lib/src/rive_core/nested_artboard.dart').
                return Vec2D.transformMat2D(Vec2D(), position, toMountedArtboard);
                       ^^^^^
            /C:/Users/subhabrata/AppData/Local/Pub/Cache/hosted/pub.dev/rive-0.12.4/lib/src/rive_core/nested_artboard.dart:109:33:
            Error: The method 'Vec2D' isn't defined for the type 'NestedArtboard'.
             - 'NestedArtboard' is from 'package:rive/src/rive_core/nested_artboard.dart' ('/C:/Users/subhabrata/AppData/Local/Pub/Cache/hosted/pub.dev/rive-0.12.4/lib/src/rive_core/nested_artboard.dart').
                return Vec2D.transformMat2D(Vec2D(), position, toMountedArtboard);
                                            ^^^^^
            /C:/Users/subhabrata/AppData/Local/Pub/Cache/hosted/pub.dev/rive-0.12.4/lib/src/rive_core/runtime/runtime_header.dart:40:5:
            Error: 'BinaryReader' isn't a type.
                BinaryReader reader, {
                ^^^^^^^^^^^^
            /C:/Users/subhabrata/AppData/Local/Pub/Cache/hosted/pub.dev/rive-0.12.4/lib/src/rive_core/shapes/paint/linear_gradient.dart:33:22:
            Error: The getter 'Vec2D' isn't defined for the type 'LinearGradient'.
             - 'LinearGradient' is from 'package:rive/src/rive_core/shapes/paint/linear_gradient.dart' ('/C:/Users/subhabrata/AppData/Local/Pub/Cache/hosted/pub.dev/rive-0.12.4/lib/src/rive_core/shapes/paint/linear_gradient.dart').
              Vec2D get start => Vec2D.fromValues(startX, startY);
                                 ^^^^^
            /C:/Users/subhabrata/AppData/Local/Pub/Cache/hosted/pub.dev/rive-0.12.4/lib/src/rive_core/shapes/paint/linear_gradient.dart:34:20:
            Error: The getter 'Vec2D' isn't defined for the type 'LinearGradient'.
             - 'LinearGradient' is from 'package:rive/src/rive_core/shapes/paint/linear_gradient.dart' ('/C:/Users/subhabrata/AppData/Local/Pub/Cache/hosted/pub.dev/rive-0.12.4/lib/src/rive_core/shapes/paint/linear_gradient.dart').
              Vec2D get end => Vec2D.fromValues(endX, endY);
                               ^^^^^
            /C:/Users/subhabrata/AppData/Local/Pub/Cache/hosted/pub.dev/rive-0.12.4/lib/src/rive_core/shapes/shape.dart:36:3:
            Error: 'AABB' isn't a type.
              AABB? _worldBounds;
              ^^^^
            /C:/Users/subhabrata/AppData/Local/Pub/Cache/hosted/pub.dev/rive-0.12.4/lib/src/rive_core/shapes/shape.dart:37:3:
            Error: 'AABB' isn't a type.
              AABB? _localBounds;
              ^^^^
            /C:/Users/subhabrata/AppData/Local/Pub/Cache/hosted/pub.dev/rive-0.12.4/lib/src/rive_core/shapes/shape.dart:195:5:
            Error: 'AABB' isn't a type.
                AABB worldBounds = path.preciseComputeBounds(transform: path.pathTransform);
                ^^^^
            /C:/Users/subhabrata/AppData/Local/Pub/Cache/hosted/pub.dev/rive-0.12.4/lib/src/rive_core/shapes/shape.dart:192:14:
            Error: The getter 'AABB' isn't defined for the type 'Shape'.
             - 'Shape' is from 'package:rive/src/rive_core/shapes/shape.dart' ('/C:/Users/subhabrata/AppData/Local/Pub/Cache/hosted/pub.dev/rive-0.12.4/lib/src/rive_core/shapes/shape.dart').
                  return AABB.fromMinMax(worldTranslation, worldTranslation);
                         ^^^^
            /C:/Users/subhabrata/AppData/Local/Pub/Cache/hosted/pub.dev/rive-0.12.4/lib/src/rive_core/shapes/shape.dart:197:7:
            Error: The getter 'AABB' isn't defined for the type 'Shape'.
             - 'Shape' is from 'package:rive/src/rive_core/shapes/shape.dart' ('/C:/Users/subhabrata/AppData/Local/Pub/Cache/hosted/pub.dev/rive-0.12.4/lib/src/rive_core/shapes/shape.dart').
                  AABB.combine(worldBounds, worldBounds,
                  ^^^^
            /C:/Users/subhabrata/AppData/Local/Pub/Cache/hosted/pub.dev/rive-0.12.4/lib/src/rive_core/shapes/shape.dart:203:22:
            Error: 'Mat2D' isn't a type.
              AABB computeBounds(Mat2D relativeTo) {
                                 ^^^^^
            /C:/Users/subhabrata/AppData/Local/Pub/Cache/hosted/pub.dev/rive-0.12.4/lib/src/rive_core/shapes/shape.dart:210:5:
            Error: 'AABB' isn't a type.
                AABB localBounds = path.preciseComputeBounds(
                ^^^^
            /C:/Users/subhabrata/AppData/Local/Pub/Cache/hosted/pub.dev/rive-0.12.4/lib/src/rive_core/shapes/shape.dart:206:14:
            Error: The method 'AABB' isn't defined for the type 'Shape'.
             - 'Shape' is from 'package:rive/src/rive_core/shapes/shape.dart' ('/C:/Users/subhabrata/AppData/Local/Pub/Cache/hosted/pub.dev/rive-0.12.4/lib/src/rive_core/shapes/shape.dart').
                  return AABB();
                         ^^^^
            /C:/Users/subhabrata/AppData/Local/Pub/Cache/hosted/pub.dev/rive-0.12.4/lib/src/rive_core/shapes/shape.dart:211:18:
            Error: The getter 'Mat2D' isn't defined for the type 'Shape'.
             - 'Shape' is from 'package:rive/src/rive_core/shapes/shape.dart' ('/C:/Users/subhabrata/AppData/Local/Pub/Cache/hosted/pub.dev/rive-0.12.4/lib/src/rive_core/shapes/shape.dart').
                  transform: Mat2D.multiply(
                             ^^^^^
            /C:/Users/subhabrata/AppData/Local/Pub/Cache/hosted/pub.dev/rive-0.12.4/lib/src/rive_core/shapes/shape.dart:212:9:
            Error: The method 'Mat2D' isn't defined for the type 'Shape'.
             - 'Shape' is from 'package:rive/src/rive_core/shapes/shape.dart' ('/C:/Users/subhabrata/AppData/Local/Pub/Cache/hosted/pub.dev/rive-0.12.4/lib/src/rive_core/shapes/shape.dart').
                    Mat2D(),
                    ^^^^^
            /C:/Users/subhabrata/AppData/Local/Pub/Cache/hosted/pub.dev/rive-0.12.4/lib/src/rive_core/shapes/shape.dart:219:7:
            Error: The getter 'AABB' isn't defined for the type 'Shape'.
             - 'Shape' is from 'package:rive/src/rive_core/shapes/shape.dart' ('/C:/Users/subhabrata/AppData/Local/Pub/Cache/hosted/pub.dev/rive-0.12.4/lib/src/rive_core/shapes/shape.dart').
                  AABB.combine(
                  ^^^^
            /C:/Users/subhabrata/AppData/Local/Pub/Cache/hosted/pub.dev/rive-0.12.4/lib/src/rive_core/shapes/shape.dart:223:22:
            Error: The getter 'Mat2D' isn't defined for the type 'Shape'.
             - 'Shape' is from 'package:rive/src/rive_core/shapes/shape.dart' ('/C:/Users/subhabrata/AppData/Local/Pub/Cache/hosted/pub.dev/rive-0.12.4/lib/src/rive_core/shapes/shape.dart').
                      transform: Mat2D.multiply(
                                 ^^^^^
            /C:/Users/subhabrata/AppData/Local/Pub/Cache/hosted/pub.dev/rive-0.12.4/lib/src/rive_core/shapes/shape.dart:224:13:
            Error: The method 'Mat2D' isn't defined for the type 'Shape'.
             - 'Shape' is from 'package:rive/src/rive_core/shapes/shape.dart' ('/C:/Users/subhabrata/AppData/Local/Pub/Cache/hosted/pub.dev/rive-0.12.4/lib/src/rive_core/shapes/shape.dart').
                        Mat2D(),
                        ^^^^^
            /C:/Users/subhabrata/AppData/Local/Pub/Cache/hosted/pub.dev/rive-0.12.4/lib/src/rive_core/shapes/shape.dart:235:23:
            Error: The method 'Mat2D' isn't defined for the type 'Shape'.
             - 'Shape' is from 'package:rive/src/rive_core/shapes/shape.dart' ('/C:/Users/subhabrata/AppData/Local/Pub/Cache/hosted/pub.dev/rive-0.12.4/lib/src/rive_core/shapes/shape.dart').
                var toTransform = Mat2D();
                                  ^^^^^
            /C:/Users/subhabrata/AppData/Local/Pub/Cache/hosted/pub.dev/rive-0.12.4/lib/src/rive_core/shapes/shape.dart:236:10:
            Error: The getter 'Mat2D' isn't defined for the type 'Shape'.
             - 'Shape' is from 'package:rive/src/rive_core/shapes/shape.dart' ('/C:/Users/subhabrata/AppData/Local/Pub/Cache/hosted/pub.dev/rive-0.12.4/lib/src/rive_core/shapes/shape.dart').
                if (!Mat2D.invert(toTransform, worldTransform)) {
                     ^^^^^
            /C:/Users/subhabrata/AppData/Local/Pub/Cache/hosted/pub.dev/rive-0.12.4/lib/src/rive_core/shapes/shape.dart:237:7:
            Error: The getter 'Mat2D' isn't defined for the type 'Shape'.
             - 'Shape' is from 'package:rive/src/rive_core/shapes/shape.dart' ('/C:/Users/subhabrata/AppData/Local/Pub/Cache/hosted/pub.dev/rive-0.12.4/lib/src/rive_core/shapes/shape.dart').
                  Mat2D.setIdentity(toTransform);
                  ^^^^^
            /C:/Users/subhabrata/AppData/Local/Pub/Cache/hosted/pub.dev/rive-0.12.4/lib/src/rive_core/shapes/shape.dart:313:22:
            Error: 'TransformingHitTester' isn't a type.
              void fillHitTester(TransformingHitTester hitTester) {
                                 ^^^^^^^^^^^^^^^^^^^^^
            /C:/Users/subhabrata/AppData/Local/Pub/Cache/hosted/pub.dev/rive-0.12.4/lib/src/rive_file.dart:44:5:
            Error: 'BinaryReader' isn't a type.
                BinaryReader reader, HashMap<int, CoreFieldType> propertyToField) {
                ^^^^^^^^^^^^
            /C:/Users/subhabrata/AppData/Local/Pub/Cache/hosted/pub.dev/rive-0.12.4/lib/src/rive_file.dart:76:5:
            Error: 'BinaryReader' isn't a type.
                BinaryReader reader, HashMap<int, CoreFieldType> propertyToField) {
                ^^^^^^^^^^^^
            /C:/Users/subhabrata/AppData/Local/Pub/Cache/hosted/pub.dev/rive-0.12.4/lib/src/rive_file.dart:91:20:
            Error: 'BinaryReader' isn't a type.
            void _skipProperty(BinaryReader reader, int propertyKey,
                               ^^^^^^^^^^^^
            /C:/Users/subhabrata/AppData/Local/Pub/Cache/hosted/pub.dev/rive-0.12.4/lib/src/rive_file.dart:137:18:
            Error: Method not found: 'BinaryReader'.
                var reader = BinaryReader(bytes);
                             ^^^^^^^^^^^^
            /C:/Users/subhabrata/AppData/Local/Pub/Cache/hosted/pub.dev/rive-0.12.4/lib/src/rive_file.dart:154:5:
            Error: 'BinaryReader' isn't a type.
                BinaryReader reader,
                ^^^^^^^^^^^^
            /C:/Users/subhabrata/AppData/Local/Pub/Cache/hosted/pub.dev/rive-0.12.4/lib/src/rive_file.dart:331:18:
            Error: Method not found: 'BinaryReader'.
                var reader = BinaryReader(bytes);
                             ^^^^^^^^^^^^
            /C:/Users/subhabrata/AppData/Local/Pub/Cache/hosted/pub.dev/rive-0.12.4/lib/src/rive_file.dart:349:13:
            Error: Undefined name 'Font'.
                  await Font.initialize();
                        ^^^^
            /C:/Users/subhabrata/AppData/Local/Pub/Cache/hosted/pub.dev/rive-0.12.4/lib/src/rive_file.dart:362:15:
            Error: Undefined name 'Font'.
                    await Font.initialize();
                          ^^^^
            /C:/Users/subhabrata/AppData/Local/Pub/Cache/hosted/pub.dev/rive-0.12.4/lib/src/rive_scene.dart:22:28:
            Error: 'Mat2D' isn't a type.
              void draw(Canvas canvas, Mat2D viewTransform);
                                       ^^^^^
            /C:/Users/subhabrata/AppData/Local/Pub/Cache/hosted/pub.dev/rive-0.12.4/lib/src/rive_scene.dart:91:12:
            Error: The getter 'AABB' isn't defined for the type 'RiveSceneRenderObject'.
             - 'RiveSceneRenderObject' is from 'package:rive/src/rive_scene.dart' ('/C:/Users/subhabrata/AppData/Local/Pub/Cache/hosted/pub.dev/rive-0.12.4/lib/src/rive_scene.dart').
                return AABB.fromValues(0, 0, width, height);
                       ^^^^
            /C:/Users/subhabrata/AppData/Local/Pub/Cache/hosted/pub.dev/rive-0.12.4/lib/src/rive_scene.dart:103:28:
            Error: 'Mat2D' isn't a type.
              void draw(Canvas canvas, Mat2D viewTransform) {
                                       ^^^^^
            /C:/Users/subhabrata/AppData/Local/Pub/Cache/hosted/pub.dev/rive-0.12.4/lib/src/runtime_mounted_artboard.dart:28:3:
            Error: 'Mat2D' isn't a type.
              Mat2D worldTransform = Mat2D();
              ^^^^^
            /C:/Users/subhabrata/AppData/Local/Pub/Cache/hosted/pub.dev/rive-0.12.4/lib/src/runtime_mounted_artboard.dart:28:26:
            Error: Method not found: 'Mat2D'.
              Mat2D worldTransform = Mat2D();
                                     ^^^^^
            /C:/Users/subhabrata/AppData/Local/Pub/Cache/hosted/pub.dev/rive-0.12.4/lib/src/runtime_mounted_artboard.dart:45:12:
            Error: The getter 'AABB' isn't defined for the type 'RuntimeMountedArtboard'.
             - 'RuntimeMountedArtboard' is from 'package:rive/src/runtime_mounted_artboard.dart' ('/C:/Users/subhabrata/AppData/Local/Pub/Cache/hosted/pub.dev/rive-0.12.4/lib/src/runtime_mounted_artboard.dart').
                return AABB.fromValues(x, y, x + width, y + height);
                       ^^^^
            /C:/Users/subhabrata/AppData/Local/Pub/Cache/hosted/pub.dev/rive-0.12.4/lib/src/runtime_nested_artboard.dart:123:16:
            Error: 'Vec2D' isn't a type.
              bool hitTest(Vec2D position) => stateMachineController.hitTest(position);
                           ^^^^^
            /C:/Users/subhabrata/AppData/Local/Pub/Cache/hosted/pub.dev/rive-0.12.4/lib/src/runtime_nested_artboard.dart:126:20:
            Error: 'Vec2D' isn't a type.
              void pointerDown(Vec2D position, PointerDownEvent event) =>
                               ^^^^^
            /C:/Users/subhabrata/AppData/Local/Pub/Cache/hosted/pub.dev/rive-0.12.4/lib/src/runtime_nested_artboard.dart:130:20:
            Error: 'Vec2D' isn't a type.
              void pointerMove(Vec2D position) =>
                               ^^^^^
            /C:/Users/subhabrata/AppData/Local/Pub/Cache/hosted/pub.dev/rive-0.12.4/lib/src/runtime_nested_artboard.dart:134:18:
            Error: 'Vec2D' isn't a type.
              void pointerUp(Vec2D position) => stateMachineController.pointerUp(position);
                             ^^^^^
            lib/src/features/course/pesentation/pages/course_detail/widgets/lesson_item.dart:51:26:
            Error: The getter 'FirebaseAuth' isn't defined for the type 'LessonItem'.
             - 'LessonItem' is from 'package:online_course/src/features/course/pesentation/pages/course_detail/widgets/lesson_item.dart' ('lib/src/features/course/pesentation/pages/course_detail/widgets/lesson_item.dart').
                        final user = FirebaseAuth.instance.currentUser;
                                     ^^^^^^^^^^^^
            lib/src/features/course/pesentation/pages/course_detail/widgets/lesson_item.dart:275:23:
            Error: 'Timestamp' isn't a type.
              bool CheckIfExpired(Timestamp purchaseDate) {
                                  ^^^^^^^^^
            /C:/Users/subhabrata/AppData/Local/Pub/Cache/hosted/pub.dev/rive-0.12.4/lib/src/rive_core/state_machine_controller.dart:479:47:
            Error: The method 'Vec2D' isn't defined for the type 'StateMachineController'.
             - 'StateMachineController' is from 'package:rive/src/rive_core/state_machine_controller.dart' ('/C:/Users/subhabrata/AppData/Local/Pub/Cache/hosted/pub.dev/rive-0.12.4/lib/src/rive_core/state_machine_controller.dart').
                            listener.performChanges(this, Vec2D());
                                                          ^^^^^
            /C:/Users/subhabrata/AppData/Local/Pub/Cache/hosted/pub.dev/rive-0.12.4/lib/src/rive_core/state_machine_controller.dart:488:51:
            Error: The method 'Vec2D' isn't defined for the type 'StateMachineController'.
             - 'StateMachineController' is from 'package:rive/src/rive_core/state_machine_controller.dart' ('/C:/Users/subhabrata/AppData/Local/Pub/Cache/hosted/pub.dev/rive-0.12.4/lib/src/rive_core/state_machine_controller.dart').
                                listener.performChanges(this, Vec2D());
                                                              ^^^^^
            /C:/Users/subhabrata/AppData/Local/Pub/Cache/hosted/pub.dev/rive-0.12.4/lib/src/rive_core/state_machine_controller.dart:506:5:
            Error: 'Vec2D' isn't a type.
                Vec2D position, {
                ^^^^^
            /C:/Users/subhabrata/AppData/Local/Pub/Cache/hosted/pub.dev/rive-0.12.4/lib/src/rive_core/state_machine_controller.dart:517:11:
            Error: The getter 'Vec2D' isn't defined for the type 'StateMachineController'.
             - 'StateMachineController' is from 'package:rive/src/rive_core/state_machine_controller.dart' ('/C:/Users/subhabrata/AppData/Local/Pub/Cache/hosted/pub.dev/rive-0.12.4/lib/src/rive_core/state_machine_controller.dart').
                      Vec2D.fromValues(
                      ^^^^^
            /C:/Users/subhabrata/AppData/Local/Pub/Cache/hosted/pub.dev/rive-0.12.4/lib/src/rive_core/state_machine_controller.dart:523:19:
            Error: The method 'IAABB' isn't defined for the type 'StateMachineController'.
             - 'StateMachineController' is from 'package:rive/src/rive_core/state_machine_controller.dart' ('/C:/Users/subhabrata/AppData/Local/Pub/Cache/hosted/pub.dev/rive-0.12.4/lib/src/rive_core/state_machine_controller.dart').
                var hitArea = IAABB(
                              ^^^^^
            /C:/Users/subhabrata/AppData/Local/Pub/Cache/hosted/pub.dev/rive-0.12.4/lib/src/rive_core/state_machine_controller.dart:541:25:
            Error: The method 'TransformingHitTester' isn't defined for the type 'StateMachineController'.
             - 'StateMachineController' is from 'package:rive/src/rive_core/state_machine_controller.dart' ('/C:/Users/subhabrata/AppData/Local/Pub/Cache/hosted/pub.dev/rive-0.12.4/lib/src/rive_core/state_machine_controller.dart').
                    var hitTester = TransformingHitTester(hitArea);
                                    ^^^^^^^^^^^^^^^^^^^^^
            /C:/Users/subhabrata/AppData/Local/Pub/Cache/hosted/pub.dev/rive-0.12.4/lib/src/rive_core/state_machine_controller.dart:609:5:
            Error: 'Vec2D' isn't a type.
                Vec2D position, {
                ^^^^^
            /C:/Users/subhabrata/AppData/Local/Pub/Cache/hosted/pub.dev/rive-0.12.4/lib/src/rive_core/state_machine_controller.dart:620:11:
            Error: The getter 'Vec2D' isn't defined for the type 'StateMachineController'.
             - 'StateMachineController' is from 'package:rive/src/rive_core/state_machine_controller.dart' ('/C:/Users/subhabrata/AppData/Local/Pub/Cache/hosted/pub.dev/rive-0.12.4/lib/src/rive_core/state_machine_controller.dart').
                      Vec2D.fromValues(
                      ^^^^^
            /C:/Users/subhabrata/AppData/Local/Pub/Cache/hosted/pub.dev/rive-0.12.4/lib/src/rive_core/state_machine_controller.dart:626:19:
            Error: The method 'IAABB' isn't defined for the type 'StateMachineController'.
             - 'StateMachineController' is from 'package:rive/src/rive_core/state_machine_controller.dart' ('/C:/Users/subhabrata/AppData/Local/Pub/Cache/hosted/pub.dev/rive-0.12.4/lib/src/rive_core/state_machine_controller.dart').
                var hitArea = IAABB(
                              ^^^^^
            /C:/Users/subhabrata/AppData/Local/Pub/Cache/hosted/pub.dev/rive-0.12.4/lib/src/rive_core/state_machine_controller.dart:641:25:
            Error: The method 'TransformingHitTester' isn't defined for the type 'StateMachineController'.
             - 'StateMachineController' is from 'package:rive/src/rive_core/state_machine_controller.dart' ('/C:/Users/subhabrata/AppData/Local/Pub/Cache/hosted/pub.dev/rive-0.12.4/lib/src/rive_core/state_machine_controller.dart').
                    var hitTester = TransformingHitTester(hitArea);
                                    ^^^^^^^^^^^^^^^^^^^^^
            /C:/Users/subhabrata/AppData/Local/Pub/Cache/hosted/pub.dev/rive-0.12.4/lib/src/rive_core/state_machine_controller.dart:671:20:
            Error: 'Vec2D' isn't a type.
              void pointerMove(Vec2D position) => _processEvent(
                               ^^^^^
            /C:/Users/subhabrata/AppData/Local/Pub/Cache/hosted/pub.dev/rive-0.12.4/lib/src/rive_core/state_machine_controller.dart:676:20:
            Error: 'Vec2D' isn't a type.
              void pointerDown(Vec2D position, PointerDownEvent event) {
                               ^^^^^
            /C:/Users/subhabrata/AppData/Local/Pub/Cache/hosted/pub.dev/rive-0.12.4/lib/src/rive_core/state_machine_controller.dart:686:18:
            Error: 'Vec2D' isn't a type.
              void pointerUp(Vec2D position) => _processEvent(
                             ^^^^^
            /C:/Users/subhabrata/AppData/Local/Pub/Cache/hosted/pub.dev/rive-0.12.4/lib/src/rive_core/state_machine_controller.dart:691:20:
            Error: 'Vec2D' isn't a type.
              void pointerExit(Vec2D position) => _processEvent(
                               ^^^^^
            /C:/Users/subhabrata/AppData/Local/Pub/Cache/hosted/pub.dev/rive-0.12.4/lib/src/rive_core/state_machine_controller.dart:696:21:
            Error: 'Vec2D' isn't a type.
              void pointerEnter(Vec2D position) => _processEvent(
                                ^^^^^
            /C:/Users/subhabrata/AppData/Local/Pub/Cache/hosted/pub.dev/rive-0.12.4/lib/src/rive_render_box.dart:236:28:
            Error: 'Mat2D' isn't a type.
              void draw(Canvas canvas, Mat2D viewTransform);
                                       ^^^^^
            /C:/Users/subhabrata/AppData/Local/Pub/Cache/hosted/pub.dev/rive-0.12.4/lib/src/rive_render_box.dart:272:27:
            Error: The method 'Mat2D' isn't defined for the type 'RiveRenderBox'.
             - 'RiveRenderBox' is from 'package:rive/src/rive_render_box.dart' ('/C:/Users/subhabrata/AppData/Local/Pub/Cache/hosted/pub.dev/rive-0.12.4/lib/src/rive_render_box.dart').
                var localToArtboard = Mat2D();
                                      ^^^^^
            /C:/Users/subhabrata/AppData/Local/Pub/Cache/hosted/pub.dev/rive-0.12.4/lib/src/rive_render_box.dart:273:22:
            Error: The getter 'Vec2D' isn't defined for the type 'RiveRenderBox'.
             - 'RiveRenderBox' is from 'package:rive/src/rive_render_box.dart' ('/C:/Users/subhabrata/AppData/Local/Pub/Cache/hosted/pub.dev/rive-0.12.4/lib/src/rive_render_box.dart').
                var localAsVec = Vec2D.fromValues(local.dx, local.dy);
                                 ^^^^^
            /C:/Users/subhabrata/AppData/Local/Pub/Cache/hosted/pub.dev/rive-0.12.4/lib/src/rive_render_box.dart:274:10:
            Error: The getter 'Mat2D' isn't defined for the type 'RiveRenderBox'.
             - 'RiveRenderBox' is from 'package:rive/src/rive_render_box.dart' ('/C:/Users/subhabrata/AppData/Local/Pub/Cache/hosted/pub.dev/rive-0.12.4/lib/src/rive_render_box.dart').
                if (!Mat2D.invert(localToArtboard, alignArtboard)) {
                     ^^^^^
            /C:/Users/subhabrata/AppData/Local/Pub/Cache/hosted/pub.dev/rive-0.12.4/lib/src/rive_render_box.dart:277:12:
            Error: The getter 'Vec2D' isn't defined for the type 'RiveRenderBox'.
             - 'RiveRenderBox' is from 'package:rive/src/rive_render_box.dart' ('/C:/Users/subhabrata/AppData/Local/Pub/Cache/hosted/pub.dev/rive-0.12.4/lib/src/rive_render_box.dart').
                return Vec2D.transformMat2D(Vec2D(), localAsVec, localToArtboard);
                       ^^^^^
            /C:/Users/subhabrata/AppData/Local/Pub/Cache/hosted/pub.dev/rive-0.12.4/lib/src/rive_render_box.dart:277:33:
            Error: The method 'Vec2D' isn't defined for the type 'RiveRenderBox'.
             - 'RiveRenderBox' is from 'package:rive/src/rive_render_box.dart' ('/C:/Users/subhabrata/AppData/Local/Pub/Cache/hosted/pub.dev/rive-0.12.4/lib/src/rive_render_box.dart').
                return Vec2D.transformMat2D(Vec2D(), localAsVec, localToArtboard);
                                            ^^^^^
            /C:/Users/subhabrata/AppData/Local/Pub/Cache/hosted/pub.dev/rive-0.12.4/lib/src/rive_render_box.dart:281:5:
            Error: 'AABB' isn't a type.
                AABB frame = AABB.fromValues(
                ^^^^
            /C:/Users/subhabrata/AppData/Local/Pub/Cache/hosted/pub.dev/rive-0.12.4/lib/src/rive_render_box.dart:283:5:
            Error: 'AABB' isn't a type.
                AABB content = aabb;
                ^^^^
            /C:/Users/subhabrata/AppData/Local/Pub/Cache/hosted/pub.dev/rive-0.12.4/lib/src/rive_render_box.dart:334:5:
            Error: 'Mat2D' isn't a type.
                Mat2D transform = Mat2D();
                ^^^^^
            /C:/Users/subhabrata/AppData/Local/Pub/Cache/hosted/pub.dev/rive-0.12.4/lib/src/rive_render_box.dart:343:5:
            Error: 'Mat2D' isn't a type.
                Mat2D center = Mat2D();
                ^^^^^
            /C:/Users/subhabrata/AppData/Local/Pub/Cache/hosted/pub.dev/rive-0.12.4/lib/src/rive_render_box.dart:281:18:
            Error: The getter 'AABB' isn't defined for the type 'RiveRenderBox'.
             - 'RiveRenderBox' is from 'package:rive/src/rive_render_box.dart' ('/C:/Users/subhabrata/AppData/Local/Pub/Cache/hosted/pub.dev/rive-0.12.4/lib/src/rive_render_box.dart').
                AABB frame = AABB.fromValues(
                             ^^^^
            /C:/Users/subhabrata/AppData/Local/Pub/Cache/hosted/pub.dev/rive-0.12.4/lib/src/rive_render_box.dart:289:14:
            Error: The method 'Mat2D' isn't defined for the type 'RiveRenderBox'.
             - 'RiveRenderBox' is from 'package:rive/src/rive_render_box.dart' ('/C:/Users/subhabrata/AppData/Local/Pub/Cache/hosted/pub.dev/rive-0.12.4/lib/src/rive_render_box.dart').
                  return Mat2D();
                         ^^^^^
            /C:/Users/subhabrata/AppData/Local/Pub/Cache/hosted/pub.dev/rive-0.12.4/lib/src/rive_render_box.dart:334:23:
            Error: The method 'Mat2D' isn't defined for the type 'RiveRenderBox'.
             - 'RiveRenderBox' is from 'package:rive/src/rive_render_box.dart' ('/C:/Users/subhabrata/AppData/Local/Pub/Cache/hosted/pub.dev/rive-0.12.4/lib/src/rive_render_box.dart').
                Mat2D transform = Mat2D();
                                  ^^^^^
            /C:/Users/subhabrata/AppData/Local/Pub/Cache/hosted/pub.dev/rive-0.12.4/lib/src/rive_render_box.dart:342:5:
            Error: The getter 'Mat2D' isn't defined for the type 'RiveRenderBox'.
             - 'RiveRenderBox' is from 'package:rive/src/rive_render_box.dart' ('/C:/Users/subhabrata/AppData/Local/Pub/Cache/hosted/pub.dev/rive-0.12.4/lib/src/rive_render_box.dart').
                Mat2D.scale(transform, transform, Vec2D.fromValues(scaleX, scaleY));
                ^^^^^
            /C:/Users/subhabrata/AppData/Local/Pub/Cache/hosted/pub.dev/rive-0.12.4/lib/src/rive_render_box.dart:342:39:
            Error: The getter 'Vec2D' isn't defined for the type 'RiveRenderBox'.
             - 'RiveRenderBox' is from 'package:rive/src/rive_render_box.dart' ('/C:/Users/subhabrata/AppData/Local/Pub/Cache/hosted/pub.dev/rive-0.12.4/lib/src/rive_render_box.dart').
                Mat2D.scale(transform, transform, Vec2D.fromValues(scaleX, scaleY));
                                                  ^^^^^
            /C:/Users/subhabrata/AppData/Local/Pub/Cache/hosted/pub.dev/rive-0.12.4/lib/src/rive_render_box.dart:343:20:
            Error: The method 'Mat2D' isn't defined for the type 'RiveRenderBox'.
             - 'RiveRenderBox' is from 'package:rive/src/rive_render_box.dart' ('/C:/Users/subhabrata/AppData/Local/Pub/Cache/hosted/pub.dev/rive-0.12.4/lib/src/rive_render_box.dart').
                Mat2D center = Mat2D();
                               ^^^^^
            /C:/Users/subhabrata/AppData/Local/Pub/Cache/hosted/pub.dev/rive-0.12.4/lib/src/rive_render_box.dart:346:5:
            Error: The getter 'Mat2D' isn't defined for the type 'RiveRenderBox'.
             - 'RiveRenderBox' is from 'package:rive/src/rive_render_box.dart' ('/C:/Users/subhabrata/AppData/Local/Pub/Cache/hosted/pub.dev/rive-0.12.4/lib/src/rive_render_box.dart').
                Mat2D.multiply(transform, transform, center);
                ^^^^^
            /C:/Users/subhabrata/AppData/Local/Pub/Cache/hosted/pub.dev/rive-0.12.4/lib/src/rive_core/joystick.dart:32:7:
            Error: The getter 'Mat2D' isn't defined for the type 'Joystick'.
             - 'Joystick' is from 'package:rive/src/rive_core/joystick.dart' ('/C:/Users/subhabrata/AppData/Local/Pub/Cache/hosted/pub.dev/rive-0.12.4/lib/src/rive_core/joystick.dart').
                  Mat2D.invert(_inverseWorldTransform, _worldTransform);
                  ^^^^^
            /C:/Users/subhabrata/AppData/Local/Pub/Cache/hosted/pub.dev/rive-0.12.4/lib/src/rive_core/joystick.dart:103:25:
            Error: The getter 'Vec2D' isn't defined for the type 'Joystick'.
             - 'Joystick' is from 'package:rive/src/rive_core/joystick.dart' ('/C:/Users/subhabrata/AppData/Local/Pub/Cache/hosted/pub.dev/rive-0.12.4/lib/src/rive_core/joystick.dart').
              Vec2D get position => Vec2D.fromValues(posX, posY);
                                    ^^^^^
            /C:/Users/subhabrata/AppData/Local/Pub/Cache/hosted/pub.dev/rive-0.12.4/lib/src/rive_core/joystick.dart:104:3:
            Error: 'Mat2D' isn't a type.
              Mat2D _worldTransform = Mat2D();
              ^^^^^
            /C:/Users/subhabrata/AppData/Local/Pub/Cache/hosted/pub.dev/rive-0.12.4/lib/src/rive_core/joystick.dart:104:27:
            Error: Method not found: 'Mat2D'.
              Mat2D _worldTransform = Mat2D();
                                      ^^^^^
            /C:/Users/subhabrata/AppData/Local/Pub/Cache/hosted/pub.dev/rive-0.12.4/lib/src/rive_core/joystick.dart:105:9:
            Error: 'Mat2D' isn't a type.
              final Mat2D _inverseWorldTransform = Mat2D();
                    ^^^^^
            /C:/Users/subhabrata/AppData/Local/Pub/Cache/hosted/pub.dev/rive-0.12.4/lib/src/rive_core/joystick.dart:105:40:
            Error: Method not found: 'Mat2D'.
              final Mat2D _inverseWorldTransform = Mat2D();
                                                   ^^^^^
            /C:/Users/subhabrata/AppData/Local/Pub/Cache/hosted/pub.dev/rive-0.12.4/lib/src/rive_core/joystick.dart:108:17:
            Error: The getter 'Mat2D' isn't defined for the type 'Joystick'.
             - 'Joystick' is from 'package:rive/src/rive_core/joystick.dart' ('/C:/Users/subhabrata/AppData/Local/Pub/Cache/hosted/pub.dev/rive-0.12.4/lib/src/rive_core/joystick.dart').
                var local = Mat2D.fromTranslation(position);
                            ^^^^^
            /C:/Users/subhabrata/AppData/Local/Pub/Cache/hosted/pub.dev/rive-0.12.4/lib/src/rive_core/joystick.dart:110:19:
            Error: The getter 'Mat2D' isn't defined for the type 'Joystick'.
             - 'Joystick' is from 'package:rive/src/rive_core/joystick.dart' ('/C:/Users/subhabrata/AppData/Local/Pub/Cache/hosted/pub.dev/rive-0.12.4/lib/src/rive_core/joystick.dart').
                  var world = Mat2D.multiply(
                              ^^^^^
            /C:/Users/subhabrata/AppData/Local/Pub/Cache/hosted/pub.dev/rive-0.12.4/lib/src/rive_core/joystick.dart:111:11:
            Error: The method 'Mat2D' isn't defined for the type 'Joystick'.
             - 'Joystick' is from 'package:rive/src/rive_core/joystick.dart' ('/C:/Users/subhabrata/AppData/Local/Pub/Cache/hosted/pub.dev/rive-0.12.4/lib/src/rive_core/joystick.dart').
                      Mat2D(), (parent as WorldTransformComponent).worldTransform, local);
                      ^^^^^
            /C:/Users/subhabrata/AppData/Local/Pub/Cache/hosted/pub.dev/rive-0.12.4/lib/src/rive_core/joystick.dart:113:16:
            Error: The getter 'Mat2D' isn't defined for the type 'Joystick'.
             - 'Joystick' is from 'package:rive/src/rive_core/joystick.dart' ('/C:/Users/subhabrata/AppData/Local/Pub/Cache/hosted/pub.dev/rive-0.12.4/lib/src/rive_core/joystick.dart').
                    return Mat2D.fromTranslation(world.translation);
                           ^^^^^
            /C:/Users/subhabrata/AppData/Local/Pub/Cache/hosted/pub.dev/rive-0.12.4/lib/src/rive_core/joystick.dart:207:27:
            Error: The getter 'AABB' isn't defined for the type 'Joystick'.
             - 'Joystick' is from 'package:rive/src/rive_core/joystick.dart' ('/C:/Users/subhabrata/AppData/Local/Pub/Cache/hosted/pub.dev/rive-0.12.4/lib/src/rive_core/joystick.dart').
              AABB get localBounds => AABB.fromValues(
                                      ^^^^
            /C:/Users/subhabrata/AppData/Local/Pub/Cache/hosted/pub.dev/rive-0.12.4/lib/src/rive_core/joystick.dart:214:26:
            Error: The getter 'Mat2D' isn't defined for the type 'Joystick'.
             - 'Joystick' is from 'package:rive/src/rive_core/joystick.dart' ('/C:/Users/subhabrata/AppData/Local/Pub/Cache/hosted/pub.dev/rive-0.12.4/lib/src/rive_core/joystick.dart').
              Mat2D get transform => Mat2D.fromTranslation(position);
                                     ^^^^^
            /C:/Users/subhabrata/AppData/Local/Pub/Cache/hosted/pub.dev/rive-0.12.4/lib/src/rive_core/text/text_style.dart:25:3:
            Error: 'Font' isn't a type.
              Font? _font;
              ^^^^
            /C:/Users/subhabrata/AppData/Local/Pub/Cache/hosted/pub.dev/rive-0.12.4/lib/src/rive_core/text/text_style.dart:76:21:
            Error: The method 'FontAxisCoord' isn't defined for the type 'TextStyle'.
             - 'TextStyle' is from 'package:rive/src/rive_core/text/text_style.dart' ('/C:/Users/subhabrata/AppData/Local/Pub/Cache/hosted/pub.dev/rive-0.12.4/lib/src/rive_core/text/text_style.dart').
                      (axis) => FontAxisCoord(
                                ^^^^^^^^^^^^^
            /C:/Users/subhabrata/AppData/Local/Pub/Cache/hosted/pub.dev/rive-0.12.4/lib/src/rive_core/text/text_style.dart:82:24:
            Error: The method 'FontFeature' isn't defined for the type 'TextStyle'.
             - 'TextStyle' is from 'package:rive/src/rive_core/text/text_style.dart' ('/C:/Users/subhabrata/AppData/Local/Pub/Cache/hosted/pub.dev/rive-0.12.4/lib/src/rive_core/text/text_style.dart').
                      (feature) => FontFeature(
                                   ^^^^^^^^^^^
            /C:/Users/subhabrata/AppData/Local/Pub/Cache/hosted/pub.dev/rive-0.12.4/lib/src/rive_core/text/text_style.dart:192:55:
            Error: The getter 'Mat2D' isn't defined for the type 'TextStyle'.
             - 'TextStyle' is from 'package:rive/src/rive_core/text/text_style.dart' ('/C:/Users/subhabrata/AppData/Local/Pub/Cache/hosted/pub.dev/rive-0.12.4/lib/src/rive_core/text/text_style.dart').
              Mat2D get worldTransform => text?.worldTransform ?? Mat2D.identity;
                                                                  ^^^^^
            /C:/Users/subhabrata/AppData/Local/Pub/Cache/hosted/pub.dev/rive-0.12.4/lib/src/rive_core/text/text_style.dart:195:59:
            Error: The method 'Vec2D' isn't defined for the type 'TextStyle'.
             - 'TextStyle' is from 'package:rive/src/rive_core/text/text_style.dart' ('/C:/Users/subhabrata/AppData/Local/Pub/Cache/hosted/pub.dev/rive-0.12.4/lib/src/rive_core/text/text_style.dart').
              Vec2D get worldTranslation => text?.worldTranslation ?? Vec2D();
                                                                      ^^^^^
            /C:/Users/subhabrata/AppData/Local/Pub/Cache/hosted/pub.dev/rive-0.12.4/lib/src/rive_core/shapes/image.dart:31:14:
            Error: The getter 'AABB' isn't defined for the type 'Image'.
             - 'Image' is from 'package:rive/src/rive_core/shapes/image.dart' ('/C:/Users/subhabrata/AppData/Local/Pub/Cache/hosted/pub.dev/rive-0.12.4/lib/src/rive_core/shapes/image.dart').
                  return AABB.empty();
                         ^^^^
            /C:/Users/subhabrata/AppData/Local/Pub/Cache/hosted/pub.dev/rive-0.12.4/lib/src/rive_core/shapes/image.dart:33:12:
            Error: The getter 'AABB' isn't defined for the type 'Image'.
             - 'Image' is from 'package:rive/src/rive_core/shapes/image.dart' ('/C:/Users/subhabrata/AppData/Local/Pub/Cache/hosted/pub.dev/rive-0.12.4/lib/src/rive_core/shapes/image.dart').
                return AABB.fromValues(
                       ^^^^
            /C:/Users/subhabrata/AppData/Local/Pub/Cache/hosted/pub.dev/rive-0.12.4/lib/src/rive_core/animation/nested_state_machine.dart:19:16:
            Error: 'Vec2D' isn't a type.
              bool hitTest(Vec2D position);
                           ^^^^^
            /C:/Users/subhabrata/AppData/Local/Pub/Cache/hosted/pub.dev/rive-0.12.4/lib/src/rive_core/animation/nested_state_machine.dart:21:20:
            Error: 'Vec2D' isn't a type.
              void pointerMove(Vec2D position);
                               ^^^^^
            /C:/Users/subhabrata/AppData/Local/Pub/Cache/hosted/pub.dev/rive-0.12.4/lib/src/rive_core/animation/nested_state_machine.dart:23:20:
            Error: 'Vec2D' isn't a type.
              void pointerDown(Vec2D position, PointerDownEvent event);
                               ^^^^^
            /C:/Users/subhabrata/AppData/Local/Pub/Cache/hosted/pub.dev/rive-0.12.4/lib/src/rive_core/animation/nested_state_machine.dart:25:18:
            Error: 'Vec2D' isn't a type.
              void pointerUp(Vec2D position);
                             ^^^^^
            /C:/Users/subhabrata/AppData/Local/Pub/Cache/hosted/pub.dev/rive-0.12.4/lib/src/rive_core/animation/nested_state_machine.dart:79:16:
            Error: 'Vec2D' isn't a type.
              bool hitTest(Vec2D position) =>
                           ^^^^^
            /C:/Users/subhabrata/AppData/Local/Pub/Cache/hosted/pub.dev/rive-0.12.4/lib/src/rive_core/animation/nested_state_machine.dart:82:20:
            Error: 'Vec2D' isn't a type.
              void pointerMove(Vec2D position) =>
                               ^^^^^
            /C:/Users/subhabrata/AppData/Local/Pub/Cache/hosted/pub.dev/rive-0.12.4/lib/src/rive_core/animation/nested_state_machine.dart:85:20:
            Error: 'Vec2D' isn't a type.
              void pointerDown(Vec2D position, PointerDownEvent event) =>
                               ^^^^^
            /C:/Users/subhabrata/AppData/Local/Pub/Cache/hosted/pub.dev/rive-0.12.4/lib/src/rive_core/animation/nested_state_machine.dart:88:18:
            Error: 'Vec2D' isn't a type.
              void pointerUp(Vec2D position) => _stateMachineInstance?.pointerUp(position);
                             ^^^^^
            /C:/Users/subhabrata/AppData/Local/Pub/Cache/hosted/pub.dev/rive-0.12.4/lib/src/rive_core/shapes/path.dart:21:9:
            Error: 'Mat2D' isn't a type.
              final Mat2D _inverseWorldTransform = Mat2D();
                    ^^^^^
            /C:/Users/subhabrata/AppData/Local/Pub/Cache/hosted/pub.dev/rive-0.12.4/lib/src/rive_core/shapes/path.dart:21:40:
            Error: Method not found: 'Mat2D'.
              final Mat2D _inverseWorldTransform = Mat2D();
                                                   ^^^^^
            /C:/Users/subhabrata/AppData/Local/Pub/Cache/hosted/pub.dev/rive-0.12.4/lib/src/rive_core/shapes/path.dart:88:10:
            Error: The getter 'Mat2D' isn't defined for the type 'Path'.
             - 'Path' is from 'package:rive/src/rive_core/shapes/path.dart' ('/C:/Users/subhabrata/AppData/Local/Pub/Cache/hosted/pub.dev/rive-0.12.4/lib/src/rive_core/shapes/path.dart').
                if (!Mat2D.invert(_inverseWorldTransform, pathTransform)) {
                     ^^^^^
            /C:/Users/subhabrata/AppData/Local/Pub/Cache/hosted/pub.dev/rive-0.12.4/lib/src/rive_core/shapes/path.dart:91:7:
            Error: The getter 'Mat2D' isn't defined for the type 'Path'.
             - 'Path' is from 'package:rive/src/rive_core/shapes/path.dart' ('/C:/Users/subhabrata/AppData/Local/Pub/Cache/hosted/pub.dev/rive-0.12.4/lib/src/rive_core/shapes/path.dart').
                  Mat2D.setIdentity(_inverseWorldTransform);
                  ^^^^^
            /C:/Users/subhabrata/AppData/Local/Pub/Cache/hosted/pub.dev/rive-0.12.4/lib/src/rive_core/shapes/path.dart:123:18:
            Error: 'PathInterface' isn't a type.
              bool buildPath(PathInterface path) {
                             ^^^^^^^^^^^^^
            /C:/Users/subhabrata/AppData/Local/Pub/Cache/hosted/pub.dev/rive-0.12.4/lib/src/rive_core/shapes/path.dart:176:50:
            Error: Inferred type argument 'dynamic' doesn't conform to the bound 'num' of the type variable 'T' on 'min'.
                    var renderRadius = min(toPrevLength / 2, min(toNextLength / 2, radius));
                                                             ^
            Info: This is the type variable whose bound isn't conformed to.
            /C:/Users/subhabrata/AppData/Local/Pub/Cache/hosted/pub.dev/rive-0.12.4/lib/src/rive_core/shapes/path.dart:176:28:
            Error: Inferred type argument 'dynamic' doesn't conform to the bound 'num' of the type variable 'T' on 'min'.
                    var renderRadius = min(toPrevLength / 2, min(toNextLength / 2, radius));
                                       ^
            Info: This is the type variable whose bound isn't conformed to.
            /C:/Users/subhabrata/AppData/Local/Pub/Cache/hosted/pub.dev/rive-0.12.4/lib/src/rive_core/shapes/path.dart:180:27:
            Error: The getter 'Vec2D' isn't defined for the type 'Path'.
             - 'Path' is from 'package:rive/src/rive_core/shapes/path.dart' ('/C:/Users/subhabrata/AppData/Local/Pub/Cache/hosted/pub.dev/rive-0.12.4/lib/src/rive_core/shapes/path.dart').
                    var translation = Vec2D.scaleAndAdd(Vec2D(), pos, toPrev, renderRadius);
                                      ^^^^^
            /C:/Users/subhabrata/AppData/Local/Pub/Cache/hosted/pub.dev/rive-0.12.4/lib/src/rive_core/shapes/path.dart:180:45:
            Error: The method 'Vec2D' isn't defined for the type 'Path'.
             - 'Path' is from 'package:rive/src/rive_core/shapes/path.dart' ('/C:/Users/subhabrata/AppData/Local/Pub/Cache/hosted/pub.dev/rive-0.12.4/lib/src/rive_core/shapes/path.dart').
                    var translation = Vec2D.scaleAndAdd(Vec2D(), pos, toPrev, renderRadius);
                                                        ^^^^^
            /C:/Users/subhabrata/AppData/Local/Pub/Cache/hosted/pub.dev/rive-0.12.4/lib/src/rive_core/shapes/path.dart:184:24:
            Error: The getter 'Vec2D' isn't defined for the type 'Path'.
             - 'Path' is from 'package:rive/src/rive_core/shapes/path.dart' ('/C:/Users/subhabrata/AppData/Local/Pub/Cache/hosted/pub.dev/rive-0.12.4/lib/src/rive_core/shapes/path.dart').
                    var outPoint = Vec2D.scaleAndAdd(
                                   ^^^^^
            /C:/Users/subhabrata/AppData/Local/Pub/Cache/hosted/pub.dev/rive-0.12.4/lib/src/rive_core/shapes/path.dart:185:13:
            Error: The method 'Vec2D' isn't defined for the type 'Path'.
             - 'Path' is from 'package:rive/src/rive_core/shapes/path.dart' ('/C:/Users/subhabrata/AppData/Local/Pub/Cache/hosted/pub.dev/rive-0.12.4/lib/src/rive_core/shapes/path.dart').
                        Vec2D(), pos, toPrev, renderRadius - idealDistance);
                        ^^^^^
            /C:/Users/subhabrata/AppData/Local/Pub/Cache/hosted/pub.dev/rive-0.12.4/lib/src/rive_core/shapes/path.dart:187:23:
            Error: The getter 'Vec2D' isn't defined for the type 'Path'.
             - 'Path' is from 'package:rive/src/rive_core/shapes/path.dart' ('/C:/Users/subhabrata/AppData/Local/Pub/Cache/hosted/pub.dev/rive-0.12.4/lib/src/rive_core/shapes/path.dart').
                    var inPoint = Vec2D.scaleAndAdd(
                                  ^^^^^
            /C:/Users/subhabrata/AppData/Local/Pub/Cache/hosted/pub.dev/rive-0.12.4/lib/src/rive_core/shapes/path.dart:188:13:
            Error: The method 'Vec2D' isn't defined for the type 'Path'.
             - 'Path' is from 'package:rive/src/rive_core/shapes/path.dart' ('/C:/Users/subhabrata/AppData/Local/Pub/Cache/hosted/pub.dev/rive-0.12.4/lib/src/rive_core/shapes/path.dart').
                        Vec2D(), pos, toNext, renderRadius - idealDistance);
                        ^^^^^
            /C:/Users/subhabrata/AppData/Local/Pub/Cache/hosted/pub.dev/rive-0.12.4/lib/src/rive_core/shapes/path.dart:190:23:
            Error: The getter 'Vec2D' isn't defined for the type 'Path'.
             - 'Path' is from 'package:rive/src/rive_core/shapes/path.dart' ('/C:/Users/subhabrata/AppData/Local/Pub/Cache/hosted/pub.dev/rive-0.12.4/lib/src/rive_core/shapes/path.dart').
                    var posNext = Vec2D.scaleAndAdd(Vec2D(), pos, toNext, renderRadius);
                                  ^^^^^
            /C:/Users/subhabrata/AppData/Local/Pub/Cache/hosted/pub.dev/rive-0.12.4/lib/src/rive_core/shapes/path.dart:190:41:
            Error: The method 'Vec2D' isn't defined for the type 'Path'.
             - 'Path' is from 'package:rive/src/rive_core/shapes/path.dart' ('/C:/Users/subhabrata/AppData/Local/Pub/Cache/hosted/pub.dev/rive-0.12.4/lib/src/rive_core/shapes/path.dart').
                    var posNext = Vec2D.scaleAndAdd(Vec2D(), pos, toNext, renderRadius);
                                                    ^^^^^
            /C:/Users/subhabrata/AppData/Local/Pub/Cache/hosted/pub.dev/rive-0.12.4/lib/src/rive_core/shapes/path.dart:241:37:
            Error: Inferred type argument 'dynamic' doesn't conform to the bound 'num' of the type variable 'T' on 'min'.
                          min(toPrevLength / 2, min(toNextLength / 2, radius));
                                                ^
            Info: This is the type variable whose bound isn't conformed to.
            /C:/Users/subhabrata/AppData/Local/Pub/Cache/hosted/pub.dev/rive-0.12.4/lib/src/rive_core/shapes/path.dart:241:15:
            Error: Inferred type argument 'dynamic' doesn't conform to the bound 'num' of the type variable 'T' on 'min'.
                          min(toPrevLength / 2, min(toNextLength / 2, radius));
                          ^
            Info: This is the type variable whose bound isn't conformed to.
            /C:/Users/subhabrata/AppData/Local/Pub/Cache/hosted/pub.dev/rive-0.12.4/lib/src/rive_core/shapes/path.dart:247:15:
            Error: The getter 'Vec2D' isn't defined for the type 'Path'.
             - 'Path' is from 'package:rive/src/rive_core/shapes/path.dart' ('/C:/Users/subhabrata/AppData/Local/Pub/Cache/hosted/pub.dev/rive-0.12.4/lib/src/rive_core/shapes/path.dart').
                          Vec2D.scaleAndAdd(Vec2D(), pos, toPrev, renderRadius);
                          ^^^^^
            /C:/Users/subhabrata/AppData/Local/Pub/Cache/hosted/pub.dev/rive-0.12.4/lib/src/rive_core/shapes/path.dart:247:33:
            Error: The method 'Vec2D' isn't defined for the type 'Path'.
             - 'Path' is from 'package:rive/src/rive_core/shapes/path.dart' ('/C:/Users/subhabrata/AppData/Local/Pub/Cache/hosted/pub.dev/rive-0.12.4/lib/src/rive_core/shapes/path.dart').
                          Vec2D.scaleAndAdd(Vec2D(), pos, toPrev, renderRadius);
                                            ^^^^^
            /C:/Users/subhabrata/AppData/Local/Pub/Cache/hosted/pub.dev/rive-0.12.4/lib/src/rive_core/shapes/path.dart:255:26:
            Error: The getter 'Vec2D' isn't defined for the type 'Path'.
             - 'Path' is from 'package:rive/src/rive_core/shapes/path.dart' ('/C:/Users/subhabrata/AppData/Local/Pub/Cache/hosted/pub.dev/rive-0.12.4/lib/src/rive_core/shapes/path.dart').
                      var outPoint = Vec2D.scaleAndAdd(
                                     ^^^^^
            /C:/Users/subhabrata/AppData/Local/Pub/Cache/hosted/pub.dev/rive-0.12.4/lib/src/rive_core/shapes/path.dart:256:15:
            Error: The method 'Vec2D' isn't defined for the type 'Path'.
             - 'Path' is from 'package:rive/src/rive_core/shapes/path.dart' ('/C:/Users/subhabrata/AppData/Local/Pub/Cache/hosted/pub.dev/rive-0.12.4/lib/src/rive_core/shapes/path.dart').
                          Vec2D(), pos, toPrev, renderRadius - idealDistance);
                          ^^^^^
            /C:/Users/subhabrata/AppData/Local/Pub/Cache/hosted/pub.dev/rive-0.12.4/lib/src/rive_core/shapes/path.dart:258:25:
            Error: The getter 'Vec2D' isn't defined for the type 'Path'.
             - 'Path' is from 'package:rive/src/rive_core/shapes/path.dart' ('/C:/Users/subhabrata/AppData/Local/Pub/Cache/hosted/pub.dev/rive-0.12.4/lib/src/rive_core/shapes/path.dart').
                      var inPoint = Vec2D.scaleAndAdd(
                                    ^^^^^
            /C:/Users/subhabrata/AppData/Local/Pub/Cache/hosted/pub.dev/rive-0.12.4/lib/src/rive_core/shapes/path.dart:259:15:
            Error: The method 'Vec2D' isn't defined for the type 'Path'.
             - 'Path' is from 'package:rive/src/rive_core/shapes/path.dart' ('/C:/Users/subhabrata/AppData/Local/Pub/Cache/hosted/pub.dev/rive-0.12.4/lib/src/rive_core/shapes/path.dart').
                          Vec2D(), pos, toNext, renderRadius - idealDistance);
                          ^^^^^
            /C:/Users/subhabrata/AppData/Local/Pub/Cache/hosted/pub.dev/rive-0.12.4/lib/src/rive_core/shapes/path.dart:261:25:
            Error: The getter 'Vec2D' isn't defined for the type 'Path'.
             - 'Path' is from 'package:rive/src/rive_core/shapes/path.dart' ('/C:/Users/subhabrata/AppData/Local/Pub/Cache/hosted/pub.dev/rive-0.12.4/lib/src/rive_core/shapes/path.dart').
                      var posNext = Vec2D.scaleAndAdd(Vec2D(), pos, toNext, renderRadius);
                                    ^^^^^
            /C:/Users/subhabrata/AppData/Local/Pub/Cache/hosted/pub.dev/rive-0.12.4/lib/src/rive_core/shapes/path.dart:261:43:
            Error: The method 'Vec2D' isn't defined for the type 'Path'.
             - 'Path' is from 'package:rive/src/rive_core/shapes/path.dart' ('/C:/Users/subhabrata/AppData/Local/Pub/Cache/hosted/pub.dev/rive-0.12.4/lib/src/rive_core/shapes/path.dart').
                      var posNext = Vec2D.scaleAndAdd(Vec2D(), pos, toNext, renderRadius);
                                                      ^^^^^
            /C:/Users/subhabrata/AppData/Local/Pub/Cache/hosted/pub.dev/rive-0.12.4/lib/src/rive_core/shapes/path.dart:293:22:
            Error: 'Mat2D' isn't a type.
              AABB computeBounds(Mat2D relativeTo) => preciseComputeBounds(
                                 ^^^^^
            /C:/Users/subhabrata/AppData/Local/Pub/Cache/hosted/pub.dev/rive-0.12.4/lib/src/rive_core/shapes/path.dart:294:20:
            Error: The getter 'Mat2D' isn't defined for the type 'Path'.
             - 'Path' is from 'package:rive/src/rive_core/shapes/path.dart' ('/C:/Users/subhabrata/AppData/Local/Pub/Cache/hosted/pub.dev/rive-0.12.4/lib/src/rive_core/shapes/path.dart').
                    transform: Mat2D.multiply(
                               ^^^^^
            /C:/Users/subhabrata/AppData/Local/Pub/Cache/hosted/pub.dev/rive-0.12.4/lib/src/rive_core/shapes/path.dart:295:11:
            Error: The method 'Mat2D' isn't defined for the type 'Path'.
             - 'Path' is from 'package:rive/src/rive_core/shapes/path.dart' ('/C:/Users/subhabrata/AppData/Local/Pub/Cache/hosted/pub.dev/rive-0.12.4/lib/src/rive_core/shapes/path.dart').
                      Mat2D(),
                      ^^^^^
            /C:/Users/subhabrata/AppData/Local/Pub/Cache/hosted/pub.dev/rive-0.12.4/lib/src/rive_core/shapes/path.dart:301:5:
            Error: 'Mat2D' isn't a type.
                Mat2D? transform,
                ^^^^^
            /C:/Users/subhabrata/AppData/Local/Pub/Cache/hosted/pub.dev/rive-0.12.4/lib/src/rive_core/shapes/path.dart:365:13:
            Error: 'Vec2D' isn't a type.
              void move(Vec2D v) {
                        ^^^^^
            /C:/Users/subhabrata/AppData/Local/Pub/Cache/hosted/pub.dev/rive-0.12.4/lib/src/rive_core/shapes/path.dart:369:13:
            Error: 'Vec2D' isn't a type.
              void line(Vec2D v) {
                        ^^^^^
            /C:/Users/subhabrata/AppData/Local/Pub/Cache/hosted/pub.dev/rive-0.12.4/lib/src/rive_core/shapes/path.dart:373:14:
            Error: 'Vec2D' isn't a type.
              void cubic(Vec2D b, Vec2D c, Vec2D d) {
                         ^^^^^
            /C:/Users/subhabrata/AppData/Local/Pub/Cache/hosted/pub.dev/rive-0.12.4/lib/src/rive_core/shapes/path.dart:373:23:
            Error: 'Vec2D' isn't a type.
              void cubic(Vec2D b, Vec2D c, Vec2D d) {
                                  ^^^^^
            /C:/Users/subhabrata/AppData/Local/Pub/Cache/hosted/pub.dev/rive-0.12.4/lib/src/rive_core/shapes/path.dart:373:32:
            Error: 'Vec2D' isn't a type.
              void cubic(Vec2D b, Vec2D c, Vec2D d) {
                                           ^^^^^
            /C:/Users/subhabrata/AppData/Local/Pub/Cache/hosted/pub.dev/rive-0.12.4/lib/src/rive_core/shapes/path.dart:391:5:
            Error: 'Mat2D' isn't a type.
                Mat2D? transform,
                ^^^^^
            /C:/Users/subhabrata/AppData/Local/Pub/Cache/hosted/pub.dev/rive-0.12.4/lib/src/rive_core/shapes/path.dart:399:5:
            Error: 'AABB' isn't a type.
                AABB bounds = AABB.empty();
                ^^^^
            /C:/Users/subhabrata/AppData/Local/Pub/Cache/hosted/pub.dev/rive-0.12.4/lib/src/rive_core/shapes/path.dart:394:14:
            Error: The getter 'AABB' isn't defined for the type 'RenderPath'.
             - 'RenderPath' is from 'package:rive/src/rive_core/shapes/path.dart' ('/C:/Users/subhabrata/AppData/Local/Pub/Cache/hosted/pub.dev/rive-0.12.4/lib/src/rive_core/shapes/path.dart').
                  return AABB.empty();
                         ^^^^
            /C:/Users/subhabrata/AppData/Local/Pub/Cache/hosted/pub.dev/rive-0.12.4/lib/src/rive_core/shapes/path.dart:399:19:
            Error: The getter 'AABB' isn't defined for the type 'RenderPath'.
             - 'RenderPath' is from 'package:rive/src/rive_core/shapes/path.dart' ('/C:/Users/subhabrata/AppData/Local/Pub/Cache/hosted/pub.dev/rive-0.12.4/lib/src/rive_core/shapes/path.dart').
                AABB bounds = AABB.empty();
                              ^^^^
            /C:/Users/subhabrata/AppData/Local/Pub/Cache/hosted/pub.dev/rive-0.12.4/lib/src/rive_core/shapes/path.dart:401:23:
            Error: The method 'Vec2D' isn't defined for the type 'RenderPath'.
             - 'RenderPath' is from 'package:rive/src/rive_core/shapes/path.dart' ('/C:/Users/subhabrata/AppData/Local/Pub/Cache/hosted/pub.dev/rive-0.12.4/lib/src/rive_core/shapes/path.dart').
                var penPosition = Vec2D();
                                  ^^^^^
            /C:/Users/subhabrata/AppData/Local/Pub/Cache/hosted/pub.dev/rive-0.12.4/lib/src/rive_core/shapes/path.dart:408:20:
            Error: The getter 'Vec2D' isn't defined for the type 'RenderPath'.
             - 'RenderPath' is from 'package:rive/src/rive_core/shapes/path.dart' ('/C:/Users/subhabrata/AppData/Local/Pub/Cache/hosted/pub.dev/rive-0.12.4/lib/src/rive_core/shapes/path.dart').
                      var to = Vec2D.fromValues(_positions[idx++], _positions[idx++]);
                               ^^^^^
            /C:/Users/subhabrata/AppData/Local/Pub/Cache/hosted/pub.dev/rive-0.12.4/lib/src/rive_core/shapes/path.dart:426:26:
            Error: The getter 'Vec2D' isn't defined for the type 'RenderPath'.
             - 'RenderPath' is from 'package:rive/src/rive_core/shapes/path.dart' ('/C:/Users/subhabrata/AppData/Local/Pub/Cache/hosted/pub.dev/rive-0.12.4/lib/src/rive_core/shapes/path.dart').
                      var outPoint = Vec2D.fromValues(_positions[idx++], _positions[idx++]);
                                     ^^^^^
            /C:/Users/subhabrata/AppData/Local/Pub/Cache/hosted/pub.dev/rive-0.12.4/lib/src/rive_core/shapes/path.dart:427:25:
            Error: The getter 'Vec2D' isn't defined for the type 'RenderPath'.
             - 'RenderPath' is from 'package:rive/src/rive_core/shapes/path.dart' ('/C:/Users/subhabrata/AppData/Local/Pub/Cache/hosted/pub.dev/rive-0.12.4/lib/src/rive_core/shapes/path.dart').
                      var inPoint = Vec2D.fromValues(_positions[idx++], _positions[idx++]);
                                    ^^^^^
            /C:/Users/subhabrata/AppData/Local/Pub/Cache/hosted/pub.dev/rive-0.12.4/lib/src/rive_core/shapes/path.dart:428:23:
            Error: The getter 'Vec2D' isn't defined for the type 'RenderPath'.
             - 'RenderPath' is from 'package:rive/src/rive_core/shapes/path.dart' ('/C:/Users/subhabrata/AppData/Local/Pub/Cache/hosted/pub.dev/rive-0.12.4/lib/src/rive_core/shapes/path.dart').
                      var point = Vec2D.fromValues(_positions[idx++], _positions[idx++]);
                                  ^^^^^
            /C:/Users/subhabrata/AppData/Local/Pub/Cache/hosted/pub.dev/rive-0.12.4/lib/src/rive_core/shapes/path.dart:463:5:
            Error: 'AABB' isn't a type.
                AABB bounds, Axis axis, double t, double a, double b, double c, double d) {
                ^^^^
            /C:/Users/subhabrata/AppData/Local/Pub/Cache/hosted/pub.dev/rive-0.12.4/lib/src/rive_core/shapes/path.dart:474:21:
            Error: 'AABB' isn't a type.
            void __expandBounds(AABB bounds, Axis axis, double value) {
                                ^^^^
            /C:/Users/subhabrata/AppData/Local/Pub/Cache/hosted/pub.dev/rive-0.12.4/lib/src/rive_core/shapes/path.dart:493:5:
            Error: 'AABB' isn't a type.
                AABB bounds, Axis axis, double start, double cp1, double cp2, double end) {
                ^^^^
            /C:/Users/subhabrata/AppData/Local/Pub/Cache/hosted/pub.dev/rive-0.12.4/lib/src/rive_core/shapes/path.dart:533:5:
            Error: 'Vec2D' isn't a type.
                Vec2D toPrev, Vec2D toNext, double radius) {
                ^^^^^
            /C:/Users/subhabrata/AppData/Local/Pub/Cache/hosted/pub.dev/rive-0.12.4/lib/src/rive_core/shapes/path.dart:533:19:
            Error: 'Vec2D' isn't a type.
                Vec2D toPrev, Vec2D toNext, double radius) {
                              ^^^^^
            /C:/Users/subhabrata/AppData/Local/Pub/Cache/hosted/pub.dev/rive-0.12.4/lib/src/rive_core/shapes/path_composer.dart:39:7:
            Error: 'Mat2D' isn't a type.
                  Mat2D inverseWorld = Mat2D();
                  ^^^^^
            /C:/Users/subhabrata/AppData/Local/Pub/Cache/hosted/pub.dev/rive-0.12.4/lib/src/rive_core/shapes/path_composer.dart:39:28:
            Error: The method 'Mat2D' isn't defined for the type 'PathComposer'.
             - 'PathComposer' is from 'package:rive/src/rive_core/shapes/path_composer.dart' ('/C:/Users/subhabrata/AppData/Local/Pub/Cache/hosted/pub.dev/rive-0.12.4/lib/src/rive_core/shapes/path_composer.dart').
                  Mat2D inverseWorld = Mat2D();
                                       ^^^^^
            /C:/Users/subhabrata/AppData/Local/Pub/Cache/hosted/pub.dev/rive-0.12.4/lib/src/rive_core/shapes/path_composer.dart:40:11:
            Error: The getter 'Mat2D' isn't defined for the type 'PathComposer'.
             - 'PathComposer' is from 'package:rive/src/rive_core/shapes/path_composer.dart' ('/C:/Users/subhabrata/AppData/Local/Pub/Cache/hosted/pub.dev/rive-0.12.4/lib/src/rive_core/shapes/path_composer.dart').
                  if (Mat2D.invert(inverseWorld, world)) {
                      ^^^^^
            /C:/Users/subhabrata/AppData/Local/Pub/Cache/hosted/pub.dev/rive-0.12.4/lib/src/rive_core/shapes/path_composer.dart:47:19:
            Error: The getter 'Mat2D' isn't defined for the type 'PathComposer'.
             - 'PathComposer' is from 'package:rive/src/rive_core/shapes/path_composer.dart' ('/C:/Users/subhabrata/AppData/Local/Pub/Cache/hosted/pub.dev/rive-0.12.4/lib/src/rive_core/shapes/path_composer.dart').
                              Mat2D.multiplySkipIdentity(inverseWorld, path.pathTransform)
                              ^^^^^
            /C:/Users/subhabrata/AppData/Local/Pub/Cache/hosted/pub.dev/rive-0.12.4/lib/src/rive_core/text/text.dart:37:3:
            Error: 'TextShapeResult' isn't a type.
              TextShapeResult? _shape;
              ^^^^^^^^^^^^^^^
            /C:/Users/subhabrata/AppData/Local/Pub/Cache/hosted/pub.dev/rive-0.12.4/lib/src/rive_core/text/text.dart:40:3:
            Error: 'TextShapeResult' isn't a type.
              TextShapeResult? _modifierShape;
              ^^^^^^^^^^^^^^^
            /C:/Users/subhabrata/AppData/Local/Pub/Cache/hosted/pub.dev/rive-0.12.4/lib/src/rive_core/text/text.dart:41:3:
            Error: 'BreakLinesResult' isn't a type.
              BreakLinesResult? _modifierLines;
              ^^^^^^^^^^^^^^^^
            /C:/Users/subhabrata/AppData/Local/Pub/Cache/hosted/pub.dev/rive-0.12.4/lib/src/rive_core/text/text.dart:44:14:
            Error: 'TextShapeResult' isn't a type.
              final List<TextShapeResult> _cleanupShapes = [];
                         ^^^^^^^^^^^^^^^
            /C:/Users/subhabrata/AppData/Local/Pub/Cache/hosted/pub.dev/rive-0.12.4/lib/src/rive_core/text/text.dart:45:3:
            Error: 'BreakLinesResult' isn't a type.
              BreakLinesResult? _lines;
              ^^^^^^^^^^^^^^^^
            /C:/Users/subhabrata/AppData/Local/Pub/Cache/hosted/pub.dev/rive-0.12.4/lib/src/rive_core/text/text.dart:50:3:
            Error: 'GlyphLookup' isn't a type.
              GlyphLookup? _glyphLookup;
              ^^^^^^^^^^^
            /C:/Users/subhabrata/AppData/Local/Pub/Cache/hosted/pub.dev/rive-0.12.4/lib/src/rive_core/text/text.dart:52:19:
            Error: 'LineRunGlyph' isn't a type.
              double tValueOf(LineRunGlyph glyphInfo) {
                              ^^^^^^^^^^^^
            /C:/Users/subhabrata/AppData/Local/Pub/Cache/hosted/pub.dev/rive-0.12.4/lib/src/rive_core/text/text.dart:63:27:
            Error: 'LineRunGlyph' isn't a type.
              int glyphCodePointCount(LineRunGlyph glyphInfo) {
                                      ^^^^^^^^^^^^
            /C:/Users/subhabrata/AppData/Local/Pub/Cache/hosted/pub.dev/rive-0.12.4/lib/src/rive_core/text/text.dart:90:5:
            Error: 'Font' isn't a type.
                Font defaultFont, {
                ^^^^
            /C:/Users/subhabrata/AppData/Local/Pub/Cache/hosted/pub.dev/rive-0.12.4/lib/src/rive_core/text/text.dart:94:10:
            Error: 'TextRun' isn't a type.
                List<TextRun> textRuns = [];
                     ^^^^^^^
            /C:/Users/subhabrata/AppData/Local/Pub/Cache/hosted/pub.dev/rive-0.12.4/lib/src/rive_core/text/text.dart:103:20:
            Error: The method 'TextRun' isn't defined for the type 'Text'.
             - 'Text' is from 'package:rive/src/rive_core/text/text.dart' ('/C:/Users/subhabrata/AppData/Local/Pub/Cache/hosted/pub.dev/rive-0.12.4/lib/src/rive_core/text/text.dart').
                  textRuns.add(TextRun(
                               ^^^^^^^
            /C:/Users/subhabrata/AppData/Local/Pub/Cache/hosted/pub.dev/rive-0.12.4/lib/src/rive_core/text/text.dart:122:20:
            Error: The method 'TextRun' isn't defined for the type 'Text'.
             - 'Text' is from 'package:rive/src/rive_core/text/text.dart' ('/C:/Users/subhabrata/AppData/Local/Pub/Cache/hosted/pub.dev/rive-0.12.4/lib/src/rive_core/text/text.dart').
                  textRuns.add(TextRun(
                               ^^^^^^^
            /C:/Users/subhabrata/AppData/Local/Pub/Cache/hosted/pub.dev/rive-0.12.4/lib/src/rive_core/text/text.dart:174:32:
            Error: The getter 'Mat2D' isn't defined for the type 'Text'.
             - 'Text' is from 'package:rive/src/rive_core/text/text.dart' ('/C:/Users/subhabrata/AppData/Local/Pub/Cache/hosted/pub.dev/rive-0.12.4/lib/src/rive_core/text/text.dart').
              Mat2D get originTransform => Mat2D.multiply(
                                           ^^^^^
            /C:/Users/subhabrata/AppData/Local/Pub/Cache/hosted/pub.dev/rive-0.12.4/lib/src/rive_core/text/text.dart:175:9:
            Error: The method 'Mat2D' isn't defined for the type 'Text'.
             - 'Text' is from 'package:rive/src/rive_core/text/text.dart' ('/C:/Users/subhabrata/AppData/Local/Pub/Cache/hosted/pub.dev/rive-0.12.4/lib/src/rive_core/text/text.dart').
                    Mat2D(),
                    ^^^^^
            /C:/Users/subhabrata/AppData/Local/Pub/Cache/hosted/pub.dev/rive-0.12.4/lib/src/rive_core/text/text.dart:177:9:
            Error: The getter 'Mat2D' isn't defined for the type 'Text'.
             - 'Text' is from 'package:rive/src/rive_core/text/text.dart' ('/C:/Users/subhabrata/AppData/Local/Pub/Cache/hosted/pub.dev/rive-0.12.4/lib/src/rive_core/text/text.dart').
                    Mat2D.fromTranslate(
                    ^^^^^
            /C:/Users/subhabrata/AppData/Local/Pub/Cache/hosted/pub.dev/rive-0.12.4/lib/src/rive_core/text/text.dart:183:3:
            Error: 'AABB' isn't a type.
              AABB _bounds = AABB.collapsed(Vec2D());
              ^^^^
            /C:/Users/subhabrata/AppData/Local/Pub/Cache/hosted/pub.dev/rive-0.12.4/lib/src/rive_core/text/text.dart:183:33:
            Error: Method not found: 'Vec2D'.
              AABB _bounds = AABB.collapsed(Vec2D());
                                            ^^^^^
            /C:/Users/subhabrata/AppData/Local/Pub/Cache/hosted/pub.dev/rive-0.12.4/lib/src/rive_core/text/text.dart:183:18:
            Error: Undefined name 'AABB'.
              AABB _bounds = AABB.collapsed(Vec2D());
                             ^^^^
            /C:/Users/subhabrata/AppData/Local/Pub/Cache/hosted/pub.dev/rive-0.12.4/lib/src/rive_core/text/text.dart:188:27:
            Error: The getter 'AABB' isn't defined for the type 'Text'.
             - 'Text' is from 'package:rive/src/rive_core/text/text.dart' ('/C:/Users/subhabrata/AppData/Local/Pub/Cache/hosted/pub.dev/rive-0.12.4/lib/src/rive_core/text/text.dart').
              AABB get localBounds => AABB.fromCoordinates(
                                      ^^^^
            /C:/Users/subhabrata/AppData/Local/Pub/Cache/hosted/pub.dev/rive-0.12.4/lib/src/rive_core/text/text.dart:199:21:
            Error: 'LineRunGlyph' isn't a type.
                  bool Function(LineRunGlyph, double, double, GlyphLine) callback) {
                                ^^^^^^^^^^^^
            /C:/Users/subhabrata/AppData/Local/Pub/Cache/hosted/pub.dev/rive-0.12.4/lib/src/rive_core/text/text.dart:199:51:
            Error: 'GlyphLine' isn't a type.
                  bool Function(LineRunGlyph, double, double, GlyphLine) callback) {
                                                              ^^^^^^^^^
            /C:/Users/subhabrata/AppData/Local/Pub/Cache/hosted/pub.dev/rive-0.12.4/lib/src/rive_core/text/text.dart:300:19:
            Error: The getter 'AABB' isn't defined for the type 'Text'.
             - 'Text' is from 'package:rive/src/rive_core/text/text.dart' ('/C:/Users/subhabrata/AppData/Local/Pub/Cache/hosted/pub.dev/rive-0.12.4/lib/src/rive_core/text/text.dart').
                    _bounds = AABB.fromValues(
                              ^^^^
            /C:/Users/subhabrata/AppData/Local/Pub/Cache/hosted/pub.dev/rive-0.12.4/lib/src/rive_core/text/text.dart:308:19:
            Error: The getter 'AABB' isn't defined for the type 'Text'.
             - 'Text' is from 'package:rive/src/rive_core/text/text.dart' ('/C:/Users/subhabrata/AppData/Local/Pub/Cache/hosted/pub.dev/rive-0.12.4/lib/src/rive_core/text/text.dart').
                    _bounds = AABB.fromValues(
                              ^^^^
            /C:/Users/subhabrata/AppData/Local/Pub/Cache/hosted/pub.dev/rive-0.12.4/lib/src/rive_core/text/text.dart:316:19:
            Error: The getter 'AABB' isn't defined for the type 'Text'.
             - 'Text' is from 'package:rive/src/rive_core/text/text.dart' ('/C:/Users/subhabrata/AppData/Local/Pub/Cache/hosted/pub.dev/rive-0.12.4/lib/src/rive_core/text/text.dart').
                    _bounds = AABB.fromValues(
                              ^^^^
            /C:/Users/subhabrata/AppData/Local/Pub/Cache/hosted/pub.dev/rive-0.12.4/lib/src/rive_core/text/text.dart:369:29:
            Error: The getter 'Mat2D' isn't defined for the type 'Text'.
             - 'Text' is from 'package:rive/src/rive_core/text/text.dart' ('/C:/Users/subhabrata/AppData/Local/Pub/Cache/hosted/pub.dev/rive-0.12.4/lib/src/rive_core/text/text.dart').
                        var transform = Mat2D.fromScaleAndTranslation(
                                        ^^^^^
            /C:/Users/subhabrata/AppData/Local/Pub/Cache/hosted/pub.dev/rive-0.12.4/lib/src/rive_core/text/text.dart:376:25:
            Error: The getter 'Mat2D' isn't defined for the type 'Text'.
             - 'Text' is from 'package:rive/src/rive_core/text/text.dart' ('/C:/Users/subhabrata/AppData/Local/Pub/Cache/hosted/pub.dev/rive-0.12.4/lib/src/rive_core/text/text.dart').
                        transform = Mat2D.multiply(
                                    ^^^^^
            /C:/Users/subhabrata/AppData/Local/Pub/Cache/hosted/pub.dev/rive-0.12.4/lib/src/rive_core/text/text.dart:378:17:
            Error: The getter 'Mat2D' isn't defined for the type 'Text'.
             - 'Text' is from 'package:rive/src/rive_core/text/text.dart' ('/C:/Users/subhabrata/AppData/Local/Pub/Cache/hosted/pub.dev/rive-0.12.4/lib/src/rive_core/text/text.dart').
                            Mat2D.fromTranslate(
                            ^^^^^
            /C:/Users/subhabrata/AppData/Local/Pub/Cache/hosted/pub.dev/rive-0.12.4/lib/src/rive_core/text/text.dart:453:10:
            Error: 'Font' isn't a type.
              static Font? _defaultFont;
                     ^^^^
            /C:/Users/subhabrata/AppData/Local/Pub/Cache/hosted/pub.dev/rive-0.12.4/lib/src/rive_core/text/text.dart:466:17:
            Error: The getter 'AABB' isn't defined for the type 'Text'.
             - 'Text' is from 'package:rive/src/rive_core/text/text.dart' ('/C:/Users/subhabrata/AppData/Local/Pub/Cache/hosted/pub.dev/rive-0.12.4/lib/src/rive_core/text/text.dart').
                  _bounds = AABB.collapsed(Vec2D());
                            ^^^^
            /C:/Users/subhabrata/AppData/Local/Pub/Cache/hosted/pub.dev/rive-0.12.4/lib/src/rive_core/text/text.dart:466:32:
            Error: The method 'Vec2D' isn't defined for the type 'Text'.
             - 'Text' is from 'package:rive/src/rive_core/text/text.dart' ('/C:/Users/subhabrata/AppData/Local/Pub/Cache/hosted/pub.dev/rive-0.12.4/lib/src/rive_core/text/text.dart').
                  _bounds = AABB.collapsed(Vec2D());
                                           ^^^^^
            /C:/Users/subhabrata/AppData/Local/Pub/Cache/hosted/pub.dev/rive-0.12.4/lib/src/rive_core/text/text.dart:490:22:
            Error: The getter 'GlyphLookup' isn't defined for the type 'Text'.
             - 'Text' is from 'package:rive/src/rive_core/text/text.dart' ('/C:/Users/subhabrata/AppData/Local/Pub/Cache/hosted/pub.dev/rive-0.12.4/lib/src/rive_core/text/text.dart').
                  _glyphLookup = GlyphLookup.fromShape(
                                 ^^^^^^^^^^^
            /C:/Users/subhabrata/AppData/Local/Pub/Cache/hosted/pub.dev/rive-0.12.4/lib/src/rive_core/text/text.dart:518:24:
            Error: The getter 'GlyphLookup' isn't defined for the type 'Text'.
             - 'Text' is from 'package:rive/src/rive_core/text/text.dart' ('/C:/Users/subhabrata/AppData/Local/Pub/Cache/hosted/pub.dev/rive-0.12.4/lib/src/rive_core/text/text.dart').
                  _glyphLookup ??= GlyphLookup.fromShape(_shape!, _unicharCount);
                                   ^^^^^^^^^^^
            /C:/Users/subhabrata/AppData/Local/Pub/Cache/hosted/pub.dev/rive-0.12.4/lib/src/core/field_types/core_field_type.dart:5:17:
            Error: 'BinaryReader' isn't a type.
              T deserialize(BinaryReader reader);
                            ^^^^^^^^^^^^
            /C:/Users/subhabrata/AppData/Local/Pub/Cache/hosted/pub.dev/rive-0.12.4/lib/src/core/field_types/core_field_type.dart:6:13:
            Error: 'BinaryReader' isn't a type.
              void skip(BinaryReader reader) => deserialize(reader);
                        ^^^^^^^^^^^^
            /C:/Users/subhabrata/AppData/Local/Pub/Cache/hosted/pub.dev/rive-0.12.4/lib/src/rive_core/animation/state_machine_listener.dart:86:58:
            Error: 'Vec2D' isn't a type.
              void performChanges(StateMachineController controller, Vec2D position) {
                                                                     ^^^^^
            lib/src/features/video/presentation/screen/yotutube_player.dart:28:27:
            Error: 'QuerySnapshot' isn't a type.
              late StreamSubscription<QuerySnapshot> _subscription;
                                      ^^^^^^^^^^^^^
            lib/src/features/video/presentation/screen/yotutube_player.dart:29:9:
            Error: 'User' isn't a type.
              final User? _user = null;
                    ^^^^
            lib/src/features/video/presentation/screen/yotutube_player.dart:121:44:
            Error: The getter 'Timestamp' isn't defined for the type '_YotutubePlayerState'.
             - '_YotutubePlayerState' is from 'package:online_course/src/features/video/presentation/screen/yotutube_player.dart' ('lib/src/features/video/presentation/screen/yotutube_player.dart').
                                            timestamp: Timestamp.now(),
                                                       ^^^^^^^^^
            lib/src/features/video/presentation/screen/yotutube_player.dart:153:13:
            Error: The getter 'FirebaseFirestore' isn't defined for the type '_YotutubePlayerState'.
             - '_YotutubePlayerState' is from 'package:online_course/src/features/video/presentation/screen/yotutube_player.dart' ('lib/src/features/video/presentation/screen/yotutube_player.dart').
                  await FirebaseFirestore.instance
                        ^^^^^^^^^^^^^^^^^
            lib/src/features/video/presentation/screen/yotutube_player.dart:164:21:
            Error: The getter 'FirebaseFirestore' isn't defined for the type '_YotutubePlayerState'.
             - '_YotutubePlayerState' is from 'package:online_course/src/features/video/presentation/screen/yotutube_player.dart' ('lib/src/features/video/presentation/screen/yotutube_player.dart').
                _subscription = FirebaseFirestore.instance
                                ^^^^^^^^^^^^^^^^^
            lib/src/features/video/presentation/screen/yotutube_player.dart:184:28:
            Error: The getter 'FirebaseFirestore' isn't defined for the type '_YotutubePlayerState'.
             - '_YotutubePlayerState' is from 'package:online_course/src/features/video/presentation/screen/yotutube_player.dart' ('lib/src/features/video/presentation/screen/yotutube_player.dart').
                final snapshot = await FirebaseFirestore.instance
                                       ^^^^^^^^^^^^^^^^^
            /C:/Users/subhabrata/AppData/Local/Pub/Cache/hosted/pub.dev/rive-0.12.4/lib/src/rive_core/world_transform_component.dart:9:9:
            Error: 'Mat2D' isn't a type.
              final Mat2D worldTransform = Mat2D();
                    ^^^^^
            /C:/Users/subhabrata/AppData/Local/Pub/Cache/hosted/pub.dev/rive-0.12.4/lib/src/rive_core/world_transform_component.dart:9:32:
            Error: Method not found: 'Mat2D'.
              final Mat2D worldTransform = Mat2D();
                                           ^^^^^
            /C:/Users/subhabrata/AppData/Local/Pub/Cache/hosted/pub.dev/rive-0.12.4/lib/src/rive_core/world_transform_component.dart:24:9:
            Error: The getter 'Mat2D' isn't defined for the type 'WorldTransformComponent'.
             - 'WorldTransformComponent' is from 'package:rive/src/rive_core/world_transform_component.dart' ('/C:/Users/subhabrata/AppData/Local/Pub/Cache/hosted/pub.dev/rive-0.12.4/lib/src/rive_core/world_transform_component.dart').
                  : Mat2D.identity;
                    ^^^^^
            /C:/Users/subhabrata/AppData/Local/Pub/Cache/hosted/pub.dev/rive-0.12.4/lib/src/core/field_types/core_callback_type.dart:15:19:
            Error: 'BinaryReader' isn't a type.
              int deserialize(BinaryReader reader) => 0;
                              ^^^^^^^^^^^^
            /C:/Users/subhabrata/AppData/Local/Pub/Cache/hosted/pub.dev/rive-0.12.4/lib/src/rive_core/node.dart:12:19:
            Error: 'Vec2D' isn't a type.
              set translation(Vec2D pos) {
                              ^^^^^
            /C:/Users/subhabrata/AppData/Local/Pub/Cache/hosted/pub.dev/rive-0.12.4/lib/src/rive_core/transform_component.dart:41:9:
            Error: 'Mat2D' isn't a type.
              final Mat2D transform = Mat2D();
                    ^^^^^
            /C:/Users/subhabrata/AppData/Local/Pub/Cache/hosted/pub.dev/rive-0.12.4/lib/src/rive_core/transform_component.dart:41:27:
            Error: Method not found: 'Mat2D'.
              final Mat2D transform = Mat2D();
                                      ^^^^^
            /C:/Users/subhabrata/AppData/Local/Pub/Cache/hosted/pub.dev/rive-0.12.4/lib/src/rive_core/transform_component.dart:43:28:
            Error: The getter 'Vec2D' isn't defined for the type 'TransformComponent'.
             - 'TransformComponent' is from 'package:rive/src/rive_core/transform_component.dart' ('/C:/Users/subhabrata/AppData/Local/Pub/Cache/hosted/pub.dev/rive-0.12.4/lib/src/rive_core/transform_component.dart').
              Vec2D get translation => Vec2D.fromValues(x, y);
                                       ^^^^^
            /C:/Users/subhabrata/AppData/Local/Pub/Cache/hosted/pub.dev/rive-0.12.4/lib/src/rive_core/transform_component.dart:45:7:
            Error: The getter 'Vec2D' isn't defined for the type 'TransformComponent'.
             - 'TransformComponent' is from 'package:rive/src/rive_core/transform_component.dart' ('/C:/Users/subhabrata/AppData/Local/Pub/Cache/hosted/pub.dev/rive-0.12.4/lib/src/rive_core/transform_component.dart').
                  Vec2D.fromValues(worldTransform[4], worldTransform[5]);
                  ^^^^^
            /C:/Users/subhabrata/AppData/Local/Pub/Cache/hosted/pub.dev/rive-0.12.4/lib/src/rive_core/transform_component.dart:64:7:
            Error: The getter 'Mat2D' isn't defined for the type 'TransformComponent'.
             - 'TransformComponent' is from 'package:rive/src/rive_core/transform_component.dart' ('/C:/Users/subhabrata/AppData/Local/Pub/Cache/hosted/pub.dev/rive-0.12.4/lib/src/rive_core/transform_component.dart').
                  Mat2D.fromRotation(transform, rotation);
                  ^^^^^
            /C:/Users/subhabrata/AppData/Local/Pub/Cache/hosted/pub.dev/rive-0.12.4/lib/src/rive_core/transform_component.dart:66:7:
            Error: The getter 'Mat2D' isn't defined for the type 'TransformComponent'.
             - 'TransformComponent' is from 'package:rive/src/rive_core/transform_component.dart' ('/C:/Users/subhabrata/AppData/Local/Pub/Cache/hosted/pub.dev/rive-0.12.4/lib/src/rive_core/transform_component.dart').
                  Mat2D.setIdentity(transform);
                  ^^^^^
            /C:/Users/subhabrata/AppData/Local/Pub/Cache/hosted/pub.dev/rive-0.12.4/lib/src/rive_core/transform_component.dart:71:5:
            Error: The getter 'Mat2D' isn't defined for the type 'TransformComponent'.
             - 'TransformComponent' is from 'package:rive/src/rive_core/transform_component.dart' ('/C:/Users/subhabrata/AppData/Local/Pub/Cache/hosted/pub.dev/rive-0.12.4/lib/src/rive_core/transform_component.dart').
                Mat2D.scaleByValues(transform, scaleX, scaleY);
                ^^^^^
            /C:/Users/subhabrata/AppData/Local/Pub/Cache/hosted/pub.dev/rive-0.12.4/lib/src/rive_core/transform_component.dart:79:22:
            Error: The getter 'Vec2D' isn't defined for the type 'TransformComponent'.
             - 'TransformComponent' is from 'package:rive/src/rive_core/transform_component.dart' ('/C:/Users/subhabrata/AppData/Local/Pub/Cache/hosted/pub.dev/rive-0.12.4/lib/src/rive_core/transform_component.dart').
              Vec2D get scale => Vec2D.fromValues(scaleX, scaleY);
                                 ^^^^^
            /C:/Users/subhabrata/AppData/Local/Pub/Cache/hosted/pub.dev/rive-0.12.4/lib/src/rive_core/transform_component.dart:80:13:
            Error: 'Vec2D' isn't a type.
              set scale(Vec2D value) {
                        ^^^^^
            /C:/Users/subhabrata/AppData/Local/Pub/Cache/hosted/pub.dev/rive-0.12.4/lib/src/rive_core/transform_component.dart:91:7:
            Error: The getter 'Mat2D' isn't defined for the type 'TransformComponent'.
             - 'TransformComponent' is from 'package:rive/src/rive_core/transform_component.dart' ('/C:/Users/subhabrata/AppData/Local/Pub/Cache/hosted/pub.dev/rive-0.12.4/lib/src/rive_core/transform_component.dart').
                  Mat2D.multiply(worldTransform, parentNode.worldTransform, transform);
                  ^^^^^
            /C:/Users/subhabrata/AppData/Local/Pub/Cache/hosted/pub.dev/rive-0.12.4/lib/src/rive_core/transform_component.dart:93:7:
            Error: The getter 'Mat2D' isn't defined for the type 'TransformComponent'.
             - 'TransformComponent' is from 'package:rive/src/rive_core/transform_component.dart' ('/C:/Users/subhabrata/AppData/Local/Pub/Cache/hosted/pub.dev/rive-0.12.4/lib/src/rive_core/transform_component.dart').
                  Mat2D.copy(worldTransform, transform);
                  ^^^^^
            /C:/Users/subhabrata/AppData/Local/Pub/Cache/hosted/pub.dev/rive-0.12.4/lib/src/rive_core/transform_component.dart:211:27:
            Error: The getter 'AABB' isn't defined for the type 'TransformComponent'.
             - 'TransformComponent' is from 'package:rive/src/rive_core/transform_component.dart' ('/C:/Users/subhabrata/AppData/Local/Pub/Cache/hosted/pub.dev/rive-0.12.4/lib/src/rive_core/transform_component.dart').
              AABB get localBounds => AABB.collapsed(Vec2D());
                                      ^^^^
            /C:/Users/subhabrata/AppData/Local/Pub/Cache/hosted/pub.dev/rive-0.12.4/lib/src/rive_core/transform_component.dart:211:42:
            Error: The method 'Vec2D' isn't defined for the type 'TransformComponent'.
             - 'TransformComponent' is from 'package:rive/src/rive_core/transform_component.dart' ('/C:/Users/subhabrata/AppData/Local/Pub/Cache/hosted/pub.dev/rive-0.12.4/lib/src/rive_core/transform_component.dart').
              AABB get localBounds => AABB.collapsed(Vec2D());
                                                     ^^^^^
            /C:/Users/subhabrata/AppData/Local/Pub/Cache/hosted/pub.dev/rive-0.12.4/lib/src/rive_core/transform_component.dart:214:32:
            Error: The getter 'AABB' isn't defined for the type 'TransformComponent'.
             - 'TransformComponent' is from 'package:rive/src/rive_core/transform_component.dart' ('/C:/Users/subhabrata/AppData/Local/Pub/Cache/hosted/pub.dev/rive-0.12.4/lib/src/rive_core/transform_component.dart').
              AABB get constraintBounds => AABB.collapsed(Vec2D());
                                           ^^^^
            /C:/Users/subhabrata/AppData/Local/Pub/Cache/hosted/pub.dev/rive-0.12.4/lib/src/rive_core/transform_component.dart:214:47:
            Error: The method 'Vec2D' isn't defined for the type 'TransformComponent'.
             - 'TransformComponent' is from 'package:rive/src/rive_core/transform_component.dart' ('/C:/Users/subhabrata/AppData/Local/Pub/Cache/hosted/pub.dev/rive-0.12.4/lib/src/rive_core/transform_component.dart').
              AABB get constraintBounds => AABB.collapsed(Vec2D());
                                                          ^^^^^
            /C:/Users/subhabrata/AppData/Local/Pub/Cache/hosted/pub.dev/rive-0.12.4/lib/src/rive_core/text/text_style_axis.dart:8:25:
            Error: The getter 'FontTag' isn't defined for the type 'TextStyleAxis'.
             - 'TextStyleAxis' is from 'package:rive/src/rive_core/text/text_style_axis.dart' ('/C:/Users/subhabrata/AppData/Local/Pub/Cache/hosted/pub.dev/rive-0.12.4/lib/src/rive_core/text/text_style_axis.dart').
              String get tagName => FontTag.tagToName(tag);
                                    ^^^^^^^
            /C:/Users/subhabrata/AppData/Local/Pub/Cache/hosted/pub.dev/rive-0.12.4/lib/src/rive_core/text/text_style_feature.dart:8:25:
            Error: The getter 'FontTag' isn't defined for the type 'TextStyleFeature'.
             - 'TextStyleFeature' is from 'package:rive/src/rive_core/text/text_style_feature.dart' ('/C:/Users/subhabrata/AppData/Local/Pub/Cache/hosted/pub.dev/rive-0.12.4/lib/src/rive_core/text/text_style_feature.dart').
              String get tagName => FontTag.tagToName(tag);
                                    ^^^^^^^
            /C:/Users/subhabrata/AppData/Local/Pub/Cache/hosted/pub.dev/rive-0.12.4/lib/src/rive_core/shapes/mesh.dart:92:3:
            Error: 'AABB' isn't a type.
              AABB bounds = AABB.empty();
              ^^^^
            /C:/Users/subhabrata/AppData/Local/Pub/Cache/hosted/pub.dev/rive-0.12.4/lib/src/rive_core/shapes/mesh.dart:92:17:
            Error: Undefined name 'AABB'.
              AABB bounds = AABB.empty();
                            ^^^^
            /C:/Users/subhabrata/AppData/Local/Pub/Cache/hosted/pub.dev/rive-0.12.4/lib/src/rive_core/shapes/mesh.dart:99:16:
            Error: The getter 'AABB' isn't defined for the type 'Mesh'.
             - 'Mesh' is from 'package:rive/src/rive_core/shapes/mesh.dart' ('/C:/Users/subhabrata/AppData/Local/Pub/Cache/hosted/pub.dev/rive-0.12.4/lib/src/rive_core/shapes/mesh.dart').
                  bounds = AABB.empty();
                           ^^^^
            /C:/Users/subhabrata/AppData/Local/Pub/Cache/hosted/pub.dev/rive-0.12.4/lib/src/rive_core/shapes/mesh.dart:128:18:
            Error: The getter 'BinaryReader' isn't defined for the type 'Mesh'.
             - 'Mesh' is from 'package:rive/src/rive_core/shapes/mesh.dart' ('/C:/Users/subhabrata/AppData/Local/Pub/Cache/hosted/pub.dev/rive-0.12.4/lib/src/rive_core/shapes/mesh.dart').
                var reader = BinaryReader.fromList(triangleIndexBytes);
                             ^^^^^^^^^^^^
            /C:/Users/subhabrata/AppData/Local/Pub/Cache/hosted/pub.dev/rive-0.12.4/lib/src/rive_core/shapes/mesh.dart:149:22:
            Error: The getter 'Mat2D' isn't defined for the type 'Mesh'.
             - 'Mesh' is from 'package:rive/src/rive_core/shapes/mesh.dart' ('/C:/Users/subhabrata/AppData/Local/Pub/Cache/hosted/pub.dev/rive-0.12.4/lib/src/rive_core/shapes/mesh.dart').
                  skin != null ? Mat2D.identity : transformComponent.worldTransform;
                                 ^^^^^
            /C:/Users/subhabrata/AppData/Local/Pub/Cache/hosted/pub.dev/rive-0.12.4/lib/src/rive_core/shapes/cubic_vertex.dart:13:16:
            Error: 'Vec2D' isn't a type.
              set outPoint(Vec2D value);
                           ^^^^^
            /C:/Users/subhabrata/AppData/Local/Pub/Cache/hosted/pub.dev/rive-0.12.4/lib/src/rive_core/shapes/cubic_vertex.dart:14:15:
            Error: 'Vec2D' isn't a type.
              set inPoint(Vec2D value);
                          ^^^^^
            /C:/Users/subhabrata/AppData/Local/Pub/Cache/hosted/pub.dev/rive-0.12.4/lib/src/rive_core/shapes/cubic_vertex.dart:23:15:
            Error: 'Mat2D' isn't a type.
              void deform(Mat2D world, Float32List boneTransforms) {
                          ^^^^^
            /C:/Users/subhabrata/AppData/Local/Pub/Cache/hosted/pub.dev/rive-0.12.4/lib/src/rive_core/text/styled_text.dart:11:14:
            Error: 'TextRun' isn't a type.
              final List<TextRun> runs;
                         ^^^^^^^
            /C:/Users/subhabrata/AppData/Local/Pub/Cache/hosted/pub.dev/rive-0.12.4/lib/src/rive_core/text/styled_text.dart:13:40:
            Error: 'TextRun' isn't a type.
              factory StyledText(String text, List<TextRun> runs) {
                                                   ^^^^^^^
            /C:/Users/subhabrata/AppData/Local/Pub/Cache/hosted/pub.dev/rive-0.12.4/lib/src/rive_core/text/styled_text.dart:22:28:
            Error: 'TextRun' isn't a type.
              factory StyledText.empty(TextRun run) => StyledText('', [run]);
                                       ^^^^^^^
            /C:/Users/subhabrata/AppData/Local/Pub/Cache/hosted/pub.dev/rive-0.12.4/lib/src/rive_core/text/styled_text.dart:42:7:
            Error: The method 'iterableEquals' isn't defined for the type 'StyledText'.
             - 'StyledText' is from 'package:rive/src/rive_core/text/styled_text.dart' ('/C:/Users/subhabrata/AppData/Local/Pub/Cache/hosted/pub.dev/rive-0.12.4/lib/src/rive_core/text/styled_text.dart').
                  iterableEquals(other.runs, runs);
                  ^^^^^^^^^^^^^^
            /C:/Users/subhabrata/AppData/Local/Pub/Cache/hosted/pub.dev/rive-0.12.4/lib/src/rive_core/text/text_modifier_group.dart:82:37:
            Error: 'TextShapeResult' isn't a type.
              void computeRangeMap(String text, TextShapeResult? shape,
                                                ^^^^^^^^^^^^^^^
            /C:/Users/subhabrata/AppData/Local/Pub/Cache/hosted/pub.dev/rive-0.12.4/lib/src/rive_core/text/text_modifier_group.dart:83:7:
            Error: 'BreakLinesResult' isn't a type.
                  BreakLinesResult? lines, GlyphLookup glyphLookup) {
                  ^^^^^^^^^^^^^^^^
            /C:/Users/subhabrata/AppData/Local/Pub/Cache/hosted/pub.dev/rive-0.12.4/lib/src/rive_core/text/text_modifier_group.dart:83:32:
            Error: 'GlyphLookup' isn't a type.
                  BreakLinesResult? lines, GlyphLookup glyphLookup) {
                                           ^^^^^^^^^^^
            /C:/Users/subhabrata/AppData/Local/Pub/Cache/hosted/pub.dev/rive-0.12.4/lib/src/rive_core/text/text_modifier_group.dart:108:24:
            Error: 'LineRunGlyph' isn't a type.
              double glyphCoverage(LineRunGlyph glyphInfo) {
                                   ^^^^^^^^^^^^
            /C:/Users/subhabrata/AppData/Local/Pub/Cache/hosted/pub.dev/rive-0.12.4/lib/src/rive_core/text/text_modifier_group.dart:122:14:
            Error: 'Font' isn't a type.
              final List<Font> _cleanupFonts = [];
                         ^^^^
            /C:/Users/subhabrata/AppData/Local/Pub/Cache/hosted/pub.dev/rive-0.12.4/lib/src/rive_core/text/text_modifier_group.dart:124:34:
            Error: 'TextRun' isn't a type.
              TextRun modifyShape(Text text, TextRun run, double strength) {
                                             ^^^^^^^
            /C:/Users/subhabrata/AppData/Local/Pub/Cache/hosted/pub.dev/rive-0.12.4/lib/src/rive_core/text/text_modifier_group.dart:143:29:
            Error: The method 'FontAxisCoord' isn't defined for the type 'TextModifierGroup'.
             - 'TextModifierGroup' is from 'package:rive/src/rive_core/text/text_modifier_group.dart' ('/C:/Users/subhabrata/AppData/Local/Pub/Cache/hosted/pub.dev/rive-0.12.4/lib/src/rive_core/text/text_modifier_group.dart').
                        .map((entry) => FontAxisCoord(entry.key, entry.value)),
                                        ^^^^^^^^^^^^^
            /C:/Users/subhabrata/AppData/Local/Pub/Cache/hosted/pub.dev/rive-0.12.4/lib/src/rive_core/text/text_modifier_group.dart:197:5:
            Error: 'Mat2D' isn't a type.
                Mat2D xform = Mat2D.fromTranslate(
                ^^^^^
            /C:/Users/subhabrata/AppData/Local/Pub/Cache/hosted/pub.dev/rive-0.12.4/lib/src/rive_core/text/text_modifier_group.dart:197:19:
            Error: The getter 'Mat2D' isn't defined for the type 'TextModifierGroup'.
             - 'TextModifierGroup' is from 'package:rive/src/rive_core/text/text_modifier_group.dart' ('/C:/Users/subhabrata/AppData/Local/Pub/Cache/hosted/pub.dev/rive-0.12.4/lib/src/rive_core/text/text_modifier_group.dart').
                Mat2D xform = Mat2D.fromTranslate(
                              ^^^^^
            /C:/Users/subhabrata/AppData/Local/Pub/Cache/hosted/pub.dev/rive-0.12.4/lib/src/rive_core/text/text_modifier_group.dart:204:29:
            Error: 'Mat2D' isn't a type.
              Mat2D transform(double t, Mat2D glyphTransform) {
                                        ^^^^^
            /C:/Users/subhabrata/AppData/Local/Pub/Cache/hosted/pub.dev/rive-0.12.4/lib/src/rive_core/text/text_modifier_group.dart:209:21:
            Error: The method 'Mat2D' isn't defined for the type 'TextModifierGroup'.
             - 'TextModifierGroup' is from 'package:rive/src/rive_core/text/text_modifier_group.dart' ('/C:/Users/subhabrata/AppData/Local/Pub/Cache/hosted/pub.dev/rive-0.12.4/lib/src/rive_core/text/text_modifier_group.dart').
                var transform = Mat2D();
                                ^^^^^
            /C:/Users/subhabrata/AppData/Local/Pub/Cache/hosted/pub.dev/rive-0.12.4/lib/src/rive_core/text/text_modifier_group.dart:212:7:
            Error: The getter 'Mat2D' isn't defined for the type 'TextModifierGroup'.
             - 'TextModifierGroup' is from 'package:rive/src/rive_core/text/text_modifier_group.dart' ('/C:/Users/subhabrata/AppData/Local/Pub/Cache/hosted/pub.dev/rive-0.12.4/lib/src/rive_core/text/text_modifier_group.dart').
                  Mat2D.fromRotation(transform, actualRotation);
                  ^^^^^
            /C:/Users/subhabrata/AppData/Local/Pub/Cache/hosted/pub.dev/rive-0.12.4/lib/src/rive_core/text/text_modifier_group.dart:214:7:
            Error: The getter 'Mat2D' isn't defined for the type 'TextModifierGroup'.
             - 'TextModifierGroup' is from 'package:rive/src/rive_core/text/text_modifier_group.dart' ('/C:/Users/subhabrata/AppData/Local/Pub/Cache/hosted/pub.dev/rive-0.12.4/lib/src/rive_core/text/text_modifier_group.dart').
                  Mat2D.setIdentity(transform);
                  ^^^^^
            /C:/Users/subhabrata/AppData/Local/Pub/Cache/hosted/pub.dev/rive-0.12.4/lib/src/rive_core/text/text_modifier_group.dart:221:7:
            Error: The getter 'Mat2D' isn't defined for the type 'TextModifierGroup'.
             - 'TextModifierGroup' is from 'package:rive/src/rive_core/text/text_modifier_group.dart' ('/C:/Users/subhabrata/AppData/Local/Pub/Cache/hosted/pub.dev/rive-0.12.4/lib/src/rive_core/text/text_modifier_group.dart').
                  Mat2D.scaleByValues(
                  ^^^^^
            /C:/Users/subhabrata/AppData/Local/Pub/Cache/hosted/pub.dev/rive-0.12.4/lib/src/rive_core/text/text_modifier_group.dart:228:18:
            Error: The getter 'Mat2D' isn't defined for the type 'TextModifierGroup'.
             - 'TextModifierGroup' is from 'package:rive/src/rive_core/text/text_modifier_group.dart' ('/C:/Users/subhabrata/AppData/Local/Pub/Cache/hosted/pub.dev/rive-0.12.4/lib/src/rive_core/text/text_modifier_group.dart').
                var result = Mat2D.multiply(Mat2D(), transform, glyphTransform);
                             ^^^^^
            /C:/Users/subhabrata/AppData/Local/Pub/Cache/hosted/pub.dev/rive-0.12.4/lib/src/rive_core/text/text_modifier_group.dart:228:33:
            Error: The method 'Mat2D' isn't defined for the type 'TextModifierGroup'.
             - 'TextModifierGroup' is from 'package:rive/src/rive_core/text/text_modifier_group.dart' ('/C:/Users/subhabrata/AppData/Local/Pub/Cache/hosted/pub.dev/rive-0.12.4/lib/src/rive_core/text/text_modifier_group.dart').
                var result = Mat2D.multiply(Mat2D(), transform, glyphTransform);
                                            ^^^^^
            /C:/Users/subhabrata/AppData/Local/Pub/Cache/hosted/pub.dev/rive-0.12.4/lib/src/rive_core/text/text_modifier_group.dart:236:53:
            Error: 'TextRun' isn't a type.
              List<TextRun> applyShapeModifiers(Text text, List<TextRun> runs) {
                                                                ^^^^^^^
            /C:/Users/subhabrata/AppData/Local/Pub/Cache/hosted/pub.dev/rive-0.12.4/lib/src/rive_core/text/text_modifier_group.dart:246:25:
            Error: 'TextRun' isn't a type.
                var nextTextRuns = <TextRun>[];
                                    ^^^^^^^
            /C:/Users/subhabrata/AppData/Local/Pub/Cache/hosted/pub.dev/rive-0.12.4/lib/src/rive_core/text/text_style_container.dart:42:10:
            Error: The method 'iterableEquals' isn't defined for the type 'TextStyleContainer'.
             - 'TextStyleContainer' is from 'package:rive/src/rive_core/text/text_style_container.dart' ('/C:/Users/subhabrata/AppData/Local/Pub/Cache/hosted/pub.dev/rive-0.12.4/lib/src/rive_core/text/text_style_container.dart').
                if (!iterableEquals(nextStyles, styles)) {
                     ^^^^^^^^^^^^^^
            /C:/Users/subhabrata/AppData/Local/Pub/Cache/hosted/pub.dev/rive-0.12.4/lib/src/rive_core/animation/listener_action.dart:17:51:
            Error: 'Vec2D' isn't a type.
              void perform(StateMachineController controller, Vec2D position);
                                                              ^^^^^
            lib/src/features/course/data/models/comment_model.dart:8:9:
            Error: 'Timestamp' isn't a type.
              final Timestamp timestamp;
                    ^^^^^^^^^
            lib/src/features/video/presentation/screen/share_video.dart:59:7:
            Error: 'FirebaseFirestore' isn't a type.
                  FirebaseFirestore firestore = FirebaseFirestore.instance;
                  ^^^^^^^^^^^^^^^^^
            lib/src/features/video/presentation/screen/share_video.dart:60:7:
            Error: 'DocumentReference' isn't a type.
                  DocumentReference docRef =
                  ^^^^^^^^^^^^^^^^^
            lib/src/features/video/presentation/screen/share_video.dart:59:37:
            Error: The getter 'FirebaseFirestore' isn't defined for the type '_QRScannerScreenState'.
             - '_QRScannerScreenState' is from 'package:online_course/src/features/video/presentation/screen/share_video.dart' ('lib/src/features/video/presentation/screen/share_video.dart').
                  FirebaseFirestore firestore = FirebaseFirestore.instance;
                                                ^^^^^^^^^^^^^^^^^
            lib/src/features/video/presentation/screen/share_video.dart:70:10:
            Error: The method 'SetOptions' isn't defined for the type '_QRScannerScreenState'.
             - '_QRScannerScreenState' is from 'package:online_course/src/features/video/presentation/screen/share_video.dart' ('lib/src/features/video/presentation/screen/share_video.dart').
                  }, SetOptions(merge: true));
                     ^^^^^^^^^^
            /C:/Users/subhabrata/AppData/Local/Pub/Cache/hosted/pub.dev/rive-0.12.4/lib/src/core/field_types/core_bool_type.dart:6:20:
            Error: 'BinaryReader' isn't a type.
              bool deserialize(BinaryReader reader) => reader.readInt8() == 1;
                               ^^^^^^^^^^^^
            /C:/Users/subhabrata/AppData/Local/Pub/Cache/hosted/pub.dev/rive-0.12.4/lib/src/core/field_types/core_bytes_type.dart:8:25:
            Error: 'BinaryReader' isn't a type.
              Uint8List deserialize(BinaryReader reader) {
                                    ^^^^^^^^^^^^
            /C:/Users/subhabrata/AppData/Local/Pub/Cache/hosted/pub.dev/rive-0.12.4/lib/src/core/field_types/core_color_type.dart:6:19:
            Error: 'BinaryReader' isn't a type.
              int deserialize(BinaryReader reader) => reader.readUint32();
                              ^^^^^^^^^^^^
            /C:/Users/subhabrata/AppData/Local/Pub/Cache/hosted/pub.dev/rive-0.12.4/lib/src/core/field_types/core_double_type.dart:6:22:
            Error: 'BinaryReader' isn't a type.
              double deserialize(BinaryReader reader) => reader.readFloat32();
                                 ^^^^^^^^^^^^
            /C:/Users/subhabrata/AppData/Local/Pub/Cache/hosted/pub.dev/rive-0.12.4/lib/src/core/field_types/core_string_type.dart:6:22:
            Error: 'BinaryReader' isn't a type.
              String deserialize(BinaryReader reader) =>
                                 ^^^^^^^^^^^^
            /C:/Users/subhabrata/AppData/Local/Pub/Cache/hosted/pub.dev/rive-0.12.4/lib/src/core/field_types/core_string_type.dart:9:13:
            Error: 'BinaryReader' isn't a type.
              void read(BinaryReader reader) {
                        ^^^^^^^^^^^^
            /C:/Users/subhabrata/AppData/Local/Pub/Cache/hosted/pub.dev/rive-0.12.4/lib/src/core/field_types/core_uint_type.dart:6:19:
            Error: 'BinaryReader' isn't a type.
              int deserialize(BinaryReader reader) => reader.readVarUint();
                              ^^^^^^^^^^^^
            /C:/Users/subhabrata/AppData/Local/Pub/Cache/hosted/pub.dev/rive-0.12.4/lib/src/rive_core/animation/listener_align_target.dart:11:51:
            Error: 'Vec2D' isn't a type.
              void perform(StateMachineController controller, Vec2D position) {
                                                              ^^^^^
            /C:/Users/subhabrata/AppData/Local/Pub/Cache/hosted/pub.dev/rive-0.12.4/lib/src/rive_core/animation/listener_align_target.dart:18:19:
            Error: The method 'Mat2D' isn't defined for the type 'ListenerAlignTarget'.
             - 'ListenerAlignTarget' is from 'package:rive/src/rive_core/animation/listener_align_target.dart' ('/C:/Users/subhabrata/AppData/Local/Pub/Cache/hosted/pub.dev/rive-0.12.4/lib/src/rive_core/animation/listener_align_target.dart').
                var inverse = Mat2D();
                              ^^^^^
            /C:/Users/subhabrata/AppData/Local/Pub/Cache/hosted/pub.dev/rive-0.12.4/lib/src/rive_core/animation/listener_align_target.dart:19:10:
            Error: The getter 'Mat2D' isn't defined for the type 'ListenerAlignTarget'.
             - 'ListenerAlignTarget' is from 'package:rive/src/rive_core/animation/listener_align_target.dart' ('/C:/Users/subhabrata/AppData/Local/Pub/Cache/hosted/pub.dev/rive-0.12.4/lib/src/rive_core/animation/listener_align_target.dart').
                if (!Mat2D.invert(inverse, targetParentWorld)) {
                     ^^^^^
            /C:/Users/subhabrata/AppData/Local/Pub/Cache/hosted/pub.dev/rive-0.12.4/lib/src/rive_core/animation/listener_bool_change.dart:13:51:
            Error: 'Vec2D' isn't a type.
              void perform(StateMachineController controller, Vec2D position) {
                                                              ^^^^^
            /C:/Users/subhabrata/AppData/Local/Pub/Cache/hosted/pub.dev/rive-0.12.4/lib/src/rive_core/animation/listener_fire_event.dart:15:51:
            Error: 'Vec2D' isn't a type.
              void perform(StateMachineController controller, Vec2D position) {
                                                              ^^^^^
            /C:/Users/subhabrata/AppData/Local/Pub/Cache/hosted/pub.dev/rive-0.12.4/lib/src/rive_core/animation/listener_number_change.dart:13:51:
            Error: 'Vec2D' isn't a type.
              void perform(StateMachineController controller, Vec2D position) {
                                                              ^^^^^
            /C:/Users/subhabrata/AppData/Local/Pub/Cache/hosted/pub.dev/rive-0.12.4/lib/src/rive_core/animation/listener_trigger_change.dart:12:51:
            Error: 'Vec2D' isn't a type.
              void perform(StateMachineController controller, Vec2D position) {
                                                              ^^^^^
            /C:/Users/subhabrata/AppData/Local/Pub/Cache/hosted/pub.dev/rive-0.12.4/lib/src/rive_core/bones/bone.dart:76:32:
            Error: 'Mat2D' isn't a type.
              Vec2D getTipWorldTranslation(Mat2D worldTransform) {
                                           ^^^^^
            /C:/Users/subhabrata/AppData/Local/Pub/Cache/hosted/pub.dev/rive-0.12.4/lib/src/rive_core/bones/cubic_weight.dart:7:9:
            Error: 'Vec2D' isn't a type.
              final Vec2D inTranslation = Vec2D();
                    ^^^^^
            /C:/Users/subhabrata/AppData/Local/Pub/Cache/hosted/pub.dev/rive-0.12.4/lib/src/rive_core/bones/cubic_weight.dart:7:31:
            Error: Method not found: 'Vec2D'.
              final Vec2D inTranslation = Vec2D();
                                          ^^^^^
            /C:/Users/subhabrata/AppData/Local/Pub/Cache/hosted/pub.dev/rive-0.12.4/lib/src/rive_core/bones/cubic_weight.dart:8:9:
            Error: 'Vec2D' isn't a type.
              final Vec2D outTranslation = Vec2D();
                    ^^^^^
            /C:/Users/subhabrata/AppData/Local/Pub/Cache/hosted/pub.dev/rive-0.12.4/lib/src/rive_core/bones/cubic_weight.dart:8:32:
            Error: Method not found: 'Vec2D'.
              final Vec2D outTranslation = Vec2D();
                                           ^^^^^
            /C:/Users/subhabrata/AppData/Local/Pub/Cache/hosted/pub.dev/rive-0.12.4/lib/src/rive_core/bones/skin.dart:20:9:
            Error: 'Mat2D' isn't a type.
              final Mat2D _worldTransform = Mat2D();
                    ^^^^^
            /C:/Users/subhabrata/AppData/Local/Pub/Cache/hosted/pub.dev/rive-0.12.4/lib/src/rive_core/bones/skin.dart:20:33:
            Error: Method not found: 'Mat2D'.
              final Mat2D _worldTransform = Mat2D();
                                            ^^^^^
            /C:/Users/subhabrata/AppData/Local/Pub/Cache/hosted/pub.dev/rive-0.12.4/lib/src/rive_core/bones/skin.dart:48:16:
            Error: The method 'Mat2D' isn't defined for the type 'Skin'.
             - 'Skin' is from 'package:rive/src/rive_core/bones/skin.dart' ('/C:/Users/subhabrata/AppData/Local/Pub/Cache/hosted/pub.dev/rive-0.12.4/lib/src/rive_core/bones/skin.dart').
                var temp = Mat2D();
                           ^^^^^
            /C:/Users/subhabrata/AppData/Local/Pub/Cache/hosted/pub.dev/rive-0.12.4/lib/src/rive_core/bones/skin.dart:55:16:
            Error: The getter 'Mat2D' isn't defined for the type 'Skin'.
             - 'Skin' is from 'package:rive/src/rive_core/bones/skin.dart' ('/C:/Users/subhabrata/AppData/Local/Pub/Cache/hosted/pub.dev/rive-0.12.4/lib/src/rive_core/bones/skin.dart').
                  var wt = Mat2D.multiply(temp, boneWorld, tendon.inverseBind);
                           ^^^^^
            /C:/Users/subhabrata/AppData/Local/Pub/Cache/hosted/pub.dev/rive-0.12.4/lib/src/rive_core/bones/tendon.dart:8:9:
            Error: 'Mat2D' isn't a type.
              final Mat2D _bind = Mat2D();
                    ^^^^^
            /C:/Users/subhabrata/AppData/Local/Pub/Cache/hosted/pub.dev/rive-0.12.4/lib/src/rive_core/bones/tendon.dart:8:23:
            Error: Method not found: 'Mat2D'.
              final Mat2D _bind = Mat2D();
                                  ^^^^^
            /C:/Users/subhabrata/AppData/Local/Pub/Cache/hosted/pub.dev/rive-0.12.4/lib/src/rive_core/bones/tendon.dart:9:3:
            Error: 'Mat2D' isn't a type.
              Mat2D? _inverseBind;
              ^^^^^
            /C:/Users/subhabrata/AppData/Local/Pub/Cache/hosted/pub.dev/rive-0.12.4/lib/src/rive_core/bones/tendon.dart:15:22:
            Error: The method 'Mat2D' isn't defined for the type 'Tendon'.
             - 'Tendon' is from 'package:rive/src/rive_core/bones/tendon.dart' ('/C:/Users/subhabrata/AppData/Local/Pub/Cache/hosted/pub.dev/rive-0.12.4/lib/src/rive_core/bones/tendon.dart').
                  _inverseBind = Mat2D();
                                 ^^^^^
            /C:/Users/subhabrata/AppData/Local/Pub/Cache/hosted/pub.dev/rive-0.12.4/lib/src/rive_core/bones/tendon.dart:16:7:
            Error: The getter 'Mat2D' isn't defined for the type 'Tendon'.
             - 'Tendon' is from 'package:rive/src/rive_core/bones/tendon.dart' ('/C:/Users/subhabrata/AppData/Local/Pub/Cache/hosted/pub.dev/rive-0.12.4/lib/src/rive_core/bones/tendon.dart').
                  Mat2D.invert(_inverseBind!, _bind);
                  ^^^^^
            /C:/Users/subhabrata/AppData/Local/Pub/Cache/hosted/pub.dev/rive-0.12.4/lib/src/rive_core/bones/weight.dart:9:9:
            Error: 'Vec2D' isn't a type.
              final Vec2D translation = Vec2D();
                    ^^^^^
            /C:/Users/subhabrata/AppData/Local/Pub/Cache/hosted/pub.dev/rive-0.12.4/lib/src/rive_core/bones/weight.dart:9:29:
            Error: Method not found: 'Vec2D'.
              final Vec2D translation = Vec2D();
                                        ^^^^^
            /C:/Users/subhabrata/AppData/Local/Pub/Cache/hosted/pub.dev/rive-0.12.4/lib/src/rive_core/bones/weight.dart:22:68:
            Error: 'Mat2D' isn't a type.
              static void deform(double x, double y, int indices, int weights, Mat2D world,
                                                                               ^^^^^
            /C:/Users/subhabrata/AppData/Local/Pub/Cache/hosted/pub.dev/rive-0.12.4/lib/src/rive_core/bones/weight.dart:23:35:
            Error: 'Vec2D' isn't a type.
                  Float32List boneTransforms, Vec2D result) {
                                              ^^^^^
            /C:/Users/subhabrata/AppData/Local/Pub/Cache/hosted/pub.dev/rive-0.12.4/lib/src/rive_core/constraints/distance_constraint.dart:44:5:
            Error: The getter 'Vec2D' isn't defined for the type 'DistanceConstraint'.
             - 'DistanceConstraint' is from 'package:rive/src/rive_core/constraints/distance_constraint.dart' ('/C:/Users/subhabrata/AppData/Local/Pub/Cache/hosted/pub.dev/rive-0.12.4/lib/src/rive_core/constraints/distance_constraint.dart').
                Vec2D.scale(toTarget, toTarget, 1.0 / currentDistance);
                ^^^^^
            /C:/Users/subhabrata/AppData/Local/Pub/Cache/hosted/pub.dev/rive-0.12.4/lib/src/rive_core/constraints/distance_constraint.dart:45:5:
            Error: The getter 'Vec2D' isn't defined for the type 'DistanceConstraint'.
             - 'DistanceConstraint' is from 'package:rive/src/rive_core/constraints/distance_constraint.dart' ('/C:/Users/subhabrata/AppData/Local/Pub/Cache/hosted/pub.dev/rive-0.12.4/lib/src/rive_core/constraints/distance_constraint.dart').
                Vec2D.scale(toTarget, toTarget, distance);
                ^^^^^
            /C:/Users/subhabrata/AppData/Local/Pub/Cache/hosted/pub.dev/rive-0.12.4/lib/src/rive_core/constraints/distance_constraint.dart:50:5:
            Error: The getter 'Vec2D' isn't defined for the type 'DistanceConstraint'.
             - 'DistanceConstraint' is from 'package:rive/src/rive_core/constraints/distance_constraint.dart' ('/C:/Users/subhabrata/AppData/Local/Pub/Cache/hosted/pub.dev/rive-0.12.4/lib/src/rive_core/constraints/distance_constraint.dart').
                Vec2D.lerp(position, ourTranslation, position, strength);
                ^^^^^
            /C:/Users/subhabrata/AppData/Local/Pub/Cache/hosted/pub.dev/rive-0.12.4/lib/src/rive_core/constraints/follow_path_constraint.dart:60:7:
            Error: 'Vec2D' isn't a type.
                  Vec2D position =
                  ^^^^^
            /C:/Users/subhabrata/AppData/Local/Pub/Cache/hosted/pub.dev/rive-0.12.4/lib/src/rive_core/constraints/follow_path_constraint.dart:62:7:
            Error: 'Mat2D' isn't a type.
                  Mat2D transformB = Mat2D.clone(target!.worldTransform);
                  ^^^^^
            /C:/Users/subhabrata/AppData/Local/Pub/Cache/hosted/pub.dev/rive-0.12.4/lib/src/rive_core/constraints/follow_path_constraint.dart:24:16:
            Error: The method 'Mat2D' isn't defined for the type 'FollowPathConstraint'.
             - 'FollowPathConstraint' is from 'package:rive/src/rive_core/constraints/follow_path_constraint.dart' ('/C:/Users/subhabrata/AppData/Local/Pub/Cache/hosted/pub.dev/rive-0.12.4/lib/src/rive_core/constraints/follow_path_constraint.dart').
                    return Mat2D();
                           ^^^^^
            /C:/Users/subhabrata/AppData/Local/Pub/Cache/hosted/pub.dev/rive-0.12.4/lib/src/rive_core/constraints/follow_path_constraint.dart:57:16:
            Error: The method 'Mat2D' isn't defined for the type 'FollowPathConstraint'.
             - 'FollowPathConstraint' is from 'package:rive/src/rive_core/constraints/follow_path_constraint.dart' ('/C:/Users/subhabrata/AppData/Local/Pub/Cache/hosted/pub.dev/rive-0.12.4/lib/src/rive_core/constraints/follow_path_constraint.dart').
                    return Mat2D();
                           ^^^^^
            /C:/Users/subhabrata/AppData/Local/Pub/Cache/hosted/pub.dev/rive-0.12.4/lib/src/rive_core/constraints/follow_path_constraint.dart:61:11:
            Error: The getter 'Vec2D' isn't defined for the type 'FollowPathConstraint'.
             - 'FollowPathConstraint' is from 'package:rive/src/rive_core/constraints/follow_path_constraint.dart' ('/C:/Users/subhabrata/AppData/Local/Pub/Cache/hosted/pub.dev/rive-0.12.4/lib/src/rive_core/constraints/follow_path_constraint.dart').
                      Vec2D.fromValues(tangent.position.dx, tangent.position.dy);
                      ^^^^^
            /C:/Users/subhabrata/AppData/Local/Pub/Cache/hosted/pub.dev/rive-0.12.4/lib/src/rive_core/constraints/follow_path_constraint.dart:62:26:
            Error: The getter 'Mat2D' isn't defined for the type 'FollowPathConstraint'.
             - 'FollowPathConstraint' is from 'package:rive/src/rive_core/constraints/follow_path_constraint.dart' ('/C:/Users/subhabrata/AppData/Local/Pub/Cache/hosted/pub.dev/rive-0.12.4/lib/src/rive_core/constraints/follow_path_constraint.dart').
                  Mat2D transformB = Mat2D.clone(target!.worldTransform);
                                     ^^^^^
            /C:/Users/subhabrata/AppData/Local/Pub/Cache/hosted/pub.dev/rive-0.12.4/lib/src/rive_core/constraints/follow_path_constraint.dart:65:9:
            Error: The getter 'Mat2D' isn't defined for the type 'FollowPathConstraint'.
             - 'FollowPathConstraint' is from 'package:rive/src/rive_core/constraints/follow_path_constraint.dart' ('/C:/Users/subhabrata/AppData/Local/Pub/Cache/hosted/pub.dev/rive-0.12.4/lib/src/rive_core/constraints/follow_path_constraint.dart').
                    Mat2D.fromRotation(
                    ^^^^^
            /C:/Users/subhabrata/AppData/Local/Pub/Cache/hosted/pub.dev/rive-0.12.4/lib/src/rive_core/constraints/follow_path_constraint.dart:69:13:
            Error: The getter 'Vec2D' isn't defined for the type 'FollowPathConstraint'.
             - 'FollowPathConstraint' is from 'package:rive/src/rive_core/constraints/follow_path_constraint.dart' ('/C:/Users/subhabrata/AppData/Local/Pub/Cache/hosted/pub.dev/rive-0.12.4/lib/src/rive_core/constraints/follow_path_constraint.dart').
                      ? Vec2D.fromValues(constrainedComponent!.transform[4],
                        ^^^^^
            /C:/Users/subhabrata/AppData/Local/Pub/Cache/hosted/pub.dev/rive-0.12.4/lib/src/rive_core/constraints/follow_path_constraint.dart:71:13:
            Error: The method 'Vec2D' isn't defined for the type 'FollowPathConstraint'.
             - 'FollowPathConstraint' is from 'package:rive/src/rive_core/constraints/follow_path_constraint.dart' ('/C:/Users/subhabrata/AppData/Local/Pub/Cache/hosted/pub.dev/rive-0.12.4/lib/src/rive_core/constraints/follow_path_constraint.dart').
                      : Vec2D();
                        ^^^^^
            /C:/Users/subhabrata/AppData/Local/Pub/Cache/hosted/pub.dev/rive-0.12.4/lib/src/rive_core/constraints/follow_path_constraint.dart:88:22:
            Error: The getter 'Mat2D' isn't defined for the type 'FollowPathConstraint'.
             - 'FollowPathConstraint' is from 'package:rive/src/rive_core/constraints/follow_path_constraint.dart' ('/C:/Users/subhabrata/AppData/Local/Pub/Cache/hosted/pub.dev/rive-0.12.4/lib/src/rive_core/constraints/follow_path_constraint.dart').
                var transformB = Mat2D.clone(targetTransform);
                                 ^^^^^
            /C:/Users/subhabrata/AppData/Local/Pub/Cache/hosted/pub.dev/rive-0.12.4/lib/src/rive_core/constraints/follow_path_constraint.dart:92:21:
            Error: The method 'Mat2D' isn't defined for the type 'FollowPathConstraint'.
             - 'FollowPathConstraint' is from 'package:rive/src/rive_core/constraints/follow_path_constraint.dart' ('/C:/Users/subhabrata/AppData/Local/Pub/Cache/hosted/pub.dev/rive-0.12.4/lib/src/rive_core/constraints/follow_path_constraint.dart').
                  var inverse = Mat2D();
                                ^^^^^
            /C:/Users/subhabrata/AppData/Local/Pub/Cache/hosted/pub.dev/rive-0.12.4/lib/src/rive_core/constraints/follow_path_constraint.dart:93:12:
            Error: The getter 'Mat2D' isn't defined for the type 'FollowPathConstraint'.
             - 'FollowPathConstraint' is from 'package:rive/src/rive_core/constraints/follow_path_constraint.dart' ('/C:/Users/subhabrata/AppData/Local/Pub/Cache/hosted/pub.dev/rive-0.12.4/lib/src/rive_core/constraints/follow_path_constraint.dart').
                  if (!Mat2D.invert(inverse, targetParentWorld)) {
                       ^^^^^
            /C:/Users/subhabrata/AppData/Local/Pub/Cache/hosted/pub.dev/rive-0.12.4/lib/src/rive_core/constraints/follow_path_constraint.dart:96:7:
            Error: The getter 'Mat2D' isn't defined for the type 'FollowPathConstraint'.
             - 'FollowPathConstraint' is from 'package:rive/src/rive_core/constraints/follow_path_constraint.dart' ('/C:/Users/subhabrata/AppData/Local/Pub/Cache/hosted/pub.dev/rive-0.12.4/lib/src/rive_core/constraints/follow_path_constraint.dart').
                  Mat2D.multiply(transformB, inverse, transformB);
                  ^^^^^
            /C:/Users/subhabrata/AppData/Local/Pub/Cache/hosted/pub.dev/rive-0.12.4/lib/src/rive_core/constraints/follow_path_constraint.dart:100:7:
            Error: The getter 'Mat2D' isn't defined for the type 'FollowPathConstraint'.
             - 'FollowPathConstraint' is from 'package:rive/src/rive_core/constraints/follow_path_constraint.dart' ('/C:/Users/subhabrata/AppData/Local/Pub/Cache/hosted/pub.dev/rive-0.12.4/lib/src/rive_core/constraints/follow_path_constraint.dart').
                  Mat2D.multiply(transformB, targetParentWorld, transformB);
                  ^^^^^
            /C:/Users/subhabrata/AppData/Local/Pub/Cache/hosted/pub.dev/rive-0.12.4/lib/src/rive_core/constraints/follow_path_constraint.dart:103:5:
            Error: The getter 'Mat2D' isn't defined for the type 'FollowPathConstraint'.
             - 'FollowPathConstraint' is from 'package:rive/src/rive_core/constraints/follow_path_constraint.dart' ('/C:/Users/subhabrata/AppData/Local/Pub/Cache/hosted/pub.dev/rive-0.12.4/lib/src/rive_core/constraints/follow_path_constraint.dart').
                Mat2D.decompose(transformA, componentsA);
                ^^^^^
            /C:/Users/subhabrata/AppData/Local/Pub/Cache/hosted/pub.dev/rive-0.12.4/lib/src/rive_core/constraints/follow_path_constraint.dart:104:5:
            Error: The getter 'Mat2D' isn't defined for the type 'FollowPathConstraint'.
             - 'FollowPathConstraint' is from 'package:rive/src/rive_core/constraints/follow_path_constraint.dart' ('/C:/Users/subhabrata/AppData/Local/Pub/Cache/hosted/pub.dev/rive-0.12.4/lib/src/rive_core/constraints/follow_path_constraint.dart').
                Mat2D.decompose(transformB, componentsB);
                ^^^^^
            /C:/Users/subhabrata/AppData/Local/Pub/Cache/hosted/pub.dev/rive-0.12.4/lib/src/rive_core/constraints/follow_path_constraint.dart:122:5:
            Error: The getter 'Mat2D' isn't defined for the type 'FollowPathConstraint'.
             - 'FollowPathConstraint' is from 'package:rive/src/rive_core/constraints/follow_path_constraint.dart' ('/C:/Users/subhabrata/AppData/Local/Pub/Cache/hosted/pub.dev/rive-0.12.4/lib/src/rive_core/constraints/follow_path_constraint.dart').
                Mat2D.compose(component.worldTransform, componentsB);
                ^^^^^
            /C:/Users/subhabrata/AppData/Local/Pub/Cache/hosted/pub.dev/rive-0.12.4/lib/src/rive_core/constraints/ik_constraint.dart:122:7:
            Error: 'Mat2D' isn't a type.
                  Mat2D parentWorldTransform = parentWorld(bone);
                  ^^^^^
            /C:/Users/subhabrata/AppData/Local/Pub/Cache/hosted/pub.dev/rive-0.12.4/lib/src/rive_core/constraints/ik_constraint.dart:124:7:
            Error: The getter 'Mat2D' isn't defined for the type 'IKConstraint'.
             - 'IKConstraint' is from 'package:rive/src/rive_core/constraints/ik_constraint.dart' ('/C:/Users/subhabrata/AppData/Local/Pub/Cache/hosted/pub.dev/rive-0.12.4/lib/src/rive_core/constraints/ik_constraint.dart').
                  Mat2D.invert(item.parentWorldInverse, parentWorldTransform);
                  ^^^^^
            /C:/Users/subhabrata/AppData/Local/Pub/Cache/hosted/pub.dev/rive-0.12.4/lib/src/rive_core/constraints/ik_constraint.dart:127:7:
            Error: The getter 'Mat2D' isn't defined for the type 'IKConstraint'.
             - 'IKConstraint' is from 'package:rive/src/rive_core/constraints/ik_constraint.dart' ('/C:/Users/subhabrata/AppData/Local/Pub/Cache/hosted/pub.dev/rive-0.12.4/lib/src/rive_core/constraints/ik_constraint.dart').
                  Mat2D.multiply(
                  ^^^^^
            /C:/Users/subhabrata/AppData/Local/Pub/Cache/hosted/pub.dev/rive-0.12.4/lib/src/rive_core/constraints/ik_constraint.dart:129:7:
            Error: The getter 'Mat2D' isn't defined for the type 'IKConstraint'.
             - 'IKConstraint' is from 'package:rive/src/rive_core/constraints/ik_constraint.dart' ('/C:/Users/subhabrata/AppData/Local/Pub/Cache/hosted/pub.dev/rive-0.12.4/lib/src/rive_core/constraints/ik_constraint.dart').
                  Mat2D.decompose(boneTransform, item.transformComponents);
                  ^^^^^
            /C:/Users/subhabrata/AppData/Local/Pub/Cache/hosted/pub.dev/rive-0.12.4/lib/src/rive_core/constraints/ik_constraint.dart:150:15:
            Error: The getter 'Mat2D' isn't defined for the type 'IKConstraint'.
             - 'IKConstraint' is from 'package:rive/src/rive_core/constraints/ik_constraint.dart' ('/C:/Users/subhabrata/AppData/Local/Pub/Cache/hosted/pub.dev/rive-0.12.4/lib/src/rive_core/constraints/ik_constraint.dart').
                          Mat2D.invert(fk.parentWorldInverse, parentWorld(fk.bone));
                          ^^^^^
            /C:/Users/subhabrata/AppData/Local/Pub/Cache/hosted/pub.dev/rive-0.12.4/lib/src/rive_core/constraints/ik_constraint.dart:174:35:
            Error: 'Vec2D' isn't a type.
              void solve1(_BoneChainLink fk1, Vec2D worldTargetTranslation) {
                                              ^^^^^
            /C:/Users/subhabrata/AppData/Local/Pub/Cache/hosted/pub.dev/rive-0.12.4/lib/src/rive_core/constraints/ik_constraint.dart:175:5:
            Error: 'Mat2D' isn't a type.
                Mat2D iworld = fk1.parentWorldInverse;
                ^^^^^
            /C:/Users/subhabrata/AppData/Local/Pub/Cache/hosted/pub.dev/rive-0.12.4/lib/src/rive_core/constraints/ik_constraint.dart:183:5:
            Error: 'Vec2D' isn't a type.
                Vec2D toTargetLocal = Vec2D.transformMat2(Vec2D(), toTarget, iworld);
                ^^^^^
            /C:/Users/subhabrata/AppData/Local/Pub/Cache/hosted/pub.dev/rive-0.12.4/lib/src/rive_core/constraints/ik_constraint.dart:177:15:
            Error: The getter 'Vec2D' isn't defined for the type 'IKConstraint'.
             - 'IKConstraint' is from 'package:rive/src/rive_core/constraints/ik_constraint.dart' ('/C:/Users/subhabrata/AppData/Local/Pub/Cache/hosted/pub.dev/rive-0.12.4/lib/src/rive_core/constraints/ik_constraint.dart').
                var pBT = Vec2D.clone(worldTargetTranslation);
                          ^^^^^
            /C:/Users/subhabrata/AppData/Local/Pub/Cache/hosted/pub.dev/rive-0.12.4/lib/src/rive_core/constraints/ik_constraint.dart:183:27:
            Error: The getter 'Vec2D' isn't defined for the type 'IKConstraint'.
             - 'IKConstraint' is from 'package:rive/src/rive_core/constraints/ik_constraint.dart' ('/C:/Users/subhabrata/AppData/Local/Pub/Cache/hosted/pub.dev/rive-0.12.4/lib/src/rive_core/constraints/ik_constraint.dart').
                Vec2D toTargetLocal = Vec2D.transformMat2(Vec2D(), toTarget, iworld);
                                      ^^^^^
            /C:/Users/subhabrata/AppData/Local/Pub/Cache/hosted/pub.dev/rive-0.12.4/lib/src/rive_core/constraints/ik_constraint.dart:183:47:
            Error: The method 'Vec2D' isn't defined for the type 'IKConstraint'.
             - 'IKConstraint' is from 'package:rive/src/rive_core/constraints/ik_constraint.dart' ('/C:/Users/subhabrata/AppData/Local/Pub/Cache/hosted/pub.dev/rive-0.12.4/lib/src/rive_core/constraints/ik_constraint.dart').
                Vec2D toTargetLocal = Vec2D.transformMat2(Vec2D(), toTarget, iworld);
                                                          ^^^^^
            /C:/Users/subhabrata/AppData/Local/Pub/Cache/hosted/pub.dev/rive-0.12.4/lib/src/rive_core/constraints/ik_constraint.dart:191:47:
            Error: 'Vec2D' isn't a type.
                  _BoneChainLink fk1, _BoneChainLink fk2, Vec2D worldTargetTranslation) {
                                                          ^^^^^
            /C:/Users/subhabrata/AppData/Local/Pub/Cache/hosted/pub.dev/rive-0.12.4/lib/src/rive_core/constraints/ik_constraint.dart:201:15:
            Error: The getter 'Vec2D' isn't defined for the type 'IKConstraint'.
             - 'IKConstraint' is from 'package:rive/src/rive_core/constraints/ik_constraint.dart' ('/C:/Users/subhabrata/AppData/Local/Pub/Cache/hosted/pub.dev/rive-0.12.4/lib/src/rive_core/constraints/ik_constraint.dart').
                var pBT = Vec2D.clone(worldTargetTranslation);
                          ^^^^^
            /C:/Users/subhabrata/AppData/Local/Pub/Cache/hosted/pub.dev/rive-0.12.4/lib/src/rive_core/constraints/ik_constraint.dart:238:21:
            Error: The getter 'Vec2D' isn't defined for the type 'IKConstraint'.
             - 'IKConstraint' is from 'package:rive/src/rive_core/constraints/ik_constraint.dart' ('/C:/Users/subhabrata/AppData/Local/Pub/Cache/hosted/pub.dev/rive-0.12.4/lib/src/rive_core/constraints/ik_constraint.dart').
                  var avLocal = Vec2D.transformMat2(Vec2D(), avec, secondChildWorldInverse);
                                ^^^^^
            /C:/Users/subhabrata/AppData/Local/Pub/Cache/hosted/pub.dev/rive-0.12.4/lib/src/rive_core/constraints/ik_constraint.dart:238:41:
            Error: The method 'Vec2D' isn't defined for the type 'IKConstraint'.
             - 'IKConstraint' is from 'package:rive/src/rive_core/constraints/ik_constraint.dart' ('/C:/Users/subhabrata/AppData/Local/Pub/Cache/hosted/pub.dev/rive-0.12.4/lib/src/rive_core/constraints/ik_constraint.dart').
                  var avLocal = Vec2D.transformMat2(Vec2D(), avec, secondChildWorldInverse);
                                                    ^^^^^
            /C:/Users/subhabrata/AppData/Local/Pub/Cache/hosted/pub.dev/rive-0.12.4/lib/src/rive_core/constraints/ik_constraint.dart:259:7:
            Error: The getter 'Mat2D' isn't defined for the type 'IKConstraint'.
             - 'IKConstraint' is from 'package:rive/src/rive_core/constraints/ik_constraint.dart' ('/C:/Users/subhabrata/AppData/Local/Pub/Cache/hosted/pub.dev/rive-0.12.4/lib/src/rive_core/constraints/ik_constraint.dart').
                  Mat2D.multiply(bone.worldTransform, parentWorld(bone), bone.transform);
                  ^^^^^
            /C:/Users/subhabrata/AppData/Local/Pub/Cache/hosted/pub.dev/rive-0.12.4/lib/src/rive_core/constraints/ik_constraint.dart:272:3:
            Error: 'TransformComponents' isn't a type.
              TransformComponents transformComponents = TransformComponents();
              ^^^^^^^^^^^^^^^^^^^
            /C:/Users/subhabrata/AppData/Local/Pub/Cache/hosted/pub.dev/rive-0.12.4/lib/src/rive_core/constraints/ik_constraint.dart:272:45:
            Error: Method not found: 'TransformComponents'.
              TransformComponents transformComponents = TransformComponents();
                                                        ^^^^^^^^^^^^^^^^^^^
            /C:/Users/subhabrata/AppData/Local/Pub/Cache/hosted/pub.dev/rive-0.12.4/lib/src/rive_core/constraints/ik_constraint.dart:273:3:
            Error: 'Mat2D' isn't a type.
              Mat2D parentWorldInverse = Mat2D();
              ^^^^^
            /C:/Users/subhabrata/AppData/Local/Pub/Cache/hosted/pub.dev/rive-0.12.4/lib/src/rive_core/constraints/ik_constraint.dart:273:30:
            Error: Method not found: 'Mat2D'.
              Mat2D parentWorldInverse = Mat2D();
                                         ^^^^^
            /C:/Users/subhabrata/AppData/Local/Pub/Cache/hosted/pub.dev/rive-0.12.4/lib/src/rive_core/constraints/ik_constraint.dart:283:3:
            Error: 'Mat2D' isn't a type.
              Mat2D parentWorldTransform = parentWorld(bone);
              ^^^^^
            /C:/Users/subhabrata/AppData/Local/Pub/Cache/hosted/pub.dev/rive-0.12.4/lib/src/rive_core/constraints/ik_constraint.dart:286:5:
            Error: Undefined name 'Mat2D'.
                Mat2D.setIdentity(boneTransform);
                ^^^^^
            /C:/Users/subhabrata/AppData/Local/Pub/Cache/hosted/pub.dev/rive-0.12.4/lib/src/rive_core/constraints/ik_constraint.dart:288:5:
            Error: Undefined name 'Mat2D'.
                Mat2D.fromRotation(boneTransform, rotation);
                ^^^^^
            /C:/Users/subhabrata/AppData/Local/Pub/Cache/hosted/pub.dev/rive-0.12.4/lib/src/rive_core/constraints/ik_constraint.dart:305:3:
            Error: Undefined name 'Mat2D'.
              Mat2D.multiply(bone.worldTransform, parentWorldTransform, boneTransform);
              ^^^^^
            /C:/Users/subhabrata/AppData/Local/Pub/Cache/hosted/pub.dev/rive-0.12.4/lib/src/rive_core/constraints/rotation_constraint.dart:64:7:
            Error: 'Mat2D' isn't a type.
                  Mat2D inverse = Mat2D();
                  ^^^^^
            /C:/Users/subhabrata/AppData/Local/Pub/Cache/hosted/pub.dev/rive-0.12.4/lib/src/rive_core/constraints/rotation_constraint.dart:21:22:
            Error: The method 'Mat2D' isn't defined for the type 'RotationConstraint'.
             - 'RotationConstraint' is from 'package:rive/src/rive_core/constraints/rotation_constraint.dart' ('/C:/Users/subhabrata/AppData/Local/Pub/Cache/hosted/pub.dev/rive-0.12.4/lib/src/rive_core/constraints/rotation_constraint.dart').
                var transformB = Mat2D();
                                 ^^^^^
            /C:/Users/subhabrata/AppData/Local/Pub/Cache/hosted/pub.dev/rive-0.12.4/lib/src/rive_core/constraints/rotation_constraint.dart:22:5:
            Error: The getter 'Mat2D' isn't defined for the type 'RotationConstraint'.
             - 'RotationConstraint' is from 'package:rive/src/rive_core/constraints/rotation_constraint.dart' ('/C:/Users/subhabrata/AppData/Local/Pub/Cache/hosted/pub.dev/rive-0.12.4/lib/src/rive_core/constraints/rotation_constraint.dart').
                Mat2D.decompose(transformA, componentsA);
                ^^^^^
            /C:/Users/subhabrata/AppData/Local/Pub/Cache/hosted/pub.dev/rive-0.12.4/lib/src/rive_core/constraints/rotation_constraint.dart:24:7:
            Error: The getter 'Mat2D' isn't defined for the type 'RotationConstraint'.
             - 'RotationConstraint' is from 'package:rive/src/rive_core/constraints/rotation_constraint.dart' ('/C:/Users/subhabrata/AppData/Local/Pub/Cache/hosted/pub.dev/rive-0.12.4/lib/src/rive_core/constraints/rotation_constraint.dart').
                  Mat2D.copy(transformB, transformA);
                  ^^^^^
            /C:/Users/subhabrata/AppData/Local/Pub/Cache/hosted/pub.dev/rive-0.12.4/lib/src/rive_core/constraints/rotation_constraint.dart:25:7:
            Error: The getter 'TransformComponents' isn't defined for the type 'RotationConstraint'.
             - 'RotationConstraint' is from 'package:rive/src/rive_core/constraints/rotation_constraint.dart' ('/C:/Users/subhabrata/AppData/Local/Pub/Cache/hosted/pub.dev/rive-0.12.4/lib/src/rive_core/constraints/rotation_constraint.dart').
                  TransformComponents.copy(componentsB, componentsA);
                  ^^^^^^^^^^^^^^^^^^^
            /C:/Users/subhabrata/AppData/Local/Pub/Cache/hosted/pub.dev/rive-0.12.4/lib/src/rive_core/constraints/rotation_constraint.dart:27:7:
            Error: The getter 'Mat2D' isn't defined for the type 'RotationConstraint'.
             - 'RotationConstraint' is from 'package:rive/src/rive_core/constraints/rotation_constraint.dart' ('/C:/Users/subhabrata/AppData/Local/Pub/Cache/hosted/pub.dev/rive-0.12.4/lib/src/rive_core/constraints/rotation_constraint.dart').
                  Mat2D.copy(transformB, target!.worldTransform);
                  ^^^^^
            /C:/Users/subhabrata/AppData/Local/Pub/Cache/hosted/pub.dev/rive-0.12.4/lib/src/rive_core/constraints/rotation_constraint.dart:29:23:
            Error: The method 'Mat2D' isn't defined for the type 'RotationConstraint'.
             - 'RotationConstraint' is from 'package:rive/src/rive_core/constraints/rotation_constraint.dart' ('/C:/Users/subhabrata/AppData/Local/Pub/Cache/hosted/pub.dev/rive-0.12.4/lib/src/rive_core/constraints/rotation_constraint.dart').
                    var inverse = Mat2D();
                                  ^^^^^
            /C:/Users/subhabrata/AppData/Local/Pub/Cache/hosted/pub.dev/rive-0.12.4/lib/src/rive_core/constraints/rotation_constraint.dart:31:14:
            Error: The getter 'Mat2D' isn't defined for the type 'RotationConstraint'.
             - 'RotationConstraint' is from 'package:rive/src/rive_core/constraints/rotation_constraint.dart' ('/C:/Users/subhabrata/AppData/Local/Pub/Cache/hosted/pub.dev/rive-0.12.4/lib/src/rive_core/constraints/rotation_constraint.dart').
                    if (!Mat2D.invert(inverse, parentWorld(target!))) {
                         ^^^^^
            /C:/Users/subhabrata/AppData/Local/Pub/Cache/hosted/pub.dev/rive-0.12.4/lib/src/rive_core/constraints/rotation_constraint.dart:34:9:
            Error: The getter 'Mat2D' isn't defined for the type 'RotationConstraint'.
             - 'RotationConstraint' is from 'package:rive/src/rive_core/constraints/rotation_constraint.dart' ('/C:/Users/subhabrata/AppData/Local/Pub/Cache/hosted/pub.dev/rive-0.12.4/lib/src/rive_core/constraints/rotation_constraint.dart').
                    Mat2D.multiply(transformB, inverse, transformB);
                    ^^^^^
            /C:/Users/subhabrata/AppData/Local/Pub/Cache/hosted/pub.dev/rive-0.12.4/lib/src/rive_core/constraints/rotation_constraint.dart:37:7:
            Error: The getter 'Mat2D' isn't defined for the type 'RotationConstraint'.
             - 'RotationConstraint' is from 'package:rive/src/rive_core/constraints/rotation_constraint.dart' ('/C:/Users/subhabrata/AppData/Local/Pub/Cache/hosted/pub.dev/rive-0.12.4/lib/src/rive_core/constraints/rotation_constraint.dart').
                  Mat2D.decompose(transformB, componentsB);
                  ^^^^^
            /C:/Users/subhabrata/AppData/Local/Pub/Cache/hosted/pub.dev/rive-0.12.4/lib/src/rive_core/constraints/rotation_constraint.dart:54:9:
            Error: The getter 'Mat2D' isn't defined for the type 'RotationConstraint'.
             - 'RotationConstraint' is from 'package:rive/src/rive_core/constraints/rotation_constraint.dart' ('/C:/Users/subhabrata/AppData/Local/Pub/Cache/hosted/pub.dev/rive-0.12.4/lib/src/rive_core/constraints/rotation_constraint.dart').
                    Mat2D.compose(transformB, componentsB);
                    ^^^^^
            /C:/Users/subhabrata/AppData/Local/Pub/Cache/hosted/pub.dev/rive-0.12.4/lib/src/rive_core/constraints/rotation_constraint.dart:56:9:
            Error: The getter 'Mat2D' isn't defined for the type 'RotationConstraint'.
             - 'RotationConstraint' is from 'package:rive/src/rive_core/constraints/rotation_constraint.dart' ('/C:/Users/subhabrata/AppData/Local/Pub/Cache/hosted/pub.dev/rive-0.12.4/lib/src/rive_core/constraints/rotation_constraint.dart').
                    Mat2D.multiply(transformB, grandParentWorld, transformB);
                    ^^^^^
            /C:/Users/subhabrata/AppData/Local/Pub/Cache/hosted/pub.dev/rive-0.12.4/lib/src/rive_core/constraints/rotation_constraint.dart:57:9:
            Error: The getter 'Mat2D' isn't defined for the type 'RotationConstraint'.
             - 'RotationConstraint' is from 'package:rive/src/rive_core/constraints/rotation_constraint.dart' ('/C:/Users/subhabrata/AppData/Local/Pub/Cache/hosted/pub.dev/rive-0.12.4/lib/src/rive_core/constraints/rotation_constraint.dart').
                    Mat2D.decompose(transformB, componentsB);
                    ^^^^^
            /C:/Users/subhabrata/AppData/Local/Pub/Cache/hosted/pub.dev/rive-0.12.4/lib/src/rive_core/constraints/rotation_constraint.dart:63:7:
            Error: The getter 'Mat2D' isn't defined for the type 'RotationConstraint'.
             - 'RotationConstraint' is from 'package:rive/src/rive_core/constraints/rotation_constraint.dart' ('/C:/Users/subhabrata/AppData/Local/Pub/Cache/hosted/pub.dev/rive-0.12.4/lib/src/rive_core/constraints/rotation_constraint.dart').
                  Mat2D.compose(transformB, componentsB);
                  ^^^^^
            /C:/Users/subhabrata/AppData/Local/Pub/Cache/hosted/pub.dev/rive-0.12.4/lib/src/rive_core/constraints/rotation_constraint.dart:64:23:
            Error: The method 'Mat2D' isn't defined for the type 'RotationConstraint'.
             - 'RotationConstraint' is from 'package:rive/src/rive_core/constraints/rotation_constraint.dart' ('/C:/Users/subhabrata/AppData/Local/Pub/Cache/hosted/pub.dev/rive-0.12.4/lib/src/rive_core/constraints/rotation_constraint.dart').
                  Mat2D inverse = Mat2D();
                                  ^^^^^
            /C:/Users/subhabrata/AppData/Local/Pub/Cache/hosted/pub.dev/rive-0.12.4/lib/src/rive_core/constraints/rotation_constraint.dart:65:12:
            Error: The getter 'Mat2D' isn't defined for the type 'RotationConstraint'.
             - 'RotationConstraint' is from 'package:rive/src/rive_core/constraints/rotation_constraint.dart' ('/C:/Users/subhabrata/AppData/Local/Pub/Cache/hosted/pub.dev/rive-0.12.4/lib/src/rive_core/constraints/rotation_constraint.dart').
                  if (!Mat2D.invert(inverse, parentWorld(component))) {
                       ^^^^^
            /C:/Users/subhabrata/AppData/Local/Pub/Cache/hosted/pub.dev/rive-0.12.4/lib/src/rive_core/constraints/rotation_constraint.dart:68:7:
            Error: The getter 'Mat2D' isn't defined for the type 'RotationConstraint'.
             - 'RotationConstraint' is from 'package:rive/src/rive_core/constraints/rotation_constraint.dart' ('/C:/Users/subhabrata/AppData/Local/Pub/Cache/hosted/pub.dev/rive-0.12.4/lib/src/rive_core/constraints/rotation_constraint.dart').
                  Mat2D.multiply(transformB, inverse, transformB);
                  ^^^^^
            /C:/Users/subhabrata/AppData/Local/Pub/Cache/hosted/pub.dev/rive-0.12.4/lib/src/rive_core/constraints/rotation_constraint.dart:69:7:
            Error: The getter 'Mat2D' isn't defined for the type 'RotationConstraint'.
             - 'RotationConstraint' is from 'package:rive/src/rive_core/constraints/rotation_constraint.dart' ('/C:/Users/subhabrata/AppData/Local/Pub/Cache/hosted/pub.dev/rive-0.12.4/lib/src/rive_core/constraints/rotation_constraint.dart').
                  Mat2D.decompose(transformB, componentsB);
                  ^^^^^
            /C:/Users/subhabrata/AppData/Local/Pub/Cache/hosted/pub.dev/rive-0.12.4/lib/src/rive_core/constraints/rotation_constraint.dart:79:7:
            Error: The getter 'Mat2D' isn't defined for the type 'RotationConstraint'.
             - 'RotationConstraint' is from 'package:rive/src/rive_core/constraints/rotation_constraint.dart' ('/C:/Users/subhabrata/AppData/Local/Pub/Cache/hosted/pub.dev/rive-0.12.4/lib/src/rive_core/constraints/rotation_constraint.dart').
                  Mat2D.compose(transformB, componentsB);
                  ^^^^^
            /C:/Users/subhabrata/AppData/Local/Pub/Cache/hosted/pub.dev/rive-0.12.4/lib/src/rive_core/constraints/rotation_constraint.dart:80:7:
            Error: The getter 'Mat2D' isn't defined for the type 'RotationConstraint'.
             - 'RotationConstraint' is from 'package:rive/src/rive_core/constraints/rotation_constraint.dart' ('/C:/Users/subhabrata/AppData/Local/Pub/Cache/hosted/pub.dev/rive-0.12.4/lib/src/rive_core/constraints/rotation_constraint.dart').
                  Mat2D.multiply(transformB, parentWorld(component), transformB);
                  ^^^^^
            /C:/Users/subhabrata/AppData/Local/Pub/Cache/hosted/pub.dev/rive-0.12.4/lib/src/rive_core/constraints/rotation_constraint.dart:81:7:
            Error: The getter 'Mat2D' isn't defined for the type 'RotationConstraint'.
             - 'RotationConstraint' is from 'package:rive/src/rive_core/constraints/rotation_constraint.dart' ('/C:/Users/subhabrata/AppData/Local/Pub/Cache/hosted/pub.dev/rive-0.12.4/lib/src/rive_core/constraints/rotation_constraint.dart').
                  Mat2D.decompose(transformB, componentsB);
                  ^^^^^
            /C:/Users/subhabrata/AppData/Local/Pub/Cache/hosted/pub.dev/rive-0.12.4/lib/src/rive_core/constraints/rotation_constraint.dart:102:5:
            Error: The getter 'Mat2D' isn't defined for the type 'RotationConstraint'.
             - 'RotationConstraint' is from 'package:rive/src/rive_core/constraints/rotation_constraint.dart' ('/C:/Users/subhabrata/AppData/Local/Pub/Cache/hosted/pub.dev/rive-0.12.4/lib/src/rive_core/constraints/rotation_constraint.dart').
                Mat2D.compose(component.worldTransform, componentsB);
                ^^^^^
            /C:/Users/subhabrata/AppData/Local/Pub/Cache/hosted/pub.dev/rive-0.12.4/lib/src/rive_core/constraints/scale_constraint.dart:19:22:
            Error: The method 'Mat2D' isn't defined for the type 'ScaleConstraint'.
             - 'ScaleConstraint' is from 'package:rive/src/rive_core/constraints/scale_constraint.dart' ('/C:/Users/subhabrata/AppData/Local/Pub/Cache/hosted/pub.dev/rive-0.12.4/lib/src/rive_core/constraints/scale_constraint.dart').
                var transformB = Mat2D();
                                 ^^^^^
            /C:/Users/subhabrata/AppData/Local/Pub/Cache/hosted/pub.dev/rive-0.12.4/lib/src/rive_core/constraints/scale_constraint.dart:20:5:
            Error: The getter 'Mat2D' isn't defined for the type 'ScaleConstraint'.
             - 'ScaleConstraint' is from 'package:rive/src/rive_core/constraints/scale_constraint.dart' ('/C:/Users/subhabrata/AppData/Local/Pub/Cache/hosted/pub.dev/rive-0.12.4/lib/src/rive_core/constraints/scale_constraint.dart').
                Mat2D.decompose(transformA, componentsA);
                ^^^^^
            /C:/Users/subhabrata/AppData/Local/Pub/Cache/hosted/pub.dev/rive-0.12.4/lib/src/rive_core/constraints/scale_constraint.dart:22:7:
            Error: The getter 'Mat2D' isn't defined for the type 'ScaleConstraint'.
             - 'ScaleConstraint' is from 'package:rive/src/rive_core/constraints/scale_constraint.dart' ('/C:/Users/subhabrata/AppData/Local/Pub/Cache/hosted/pub.dev/rive-0.12.4/lib/src/rive_core/constraints/scale_constraint.dart').
                  Mat2D.copy(transformB, transformA);
                  ^^^^^
            /C:/Users/subhabrata/AppData/Local/Pub/Cache/hosted/pub.dev/rive-0.12.4/lib/src/rive_core/constraints/scale_constraint.dart:23:7:
            Error: The getter 'TransformComponents' isn't defined for the type 'ScaleConstraint'.
             - 'ScaleConstraint' is from 'package:rive/src/rive_core/constraints/scale_constraint.dart' ('/C:/Users/subhabrata/AppData/Local/Pub/Cache/hosted/pub.dev/rive-0.12.4/lib/src/rive_core/constraints/scale_constraint.dart').
                  TransformComponents.copy(componentsB, componentsA);
                  ^^^^^^^^^^^^^^^^^^^
            /C:/Users/subhabrata/AppData/Local/Pub/Cache/hosted/pub.dev/rive-0.12.4/lib/src/rive_core/constraints/scale_constraint.dart:25:7:
            Error: The getter 'Mat2D' isn't defined for the type 'ScaleConstraint'.
             - 'ScaleConstraint' is from 'package:rive/src/rive_core/constraints/scale_constraint.dart' ('/C:/Users/subhabrata/AppData/Local/Pub/Cache/hosted/pub.dev/rive-0.12.4/lib/src/rive_core/constraints/scale_constraint.dart').
                  Mat2D.copy(transformB, target!.worldTransform);
                  ^^^^^
            /C:/Users/subhabrata/AppData/Local/Pub/Cache/hosted/pub.dev/rive-0.12.4/lib/src/rive_core/constraints/scale_constraint.dart:27:23:
            Error: The method 'Mat2D' isn't defined for the type 'ScaleConstraint'.
             - 'ScaleConstraint' is from 'package:rive/src/rive_core/constraints/scale_constraint.dart' ('/C:/Users/subhabrata/AppData/Local/Pub/Cache/hosted/pub.dev/rive-0.12.4/lib/src/rive_core/constraints/scale_constraint.dart').
                    var inverse = Mat2D();
                                  ^^^^^
            /C:/Users/subhabrata/AppData/Local/Pub/Cache/hosted/pub.dev/rive-0.12.4/lib/src/rive_core/constraints/scale_constraint.dart:28:14:
            Error: The getter 'Mat2D' isn't defined for the type 'ScaleConstraint'.
             - 'ScaleConstraint' is from 'package:rive/src/rive_core/constraints/scale_constraint.dart' ('/C:/Users/subhabrata/AppData/Local/Pub/Cache/hosted/pub.dev/rive-0.12.4/lib/src/rive_core/constraints/scale_constraint.dart').
                    if (!Mat2D.invert(inverse, parentWorld(target!))) {
                         ^^^^^
            /C:/Users/subhabrata/AppData/Local/Pub/Cache/hosted/pub.dev/rive-0.12.4/lib/src/rive_core/constraints/scale_constraint.dart:31:9:
            Error: The getter 'Mat2D' isn't defined for the type 'ScaleConstraint'.
             - 'ScaleConstraint' is from 'package:rive/src/rive_core/constraints/scale_constraint.dart' ('/C:/Users/subhabrata/AppData/Local/Pub/Cache/hosted/pub.dev/rive-0.12.4/lib/src/rive_core/constraints/scale_constraint.dart').
                    Mat2D.multiply(transformB, inverse, transformB);
                    ^^^^^
            /C:/Users/subhabrata/AppData/Local/Pub/Cache/hosted/pub.dev/rive-0.12.4/lib/src/rive_core/constraints/scale_constraint.dart:33:7:
            Error: The getter 'Mat2D' isn't defined for the type 'ScaleConstraint'.
             - 'ScaleConstraint' is from 'package:rive/src/rive_core/constraints/scale_constraint.dart' ('/C:/Users/subhabrata/AppData/Local/Pub/Cache/hosted/pub.dev/rive-0.12.4/lib/src/rive_core/constraints/scale_constraint.dart').
                  Mat2D.decompose(transformB, componentsB);
                  ^^^^^
            /C:/Users/subhabrata/AppData/Local/Pub/Cache/hosted/pub.dev/rive-0.12.4/lib/src/rive_core/constraints/scale_constraint.dart:60:9:
            Error: The getter 'Mat2D' isn't defined for the type 'ScaleConstraint'.
             - 'ScaleConstraint' is from 'package:rive/src/rive_core/constraints/scale_constraint.dart' ('/C:/Users/subhabrata/AppData/Local/Pub/Cache/hosted/pub.dev/rive-0.12.4/lib/src/rive_core/constraints/scale_constraint.dart').
                    Mat2D.compose(transformB, componentsB);
                    ^^^^^
            /C:/Users/subhabrata/AppData/Local/Pub/Cache/hosted/pub.dev/rive-0.12.4/lib/src/rive_core/constraints/scale_constraint.dart:61:9:
            Error: The getter 'Mat2D' isn't defined for the type 'ScaleConstraint'.
             - 'ScaleConstraint' is from 'package:rive/src/rive_core/constraints/scale_constraint.dart' ('/C:/Users/subhabrata/AppData/Local/Pub/Cache/hosted/pub.dev/rive-0.12.4/lib/src/rive_core/constraints/scale_constraint.dart').
                    Mat2D.multiply(transformB, parentWorld(component), transformB);
                    ^^^^^
            /C:/Users/subhabrata/AppData/Local/Pub/Cache/hosted/pub.dev/rive-0.12.4/lib/src/rive_core/constraints/scale_constraint.dart:62:9:
            Error: The getter 'Mat2D' isn't defined for the type 'ScaleConstraint'.
             - 'ScaleConstraint' is from 'package:rive/src/rive_core/constraints/scale_constraint.dart' ('/C:/Users/subhabrata/AppData/Local/Pub/Cache/hosted/pub.dev/rive-0.12.4/lib/src/rive_core/constraints/scale_constraint.dart').
                    Mat2D.decompose(transformB, componentsB);
                    ^^^^^
            /C:/Users/subhabrata/AppData/Local/Pub/Cache/hosted/pub.dev/rive-0.12.4/lib/src/rive_core/constraints/scale_constraint.dart:69:7:
            Error: The getter 'Mat2D' isn't defined for the type 'ScaleConstraint'.
             - 'ScaleConstraint' is from 'package:rive/src/rive_core/constraints/scale_constraint.dart' ('/C:/Users/subhabrata/AppData/Local/Pub/Cache/hosted/pub.dev/rive-0.12.4/lib/src/rive_core/constraints/scale_constraint.dart').
                  Mat2D.compose(transformB, componentsB);
                  ^^^^^
            /C:/Users/subhabrata/AppData/Local/Pub/Cache/hosted/pub.dev/rive-0.12.4/lib/src/rive_core/constraints/scale_constraint.dart:70:21:
            Error: The method 'Mat2D' isn't defined for the type 'ScaleConstraint'.
             - 'ScaleConstraint' is from 'package:rive/src/rive_core/constraints/scale_constraint.dart' ('/C:/Users/subhabrata/AppData/Local/Pub/Cache/hosted/pub.dev/rive-0.12.4/lib/src/rive_core/constraints/scale_constraint.dart').
                  var inverse = Mat2D();
                                ^^^^^
            /C:/Users/subhabrata/AppData/Local/Pub/Cache/hosted/pub.dev/rive-0.12.4/lib/src/rive_core/constraints/scale_constraint.dart:71:12:
            Error: The getter 'Mat2D' isn't defined for the type 'ScaleConstraint'.
             - 'ScaleConstraint' is from 'package:rive/src/rive_core/constraints/scale_constraint.dart' ('/C:/Users/subhabrata/AppData/Local/Pub/Cache/hosted/pub.dev/rive-0.12.4/lib/src/rive_core/constraints/scale_constraint.dart').
                  if (!Mat2D.invert(inverse, parentWorld(component))) {
                       ^^^^^
            /C:/Users/subhabrata/AppData/Local/Pub/Cache/hosted/pub.dev/rive-0.12.4/lib/src/rive_core/constraints/scale_constraint.dart:74:7:
            Error: The getter 'Mat2D' isn't defined for the type 'ScaleConstraint'.
             - 'ScaleConstraint' is from 'package:rive/src/rive_core/constraints/scale_constraint.dart' ('/C:/Users/subhabrata/AppData/Local/Pub/Cache/hosted/pub.dev/rive-0.12.4/lib/src/rive_core/constraints/scale_constraint.dart').
                  Mat2D.multiply(transformB, inverse, transformB);
                  ^^^^^
            /C:/Users/subhabrata/AppData/Local/Pub/Cache/hosted/pub.dev/rive-0.12.4/lib/src/rive_core/constraints/scale_constraint.dart:75:7:
            Error: The getter 'Mat2D' isn't defined for the type 'ScaleConstraint'.
             - 'ScaleConstraint' is from 'package:rive/src/rive_core/constraints/scale_constraint.dart' ('/C:/Users/subhabrata/AppData/Local/Pub/Cache/hosted/pub.dev/rive-0.12.4/lib/src/rive_core/constraints/scale_constraint.dart').
                  Mat2D.decompose(transformB, componentsB);
                  ^^^^^
            /C:/Users/subhabrata/AppData/Local/Pub/Cache/hosted/pub.dev/rive-0.12.4/lib/src/rive_core/constraints/scale_constraint.dart:91:7:
            Error: The getter 'Mat2D' isn't defined for the type 'ScaleConstraint'.
             - 'ScaleConstraint' is from 'package:rive/src/rive_core/constraints/scale_constraint.dart' ('/C:/Users/subhabrata/AppData/Local/Pub/Cache/hosted/pub.dev/rive-0.12.4/lib/src/rive_core/constraints/scale_constraint.dart').
                  Mat2D.compose(transformB, componentsB);
                  ^^^^^
            /C:/Users/subhabrata/AppData/Local/Pub/Cache/hosted/pub.dev/rive-0.12.4/lib/src/rive_core/constraints/scale_constraint.dart:92:7:
            Error: The getter 'Mat2D' isn't defined for the type 'ScaleConstraint'.
             - 'ScaleConstraint' is from 'package:rive/src/rive_core/constraints/scale_constraint.dart' ('/C:/Users/subhabrata/AppData/Local/Pub/Cache/hosted/pub.dev/rive-0.12.4/lib/src/rive_core/constraints/scale_constraint.dart').
                  Mat2D.multiply(transformB, parentWorld(component), transformB);
                  ^^^^^
            /C:/Users/subhabrata/AppData/Local/Pub/Cache/hosted/pub.dev/rive-0.12.4/lib/src/rive_core/constraints/scale_constraint.dart:93:7:
            Error: The getter 'Mat2D' isn't defined for the type 'ScaleConstraint'.
             - 'ScaleConstraint' is from 'package:rive/src/rive_core/constraints/scale_constraint.dart' ('/C:/Users/subhabrata/AppData/Local/Pub/Cache/hosted/pub.dev/rive-0.12.4/lib/src/rive_core/constraints/scale_constraint.dart').
                  Mat2D.decompose(transformB, componentsB);
                  ^^^^^
            /C:/Users/subhabrata/AppData/Local/Pub/Cache/hosted/pub.dev/rive-0.12.4/lib/src/rive_core/constraints/scale_constraint.dart:107:5:
            Error: The getter 'Mat2D' isn't defined for the type 'ScaleConstraint'.
             - 'ScaleConstraint' is from 'package:rive/src/rive_core/constraints/scale_constraint.dart' ('/C:/Users/subhabrata/AppData/Local/Pub/Cache/hosted/pub.dev/rive-0.12.4/lib/src/rive_core/constraints/scale_constraint.dart').
                Mat2D.compose(component.worldTransform, componentsB);
                ^^^^^
            /C:/Users/subhabrata/AppData/Local/Pub/Cache/hosted/pub.dev/rive-0.12.4/lib/src/rive_core/constraints/transform_constraint.dart:16:17:
            Error: The getter 'Mat2D' isn't defined for the type 'TransformConstraint'.
             - 'TransformConstraint' is from 'package:rive/src/rive_core/constraints/transform_constraint.dart' ('/C:/Users/subhabrata/AppData/Local/Pub/Cache/hosted/pub.dev/rive-0.12.4/lib/src/rive_core/constraints/transform_constraint.dart').
                var local = Mat2D.fromTranslation(
                            ^^^^^
            /C:/Users/subhabrata/AppData/Local/Pub/Cache/hosted/pub.dev/rive-0.12.4/lib/src/rive_core/constraints/transform_constraint.dart:17:7:
            Error: The getter 'Vec2D' isn't defined for the type 'TransformConstraint'.
             - 'TransformConstraint' is from 'package:rive/src/rive_core/constraints/transform_constraint.dart' ('/C:/Users/subhabrata/AppData/Local/Pub/Cache/hosted/pub.dev/rive-0.12.4/lib/src/rive_core/constraints/transform_constraint.dart').
                  Vec2D.fromValues(
                  ^^^^^
            /C:/Users/subhabrata/AppData/Local/Pub/Cache/hosted/pub.dev/rive-0.12.4/lib/src/rive_core/constraints/transform_constraint.dart:22:12:
            Error: The getter 'Mat2D' isn't defined for the type 'TransformConstraint'.
             - 'TransformConstraint' is from 'package:rive/src/rive_core/constraints/transform_constraint.dart' ('/C:/Users/subhabrata/AppData/Local/Pub/Cache/hosted/pub.dev/rive-0.12.4/lib/src/rive_core/constraints/transform_constraint.dart').
                return Mat2D.multiply(Mat2D(), target!.worldTransform, local);
                       ^^^^^
            /C:/Users/subhabrata/AppData/Local/Pub/Cache/hosted/pub.dev/rive-0.12.4/lib/src/rive_core/constraints/transform_constraint.dart:22:27:
            Error: The method 'Mat2D' isn't defined for the type 'TransformConstraint'.
             - 'TransformConstraint' is from 'package:rive/src/rive_core/constraints/transform_constraint.dart' ('/C:/Users/subhabrata/AppData/Local/Pub/Cache/hosted/pub.dev/rive-0.12.4/lib/src/rive_core/constraints/transform_constraint.dart').
                return Mat2D.multiply(Mat2D(), target!.worldTransform, local);
                                      ^^^^^
            /C:/Users/subhabrata/AppData/Local/Pub/Cache/hosted/pub.dev/rive-0.12.4/lib/src/rive_core/constraints/transform_constraint.dart:31:22:
            Error: The getter 'Mat2D' isn't defined for the type 'TransformConstraint'.
             - 'TransformConstraint' is from 'package:rive/src/rive_core/constraints/transform_constraint.dart' ('/C:/Users/subhabrata/AppData/Local/Pub/Cache/hosted/pub.dev/rive-0.12.4/lib/src/rive_core/constraints/transform_constraint.dart').
                var transformB = Mat2D.clone(targetTransform);
                                 ^^^^^
            /C:/Users/subhabrata/AppData/Local/Pub/Cache/hosted/pub.dev/rive-0.12.4/lib/src/rive_core/constraints/transform_constraint.dart:35:21:
            Error: The method 'Mat2D' isn't defined for the type 'TransformConstraint'.
             - 'TransformConstraint' is from 'package:rive/src/rive_core/constraints/transform_constraint.dart' ('/C:/Users/subhabrata/AppData/Local/Pub/Cache/hosted/pub.dev/rive-0.12.4/lib/src/rive_core/constraints/transform_constraint.dart').
                  var inverse = Mat2D();
                                ^^^^^
            /C:/Users/subhabrata/AppData/Local/Pub/Cache/hosted/pub.dev/rive-0.12.4/lib/src/rive_core/constraints/transform_constraint.dart:36:12:
            Error: The getter 'Mat2D' isn't defined for the type 'TransformConstraint'.
             - 'TransformConstraint' is from 'package:rive/src/rive_core/constraints/transform_constraint.dart' ('/C:/Users/subhabrata/AppData/Local/Pub/Cache/hosted/pub.dev/rive-0.12.4/lib/src/rive_core/constraints/transform_constraint.dart').
                  if (!Mat2D.invert(inverse, targetParentWorld)) {
                       ^^^^^
            /C:/Users/subhabrata/AppData/Local/Pub/Cache/hosted/pub.dev/rive-0.12.4/lib/src/rive_core/constraints/transform_constraint.dart:39:7:
            Error: The getter 'Mat2D' isn't defined for the type 'TransformConstraint'.
             - 'TransformConstraint' is from 'package:rive/src/rive_core/constraints/transform_constraint.dart' ('/C:/Users/subhabrata/AppData/Local/Pub/Cache/hosted/pub.dev/rive-0.12.4/lib/src/rive_core/constraints/transform_constraint.dart').
                  Mat2D.multiply(transformB, inverse, transformB);
                  ^^^^^
            /C:/Users/subhabrata/AppData/Local/Pub/Cache/hosted/pub.dev/rive-0.12.4/lib/src/rive_core/constraints/transform_constraint.dart:43:7:
            Error: The getter 'Mat2D' isn't defined for the type 'TransformConstraint'.
             - 'TransformConstraint' is from 'package:rive/src/rive_core/constraints/transform_constraint.dart' ('/C:/Users/subhabrata/AppData/Local/Pub/Cache/hosted/pub.dev/rive-0.12.4/lib/src/rive_core/constraints/transform_constraint.dart').
                  Mat2D.multiply(transformB, targetParentWorld, transformB);
                  ^^^^^
            /C:/Users/subhabrata/AppData/Local/Pub/Cache/hosted/pub.dev/rive-0.12.4/lib/src/rive_core/constraints/transform_constraint.dart:46:5:
            Error: The getter 'Mat2D' isn't defined for the type 'TransformConstraint'.
             - 'TransformConstraint' is from 'package:rive/src/rive_core/constraints/transform_constraint.dart' ('/C:/Users/subhabrata/AppData/Local/Pub/Cache/hosted/pub.dev/rive-0.12.4/lib/src/rive_core/constraints/transform_constraint.dart').
                Mat2D.decompose(transformA, componentsA);
                ^^^^^
            /C:/Users/subhabrata/AppData/Local/Pub/Cache/hosted/pub.dev/rive-0.12.4/lib/src/rive_core/constraints/transform_constraint.dart:47:5:
            Error: The getter 'Mat2D' isn't defined for the type 'TransformConstraint'.
             - 'TransformConstraint' is from 'package:rive/src/rive_core/constraints/transform_constraint.dart' ('/C:/Users/subhabrata/AppData/Local/Pub/Cache/hosted/pub.dev/rive-0.12.4/lib/src/rive_core/constraints/transform_constraint.dart').
                Mat2D.decompose(transformB, componentsB);
                ^^^^^
            /C:/Users/subhabrata/AppData/Local/Pub/Cache/hosted/pub.dev/rive-0.12.4/lib/src/rive_core/constraints/transform_constraint.dart:68:5:
            Error: The getter 'Mat2D' isn't defined for the type 'TransformConstraint'.
             - 'TransformConstraint' is from 'package:rive/src/rive_core/constraints/transform_constraint.dart' ('/C:/Users/subhabrata/AppData/Local/Pub/Cache/hosted/pub.dev/rive-0.12.4/lib/src/rive_core/constraints/transform_constraint.dart').
                Mat2D.compose(component.worldTransform, componentsB);
                ^^^^^
            /C:/Users/subhabrata/AppData/Local/Pub/Cache/hosted/pub.dev/rive-0.12.4/lib/src/rive_core/constraints/translation_constraint.dart:19:24:
            Error: The getter 'Vec2D' isn't defined for the type 'TranslationConstraint'.
             - 'TranslationConstraint' is from 'package:rive/src/rive_core/constraints/translation_constraint.dart' ('/C:/Users/subhabrata/AppData/Local/Pub/Cache/hosted/pub.dev/rive-0.12.4/lib/src/rive_core/constraints/translation_constraint.dart').
                var translationA = Vec2D.fromValues(transformA[4], transformA[5]);
                                   ^^^^^
            /C:/Users/subhabrata/AppData/Local/Pub/Cache/hosted/pub.dev/rive-0.12.4/lib/src/rive_core/constraints/translation_constraint.dart:20:24:
            Error: The method 'Vec2D' isn't defined for the type 'TranslationConstraint'.
             - 'TranslationConstraint' is from 'package:rive/src/rive_core/constraints/translation_constraint.dart' ('/C:/Users/subhabrata/AppData/Local/Pub/Cache/hosted/pub.dev/rive-0.12.4/lib/src/rive_core/constraints/translation_constraint.dart').
                var translationB = Vec2D();
                                   ^^^^^
            /C:/Users/subhabrata/AppData/Local/Pub/Cache/hosted/pub.dev/rive-0.12.4/lib/src/rive_core/constraints/translation_constraint.dart:22:7:
            Error: The getter 'Vec2D' isn't defined for the type 'TranslationConstraint'.
             - 'TranslationConstraint' is from 'package:rive/src/rive_core/constraints/translation_constraint.dart' ('/C:/Users/subhabrata/AppData/Local/Pub/Cache/hosted/pub.dev/rive-0.12.4/lib/src/rive_core/constraints/translation_constraint.dart').
                  Vec2D.copy(translationB, translationA);
                  ^^^^^
            /C:/Users/subhabrata/AppData/Local/Pub/Cache/hosted/pub.dev/rive-0.12.4/lib/src/rive_core/constraints/translation_constraint.dart:24:24:
            Error: The getter 'Mat2D' isn't defined for the type 'TranslationConstraint'.
             - 'TranslationConstraint' is from 'package:rive/src/rive_core/constraints/translation_constraint.dart' ('/C:/Users/subhabrata/AppData/Local/Pub/Cache/hosted/pub.dev/rive-0.12.4/lib/src/rive_core/constraints/translation_constraint.dart').
                  var transformB = Mat2D.clone(target!.worldTransform);
                                   ^^^^^
            /C:/Users/subhabrata/AppData/Local/Pub/Cache/hosted/pub.dev/rive-0.12.4/lib/src/rive_core/constraints/translation_constraint.dart:26:23:
            Error: The method 'Mat2D' isn't defined for the type 'TranslationConstraint'.
             - 'TranslationConstraint' is from 'package:rive/src/rive_core/constraints/translation_constraint.dart' ('/C:/Users/subhabrata/AppData/Local/Pub/Cache/hosted/pub.dev/rive-0.12.4/lib/src/rive_core/constraints/translation_constraint.dart').
                    var inverse = Mat2D();
                                  ^^^^^
            /C:/Users/subhabrata/AppData/Local/Pub/Cache/hosted/pub.dev/rive-0.12.4/lib/src/rive_core/constraints/translation_constraint.dart:27:14:
            Error: The getter 'Mat2D' isn't defined for the type 'TranslationConstraint'.
             - 'TranslationConstraint' is from 'package:rive/src/rive_core/constraints/translation_constraint.dart' ('/C:/Users/subhabrata/AppData/Local/Pub/Cache/hosted/pub.dev/rive-0.12.4/lib/src/rive_core/constraints/translation_constraint.dart').
                    if (!Mat2D.invert(inverse, parentWorld(target!))) {
                         ^^^^^
            /C:/Users/subhabrata/AppData/Local/Pub/Cache/hosted/pub.dev/rive-0.12.4/lib/src/rive_core/constraints/translation_constraint.dart:30:9:
            Error: The getter 'Mat2D' isn't defined for the type 'TranslationConstraint'.
             - 'TranslationConstraint' is from 'package:rive/src/rive_core/constraints/translation_constraint.dart' ('/C:/Users/subhabrata/AppData/Local/Pub/Cache/hosted/pub.dev/rive-0.12.4/lib/src/rive_core/constraints/translation_constraint.dart').
                    Mat2D.multiply(transformB, inverse, transformB);
                    ^^^^^
            /C:/Users/subhabrata/AppData/Local/Pub/Cache/hosted/pub.dev/rive-0.12.4/lib/src/rive_core/constraints/translation_constraint.dart:63:20:
            Error: The method 'Mat2D' isn't defined for the type 'TranslationConstraint'.
             - 'TranslationConstraint' is from 'package:rive/src/rive_core/constraints/translation_constraint.dart' ('/C:/Users/subhabrata/AppData/Local/Pub/Cache/hosted/pub.dev/rive-0.12.4/lib/src/rive_core/constraints/translation_constraint.dart').
                  var invert = Mat2D();
                               ^^^^^
            /C:/Users/subhabrata/AppData/Local/Pub/Cache/hosted/pub.dev/rive-0.12.4/lib/src/rive_core/constraints/translation_constraint.dart:64:12:
            Error: The getter 'Mat2D' isn't defined for the type 'TranslationConstraint'.
             - 'TranslationConstraint' is from 'package:rive/src/rive_core/constraints/translation_constraint.dart' ('/C:/Users/subhabrata/AppData/Local/Pub/Cache/hosted/pub.dev/rive-0.12.4/lib/src/rive_core/constraints/translation_constraint.dart').
                  if (!Mat2D.invert(invert, parentWorld(component))) {
                       ^^^^^
            /C:/Users/subhabrata/AppData/Local/Pub/Cache/hosted/pub.dev/rive-0.12.4/lib/src/rive_core/shapes/cubic_asymmetric_vertex.dart:23:5:
            Error: 'Vec2D' isn't a type.
                Vec2D? inPoint,
                ^^^^^
            /C:/Users/subhabrata/AppData/Local/Pub/Cache/hosted/pub.dev/rive-0.12.4/lib/src/rive_core/shapes/cubic_asymmetric_vertex.dart:24:5:
            Error: 'Vec2D' isn't a type.
                Vec2D? outPoint,
                ^^^^^
            /C:/Users/subhabrata/AppData/Local/Pub/Cache/hosted/pub.dev/rive-0.12.4/lib/src/rive_core/shapes/cubic_asymmetric_vertex.dart:29:20:
            Error: The getter 'Vec2D' isn't defined for the type 'CubicAsymmetricVertex'.
             - 'CubicAsymmetricVertex' is from 'package:rive/src/rive_core/shapes/cubic_asymmetric_vertex.dart' ('/C:/Users/subhabrata/AppData/Local/Pub/Cache/hosted/pub.dev/rive-0.12.4/lib/src/rive_core/shapes/cubic_asymmetric_vertex.dart').
                this.inPoint = Vec2D.fromValues(inX ?? inPoint!.x, inY ?? inPoint!.y);
                               ^^^^^
            /C:/Users/subhabrata/AppData/Local/Pub/Cache/hosted/pub.dev/rive-0.12.4/lib/src/rive_core/shapes/cubic_asymmetric_vertex.dart:30:21:
            Error: The getter 'Vec2D' isn't defined for the type 'CubicAsymmetricVertex'.
             - 'CubicAsymmetricVertex' is from 'package:rive/src/rive_core/shapes/cubic_asymmetric_vertex.dart' ('/C:/Users/subhabrata/AppData/Local/Pub/Cache/hosted/pub.dev/rive-0.12.4/lib/src/rive_core/shapes/cubic_asymmetric_vertex.dart').
                this.outPoint = Vec2D.fromValues(outX ?? outPoint!.x, outY ?? outPoint!.y);
                                ^^^^^
            /C:/Users/subhabrata/AppData/Local/Pub/Cache/hosted/pub.dev/rive-0.12.4/lib/src/rive_core/shapes/cubic_asymmetric_vertex.dart:33:3:
            Error: 'Vec2D' isn't a type.
              Vec2D? _inPoint;
              ^^^^^
            /C:/Users/subhabrata/AppData/Local/Pub/Cache/hosted/pub.dev/rive-0.12.4/lib/src/rive_core/shapes/cubic_asymmetric_vertex.dart:34:3:
            Error: 'Vec2D' isn't a type.
              Vec2D? _outPoint;
              ^^^^^
            /C:/Users/subhabrata/AppData/Local/Pub/Cache/hosted/pub.dev/rive-0.12.4/lib/src/rive_core/shapes/cubic_asymmetric_vertex.dart:38:26:
            Error: The getter 'Vec2D' isn't defined for the type 'CubicAsymmetricVertex'.
             - 'CubicAsymmetricVertex' is from 'package:rive/src/rive_core/shapes/cubic_asymmetric_vertex.dart' ('/C:/Users/subhabrata/AppData/Local/Pub/Cache/hosted/pub.dev/rive-0.12.4/lib/src/rive_core/shapes/cubic_asymmetric_vertex.dart').
                return _outPoint ??= Vec2D.fromValues(
                                     ^^^^^
            /C:/Users/subhabrata/AppData/Local/Pub/Cache/hosted/pub.dev/rive-0.12.4/lib/src/rive_core/shapes/cubic_asymmetric_vertex.dart:44:16:
            Error: 'Vec2D' isn't a type.
              set outPoint(Vec2D value) {
                           ^^^^^
            /C:/Users/subhabrata/AppData/Local/Pub/Cache/hosted/pub.dev/rive-0.12.4/lib/src/rive_core/shapes/cubic_asymmetric_vertex.dart:45:17:
            Error: The getter 'Vec2D' isn't defined for the type 'CubicAsymmetricVertex'.
             - 'CubicAsymmetricVertex' is from 'package:rive/src/rive_core/shapes/cubic_asymmetric_vertex.dart' ('/C:/Users/subhabrata/AppData/Local/Pub/Cache/hosted/pub.dev/rive-0.12.4/lib/src/rive_core/shapes/cubic_asymmetric_vertex.dart').
                _outPoint = Vec2D.clone(value);
                            ^^^^^
            /C:/Users/subhabrata/AppData/Local/Pub/Cache/hosted/pub.dev/rive-0.12.4/lib/src/rive_core/shapes/cubic_asymmetric_vertex.dart:50:25:
            Error: The getter 'Vec2D' isn't defined for the type 'CubicAsymmetricVertex'.
             - 'CubicAsymmetricVertex' is from 'package:rive/src/rive_core/shapes/cubic_asymmetric_vertex.dart' ('/C:/Users/subhabrata/AppData/Local/Pub/Cache/hosted/pub.dev/rive-0.12.4/lib/src/rive_core/shapes/cubic_asymmetric_vertex.dart').
                return _inPoint ??= Vec2D.fromValues(
                                    ^^^^^
            /C:/Users/subhabrata/AppData/Local/Pub/Cache/hosted/pub.dev/rive-0.12.4/lib/src/rive_core/shapes/cubic_asymmetric_vertex.dart:56:15:
            Error: 'Vec2D' isn't a type.
              set inPoint(Vec2D value) {
                          ^^^^^
            /C:/Users/subhabrata/AppData/Local/Pub/Cache/hosted/pub.dev/rive-0.12.4/lib/src/rive_core/shapes/cubic_asymmetric_vertex.dart:57:16:
            Error: The getter 'Vec2D' isn't defined for the type 'CubicAsymmetricVertex'.
             - 'CubicAsymmetricVertex' is from 'package:rive/src/rive_core/shapes/cubic_asymmetric_vertex.dart' ('/C:/Users/subhabrata/AppData/Local/Pub/Cache/hosted/pub.dev/rive-0.12.4/lib/src/rive_core/shapes/cubic_asymmetric_vertex.dart').
                _inPoint = Vec2D.clone(value);
                           ^^^^^
            /C:/Users/subhabrata/AppData/Local/Pub/Cache/hosted/pub.dev/rive-0.12.4/lib/src/rive_core/shapes/cubic_detached_vertex.dart:11:3:
            Error: 'Vec2D' isn't a type.
              Vec2D? _inPoint;
              ^^^^^
            /C:/Users/subhabrata/AppData/Local/Pub/Cache/hosted/pub.dev/rive-0.12.4/lib/src/rive_core/shapes/cubic_detached_vertex.dart:12:3:
            Error: 'Vec2D' isn't a type.
              Vec2D? _outPoint;
              ^^^^^
            /C:/Users/subhabrata/AppData/Local/Pub/Cache/hosted/pub.dev/rive-0.12.4/lib/src/rive_core/shapes/cubic_detached_vertex.dart:22:5:
            Error: 'Vec2D' isn't a type.
                Vec2D? inPoint,
                ^^^^^
            /C:/Users/subhabrata/AppData/Local/Pub/Cache/hosted/pub.dev/rive-0.12.4/lib/src/rive_core/shapes/cubic_detached_vertex.dart:23:5:
            Error: 'Vec2D' isn't a type.
                Vec2D? outPoint,
                ^^^^^
            /C:/Users/subhabrata/AppData/Local/Pub/Cache/hosted/pub.dev/rive-0.12.4/lib/src/rive_core/shapes/cubic_detached_vertex.dart:28:20:
            Error: The getter 'Vec2D' isn't defined for the type 'CubicDetachedVertex'.
             - 'CubicDetachedVertex' is from 'package:rive/src/rive_core/shapes/cubic_detached_vertex.dart' ('/C:/Users/subhabrata/AppData/Local/Pub/Cache/hosted/pub.dev/rive-0.12.4/lib/src/rive_core/shapes/cubic_detached_vertex.dart').
                this.inPoint = Vec2D.fromValues(inX ?? inPoint!.x, inY ?? inPoint!.y);
                               ^^^^^
            /C:/Users/subhabrata/AppData/Local/Pub/Cache/hosted/pub.dev/rive-0.12.4/lib/src/rive_core/shapes/cubic_detached_vertex.dart:29:21:
            Error: The getter 'Vec2D' isn't defined for the type 'CubicDetachedVertex'.
             - 'CubicDetachedVertex' is from 'package:rive/src/rive_core/shapes/cubic_detached_vertex.dart' ('/C:/Users/subhabrata/AppData/Local/Pub/Cache/hosted/pub.dev/rive-0.12.4/lib/src/rive_core/shapes/cubic_detached_vertex.dart').
                this.outPoint = Vec2D.fromValues(outX ?? outPoint!.x, outY ?? outPoint!.y);
                                ^^^^^
            /C:/Users/subhabrata/AppData/Local/Pub/Cache/hosted/pub.dev/rive-0.12.4/lib/src/rive_core/shapes/cubic_detached_vertex.dart:33:39:
            Error: The getter 'Vec2D' isn't defined for the type 'CubicDetachedVertex'.
             - 'CubicDetachedVertex' is from 'package:rive/src/rive_core/shapes/cubic_detached_vertex.dart' ('/C:/Users/subhabrata/AppData/Local/Pub/Cache/hosted/pub.dev/rive-0.12.4/lib/src/rive_core/shapes/cubic_detached_vertex.dart').
              Vec2D get outPoint => _outPoint ??= Vec2D.fromValues(
                                                  ^^^^^
            /C:/Users/subhabrata/AppData/Local/Pub/Cache/hosted/pub.dev/rive-0.12.4/lib/src/rive_core/shapes/cubic_detached_vertex.dart:38:16:
            Error: 'Vec2D' isn't a type.
              set outPoint(Vec2D value) {
                           ^^^^^
            /C:/Users/subhabrata/AppData/Local/Pub/Cache/hosted/pub.dev/rive-0.12.4/lib/src/rive_core/shapes/cubic_detached_vertex.dart:39:17:
            Error: The getter 'Vec2D' isn't defined for the type 'CubicDetachedVertex'.
             - 'CubicDetachedVertex' is from 'package:rive/src/rive_core/shapes/cubic_detached_vertex.dart' ('/C:/Users/subhabrata/AppData/Local/Pub/Cache/hosted/pub.dev/rive-0.12.4/lib/src/rive_core/shapes/cubic_detached_vertex.dart').
                _outPoint = Vec2D.clone(value);
                            ^^^^^
            /C:/Users/subhabrata/AppData/Local/Pub/Cache/hosted/pub.dev/rive-0.12.4/lib/src/rive_core/shapes/cubic_detached_vertex.dart:43:37:
            Error: The getter 'Vec2D' isn't defined for the type 'CubicDetachedVertex'.
             - 'CubicDetachedVertex' is from 'package:rive/src/rive_core/shapes/cubic_detached_vertex.dart' ('/C:/Users/subhabrata/AppData/Local/Pub/Cache/hosted/pub.dev/rive-0.12.4/lib/src/rive_core/shapes/cubic_detached_vertex.dart').
              Vec2D get inPoint => _inPoint ??= Vec2D.fromValues(
                                                ^^^^^
            /C:/Users/subhabrata/AppData/Local/Pub/Cache/hosted/pub.dev/rive-0.12.4/lib/src/rive_core/shapes/cubic_detached_vertex.dart:48:15:
            Error: 'Vec2D' isn't a type.
              set inPoint(Vec2D value) {
                          ^^^^^
            /C:/Users/subhabrata/AppData/Local/Pub/Cache/hosted/pub.dev/rive-0.12.4/lib/src/rive_core/shapes/cubic_detached_vertex.dart:49:16:
            Error: The getter 'Vec2D' isn't defined for the type 'CubicDetachedVertex'.
             - 'CubicDetachedVertex' is from 'package:rive/src/rive_core/shapes/cubic_detached_vertex.dart' ('/C:/Users/subhabrata/AppData/Local/Pub/Cache/hosted/pub.dev/rive-0.12.4/lib/src/rive_core/shapes/cubic_detached_vertex.dart').
                _inPoint = Vec2D.clone(value);
                           ^^^^^
            /C:/Users/subhabrata/AppData/Local/Pub/Cache/hosted/pub.dev/rive-0.12.4/lib/src/rive_core/shapes/cubic_mirrored_vertex.dart:18:3:
            Error: 'Vec2D' isn't a type.
              Vec2D? _inPoint;
              ^^^^^
            /C:/Users/subhabrata/AppData/Local/Pub/Cache/hosted/pub.dev/rive-0.12.4/lib/src/rive_core/shapes/cubic_mirrored_vertex.dart:19:3:
            Error: 'Vec2D' isn't a type.
              Vec2D? _outPoint;
              ^^^^^
            /C:/Users/subhabrata/AppData/Local/Pub/Cache/hosted/pub.dev/rive-0.12.4/lib/src/rive_core/shapes/cubic_mirrored_vertex.dart:23:26:
            Error: The getter 'Vec2D' isn't defined for the type 'CubicMirroredVertex'.
             - 'CubicMirroredVertex' is from 'package:rive/src/rive_core/shapes/cubic_mirrored_vertex.dart' ('/C:/Users/subhabrata/AppData/Local/Pub/Cache/hosted/pub.dev/rive-0.12.4/lib/src/rive_core/shapes/cubic_mirrored_vertex.dart').
                return _outPoint ??= Vec2D.fromValues(
                                     ^^^^^
            /C:/Users/subhabrata/AppData/Local/Pub/Cache/hosted/pub.dev/rive-0.12.4/lib/src/rive_core/shapes/cubic_mirrored_vertex.dart:29:16:
            Error: 'Vec2D' isn't a type.
              set outPoint(Vec2D value) {
                           ^^^^^
            /C:/Users/subhabrata/AppData/Local/Pub/Cache/hosted/pub.dev/rive-0.12.4/lib/src/rive_core/shapes/cubic_mirrored_vertex.dart:30:17:
            Error: The getter 'Vec2D' isn't defined for the type 'CubicMirroredVertex'.
             - 'CubicMirroredVertex' is from 'package:rive/src/rive_core/shapes/cubic_mirrored_vertex.dart' ('/C:/Users/subhabrata/AppData/Local/Pub/Cache/hosted/pub.dev/rive-0.12.4/lib/src/rive_core/shapes/cubic_mirrored_vertex.dart').
                _outPoint = Vec2D.clone(value);
                            ^^^^^
            /C:/Users/subhabrata/AppData/Local/Pub/Cache/hosted/pub.dev/rive-0.12.4/lib/src/rive_core/shapes/cubic_mirrored_vertex.dart:35:25:
            Error: The getter 'Vec2D' isn't defined for the type 'CubicMirroredVertex'.
             - 'CubicMirroredVertex' is from 'package:rive/src/rive_core/shapes/cubic_mirrored_vertex.dart' ('/C:/Users/subhabrata/AppData/Local/Pub/Cache/hosted/pub.dev/rive-0.12.4/lib/src/rive_core/shapes/cubic_mirrored_vertex.dart').
                return _inPoint ??= Vec2D.fromValues(
                                    ^^^^^
            /C:/Users/subhabrata/AppData/Local/Pub/Cache/hosted/pub.dev/rive-0.12.4/lib/src/rive_core/shapes/cubic_mirrored_vertex.dart:41:15:
            Error: 'Vec2D' isn't a type.
              set inPoint(Vec2D value) {
                          ^^^^^
            /C:/Users/subhabrata/AppData/Local/Pub/Cache/hosted/pub.dev/rive-0.12.4/lib/src/rive_core/shapes/cubic_mirrored_vertex.dart:42:18:
            Error: The getter 'Vec2D' isn't defined for the type 'CubicMirroredVertex'.
             - 'CubicMirroredVertex' is from 'package:rive/src/rive_core/shapes/cubic_mirrored_vertex.dart' ('/C:/Users/subhabrata/AppData/Local/Pub/Cache/hosted/pub.dev/rive-0.12.4/lib/src/rive_core/shapes/cubic_mirrored_vertex.dart').
                var diffIn = Vec2D.fromValues(value.x - x, value.y - y);
                             ^^^^^
            /C:/Users/subhabrata/AppData/Local/Pub/Cache/hosted/pub.dev/rive-0.12.4/lib/src/rive_core/shapes/ellipse.dart:18:29:
            Error: The getter 'circleConstant' isn't defined for the type 'Ellipse'.
             - 'Ellipse' is from 'package:rive/src/rive_core/shapes/ellipse.dart' ('/C:/Users/subhabrata/AppData/Local/Pub/Cache/hosted/pub.dev/rive-0.12.4/lib/src/rive_core/shapes/ellipse.dart').
                    inX: ox - radiusX * circleConstant,
                                        ^^^^^^^^^^^^^^
            /C:/Users/subhabrata/AppData/Local/Pub/Cache/hosted/pub.dev/rive-0.12.4/lib/src/rive_core/shapes/ellipse.dart:20:30:
            Error: The getter 'circleConstant' isn't defined for the type 'Ellipse'.
             - 'Ellipse' is from 'package:rive/src/rive_core/shapes/ellipse.dart' ('/C:/Users/subhabrata/AppData/Local/Pub/Cache/hosted/pub.dev/rive-0.12.4/lib/src/rive_core/shapes/ellipse.dart').
                    outX: ox + radiusX * circleConstant,
                                         ^^^^^^^^^^^^^^
            /C:/Users/subhabrata/AppData/Local/Pub/Cache/hosted/pub.dev/rive-0.12.4/lib/src/rive_core/shapes/ellipse.dart:27:19:
            Error: The getter 'circleConstant' isn't defined for the type 'Ellipse'.
             - 'Ellipse' is from 'package:rive/src/rive_core/shapes/ellipse.dart' ('/C:/Users/subhabrata/AppData/Local/Pub/Cache/hosted/pub.dev/rive-0.12.4/lib/src/rive_core/shapes/ellipse.dart').
                    inY: oy + circleConstant * -radiusY,
                              ^^^^^^^^^^^^^^
            /C:/Users/subhabrata/AppData/Local/Pub/Cache/hosted/pub.dev/rive-0.12.4/lib/src/rive_core/shapes/ellipse.dart:29:20:
            Error: The getter 'circleConstant' isn't defined for the type 'Ellipse'.
             - 'Ellipse' is from 'package:rive/src/rive_core/shapes/ellipse.dart' ('/C:/Users/subhabrata/AppData/Local/Pub/Cache/hosted/pub.dev/rive-0.12.4/lib/src/rive_core/shapes/ellipse.dart').
                    outY: oy + circleConstant * radiusY,
                               ^^^^^^^^^^^^^^
            /C:/Users/subhabrata/AppData/Local/Pub/Cache/hosted/pub.dev/rive-0.12.4/lib/src/rive_core/shapes/ellipse.dart:34:29:
            Error: The getter 'circleConstant' isn't defined for the type 'Ellipse'.
             - 'Ellipse' is from 'package:rive/src/rive_core/shapes/ellipse.dart' ('/C:/Users/subhabrata/AppData/Local/Pub/Cache/hosted/pub.dev/rive-0.12.4/lib/src/rive_core/shapes/ellipse.dart').
                    inX: ox + radiusX * circleConstant,
                                        ^^^^^^^^^^^^^^
            /C:/Users/subhabrata/AppData/Local/Pub/Cache/hosted/pub.dev/rive-0.12.4/lib/src/rive_core/shapes/ellipse.dart:36:30:
            Error: The getter 'circleConstant' isn't defined for the type 'Ellipse'.
             - 'Ellipse' is from 'package:rive/src/rive_core/shapes/ellipse.dart' ('/C:/Users/subhabrata/AppData/Local/Pub/Cache/hosted/pub.dev/rive-0.12.4/lib/src/rive_core/shapes/ellipse.dart').
                    outX: ox - radiusX * circleConstant,
                                         ^^^^^^^^^^^^^^
            /C:/Users/subhabrata/AppData/Local/Pub/Cache/hosted/pub.dev/rive-0.12.4/lib/src/rive_core/shapes/ellipse.dart:43:29:
            Error: The getter 'circleConstant' isn't defined for the type 'Ellipse'.
             - 'Ellipse' is from 'package:rive/src/rive_core/shapes/ellipse.dart' ('/C:/Users/subhabrata/AppData/Local/Pub/Cache/hosted/pub.dev/rive-0.12.4/lib/src/rive_core/shapes/ellipse.dart').
                    inY: oy + radiusY * circleConstant,
                                        ^^^^^^^^^^^^^^
            /C:/Users/subhabrata/AppData/Local/Pub/Cache/hosted/pub.dev/rive-0.12.4/lib/src/rive_core/shapes/ellipse.dart:45:30:
            Error: The getter 'circleConstant' isn't defined for the type 'Ellipse'.
             - 'Ellipse' is from 'package:rive/src/rive_core/shapes/ellipse.dart' ('/C:/Users/subhabrata/AppData/Local/Pub/Cache/hosted/pub.dev/rive-0.12.4/lib/src/rive_core/shapes/ellipse.dart').
                    outY: oy - radiusY * circleConstant,
                                         ^^^^^^^^^^^^^^
            /C:/Users/subhabrata/AppData/Local/Pub/Cache/hosted/pub.dev/rive-0.12.4/lib/src/rive_core/shapes/points_path.dart:20:45:
            Error: The getter 'Mat2D' isn't defined for the type 'PointsPath'.
             - 'PointsPath' is from 'package:rive/src/rive_core/shapes/points_path.dart' ('/C:/Users/subhabrata/AppData/Local/Pub/Cache/hosted/pub.dev/rive-0.12.4/lib/src/rive_core/shapes/points_path.dart').
              Mat2D get pathTransform => skin != null ? Mat2D.identity : worldTransform;
                                                        ^^^^^
            /C:/Users/subhabrata/AppData/Local/Pub/Cache/hosted/pub.dev/rive-0.12.4/lib/src/rive_core/shapes/points_path.dart:25:22:
            Error: The method 'Mat2D' isn't defined for the type 'PointsPath'.
             - 'PointsPath' is from 'package:rive/src/rive_core/shapes/points_path.dart' ('/C:/Users/subhabrata/AppData/Local/Pub/Cache/hosted/pub.dev/rive-0.12.4/lib/src/rive_core/shapes/points_path.dart').
                  skin != null ? Mat2D() : inverseWorldTransform;
                                 ^^^^^
            /C:/Users/subhabrata/AppData/Local/Pub/Cache/hosted/pub.dev/rive-0.12.4/lib/src/rive_core/text/text_modifier_range.dart:109:34:
            Error: 'TextShapeResult' isn't a type.
              void computeRange(String text, TextShapeResult? shape,
                                             ^^^^^^^^^^^^^^^
            /C:/Users/subhabrata/AppData/Local/Pub/Cache/hosted/pub.dev/rive-0.12.4/lib/src/rive_core/text/text_modifier_range.dart:110:7:
            Error: 'BreakLinesResult' isn't a type.
                  BreakLinesResult? lines, GlyphLookup glyphLookup) {
                  ^^^^^^^^^^^^^^^^
            /C:/Users/subhabrata/AppData/Local/Pub/Cache/hosted/pub.dev/rive-0.12.4/lib/src/rive_core/text/text_modifier_range.dart:110:32:
            Error: 'GlyphLookup' isn't a type.
                  BreakLinesResult? lines, GlyphLookup glyphLookup) {
                                           ^^^^^^^^^^^
            /C:/Users/subhabrata/AppData/Local/Pub/Cache/hosted/pub.dev/rive-0.12.4/lib/src/rive_core/text/text_modifier_range.dart:322:29:
            Error: Method not found: 'isWhiteSpace'.
                  if (wantWhiteSpace == isWhiteSpace(unit)) {
                                        ^^^^^^^^^^^^
            /C:/Users/subhabrata/AppData/Local/Pub/Cache/hosted/pub.dev/rive-0.12.4/lib/src/rive_core/text/text_modifier_range.dart:362:40:
            Error: 'GlyphLookup' isn't a type.
                  String text, int start, int end, GlyphLookup glyphLookup,
                                                   ^^^^^^^^^^^
            /C:/Users/subhabrata/AppData/Local/Pub/Cache/hosted/pub.dev/rive-0.12.4/lib/src/rive_core/text/text_modifier_range.dart:371:28:
            Error: Method not found: 'isWhiteSpace'.
                  if (withoutSpaces && isWhiteSpace(unit)) {
                                       ^^^^^^^^^^^^
            /C:/Users/subhabrata/AppData/Local/Pub/Cache/hosted/pub.dev/rive-0.12.4/lib/src/rive_core/text/text_modifier_range.dart:379:9:
            Error: A value of type 'num' can't be assigned to a variable of type 'int'.
                  i += codePoints;
                    ^
            /C:/Users/subhabrata/AppData/Local/Pub/Cache/hosted/pub.dev/rive-0.12.4/lib/src/rive_core/text/text_modifier_range.dart:387:7:
            Error: 'TextShapeResult' isn't a type.
                  TextShapeResult shape, BreakLinesResult lines, GlyphLookup glyphLookup) {
                  ^^^^^^^^^^^^^^^
            /C:/Users/subhabrata/AppData/Local/Pub/Cache/hosted/pub.dev/rive-0.12.4/lib/src/rive_core/text/text_modifier_range.dart:387:30:
            Error: 'BreakLinesResult' isn't a type.
                  TextShapeResult shape, BreakLinesResult lines, GlyphLookup glyphLookup) {
                                         ^^^^^^^^^^^^^^^^
            /C:/Users/subhabrata/AppData/Local/Pub/Cache/hosted/pub.dev/rive-0.12.4/lib/src/rive_core/text/text_modifier_range.dart:387:54:
            Error: 'GlyphLookup' isn't a type.
                  TextShapeResult shape, BreakLinesResult lines, GlyphLookup glyphLookup) {
                                                                 ^^^^^^^^^^^
            /C:/Users/subhabrata/AppData/Local/Pub/Cache/hosted/pub.dev/rive-0.12.4/lib/src/rive_core/text/text_modifier_range.dart:403:29:
            Error: Inferred type argument 'dynamic' doesn't conform to the bound 'num' of the type variable 'T' on 'max'.
                    var endGlyphIndex = max(0, line.endIndex - 1);
                                        ^
            Info: This is the type variable whose bound isn't conformed to.
            /C:/Users/subhabrata/AppData/Local/Pub/Cache/hosted/pub.dev/rive-0.12.4/lib/src/rive_core/text/text_modifier_range.dart:408:29:
            Error: Inferred type argument 'dynamic' doesn't conform to the bound 'num' of the type variable 'T' on 'max'.
                      var actualStart = max(start, indexFrom);
                                        ^
            Info: This is the type variable whose bound isn't conformed to.
            /C:/Users/subhabrata/AppData/Local/Pub/Cache/hosted/pub.dev/rive-0.12.4/lib/src/rive_core/text/text_modifier_range.dart:409:26:
            Error: Inferred type argument 'dynamic' doesn't conform to the bound 'num' of the type variable 'T' on 'min'.
                      int selected = min(end, indexTo) - actualStart;
                                     ^
            Info: This is the type variable whose bound isn't conformed to.
            /C:/Users/subhabrata/AppData/Local/Pub/Cache/hosted/pub.dev/rive-0.12.4/lib/src/rive_core/text/text_variation_modifier.dart:10:25:
            Error: The getter 'FontTag' isn't defined for the type 'TextVariationModifier'.
             - 'TextVariationModifier' is from 'package:rive/src/rive_core/text/text_variation_modifier.dart' ('/C:/Users/subhabrata/AppData/Local/Pub/Cache/hosted/pub.dev/rive-0.12.4/lib/src/rive_core/text/text_variation_modifier.dart').
              String get tagName => FontTag.tagToName(axisTag);
                                    ^^^^^^^
            /C:/Users/subhabrata/AppData/Local/Pub/Cache/hosted/pub.dev/rive-0.12.4/lib/src/rive_core/text/text_variation_modifier.dart:24:28:
            Error: 'Font' isn't a type.
              double modify(Text text, Font font, HashMap<int, double> variations,
                                       ^^^^
            /C:/Users/subhabrata/AppData/Local/Pub/Cache/hosted/pub.dev/rive-0.12.4/lib/src/rive_core/constraints/constraint.dart:48:10:
            Error: Method not found: 'Mat2D'.
              return Mat2D();
                     ^^^^^
            /C:/Users/subhabrata/AppData/Local/Pub/Cache/hosted/pub.dev/rive-0.12.4/lib/src/rive_core/shapes/vertex.dart:14:28:
            Error: The getter 'Vec2D' isn't defined for the type 'Vertex<T>'.
             - 'Vertex' is from 'package:rive/src/rive_core/shapes/vertex.dart' ('/C:/Users/subhabrata/AppData/Local/Pub/Cache/hosted/pub.dev/rive-0.12.4/lib/src/rive_core/shapes/vertex.dart').
              Vec2D get translation => Vec2D.fromValues(x, y);
                                       ^^^^^
            /C:/Users/subhabrata/AppData/Local/Pub/Cache/hosted/pub.dev/rive-0.12.4/lib/src/rive_core/shapes/vertex.dart:17:19:
            Error: 'Vec2D' isn't a type.
              set translation(Vec2D value) {
                              ^^^^^
            /C:/Users/subhabrata/AppData/Local/Pub/Cache/hosted/pub.dev/rive-0.12.4/lib/src/rive_core/shapes/vertex.dart:56:15:
            Error: 'Mat2D' isn't a type.
              void deform(Mat2D world, Float32List boneTransforms) {
                          ^^^^^
            /C:/Users/subhabrata/AppData/Local/Pub/Cache/hosted/pub.dev/rive-0.12.4/lib/src/rive_core/text/text_shape_modifier.dart:10:28:
            Error: 'Font' isn't a type.
              double modify(Text text, Font font, HashMap<int, double> variations,
                                       ^^^^
            /C:/Users/subhabrata/AppData/Local/Pub/Cache/hosted/pub.dev/rive-0.12.4/lib/src/rive_core/constraints/transform_space_constraint.dart:9:9:
            Error: 'TransformComponents' isn't a type.
              final TransformComponents componentsA = TransformComponents();
                    ^^^^^^^^^^^^^^^^^^^
            /C:/Users/subhabrata/AppData/Local/Pub/Cache/hosted/pub.dev/rive-0.12.4/lib/src/rive_core/constraints/transform_space_constraint.dart:9:43:
            Error: Method not found: 'TransformComponents'.
              final TransformComponents componentsA = TransformComponents();
                                                      ^^^^^^^^^^^^^^^^^^^
            /C:/Users/subhabrata/AppData/Local/Pub/Cache/hosted/pub.dev/rive-0.12.4/lib/src/rive_core/constraints/transform_space_constraint.dart:10:9:
            Error: 'TransformComponents' isn't a type.
              final TransformComponents componentsB = TransformComponents();
                    ^^^^^^^^^^^^^^^^^^^
            /C:/Users/subhabrata/AppData/Local/Pub/Cache/hosted/pub.dev/rive-0.12.4/lib/src/rive_core/constraints/transform_space_constraint.dart:10:43:
            Error: Method not found: 'TransformComponents'.
              final TransformComponents componentsB = TransformComponents();
                                                      ^^^^^^^^^^^^^^^^^^^
            Error: Compilation failed.
[+83653 ms] Wasm dry run succeeded. Consider building 
and testing your application with the `--wasm` flag. 
See docs for more info: 
https://docs.flutter.dev/platform-integration/web/wasm
[        ] Use --no-wasm-dry-run to disable these 
warnings.
[  +47 ms] dart2wasm: Complete
[  +84 ms] Persisting file store
[  +52 ms] Done persisting file store
[  +82 ms] Target dart2js failed: ProcessException: 
Process exited abnormally with exit code 1:
           lib/main.dart:1:8:
           Error: Error when reading '/C:/Users/subhab
rata/AppData/Local/Pub/Cache/hosted/pub.dev/firebase_a
uth-6.1.3/lib/firebase_auth.dart': Error reading '/C:/
Users/subhabrata/AppData/Local/Pub/Cache/hosted/pub.de
v/firebase_auth-6.1.3/lib/firebase_auth.dart'  (The 
system cannot find the path specified)
           import 
'package:firebase_auth/firebase_auth.dart';
                  ^
           lib/main.dart:2:8:
           Error: Error when reading '/C:/Users/subhab
rata/AppData/Local/Pub/Cache/hosted/pub.dev/firebase_c
ore-4.3.0/lib/firebase_core.dart': Error reading '/C:/
Users/subhabrata/AppData/Local/Pub/Cache/hosted/pub.de
v/firebase_core-4.3.0/lib/firebase_core.dart'  (The 
system cannot find the path specified)
           import 
'package:firebase_core/firebase_core.dart';
                  ^
           lib/firebase_options.dart:3:8:
           Error: Error when reading '/C:/Users/subhab
rata/AppData/Local/Pub/Cache/hosted/pub.dev/firebase_c
ore-4.3.0/lib/firebase_core.dart': Error reading '/C:/
Users/subhabrata/AppData/Local/Pub/Cache/hosted/pub.de
v/firebase_core-4.3.0/lib/firebase_core.dart'  (The 
system cannot find the path specified)
           import 
'package:firebase_core/firebase_core.dart' show 
FirebaseOptions;
                  ^
           lib/src/features/onboarding/presentation/on
boarding_screen.dart:4:8:
           Error: Error when reading '/C:/Users/subhab
rata/AppData/Local/Pub/Cache/hosted/pub.dev/firebase_a
uth-6.1.3/lib/firebase_auth.dart': Error reading '/C:/
Users/subhabrata/AppData/Local/Pub/Cache/hosted/pub.de
v/firebase_auth-6.1.3/lib/firebase_auth.dart'  (The 
system cannot find the path specified)
           import 
'package:firebase_auth/firebase_auth.dart';
                  ^
           lib/src/features/login/presentation/auth_ga
te.dart:2:8:
           Error: Error when reading '/C:/Users/subhab
rata/AppData/Local/Pub/Cache/hosted/pub.dev/firebase_a
uth-6.1.3/lib/firebase_auth.dart': Error reading '/C:/
Users/subhabrata/AppData/Local/Pub/Cache/hosted/pub.de
v/firebase_auth-6.1.3/lib/firebase_auth.dart'  (The 
system cannot find the path specified)
           import 
'package:firebase_auth/firebase_auth.dart';
                  ^
           /C:/Users/subhabrata/AppData/Local/Pub/Cach
e/hosted/pub.dev/cloud_firestore_web-5.1.1/lib/cloud_f
irestore_web.dart:14:8:
           Error: Error when reading '/C:/Users/subhab
rata/AppData/Local/Pub/Cache/hosted/pub.dev/firebase_c
ore-4.3.0/lib/firebase_core.dart': Error reading '/C:/
Users/subhabrata/AppData/Local/Pub/Cache/hosted/pub.de
v/firebase_core-4.3.0/lib/firebase_core.dart'  (The 
system cannot find the path specified)
           import 
'package:firebase_core/firebase_core.dart';
                  ^
           /C:/Users/subhabrata/AppData/Local/Pub/Cach
e/hosted/pub.dev/firebase_auth_web-6.1.1/lib/firebase_
auth_web.dart:12:8:
           Error: Error when reading '/C:/Users/subhab
rata/AppData/Local/Pub/Cache/hosted/pub.dev/firebase_c
ore-4.3.0/lib/firebase_core.dart': Error reading '/C:/
Users/subhabrata/AppData/Local/Pub/Cache/hosted/pub.de
v/firebase_core-4.3.0/lib/firebase_core.dart'  (The 
system cannot find the path specified)
           import 
'package:firebase_core/firebase_core.dart';
                  ^
           /C:/Users/subhabrata/AppData/Local/Pub/Cach
e/hosted/pub.dev/firebase_database_web-0.2.7+2/lib/fir
ebase_database_web.dart:8:8:
           Error: Error when reading '/C:/Users/subhab
rata/AppData/Local/Pub/Cache/hosted/pub.dev/firebase_c
ore-4.3.0/lib/firebase_core.dart': Error reading '/C:/
Users/subhabrata/AppData/Local/Pub/Cache/hosted/pub.de
v/firebase_core-4.3.0/lib/firebase_core.dart'  (The 
system cannot find the path specified)
           import 
'package:firebase_core/firebase_core.dart';
                  ^
           lib/src/features/onboarding/presentation/on
boarding_screen.dart:3:8:
           Error: Error when reading '/C:/Users/subhab
rata/AppData/Local/Pub/Cache/hosted/pub.dev/cloud_fire
store-6.1.1/lib/cloud_firestore.dart': Error reading '
/C:/Users/subhabrata/AppData/Local/Pub/Cache/hosted/pu
b.dev/cloud_firestore-6.1.1/lib/cloud_firestore.dart' 
 (The system cannot find the path specified)
           import 
'package:cloud_firestore/cloud_firestore.dart';
                  ^
           lib/src/features/login/presentation/auth_ga
te.dart:3:8:
           Error: Error when reading '/C:/Users/subhab
rata/AppData/Local/Pub/Cache/hosted/pub.dev/cloud_fire
store-6.1.1/lib/cloud_firestore.dart': Error reading '
/C:/Users/subhabrata/AppData/Local/Pub/Cache/hosted/pu
b.dev/cloud_firestore-6.1.1/lib/cloud_firestore.dart' 
 (The system cannot find the path specified)
           import 
'package:cloud_firestore/cloud_firestore.dart';
                  ^
           lib/src/features/course/data/datasources/co
urse_remote_data_source.dart:1:8:
           Error: Error when reading '/C:/Users/subhab
rata/AppData/Local/Pub/Cache/hosted/pub.dev/cloud_fire
store-6.1.1/lib/cloud_firestore.dart': Error reading '
/C:/Users/subhabrata/AppData/Local/Pub/Cache/hosted/pu
b.dev/cloud_firestore-6.1.1/lib/cloud_firestore.dart' 
 (The system cannot find the path specified)
           import 
'package:cloud_firestore/cloud_firestore.dart';
                  ^
           lib/core/services/auth_service.dart:1:8:
           Error: Error when reading '/C:/Users/subhab
rata/AppData/Local/Pub/Cache/hosted/pub.dev/firebase_a
uth-6.1.3/lib/firebase_auth.dart': Error reading '/C:/
Users/subhabrata/AppData/Local/Pub/Cache/hosted/pub.de
v/firebase_auth-6.1.3/lib/firebase_auth.dart'  (The 
system cannot find the path specified)
           import 
'package:firebase_auth/firebase_auth.dart';
                  ^
           lib/src/features/collection_form/collection
_form.dart:1:8:
           Error: Error when reading '/C:/Users/subhab
rata/AppData/Local/Pub/Cache/hosted/pub.dev/cloud_fire
store-6.1.1/lib/cloud_firestore.dart': Error reading '
/C:/Users/subhabrata/AppData/Local/Pub/Cache/hosted/pu
b.dev/cloud_firestore-6.1.1/lib/cloud_firestore.dart' 
 (The system cannot find the path specified)
           import 
'package:cloud_firestore/cloud_firestore.dart';
                  ^
           lib/src/features/onboarding/presentation/sy
llabus_setup_screen.dart:4:8:
           Error: Error when reading '/C:/Users/subhab
rata/AppData/Local/Pub/Cache/hosted/pub.dev/cloud_fire
store-6.1.1/lib/cloud_firestore.dart': Error reading '
/C:/Users/subhabrata/AppData/Local/Pub/Cache/hosted/pu
b.dev/cloud_firestore-6.1.1/lib/cloud_firestore.dart' 
 (The system cannot find the path specified)
           import 
'package:cloud_firestore/cloud_firestore.dart';
                  ^
           lib/src/features/onboarding/presentation/sy
llabus_setup_screen.dart:5:8:
           Error: Error when reading '/C:/Users/subhab
rata/AppData/Local/Pub/Cache/hosted/pub.dev/firebase_a
uth-6.1.3/lib/firebase_auth.dart': Error reading '/C:/
Users/subhabrata/AppData/Local/Pub/Cache/hosted/pub.de
v/firebase_auth-6.1.3/lib/firebase_auth.dart'  (The 
system cannot find the path specified)
           import 
'package:firebase_auth/firebase_auth.dart';
                  ^
           lib/src/features/course/pesentation/pages/q
uiz/quiz_page.dart:4:8:
           Error: Error when reading '/C:/Users/subhab
rata/AppData/Local/Pub/Cache/hosted/pub.dev/cloud_fire
store-6.1.1/lib/cloud_firestore.dart': Error reading '
/C:/Users/subhabrata/AppData/Local/Pub/Cache/hosted/pu
b.dev/cloud_firestore-6.1.1/lib/cloud_firestore.dart' 
 (The system cannot find the path specified)
           import 
'package:cloud_firestore/cloud_firestore.dart';
                  ^
           lib/src/features/course/pesentation/pages/q
uiz/quiz_page.dart:5:8:
           Error: Error when reading '/C:/Users/subhab
rata/AppData/Local/Pub/Cache/hosted/pub.dev/firebase_a
uth-6.1.3/lib/firebase_auth.dart': Error reading '/C:/
Users/subhabrata/AppData/Local/Pub/Cache/hosted/pub.de
v/firebase_auth-6.1.3/lib/firebase_auth.dart'  (The 
system cannot find the path specified)
           import 
'package:firebase_auth/firebase_auth.dart';
                  ^
           lib/src/features/course/pesentation/pages/m
y_course/my_course.dart:1:8:
           Error: Error when reading '/C:/Users/subhab
rata/AppData/Local/Pub/Cache/hosted/pub.dev/cloud_fire
store-6.1.1/lib/cloud_firestore.dart': Error reading '
/C:/Users/subhabrata/AppData/Local/Pub/Cache/hosted/pu
b.dev/cloud_firestore-6.1.1/lib/cloud_firestore.dart' 
 (The system cannot find the path specified)
           import 
'package:cloud_firestore/cloud_firestore.dart';
                  ^
           lib/src/features/course/pesentation/pages/m
y_course/my_course.dart:2:8:
           Error: Error when reading '/C:/Users/subhab
rata/AppData/Local/Pub/Cache/hosted/pub.dev/firebase_a
uth-6.1.3/lib/firebase_auth.dart': Error reading '/C:/
Users/subhabrata/AppData/Local/Pub/Cache/hosted/pub.de
v/firebase_auth-6.1.3/lib/firebase_auth.dart'  (The 
system cannot find the path specified)
           import 
'package:firebase_auth/firebase_auth.dart';
                  ^
           lib/src/features/course/pesentation/pages/h
ome/home.dart:1:8:
           Error: Error when reading '/C:/Users/subhab
rata/AppData/Local/Pub/Cache/hosted/pub.dev/cloud_fire
store-6.1.1/lib/cloud_firestore.dart': Error reading '
/C:/Users/subhabrata/AppData/Local/Pub/Cache/hosted/pu
b.dev/cloud_firestore-6.1.1/lib/cloud_firestore.dart' 
 (The system cannot find the path specified)
           import 
'package:cloud_firestore/cloud_firestore.dart';
                  ^
           lib/src/features/course/pesentation/pages/h
ome/home.dart:2:8:
           Error: Error when reading '/C:/Users/subhab
rata/AppData/Local/Pub/Cache/hosted/pub.dev/firebase_a
uth-6.1.3/lib/firebase_auth.dart': Error reading '/C:/
Users/subhabrata/AppData/Local/Pub/Cache/hosted/pub.de
v/firebase_auth-6.1.3/lib/firebase_auth.dart'  (The 
system cannot find the path specified)
           import 
'package:firebase_auth/firebase_auth.dart';
                  ^
           /C:/Users/subhabrata/AppData/Local/Pub/Cach
e/hosted/pub.dev/cloud_firestore_web-5.1.1/lib/src/int
ernals.dart:5:8:
           Error: Error when reading '/C:/Users/subhab
rata/AppData/Local/Pub/Cache/hosted/pub.dev/firebase_c
ore-4.3.0/lib/firebase_core.dart': Error reading '/C:/
Users/subhabrata/AppData/Local/Pub/Cache/hosted/pub.de
v/firebase_core-4.3.0/lib/firebase_core.dart'  (The 
system cannot find the path specified)
           import 
'package:firebase_core/firebase_core.dart';
                  ^
           /C:/Users/subhabrata/AppData/Local/Pub/Cach
e/hosted/pub.dev/cloud_firestore_web-5.1.1/lib/src/int
erop/firestore.dart:16:8:
           Error: Error when reading '/C:/Users/subhab
rata/AppData/Local/Pub/Cache/hosted/pub.dev/firebase_c
ore-4.3.0/lib/firebase_core.dart': Error reading '/C:/
Users/subhabrata/AppData/Local/Pub/Cache/hosted/pub.de
v/firebase_core-4.3.0/lib/firebase_core.dart'  (The 
system cannot find the path specified)
           import 
'package:firebase_core/firebase_core.dart';
                  ^
           lib/src/features/course/data/models/news_mo
del.dart:2:8:
           Error: Error when reading '/C:/Users/subhab
rata/AppData/Local/Pub/Cache/hosted/pub.dev/cloud_fire
store-6.1.1/lib/cloud_firestore.dart': Error reading '
/C:/Users/subhabrata/AppData/Local/Pub/Cache/hosted/pu
b.dev/cloud_firestore-6.1.1/lib/cloud_firestore.dart' 
 (The system cannot find the path specified)
           import 
'package:cloud_firestore/cloud_firestore.dart';
                  ^
           lib/core/services/news_service.dart:2:8:
           Error: Error when reading '/C:/Users/subhab
rata/AppData/Local/Pub/Cache/hosted/pub.dev/cloud_fire
store-6.1.1/lib/cloud_firestore.dart': Error reading '
/C:/Users/subhabrata/AppData/Local/Pub/Cache/hosted/pu
b.dev/cloud_firestore-6.1.1/lib/cloud_firestore.dart' 
 (The system cannot find the path specified)
           import 
'package:cloud_firestore/cloud_firestore.dart';
                  ^
           lib/src/features/course/data/models/quiz_mo
dels.dart:3:8:
           Error: Error when reading '/C:/Users/subhab
rata/AppData/Local/Pub/Cache/hosted/pub.dev/cloud_fire
store-6.1.1/lib/cloud_firestore.dart': Error reading '
/C:/Users/subhabrata/AppData/Local/Pub/Cache/hosted/pu
b.dev/cloud_firestore-6.1.1/lib/cloud_firestore.dart' 
 (The system cannot find the path specified)
           import 
'package:cloud_firestore/cloud_firestore.dart';
                  ^
           lib/src/features/course/pesentation/pages/q
uiz/widgets/quiz_service.dart:2:8:
           Error: Error when reading '/C:/Users/subhab
rata/AppData/Local/Pub/Cache/hosted/pub.dev/cloud_fire
store-6.1.1/lib/cloud_firestore.dart': Error reading '
/C:/Users/subhabrata/AppData/Local/Pub/Cache/hosted/pu
b.dev/cloud_firestore-6.1.1/lib/cloud_firestore.dart' 
 (The system cannot find the path specified)
           import 
'package:cloud_firestore/cloud_firestore.dart';
                  ^
           lib/src/features/course/pesentation/pages/q
uiz/widgets/quiz_service.dart:3:8:
           Error: Error when reading '/C:/Users/subhab
rata/AppData/Local/Pub/Cache/hosted/pub.dev/firebase_a
uth-6.1.3/lib/firebase_auth.dart': Error reading '/C:/
Users/subhabrata/AppData/Local/Pub/Cache/hosted/pub.de
v/firebase_auth-6.1.3/lib/firebase_auth.dart'  (The 
system cannot find the path specified)
           import 
'package:firebase_auth/firebase_auth.dart';
                  ^
           lib/src/features/course/pesentation/pages/q
uiz/widgets/quiz_list_page.dart:2:8:
           Error: Error when reading '/C:/Users/subhab
rata/AppData/Local/Pub/Cache/hosted/pub.dev/cloud_fire
store-6.1.1/lib/cloud_firestore.dart': Error reading '
/C:/Users/subhabrata/AppData/Local/Pub/Cache/hosted/pu
b.dev/cloud_firestore-6.1.1/lib/cloud_firestore.dart' 
 (The system cannot find the path specified)
           import 
'package:cloud_firestore/cloud_firestore.dart';
                  ^
           lib/src/features/course/data/models/cur.mod
el.dart:1:8:
           Error: Error when reading '/C:/Users/subhab
rata/AppData/Local/Pub/Cache/hosted/pub.dev/cloud_fire
store-6.1.1/lib/cloud_firestore.dart': Error reading '
/C:/Users/subhabrata/AppData/Local/Pub/Cache/hosted/pu
b.dev/cloud_firestore-6.1.1/lib/cloud_firestore.dart' 
 (The system cannot find the path specified)
           import 
'package:cloud_firestore/cloud_firestore.dart';
                  ^
           lib/src/features/course/pesentation/pages/h
ome/widgets/home_appbar.dart:1:8:
           Error: Error when reading '/C:/Users/subhab
rata/AppData/Local/Pub/Cache/hosted/pub.dev/firebase_a
uth-6.1.3/lib/firebase_auth.dart': Error reading '/C:/
Users/subhabrata/AppData/Local/Pub/Cache/hosted/pub.de
v/firebase_auth-6.1.3/lib/firebase_auth.dart'  (The 
system cannot find the path specified)
           import 
'package:firebase_auth/firebase_auth.dart';
                  ^
           lib/src/features/course/pesentation/pages/h
ome/widgets/home_category.dart:2:8:
           Error: Error when reading '/C:/Users/subhab
rata/AppData/Local/Pub/Cache/hosted/pub.dev/cloud_fire
store-6.1.1/lib/cloud_firestore.dart': Error reading '
/C:/Users/subhabrata/AppData/Local/Pub/Cache/hosted/pu
b.dev/cloud_firestore-6.1.1/lib/cloud_firestore.dart' 
 (The system cannot find the path specified)
           import 
'package:cloud_firestore/cloud_firestore.dart';
                  ^
           /C:/Users/subhabrata/AppData/Local/Pub/Cach
e/hosted/pub.dev/cloud_firestore_platform_interface-7.
0.5/lib/src/platform_interface/platform_interface_fire
store.dart:8:8:
           Error: Error when reading '/C:/Users/subhab
rata/AppData/Local/Pub/Cache/hosted/pub.dev/firebase_c
ore-4.3.0/lib/firebase_core.dart': Error reading '/C:/
Users/subhabrata/AppData/Local/Pub/Cache/hosted/pub.de
v/firebase_core-4.3.0/lib/firebase_core.dart'  (The 
system cannot find the path specified)
           import 
'package:firebase_core/firebase_core.dart';
                  ^
           /C:/Users/subhabrata/AppData/Local/Pub/Cach
e/hosted/pub.dev/_flutterfire_internals-1.3.65/lib/_fl
utterfire_internals.dart:14:8:
           Error: Error when reading '/C:/Users/subhab
rata/AppData/Local/Pub/Cache/hosted/pub.dev/firebase_c
ore-4.3.0/lib/firebase_core.dart': Error reading '/C:/
Users/subhabrata/AppData/Local/Pub/Cache/hosted/pub.de
v/firebase_core-4.3.0/lib/firebase_core.dart'  (The 
system cannot find the path specified)
           import 
'package:firebase_core/firebase_core.dart';
                  ^
           /C:/Users/subhabrata/AppData/Local/Pub/Cach
e/hosted/pub.dev/firebase_auth_platform_interface-8.1.
5/lib/src/firebase_auth_exception.dart:6:8:
           Error: Error when reading '/C:/Users/subhab
rata/AppData/Local/Pub/Cache/hosted/pub.dev/firebase_c
ore-4.3.0/lib/firebase_core.dart': Error reading '/C:/
Users/subhabrata/AppData/Local/Pub/Cache/hosted/pub.de
v/firebase_core-4.3.0/lib/firebase_core.dart'  (The 
system cannot find the path specified)
           import 
'package:firebase_core/firebase_core.dart';
                  ^
           /C:/Users/subhabrata/AppData/Local/Pub/Cach
e/hosted/pub.dev/firebase_auth_platform_interface-8.1.
5/lib/src/platform_interface/platform_interface_fireba
se_auth.dart:9:8:
           Error: Error when reading '/C:/Users/subhab
rata/AppData/Local/Pub/Cache/hosted/pub.dev/firebase_c
ore-4.3.0/lib/firebase_core.dart': Error reading '/C:/
Users/subhabrata/AppData/Local/Pub/Cache/hosted/pub.de
v/firebase_core-4.3.0/lib/firebase_core.dart'  (The 
system cannot find the path specified)
           import 
'package:firebase_core/firebase_core.dart';
                  ^
           /C:/Users/subhabrata/AppData/Local/Pub/Cach
e/hosted/pub.dev/firebase_database_platform_interface-
0.3.0+1/lib/src/platform_interface/platform_interface_
database.dart:5:8:
           Error: Error when reading '/C:/Users/subhab
rata/AppData/Local/Pub/Cache/hosted/pub.dev/firebase_c
ore-4.3.0/lib/firebase_core.dart': Error reading '/C:/
Users/subhabrata/AppData/Local/Pub/Cache/hosted/pub.de
v/firebase_core-4.3.0/lib/firebase_core.dart'  (The 
system cannot find the path specified)
           import 
'package:firebase_core/firebase_core.dart';
                  ^
           lib/src/features/course/pesentation/pages/n
ews/news_detail_screen.dart:2:8:
           Error: Error when reading '/C:/Users/subhab
rata/AppData/Local/Pub/Cache/hosted/pub.dev/share_plus
-12.0.1/lib/share_plus.dart': Error reading '/C:/Users
/subhabrata/AppData/Local/Pub/Cache/hosted/pub.dev/sha
re_plus-12.0.1/lib/share_plus.dart'  (The system 
cannot find the path specified)
           import 
'package:share_plus/share_plus.dart'; // Add to 
pubspec.yaml
                  ^
           lib/src/features/course/pesentation/pages/q
uiz/widgets/anti_cheat_wrapper.dart:4:8:
           Error: Error when reading '/C:/Users/subhab
rata/AppData/Local/Pub/Cache/hosted/pub.dev/cloud_fire
store-6.1.1/lib/cloud_firestore.dart': Error reading '
/C:/Users/subhabrata/AppData/Local/Pub/Cache/hosted/pu
b.dev/cloud_firestore-6.1.1/lib/cloud_firestore.dart' 
 (The system cannot find the path specified)
           import 
'package:cloud_firestore/cloud_firestore.dart';
                  ^
           lib/src/features/course/pesentation/pages/q
uiz/widgets/anti_cheat_wrapper.dart:5:8:
           Error: Error when reading '/C:/Users/subhab
rata/AppData/Local/Pub/Cache/hosted/pub.dev/firebase_a
uth-6.1.3/lib/firebase_auth.dart': Error reading '/C:/
Users/subhabrata/AppData/Local/Pub/Cache/hosted/pub.de
v/firebase_auth-6.1.3/lib/firebase_auth.dart'  (The 
system cannot find the path specified)
           import 
'package:firebase_auth/firebase_auth.dart';
                  ^
           lib/src/features/course/pesentation/pages/q
uiz/widgets/quiz_attempt_page.dart:3:8:
           Error: Error when reading '/C:/Users/subhab
rata/AppData/Local/Pub/Cache/hosted/pub.dev/cloud_fire
store-6.1.1/lib/cloud_firestore.dart': Error reading '
/C:/Users/subhabrata/AppData/Local/Pub/Cache/hosted/pu
b.dev/cloud_firestore-6.1.1/lib/cloud_firestore.dart' 
 (The system cannot find the path specified)
           import 
'package:cloud_firestore/cloud_firestore.dart';
                  ^
           lib/src/features/course/pesentation/pages/m
y_course/widgets/my_course_item.dart:1:8:
           Error: Error when reading '/C:/Users/subhab
rata/AppData/Local/Pub/Cache/hosted/pub.dev/cloud_fire
store-6.1.1/lib/cloud_firestore.dart': Error reading '
/C:/Users/subhabrata/AppData/Local/Pub/Cache/hosted/pu
b.dev/cloud_firestore-6.1.1/lib/cloud_firestore.dart' 
 (The system cannot find the path specified)
           import 
'package:cloud_firestore/cloud_firestore.dart';
                  ^
           lib/src/features/course/pesentation/pages/m
y_course/widgets/my_course_item.dart:2:8:
           Error: Error when reading '/C:/Users/subhab
rata/AppData/Local/Pub/Cache/hosted/pub.dev/firebase_a
uth-6.1.3/lib/firebase_auth.dart': Error reading '/C:/
Users/subhabrata/AppData/Local/Pub/Cache/hosted/pub.de
v/firebase_auth-6.1.3/lib/firebase_auth.dart'  (The 
system cannot find the path specified)
           import 
'package:firebase_auth/firebase_auth.dart';
                  ^
           lib/src/features/store/data/sourse/product_
datasource.dart:1:8:
           Error: Error when reading '/C:/Users/subhab
rata/AppData/Local/Pub/Cache/hosted/pub.dev/cloud_fire
store-6.1.1/lib/cloud_firestore.dart': Error reading '
/C:/Users/subhabrata/AppData/Local/Pub/Cache/hosted/pu
b.dev/cloud_firestore-6.1.1/lib/cloud_firestore.dart' 
 (The system cannot find the path specified)
           import 
'package:cloud_firestore/cloud_firestore.dart';
                  ^
           lib/src/features/course/pesentation/pages/c
ourse_detail/course_detail.dart:1:8:
           Error: Error when reading '/C:/Users/subhab
rata/AppData/Local/Pub/Cache/hosted/pub.dev/cloud_fire
store-6.1.1/lib/cloud_firestore.dart': Error reading '
/C:/Users/subhabrata/AppData/Local/Pub/Cache/hosted/pu
b.dev/cloud_firestore-6.1.1/lib/cloud_firestore.dart' 
 (The system cannot find the path specified)
           import 
'package:cloud_firestore/cloud_firestore.dart';
                  ^
           lib/src/features/course/pesentation/pages/e
xplore/widgets/explore_course_list.dart:1:8:
           Error: Error when reading '/C:/Users/subhab
rata/AppData/Local/Pub/Cache/hosted/pub.dev/cloud_fire
store-6.1.1/lib/cloud_firestore.dart': Error reading '
/C:/Users/subhabrata/AppData/Local/Pub/Cache/hosted/pu
b.dev/cloud_firestore-6.1.1/lib/cloud_firestore.dart' 
 (The system cannot find the path specified)
           import 
'package:cloud_firestore/cloud_firestore.dart';
                  ^
           /C:/Users/subhabrata/AppData/Local/Pub/Cach
e/hosted/pub.dev/cloud_firestore_platform_interface-7.
0.5/lib/src/method_channel/utils/firestore_message_cod
ec.dart:12:8:
           Error: Error when reading '/C:/Users/subhab
rata/AppData/Local/Pub/Cache/hosted/pub.dev/firebase_c
ore-4.3.0/lib/firebase_core.dart': Error reading '/C:/
Users/subhabrata/AppData/Local/Pub/Cache/hosted/pub.de
v/firebase_core-4.3.0/lib/firebase_core.dart'  (The 
system cannot find the path specified)
           import 
'package:firebase_core/firebase_core.dart';
                  ^
           /C:/Users/subhabrata/AppData/Local/Pub/Cach
e/hosted/pub.dev/cloud_firestore_platform_interface-7.
0.5/lib/src/method_channel/method_channel_firestore.da
rt:13:8:
           Error: Error when reading '/C:/Users/subhab
rata/AppData/Local/Pub/Cache/hosted/pub.dev/firebase_c
ore-4.3.0/lib/firebase_core.dart': Error reading '/C:/
Users/subhabrata/AppData/Local/Pub/Cache/hosted/pub.de
v/firebase_core-4.3.0/lib/firebase_core.dart'  (The 
system cannot find the path specified)
           import 
'package:firebase_core/firebase_core.dart';
                  ^
           /C:/Users/subhabrata/AppData/Local/Pub/Cach
e/hosted/pub.dev/_flutterfire_internals-1.3.65/lib/src
/exception.dart:6:8:
           Error: Error when reading '/C:/Users/subhab
rata/AppData/Local/Pub/Cache/hosted/pub.dev/firebase_c
ore-4.3.0/lib/firebase_core.dart': Error reading '/C:/
Users/subhabrata/AppData/Local/Pub/Cache/hosted/pub.de
v/firebase_core-4.3.0/lib/firebase_core.dart'  (The 
system cannot find the path specified)
           import 
'package:firebase_core/firebase_core.dart';
                  ^
           /C:/Users/subhabrata/AppData/Local/Pub/Cach
e/hosted/pub.dev/firebase_auth_platform_interface-8.1.
5/lib/src/method_channel/method_channel_firebase_auth.
dart:12:8:
           Error: Error when reading '/C:/Users/subhab
rata/AppData/Local/Pub/Cache/hosted/pub.dev/firebase_c
ore-4.3.0/lib/firebase_core.dart': Error reading '/C:/
Users/subhabrata/AppData/Local/Pub/Cache/hosted/pub.de
v/firebase_core-4.3.0/lib/firebase_core.dart'  (The 
system cannot find the path specified)
           import 
'package:firebase_core/firebase_core.dart';
                  ^
           /C:/Users/subhabrata/AppData/Local/Pub/Cach
e/hosted/pub.dev/firebase_database_platform_interface-
0.3.0+1/lib/src/method_channel/method_channel_database
.dart:5:8:
           Error: Error when reading '/C:/Users/subhab
rata/AppData/Local/Pub/Cache/hosted/pub.dev/firebase_c
ore-4.3.0/lib/firebase_core.dart': Error reading '/C:/
Users/subhabrata/AppData/Local/Pub/Cache/hosted/pub.de
v/firebase_core-4.3.0/lib/firebase_core.dart'  (The 
system cannot find the path specified)
           import 
'package:firebase_core/firebase_core.dart';
                  ^
           /C:/Users/subhabrata/AppData/Local/Pub/Cach
e/hosted/pub.dev/syncfusion_flutter_pdfviewer-32.1.21/
lib/src/pdfviewer.dart:7:8:
           Error: Error when reading '/C:/Users/subhab
rata/AppData/Local/Pub/Cache/hosted/pub.dev/device_inf
o_plus-12.3.0/lib/device_info_plus.dart': Error 
reading '/C:/Users/subhabrata/AppData/Local/Pub/Cache/
hosted/pub.dev/device_info_plus-12.3.0/lib/device_info
_plus.dart'  (The system cannot find the path 
specified)
           import 
'package:device_info_plus/device_info_plus.dart';
                  ^
           lib/src/features/account/presentation/pages
/account/widgets/account_profile_block.dart:1:8:
           Error: Error when reading '/C:/Users/subhab
rata/AppData/Local/Pub/Cache/hosted/pub.dev/firebase_a
uth-6.1.3/lib/firebase_auth.dart': Error reading '/C:/
Users/subhabrata/AppData/Local/Pub/Cache/hosted/pub.de
v/firebase_auth-6.1.3/lib/firebase_auth.dart'  (The 
system cannot find the path specified)
           import 
'package:firebase_auth/firebase_auth.dart';
                  ^
           lib/src/features/pyq/presentation/pages/cha
t/exam_wise_pyq_page.dart:2:8:
           Error: Error when reading '/C:/Users/subhab
rata/AppData/Local/Pub/Cache/hosted/pub.dev/cloud_fire
store-6.1.1/lib/cloud_firestore.dart': Error reading '
/C:/Users/subhabrata/AppData/Local/Pub/Cache/hosted/pu
b.dev/cloud_firestore-6.1.1/lib/cloud_firestore.dart' 
 (The system cannot find the path specified)
           import 
'package:cloud_firestore/cloud_firestore.dart';
                  ^
           lib/src/features/course/pesentation/pages/c
ourse_detail/widgets/course_detail_bottom_block.dart:4
:8:
           Error: Error when reading '/C:/Users/subhab
rata/AppData/Local/Pub/Cache/hosted/pub.dev/cloud_fire
store-6.1.1/lib/cloud_firestore.dart': Error reading '
/C:/Users/subhabrata/AppData/Local/Pub/Cache/hosted/pu
b.dev/cloud_firestore-6.1.1/lib/cloud_firestore.dart' 
 (The system cannot find the path specified)
           import 
'package:cloud_firestore/cloud_firestore.dart';
                  ^
           lib/src/features/course/pesentation/pages/c
ourse_detail/widgets/course_detail_tabbar.dart:1:8:
           Error: Error when reading '/C:/Users/subhab
rata/AppData/Local/Pub/Cache/hosted/pub.dev/cloud_fire
store-6.1.1/lib/cloud_firestore.dart': Error reading '
/C:/Users/subhabrata/AppData/Local/Pub/Cache/hosted/pu
b.dev/cloud_firestore-6.1.1/lib/cloud_firestore.dart' 
 (The system cannot find the path specified)
           import 
'package:cloud_firestore/cloud_firestore.dart';
                  ^
           /C:/Users/subhabrata/AppData/Local/Pub/Cach
e/hosted/pub.dev/cloud_firestore_platform_interface-7.
0.5/lib/src/method_channel/method_channel_load_bundle_
task.dart:9:8:
           Error: Error when reading '/C:/Users/subhab
rata/AppData/Local/Pub/Cache/hosted/pub.dev/firebase_c
ore-4.3.0/lib/firebase_core.dart': Error reading '/C:/
Users/subhabrata/AppData/Local/Pub/Cache/hosted/pub.de
v/firebase_core-4.3.0/lib/firebase_core.dart'  (The 
system cannot find the path specified)
           import 
'package:firebase_core/firebase_core.dart';
                  ^
           /C:/Users/subhabrata/AppData/Local/Pub/Cach
e/hosted/pub.dev/cloud_firestore_platform_interface-7.
0.5/lib/src/method_channel/method_channel_transaction.
dart:10:8:
           Error: Error when reading '/C:/Users/subhab
rata/AppData/Local/Pub/Cache/hosted/pub.dev/firebase_c
ore-4.3.0/lib/firebase_core.dart': Error reading '/C:/
Users/subhabrata/AppData/Local/Pub/Cache/hosted/pub.de
v/firebase_core-4.3.0/lib/firebase_core.dart'  (The 
system cannot find the path specified)
           import 
'package:firebase_core/firebase_core.dart';
                  ^
           /C:/Users/subhabrata/AppData/Local/Pub/Cach
e/hosted/pub.dev/cloud_firestore_platform_interface-7.
0.5/lib/src/method_channel/utils/exception.dart:5:8:
           Error: Error when reading '/C:/Users/subhab
rata/AppData/Local/Pub/Cache/hosted/pub.dev/firebase_c
ore-4.3.0/lib/firebase_core.dart': Error reading '/C:/
Users/subhabrata/AppData/Local/Pub/Cache/hosted/pub.de
v/firebase_core-4.3.0/lib/firebase_core.dart'  (The 
system cannot find the path specified)
           import 
'package:firebase_core/firebase_core.dart';
                  ^
           /C:/Users/subhabrata/AppData/Local/Pub/Cach
e/hosted/pub.dev/firebase_auth_platform_interface-8.1.
5/lib/src/method_channel/utils/exception.dart:11:8:
           Error: Error when reading '/C:/Users/subhab
rata/AppData/Local/Pub/Cache/hosted/pub.dev/firebase_c
ore-4.3.0/lib/firebase_core.dart': Error reading '/C:/
Users/subhabrata/AppData/Local/Pub/Cache/hosted/pub.de
v/firebase_core-4.3.0/lib/firebase_core.dart'  (The 
system cannot find the path specified)
           import 
'package:firebase_core/firebase_core.dart';
                  ^
           /C:/Users/subhabrata/AppData/Local/Pub/Cach
e/hosted/pub.dev/firebase_database_platform_interface-
0.3.0+1/lib/src/method_channel/utils/exception.dart:5:
8:
           Error: Error when reading '/C:/Users/subhab
rata/AppData/Local/Pub/Cache/hosted/pub.dev/firebase_c
ore-4.3.0/lib/firebase_core.dart': Error reading '/C:/
Users/subhabrata/AppData/Local/Pub/Cache/hosted/pub.de
v/firebase_core-4.3.0/lib/firebase_core.dart'  (The 
system cannot find the path specified)
           import 
'package:firebase_core/firebase_core.dart';
                  ^
           lib/src/features/pyq/exam_questions_year_pa
ge.dart:2:8:
           Error: Error when reading '/C:/Users/subhab
rata/AppData/Local/Pub/Cache/hosted/pub.dev/cloud_fire
store-6.1.1/lib/cloud_firestore.dart': Error reading '
/C:/Users/subhabrata/AppData/Local/Pub/Cache/hosted/pu
b.dev/cloud_firestore-6.1.1/lib/cloud_firestore.dart' 
 (The system cannot find the path specified)
           import 
'package:cloud_firestore/cloud_firestore.dart';
                  ^
           lib/src/features/pyq/presentation/pages/cha
t/data/questions_service.dart:1:8:
           Error: Error when reading '/C:/Users/subhab
rata/AppData/Local/Pub/Cache/hosted/pub.dev/cloud_fire
store-6.1.1/lib/cloud_firestore.dart': Error reading '
/C:/Users/subhabrata/AppData/Local/Pub/Cache/hosted/pu
b.dev/cloud_firestore-6.1.1/lib/cloud_firestore.dart' 
 (The system cannot find the path specified)
           import 
'package:cloud_firestore/cloud_firestore.dart';
                  ^
           lib/src/features/store/presentation/pages/p
roduct_parts_page.dart:2:8:
           Error: Error when reading '/C:/Users/subhab
rata/AppData/Local/Pub/Cache/hosted/pub.dev/cloud_fire
store-6.1.1/lib/cloud_firestore.dart': Error reading '
/C:/Users/subhabrata/AppData/Local/Pub/Cache/hosted/pu
b.dev/cloud_firestore-6.1.1/lib/cloud_firestore.dart' 
 (The system cannot find the path specified)
           import 
'package:cloud_firestore/cloud_firestore.dart';
                  ^
           lib/src/features/course/data/datasources/ac
count_courses_list.dart:1:8:
           Error: Error when reading '/C:/Users/subhab
rata/AppData/Local/Pub/Cache/hosted/pub.dev/cloud_fire
store-6.1.1/lib/cloud_firestore.dart': Error reading '
/C:/Users/subhabrata/AppData/Local/Pub/Cache/hosted/pu
b.dev/cloud_firestore-6.1.1/lib/cloud_firestore.dart' 
 (The system cannot find the path specified)
           import 
'package:cloud_firestore/cloud_firestore.dart';
                  ^
           lib/src/features/course/data/datasources/ac
count_courses_list.dart:2:8:
           Error: Error when reading '/C:/Users/subhab
rata/AppData/Local/Pub/Cache/hosted/pub.dev/firebase_a
uth-6.1.3/lib/firebase_auth.dart': Error reading '/C:/
Users/subhabrata/AppData/Local/Pub/Cache/hosted/pub.de
v/firebase_auth-6.1.3/lib/firebase_auth.dart'  (The 
system cannot find the path specified)
           import 
'package:firebase_auth/firebase_auth.dart';
                  ^
           lib/src/features/course/pesentation/pages/c
ourse_detail/widgets/course_detail_lesson_list.dart:1:
8:
           Error: Error when reading '/C:/Users/subhab
rata/AppData/Local/Pub/Cache/hosted/pub.dev/cloud_fire
store-6.1.1/lib/cloud_firestore.dart': Error reading '
/C:/Users/subhabrata/AppData/Local/Pub/Cache/hosted/pu
b.dev/cloud_firestore-6.1.1/lib/cloud_firestore.dart' 
 (The system cannot find the path specified)
           import 
'package:cloud_firestore/cloud_firestore.dart';
                  ^
           /C:/Users/subhabrata/AppData/Local/Pub/Cach
e/hosted/pub.dev/firebase_database-12.1.1/lib/firebase
_database.dart:7:8:
           Error: Error when reading '/C:/Users/subhab
rata/AppData/Local/Pub/Cache/hosted/pub.dev/firebase_c
ore-4.3.0/lib/firebase_core.dart': Error reading '/C:/
Users/subhabrata/AppData/Local/Pub/Cache/hosted/pub.de
v/firebase_core-4.3.0/lib/firebase_core.dart'  (The 
system cannot find the path specified)
           import 
'package:firebase_core/firebase_core.dart';
                  ^
           
lib/src/features/pyq/questions_page.dart:2:8:
           Error: Error when reading '/C:/Users/subhab
rata/AppData/Local/Pub/Cache/hosted/pub.dev/cloud_fire
store-6.1.1/lib/cloud_firestore.dart': Error reading '
/C:/Users/subhabrata/AppData/Local/Pub/Cache/hosted/pu
b.dev/cloud_firestore-6.1.1/lib/cloud_firestore.dart' 
 (The system cannot find the path specified)
           import 
'package:cloud_firestore/cloud_firestore.dart';
                  ^
           lib/core/services/product_service.dart:1:8:
           Error: Error when reading '/C:/Users/subhab
rata/AppData/Local/Pub/Cache/hosted/pub.dev/cloud_fire
store-6.1.1/lib/cloud_firestore.dart': Error reading '
/C:/Users/subhabrata/AppData/Local/Pub/Cache/hosted/pu
b.dev/cloud_firestore-6.1.1/lib/cloud_firestore.dart' 
 (The system cannot find the path specified)
           import 
'package:cloud_firestore/cloud_firestore.dart';
                  ^
           lib/src/features/store/presentation/pages/p
roduct_document_page.dart:2:8:
           Error: Error when reading '/C:/Users/subhab
rata/AppData/Local/Pub/Cache/hosted/pub.dev/cloud_fire
store-6.1.1/lib/cloud_firestore.dart': Error reading '
/C:/Users/subhabrata/AppData/Local/Pub/Cache/hosted/pu
b.dev/cloud_firestore-6.1.1/lib/cloud_firestore.dart' 
 (The system cannot find the path specified)
           import 
'package:cloud_firestore/cloud_firestore.dart';
                  ^
           lib/src/features/course/pesentation/pages/c
ourse_detail/widgets/lesson_item.dart:1:8:
           Error: Error when reading '/C:/Users/subhab
rata/AppData/Local/Pub/Cache/hosted/pub.dev/cloud_fire
store-6.1.1/lib/cloud_firestore.dart': Error reading '
/C:/Users/subhabrata/AppData/Local/Pub/Cache/hosted/pu
b.dev/cloud_firestore-6.1.1/lib/cloud_firestore.dart' 
 (The system cannot find the path specified)
           import 
'package:cloud_firestore/cloud_firestore.dart';
                  ^
           lib/src/features/course/pesentation/pages/c
ourse_detail/widgets/lesson_item.dart:2:8:
           Error: Error when reading '/C:/Users/subhab
rata/AppData/Local/Pub/Cache/hosted/pub.dev/firebase_a
uth-6.1.3/lib/firebase_auth.dart': Error reading '/C:/
Users/subhabrata/AppData/Local/Pub/Cache/hosted/pub.de
v/firebase_auth-6.1.3/lib/firebase_auth.dart'  (The 
system cannot find the path specified)
           import 
'package:firebase_auth/firebase_auth.dart';
                  ^
           /C:/Users/subhabrata/AppData/Local/Pub/Cach
e/hosted/pub.dev/rive-0.12.4/lib/src/rive.dart:9:8:
           Error: Error when reading '/C:/Users/subhab
rata/AppData/Local/Pub/Cache/hosted/pub.dev/rive_commo
n-0.2.8/lib/math.dart': Error reading '/C:/Users/subha
brata/AppData/Local/Pub/Cache/hosted/pub.dev/rive_comm
on-0.2.8/lib/math.dart'  (The system cannot find the 
path specified)
           import 'package:rive_common/math.dart';
                  ^
           /C:/Users/subhabrata/AppData/Local/Pub/Cach
e/hosted/pub.dev/rive-0.12.4/lib/src/rive_core/artboar
d.dart:23:8:
           Error: Error when reading '/C:/Users/subhab
rata/AppData/Local/Pub/Cache/hosted/pub.dev/rive_commo
n-0.2.8/lib/math.dart': Error reading '/C:/Users/subha
brata/AppData/Local/Pub/Cache/hosted/pub.dev/rive_comm
on-0.2.8/lib/math.dart'  (The system cannot find the 
path specified)
           import 'package:rive_common/math.dart';
                  ^
           /C:/Users/subhabrata/AppData/Local/Pub/Cach
e/hosted/pub.dev/rive-0.12.4/lib/src/rive_core/nested_
artboard.dart:12:8:
           Error: Error when reading '/C:/Users/subhab
rata/AppData/Local/Pub/Cache/hosted/pub.dev/rive_commo
n-0.2.8/lib/math.dart': Error reading '/C:/Users/subha
brata/AppData/Local/Pub/Cache/hosted/pub.dev/rive_comm
on-0.2.8/lib/math.dart'  (The system cannot find the 
path specified)
           import 'package:rive_common/math.dart';
                  ^
           /C:/Users/subhabrata/AppData/Local/Pub/Cach
e/hosted/pub.dev/rive-0.12.4/lib/src/rive_core/shapes/
paint/linear_gradient.dart:10:8:
           Error: Error when reading '/C:/Users/subhab
rata/AppData/Local/Pub/Cache/hosted/pub.dev/rive_commo
n-0.2.8/lib/math.dart': Error reading '/C:/Users/subha
brata/AppData/Local/Pub/Cache/hosted/pub.dev/rive_comm
on-0.2.8/lib/math.dart'  (The system cannot find the 
path specified)
           import 'package:rive_common/math.dart';
                  ^
           /C:/Users/subhabrata/AppData/Local/Pub/Cach
e/hosted/pub.dev/rive-0.12.4/lib/src/rive_core/shapes/
shape.dart:12:8:
           Error: Error when reading '/C:/Users/subhab
rata/AppData/Local/Pub/Cache/hosted/pub.dev/rive_commo
n-0.2.8/lib/math.dart': Error reading '/C:/Users/subha
brata/AppData/Local/Pub/Cache/hosted/pub.dev/rive_comm
on-0.2.8/lib/math.dart'  (The system cannot find the 
path specified)
           import 'package:rive_common/math.dart';
                  ^
           /C:/Users/subhabrata/AppData/Local/Pub/Cach
e/hosted/pub.dev/rive-0.12.4/lib/src/rive_scene.dart:3
:8:
           Error: Error when reading '/C:/Users/subhab
rata/AppData/Local/Pub/Cache/hosted/pub.dev/rive_commo
n-0.2.8/lib/math.dart': Error reading '/C:/Users/subha
brata/AppData/Local/Pub/Cache/hosted/pub.dev/rive_comm
on-0.2.8/lib/math.dart'  (The system cannot find the 
path specified)
           import 'package:rive_common/math.dart';
                  ^
           /C:/Users/subhabrata/AppData/Local/Pub/Cach
e/hosted/pub.dev/rive-0.12.4/lib/src/runtime_mounted_a
rtboard.dart:6:8:
           Error: Error when reading '/C:/Users/subhab
rata/AppData/Local/Pub/Cache/hosted/pub.dev/rive_commo
n-0.2.8/lib/math.dart': Error reading '/C:/Users/subha
brata/AppData/Local/Pub/Cache/hosted/pub.dev/rive_comm
on-0.2.8/lib/math.dart'  (The system cannot find the 
path specified)
           import 'package:rive_common/math.dart';
                  ^
           /C:/Users/subhabrata/AppData/Local/Pub/Cach
e/hosted/pub.dev/rive-0.12.4/lib/src/runtime_nested_ar
tboard.dart:10:8:
           Error: Error when reading '/C:/Users/subhab
rata/AppData/Local/Pub/Cache/hosted/pub.dev/rive_commo
n-0.2.8/lib/math.dart': Error reading '/C:/Users/subha
brata/AppData/Local/Pub/Cache/hosted/pub.dev/rive_comm
on-0.2.8/lib/math.dart'  (The system cannot find the 
path specified)
           import 'package:rive_common/math.dart';
                  ^
           /C:/Users/subhabrata/AppData/Local/Pub/Cach
e/hosted/pub.dev/rive-0.12.4/lib/src/rive_core/state_m
achine_controller.dart:31:8:
           Error: Error when reading '/C:/Users/subhab
rata/AppData/Local/Pub/Cache/hosted/pub.dev/rive_commo
n-0.2.8/lib/math.dart': Error reading '/C:/Users/subha
brata/AppData/Local/Pub/Cache/hosted/pub.dev/rive_comm
on-0.2.8/lib/math.dart'  (The system cannot find the 
path specified)
           import 'package:rive_common/math.dart';
                  ^
           /C:/Users/subhabrata/AppData/Local/Pub/Cach
e/hosted/pub.dev/rive-0.12.4/lib/src/rive_render_box.d
art:6:8:
           Error: Error when reading '/C:/Users/subhab
rata/AppData/Local/Pub/Cache/hosted/pub.dev/rive_commo
n-0.2.8/lib/math.dart': Error reading '/C:/Users/subha
brata/AppData/Local/Pub/Cache/hosted/pub.dev/rive_comm
on-0.2.8/lib/math.dart'  (The system cannot find the 
path specified)
           import 'package:rive_common/math.dart';
                  ^
           /C:/Users/subhabrata/AppData/Local/Pub/Cach
e/hosted/pub.dev/rive-0.12.4/lib/src/rive_core/joystic
k.dart:7:8:
           Error: Error when reading '/C:/Users/subhab
rata/AppData/Local/Pub/Cache/hosted/pub.dev/rive_commo
n-0.2.8/lib/math.dart': Error reading '/C:/Users/subha
brata/AppData/Local/Pub/Cache/hosted/pub.dev/rive_comm
on-0.2.8/lib/math.dart'  (The system cannot find the 
path specified)
           import 'package:rive_common/math.dart';
                  ^
           /C:/Users/subhabrata/AppData/Local/Pub/Cach
e/hosted/pub.dev/rive-0.12.4/lib/src/rive_core/shapes/
shape_paint_container.dart:7:8:
           Error: Error when reading '/C:/Users/subhab
rata/AppData/Local/Pub/Cache/hosted/pub.dev/rive_commo
n-0.2.8/lib/math.dart': Error reading '/C:/Users/subha
brata/AppData/Local/Pub/Cache/hosted/pub.dev/rive_comm
on-0.2.8/lib/math.dart'  (The system cannot find the 
path specified)
           import 'package:rive_common/math.dart';
                  ^
           /C:/Users/subhabrata/AppData/Local/Pub/Cach
e/hosted/pub.dev/rive-0.12.4/lib/src/rive_core/artboar
d.dart:24:8:
           Error: Error when reading '/C:/Users/subhab
rata/AppData/Local/Pub/Cache/hosted/pub.dev/rive_commo
n-0.2.8/lib/utilities.dart': Error reading '/C:/Users/
subhabrata/AppData/Local/Pub/Cache/hosted/pub.dev/rive
_common-0.2.8/lib/utilities.dart'  (The system cannot 
find the path specified)
           import 
'package:rive_common/utilities.dart';
                  ^
           /C:/Users/subhabrata/AppData/Local/Pub/Cach
e/hosted/pub.dev/rive-0.12.4/lib/src/rive_core/event.d
art:7:8:
           Error: Error when reading '/C:/Users/subhab
rata/AppData/Local/Pub/Cache/hosted/pub.dev/rive_commo
n-0.2.8/lib/utilities.dart': Error reading '/C:/Users/
subhabrata/AppData/Local/Pub/Cache/hosted/pub.dev/rive
_common-0.2.8/lib/utilities.dart'  (The system cannot 
find the path specified)
           import 
'package:rive_common/utilities.dart';
                  ^
           /C:/Users/subhabrata/AppData/Local/Pub/Cach
e/hosted/pub.dev/rive-0.12.4/lib/src/rive_core/runtime
/runtime_header.dart:5:8:
           Error: Error when reading '/C:/Users/subhab
rata/AppData/Local/Pub/Cache/hosted/pub.dev/rive_commo
n-0.2.8/lib/utilities.dart': Error reading '/C:/Users/
subhabrata/AppData/Local/Pub/Cache/hosted/pub.dev/rive
_common-0.2.8/lib/utilities.dart'  (The system cannot 
find the path specified)
           import 
'package:rive_common/utilities.dart';
                  ^
           /C:/Users/subhabrata/AppData/Local/Pub/Cach
e/hosted/pub.dev/rive-0.12.4/lib/src/rive_file.dart:41
:8:
           Error: Error when reading '/C:/Users/subhab
rata/AppData/Local/Pub/Cache/hosted/pub.dev/rive_commo
n-0.2.8/lib/utilities.dart': Error reading '/C:/Users/
subhabrata/AppData/Local/Pub/Cache/hosted/pub.dev/rive
_common-0.2.8/lib/utilities.dart'  (The system cannot 
find the path specified)
           import 
'package:rive_common/utilities.dart';
                  ^
           /C:/Users/subhabrata/AppData/Local/Pub/Cach
e/hosted/pub.dev/rive-0.12.4/lib/src/rive_core/compone
nt.dart:5:8:
           Error: Error when reading '/C:/Users/subhab
rata/AppData/Local/Pub/Cache/hosted/pub.dev/rive_commo
n-0.2.8/lib/utilities.dart': Error reading '/C:/Users/
subhabrata/AppData/Local/Pub/Cache/hosted/pub.dev/rive
_common-0.2.8/lib/utilities.dart'  (The system cannot 
find the path specified)
           import 
'package:rive_common/utilities.dart';
                  ^
           /C:/Users/subhabrata/AppData/Local/Pub/Cach
e/hosted/pub.dev/rive-0.12.4/lib/src/rive_core/text/te
xt_style.dart:18:8:
           Error: Error when reading '/C:/Users/subhab
rata/AppData/Local/Pub/Cache/hosted/pub.dev/rive_commo
n-0.2.8/lib/math.dart': Error reading '/C:/Users/subha
brata/AppData/Local/Pub/Cache/hosted/pub.dev/rive_comm
on-0.2.8/lib/math.dart'  (The system cannot find the 
path specified)
           import 'package:rive_common/math.dart';
                  ^
           /C:/Users/subhabrata/AppData/Local/Pub/Cach
e/hosted/pub.dev/rive-0.12.4/lib/src/rive_core/assets/
font_asset.dart:7:8:
           Error: Error when reading '/C:/Users/subhab
rata/AppData/Local/Pub/Cache/hosted/pub.dev/rive_commo
n-0.2.8/lib/rive_text.dart': Error reading '/C:/Users/
subhabrata/AppData/Local/Pub/Cache/hosted/pub.dev/rive
_common-0.2.8/lib/rive_text.dart'  (The system cannot 
find the path specified)
           import 
'package:rive_common/rive_text.dart';
                  ^
           /C:/Users/subhabrata/AppData/Local/Pub/Cach
e/hosted/pub.dev/rive-0.12.4/lib/src/rive_file.dart:39
:8:
           Error: Error when reading '/C:/Users/subhab
rata/AppData/Local/Pub/Cache/hosted/pub.dev/rive_commo
n-0.2.8/lib/rive_text.dart': Error reading '/C:/Users/
subhabrata/AppData/Local/Pub/Cache/hosted/pub.dev/rive
_common-0.2.8/lib/rive_text.dart'  (The system cannot 
find the path specified)
           import 
'package:rive_common/rive_text.dart';
                  ^
           /C:/Users/subhabrata/AppData/Local/Pub/Cach
e/hosted/pub.dev/rive-0.12.4/lib/src/rive_core/text/te
xt_style.dart:19:8:
           Error: Error when reading '/C:/Users/subhab
rata/AppData/Local/Pub/Cache/hosted/pub.dev/rive_commo
n-0.2.8/lib/rive_text.dart': Error reading '/C:/Users/
subhabrata/AppData/Local/Pub/Cache/hosted/pub.dev/rive
_common-0.2.8/lib/rive_text.dart'  (The system cannot 
find the path specified)
           import 
'package:rive_common/rive_text.dart';
                  ^
           /C:/Users/subhabrata/AppData/Local/Pub/Cach
e/hosted/pub.dev/rive-0.12.4/lib/src/rive_core/shapes/
image.dart:11:8:
           Error: Error when reading '/C:/Users/subhab
rata/AppData/Local/Pub/Cache/hosted/pub.dev/rive_commo
n-0.2.8/lib/math.dart': Error reading '/C:/Users/subha
brata/AppData/Local/Pub/Cache/hosted/pub.dev/rive_comm
on-0.2.8/lib/math.dart'  (The system cannot find the 
path specified)
           import 'package:rive_common/math.dart';
                  ^
           /C:/Users/subhabrata/AppData/Local/Pub/Cach
e/hosted/pub.dev/rive-0.12.4/lib/src/rive_core/animati
on/nested_state_machine.dart:9:8:
           Error: Error when reading '/C:/Users/subhab
rata/AppData/Local/Pub/Cache/hosted/pub.dev/rive_commo
n-0.2.8/lib/math.dart': Error reading '/C:/Users/subha
brata/AppData/Local/Pub/Cache/hosted/pub.dev/rive_comm
on-0.2.8/lib/math.dart'  (The system cannot find the 
path specified)
           import 'package:rive_common/math.dart';
                  ^
           /C:/Users/subhabrata/AppData/Local/Pub/Cach
e/hosted/pub.dev/rive-0.12.4/lib/src/rive_core/shapes/
path.dart:12:8:
           Error: Error when reading '/C:/Users/subhab
rata/AppData/Local/Pub/Cache/hosted/pub.dev/rive_commo
n-0.2.8/lib/math.dart': Error reading '/C:/Users/subha
brata/AppData/Local/Pub/Cache/hosted/pub.dev/rive_comm
on-0.2.8/lib/math.dart'  (The system cannot find the 
path specified)
           import 'package:rive_common/math.dart';
                  ^
           /C:/Users/subhabrata/AppData/Local/Pub/Cach
e/hosted/pub.dev/rive-0.12.4/lib/src/rive_core/shapes/
path_composer.dart:9:8:
           Error: Error when reading '/C:/Users/subhab
rata/AppData/Local/Pub/Cache/hosted/pub.dev/rive_commo
n-0.2.8/lib/math.dart': Error reading '/C:/Users/subha
brata/AppData/Local/Pub/Cache/hosted/pub.dev/rive_comm
on-0.2.8/lib/math.dart'  (The system cannot find the 
path specified)
           import 'package:rive_common/math.dart';
                  ^
           /C:/Users/subhabrata/AppData/Local/Pub/Cach
e/hosted/pub.dev/rive-0.12.4/lib/src/rive_core/text/te
xt.dart:13:8:
           Error: Error when reading '/C:/Users/subhab
rata/AppData/Local/Pub/Cache/hosted/pub.dev/rive_commo
n-0.2.8/lib/math.dart': Error reading '/C:/Users/subha
brata/AppData/Local/Pub/Cache/hosted/pub.dev/rive_comm
on-0.2.8/lib/math.dart'  (The system cannot find the 
path specified)
           import 'package:rive_common/math.dart';
                  ^
           /C:/Users/subhabrata/AppData/Local/Pub/Cach
e/hosted/pub.dev/rive-0.12.4/lib/src/rive_core/text/te
xt.dart:14:8:
           Error: Error when reading '/C:/Users/subhab
rata/AppData/Local/Pub/Cache/hosted/pub.dev/rive_commo
n-0.2.8/lib/rive_text.dart': Error reading '/C:/Users/
subhabrata/AppData/Local/Pub/Cache/hosted/pub.dev/rive
_common-0.2.8/lib/rive_text.dart'  (The system cannot 
find the path specified)
           import 
'package:rive_common/rive_text.dart';
                  ^
           /C:/Users/subhabrata/AppData/Local/Pub/Cach
e/hosted/pub.dev/rive-0.12.4/lib/src/core/field_types/
core_field_type.dart:1:8:
           Error: Error when reading '/C:/Users/subhab
rata/AppData/Local/Pub/Cache/hosted/pub.dev/rive_commo
n-0.2.8/lib/utilities.dart': Error reading '/C:/Users/
subhabrata/AppData/Local/Pub/Cache/hosted/pub.dev/rive
_common-0.2.8/lib/utilities.dart'  (The system cannot 
find the path specified)
           import 
'package:rive_common/utilities.dart';
                  ^
           /C:/Users/subhabrata/AppData/Local/Pub/Cach
e/hosted/pub.dev/rive-0.12.4/lib/src/rive_core/animati
on/state_machine_listener.dart:11:8:
           Error: Error when reading '/C:/Users/subhab
rata/AppData/Local/Pub/Cache/hosted/pub.dev/rive_commo
n-0.2.8/lib/math.dart': Error reading '/C:/Users/subha
brata/AppData/Local/Pub/Cache/hosted/pub.dev/rive_comm
on-0.2.8/lib/math.dart'  (The system cannot find the 
path specified)
           import 'package:rive_common/math.dart';
                  ^
           lib/src/features/video/presentation/screen/
yotutube_player.dart:3:8:
           Error: Error when reading '/C:/Users/subhab
rata/AppData/Local/Pub/Cache/hosted/pub.dev/cloud_fire
store-6.1.1/lib/cloud_firestore.dart': Error reading '
/C:/Users/subhabrata/AppData/Local/Pub/Cache/hosted/pu
b.dev/cloud_firestore-6.1.1/lib/cloud_firestore.dart' 
 (The system cannot find the path specified)
           import 
'package:cloud_firestore/cloud_firestore.dart';
                  ^
           lib/src/features/video/presentation/screen/
yotutube_player.dart:4:8:
           Error: Error when reading '/C:/Users/subhab
rata/AppData/Local/Pub/Cache/hosted/pub.dev/firebase_a
uth-6.1.3/lib/firebase_auth.dart': Error reading '/C:/
Users/subhabrata/AppData/Local/Pub/Cache/hosted/pub.de
v/firebase_auth-6.1.3/lib/firebase_auth.dart'  (The 
system cannot find the path specified)
           import 
'package:firebase_auth/firebase_auth.dart';
                  ^
           /C:/Users/subhabrata/AppData/Local/Pub/Cach
e/hosted/pub.dev/rive-0.12.4/lib/src/rive_core/world_t
ransform_component.dart:3:8:
           Error: Error when reading '/C:/Users/subhab
rata/AppData/Local/Pub/Cache/hosted/pub.dev/rive_commo
n-0.2.8/lib/math.dart': Error reading '/C:/Users/subha
brata/AppData/Local/Pub/Cache/hosted/pub.dev/rive_comm
on-0.2.8/lib/math.dart'  (The system cannot find the 
path specified)
           import 'package:rive_common/math.dart';
                  ^
           /C:/Users/subhabrata/AppData/Local/Pub/Cach
e/hosted/pub.dev/rive-0.12.4/lib/src/core/field_types/
core_callback_type.dart:2:8:
           Error: Error when reading '/C:/Users/subhab
rata/AppData/Local/Pub/Cache/hosted/pub.dev/rive_commo
n-0.2.8/lib/utilities.dart': Error reading '/C:/Users/
subhabrata/AppData/Local/Pub/Cache/hosted/pub.dev/rive
_common-0.2.8/lib/utilities.dart'  (The system cannot 
find the path specified)
           import 
'package:rive_common/utilities.dart';
                  ^
           /C:/Users/subhabrata/AppData/Local/Pub/Cach
e/hosted/pub.dev/rive-0.12.4/lib/src/rive_core/node.da
rt:2:8:
           Error: Error when reading '/C:/Users/subhab
rata/AppData/Local/Pub/Cache/hosted/pub.dev/rive_commo
n-0.2.8/lib/math.dart': Error reading '/C:/Users/subha
brata/AppData/Local/Pub/Cache/hosted/pub.dev/rive_comm
on-0.2.8/lib/math.dart'  (The system cannot find the 
path specified)
           import 'package:rive_common/math.dart';
                  ^
           /C:/Users/subhabrata/AppData/Local/Pub/Cach
e/hosted/pub.dev/rive-0.12.4/lib/src/rive_core/transfo
rm_component.dart:10:8:
           Error: Error when reading '/C:/Users/subhab
rata/AppData/Local/Pub/Cache/hosted/pub.dev/rive_commo
n-0.2.8/lib/math.dart': Error reading '/C:/Users/subha
brata/AppData/Local/Pub/Cache/hosted/pub.dev/rive_comm
on-0.2.8/lib/math.dart'  (The system cannot find the 
path specified)
           import 'package:rive_common/math.dart';
                  ^
           /C:/Users/subhabrata/AppData/Local/Pub/Cach
e/hosted/pub.dev/rive-0.12.4/lib/src/rive_core/text/te
xt_style_axis.dart:3:8:
           Error: Error when reading '/C:/Users/subhab
rata/AppData/Local/Pub/Cache/hosted/pub.dev/rive_commo
n-0.2.8/lib/rive_text.dart': Error reading '/C:/Users/
subhabrata/AppData/Local/Pub/Cache/hosted/pub.dev/rive
_common-0.2.8/lib/rive_text.dart'  (The system cannot 
find the path specified)
           import 
'package:rive_common/rive_text.dart';
                  ^
           /C:/Users/subhabrata/AppData/Local/Pub/Cach
e/hosted/pub.dev/rive-0.12.4/lib/src/rive_core/text/te
xt_style_feature.dart:3:8:
           Error: Error when reading '/C:/Users/subhab
rata/AppData/Local/Pub/Cache/hosted/pub.dev/rive_commo
n-0.2.8/lib/rive_text.dart': Error reading '/C:/Users/
subhabrata/AppData/Local/Pub/Cache/hosted/pub.dev/rive
_common-0.2.8/lib/rive_text.dart'  (The system cannot 
find the path specified)
           import 
'package:rive_common/rive_text.dart';
                  ^
           /C:/Users/subhabrata/AppData/Local/Pub/Cach
e/hosted/pub.dev/rive-0.12.4/lib/src/rive_core/shapes/
mesh.dart:13:8:
           Error: Error when reading '/C:/Users/subhab
rata/AppData/Local/Pub/Cache/hosted/pub.dev/rive_commo
n-0.2.8/lib/math.dart': Error reading '/C:/Users/subha
brata/AppData/Local/Pub/Cache/hosted/pub.dev/rive_comm
on-0.2.8/lib/math.dart'  (The system cannot find the 
path specified)
           import 'package:rive_common/math.dart';
                  ^
           /C:/Users/subhabrata/AppData/Local/Pub/Cach
e/hosted/pub.dev/rive-0.12.4/lib/src/rive_core/shapes/
mesh.dart:14:8:
           Error: Error when reading '/C:/Users/subhab
rata/AppData/Local/Pub/Cache/hosted/pub.dev/rive_commo
n-0.2.8/lib/utilities.dart': Error reading '/C:/Users/
subhabrata/AppData/Local/Pub/Cache/hosted/pub.dev/rive
_common-0.2.8/lib/utilities.dart'  (The system cannot 
find the path specified)
           import 
'package:rive_common/utilities.dart';
                  ^
           /C:/Users/subhabrata/AppData/Local/Pub/Cach
e/hosted/pub.dev/rive-0.12.4/lib/src/rive_core/shapes/
cubic_vertex.dart:5:8:
           Error: Error when reading '/C:/Users/subhab
rata/AppData/Local/Pub/Cache/hosted/pub.dev/rive_commo
n-0.2.8/lib/math.dart': Error reading '/C:/Users/subha
brata/AppData/Local/Pub/Cache/hosted/pub.dev/rive_comm
on-0.2.8/lib/math.dart'  (The system cannot find the 
path specified)
           import 'package:rive_common/math.dart';
                  ^
           /C:/Users/subhabrata/AppData/Local/Pub/Cach
e/hosted/pub.dev/rive-0.12.4/lib/src/rive_core/shapes/
straight_vertex.dart:5:8:
           Error: Error when reading '/C:/Users/subhab
rata/AppData/Local/Pub/Cache/hosted/pub.dev/rive_commo
n-0.2.8/lib/math.dart': Error reading '/C:/Users/subha
brata/AppData/Local/Pub/Cache/hosted/pub.dev/rive_comm
on-0.2.8/lib/math.dart'  (The system cannot find the 
path specified)
           import 'package:rive_common/math.dart';
                  ^
           /C:/Users/subhabrata/AppData/Local/Pub/Cach
e/hosted/pub.dev/rive-0.12.4/lib/src/rive_core/text/st
yled_text.dart:1:8:
           Error: Error when reading '/C:/Users/subhab
rata/AppData/Local/Pub/Cache/hosted/pub.dev/rive_commo
n-0.2.8/lib/rive_text.dart': Error reading '/C:/Users/
subhabrata/AppData/Local/Pub/Cache/hosted/pub.dev/rive
_common-0.2.8/lib/rive_text.dart'  (The system cannot 
find the path specified)
           import 
'package:rive_common/rive_text.dart';
                  ^
           /C:/Users/subhabrata/AppData/Local/Pub/Cach
e/hosted/pub.dev/rive-0.12.4/lib/src/rive_core/text/st
yled_text.dart:2:8:
           Error: Error when reading '/C:/Users/subhab
rata/AppData/Local/Pub/Cache/hosted/pub.dev/rive_commo
n-0.2.8/lib/utilities.dart': Error reading '/C:/Users/
subhabrata/AppData/Local/Pub/Cache/hosted/pub.dev/rive
_common-0.2.8/lib/utilities.dart'  (The system cannot 
find the path specified)
           import 
'package:rive_common/utilities.dart';
                  ^
           /C:/Users/subhabrata/AppData/Local/Pub/Cach
e/hosted/pub.dev/rive-0.12.4/lib/src/rive_core/text/te
xt_modifier_group.dart:11:8:
           Error: Error when reading '/C:/Users/subhab
rata/AppData/Local/Pub/Cache/hosted/pub.dev/rive_commo
n-0.2.8/lib/math.dart': Error reading '/C:/Users/subha
brata/AppData/Local/Pub/Cache/hosted/pub.dev/rive_comm
on-0.2.8/lib/math.dart'  (The system cannot find the 
path specified)
           import 'package:rive_common/math.dart';
                  ^
           /C:/Users/subhabrata/AppData/Local/Pub/Cach
e/hosted/pub.dev/rive-0.12.4/lib/src/rive_core/text/te
xt_modifier_group.dart:12:8:
           Error: Error when reading '/C:/Users/subhab
rata/AppData/Local/Pub/Cache/hosted/pub.dev/rive_commo
n-0.2.8/lib/rive_text.dart': Error reading '/C:/Users/
subhabrata/AppData/Local/Pub/Cache/hosted/pub.dev/rive
_common-0.2.8/lib/rive_text.dart'  (The system cannot 
find the path specified)
           import 
'package:rive_common/rive_text.dart';
                  ^
           /C:/Users/subhabrata/AppData/Local/Pub/Cach
e/hosted/pub.dev/rive-0.12.4/lib/src/rive_core/text/te
xt_style_container.dart:6:8:
           Error: Error when reading '/C:/Users/subhab
rata/AppData/Local/Pub/Cache/hosted/pub.dev/rive_commo
n-0.2.8/lib/utilities.dart': Error reading '/C:/Users/
subhabrata/AppData/Local/Pub/Cache/hosted/pub.dev/rive
_common-0.2.8/lib/utilities.dart'  (The system cannot 
find the path specified)
           import 
'package:rive_common/utilities.dart';
                  ^
           /C:/Users/subhabrata/AppData/Local/Pub/Cach
e/hosted/pub.dev/rive-0.12.4/lib/src/rive_core/animati
on/listener_action.dart:5:8:
           Error: Error when reading '/C:/Users/subhab
rata/AppData/Local/Pub/Cache/hosted/pub.dev/rive_commo
n-0.2.8/lib/math.dart': Error reading '/C:/Users/subha
brata/AppData/Local/Pub/Cache/hosted/pub.dev/rive_comm
on-0.2.8/lib/math.dart'  (The system cannot find the 
path specified)
           import 'package:rive_common/math.dart';
                  ^
           lib/src/features/course/data/models/comment
_model.dart:1:8:
           Error: Error when reading '/C:/Users/subhab
rata/AppData/Local/Pub/Cache/hosted/pub.dev/cloud_fire
store-6.1.1/lib/cloud_firestore.dart': Error reading '
/C:/Users/subhabrata/AppData/Local/Pub/Cache/hosted/pu
b.dev/cloud_firestore-6.1.1/lib/cloud_firestore.dart' 
 (The system cannot find the path specified)
           import 
'package:cloud_firestore/cloud_firestore.dart';
                  ^
           lib/src/features/video/presentation/screen/
share_video.dart:1:8:
           Error: Error when reading '/C:/Users/subhab
rata/AppData/Local/Pub/Cache/hosted/pub.dev/cloud_fire
store-6.1.1/lib/cloud_firestore.dart': Error reading '
/C:/Users/subhabrata/AppData/Local/Pub/Cache/hosted/pu
b.dev/cloud_firestore-6.1.1/lib/cloud_firestore.dart' 
 (The system cannot find the path specified)
           import 
'package:cloud_firestore/cloud_firestore.dart';
                  ^
           /C:/Users/subhabrata/AppData/Local/Pub/Cach
e/hosted/pub.dev/rive-0.12.4/lib/src/core/field_types/
core_bool_type.dart:2:8:
           Error: Error when reading '/C:/Users/subhab
rata/AppData/Local/Pub/Cache/hosted/pub.dev/rive_commo
n-0.2.8/lib/utilities.dart': Error reading '/C:/Users/
subhabrata/AppData/Local/Pub/Cache/hosted/pub.dev/rive
_common-0.2.8/lib/utilities.dart'  (The system cannot 
find the path specified)
           import 
'package:rive_common/utilities.dart';
                  ^
           /C:/Users/subhabrata/AppData/Local/Pub/Cach
e/hosted/pub.dev/rive-0.12.4/lib/src/core/field_types/
core_bytes_type.dart:4:8:
           Error: Error when reading '/C:/Users/subhab
rata/AppData/Local/Pub/Cache/hosted/pub.dev/rive_commo
n-0.2.8/lib/utilities.dart': Error reading '/C:/Users/
subhabrata/AppData/Local/Pub/Cache/hosted/pub.dev/rive
_common-0.2.8/lib/utilities.dart'  (The system cannot 
find the path specified)
           import 
'package:rive_common/utilities.dart';
                  ^
           /C:/Users/subhabrata/AppData/Local/Pub/Cach
e/hosted/pub.dev/rive-0.12.4/lib/src/core/field_types/
core_color_type.dart:2:8:
           Error: Error when reading '/C:/Users/subhab
rata/AppData/Local/Pub/Cache/hosted/pub.dev/rive_commo
n-0.2.8/lib/utilities.dart': Error reading '/C:/Users/
subhabrata/AppData/Local/Pub/Cache/hosted/pub.dev/rive
_common-0.2.8/lib/utilities.dart'  (The system cannot 
find the path specified)
           import 
'package:rive_common/utilities.dart';
                  ^
           /C:/Users/subhabrata/AppData/Local/Pub/Cach
e/hosted/pub.dev/rive-0.12.4/lib/src/core/field_types/
core_double_type.dart:2:8:
           Error: Error when reading '/C:/Users/subhab
rata/AppData/Local/Pub/Cache/hosted/pub.dev/rive_commo
n-0.2.8/lib/utilities.dart': Error reading '/C:/Users/
subhabrata/AppData/Local/Pub/Cache/hosted/pub.dev/rive
_common-0.2.8/lib/utilities.dart'  (The system cannot 
find the path specified)
           import 
'package:rive_common/utilities.dart';
                  ^
           /C:/Users/subhabrata/AppData/Local/Pub/Cach
e/hosted/pub.dev/rive-0.12.4/lib/src/core/field_types/
core_string_type.dart:2:8:
           Error: Error when reading '/C:/Users/subhab
rata/AppData/Local/Pub/Cache/hosted/pub.dev/rive_commo
n-0.2.8/lib/utilities.dart': Error reading '/C:/Users/
subhabrata/AppData/Local/Pub/Cache/hosted/pub.dev/rive
_common-0.2.8/lib/utilities.dart'  (The system cannot 
find the path specified)
           import 
'package:rive_common/utilities.dart';
                  ^
           /C:/Users/subhabrata/AppData/Local/Pub/Cach
e/hosted/pub.dev/rive-0.12.4/lib/src/core/field_types/
core_uint_type.dart:2:8:
           Error: Error when reading '/C:/Users/subhab
rata/AppData/Local/Pub/Cache/hosted/pub.dev/rive_commo
n-0.2.8/lib/utilities.dart': Error reading '/C:/Users/
subhabrata/AppData/Local/Pub/Cache/hosted/pub.dev/rive
_common-0.2.8/lib/utilities.dart'  (The system cannot 
find the path specified)
           import 
'package:rive_common/utilities.dart';
                  ^
           /C:/Users/subhabrata/AppData/Local/Pub/Cach
e/hosted/pub.dev/rive-0.12.4/lib/src/rive_core/animati
on/listener_align_target.dart:5:8:
           Error: Error when reading '/C:/Users/subhab
rata/AppData/Local/Pub/Cache/hosted/pub.dev/rive_commo
n-0.2.8/lib/math.dart': Error reading '/C:/Users/subha
brata/AppData/Local/Pub/Cache/hosted/pub.dev/rive_comm
on-0.2.8/lib/math.dart'  (The system cannot find the 
path specified)
           import 'package:rive_common/math.dart';
                  ^
           /C:/Users/subhabrata/AppData/Local/Pub/Cach
e/hosted/pub.dev/rive-0.12.4/lib/src/rive_core/animati
on/listener_bool_change.dart:4:8:
           Error: Error when reading '/C:/Users/subhab
rata/AppData/Local/Pub/Cache/hosted/pub.dev/rive_commo
n-0.2.8/lib/math.dart': Error reading '/C:/Users/subha
brata/AppData/Local/Pub/Cache/hosted/pub.dev/rive_comm
on-0.2.8/lib/math.dart'  (The system cannot find the 
path specified)
           import 'package:rive_common/math.dart';
                  ^
           /C:/Users/subhabrata/AppData/Local/Pub/Cach
e/hosted/pub.dev/rive-0.12.4/lib/src/rive_core/animati
on/listener_fire_event.dart:6:8:
           Error: Error when reading '/C:/Users/subhab
rata/AppData/Local/Pub/Cache/hosted/pub.dev/rive_commo
n-0.2.8/lib/math.dart': Error reading '/C:/Users/subha
brata/AppData/Local/Pub/Cache/hosted/pub.dev/rive_comm
on-0.2.8/lib/math.dart'  (The system cannot find the 
path specified)
           import 'package:rive_common/math.dart';
                  ^
           /C:/Users/subhabrata/AppData/Local/Pub/Cach
e/hosted/pub.dev/rive-0.12.4/lib/src/rive_core/animati
on/listener_number_change.dart:4:8:
           Error: Error when reading '/C:/Users/subhab
rata/AppData/Local/Pub/Cache/hosted/pub.dev/rive_commo
n-0.2.8/lib/math.dart': Error reading '/C:/Users/subha
brata/AppData/Local/Pub/Cache/hosted/pub.dev/rive_comm
on-0.2.8/lib/math.dart'  (The system cannot find the 
path specified)
           import 'package:rive_common/math.dart';
                  ^
           /C:/Users/subhabrata/AppData/Local/Pub/Cach
e/hosted/pub.dev/rive-0.12.4/lib/src/rive_core/animati
on/listener_trigger_change.dart:6:8:
           Error: Error when reading '/C:/Users/subhab
rata/AppData/Local/Pub/Cache/hosted/pub.dev/rive_commo
n-0.2.8/lib/math.dart': Error reading '/C:/Users/subha
brata/AppData/Local/Pub/Cache/hosted/pub.dev/rive_comm
on-0.2.8/lib/math.dart'  (The system cannot find the 
path specified)
           import 'package:rive_common/math.dart';
                  ^
           /C:/Users/subhabrata/AppData/Local/Pub/Cach
e/hosted/pub.dev/rive-0.12.4/lib/src/rive_core/bones/b
one.dart:3:8:
           Error: Error when reading '/C:/Users/subhab
rata/AppData/Local/Pub/Cache/hosted/pub.dev/rive_commo
n-0.2.8/lib/math.dart': Error reading '/C:/Users/subha
brata/AppData/Local/Pub/Cache/hosted/pub.dev/rive_comm
on-0.2.8/lib/math.dart'  (The system cannot find the 
path specified)
           import 'package:rive_common/math.dart';
                  ^
           /C:/Users/subhabrata/AppData/Local/Pub/Cach
e/hosted/pub.dev/rive-0.12.4/lib/src/rive_core/bones/c
ubic_weight.dart:2:8:
           Error: Error when reading '/C:/Users/subhab
rata/AppData/Local/Pub/Cache/hosted/pub.dev/rive_commo
n-0.2.8/lib/math.dart': Error reading '/C:/Users/subha
brata/AppData/Local/Pub/Cache/hosted/pub.dev/rive_comm
on-0.2.8/lib/math.dart'  (The system cannot find the 
path specified)
           import 'package:rive_common/math.dart';
                  ^
           /C:/Users/subhabrata/AppData/Local/Pub/Cach
e/hosted/pub.dev/rive-0.12.4/lib/src/rive_core/bones/s
kin.dart:10:8:
           Error: Error when reading '/C:/Users/subhab
rata/AppData/Local/Pub/Cache/hosted/pub.dev/rive_commo
n-0.2.8/lib/math.dart': Error reading '/C:/Users/subha
brata/AppData/Local/Pub/Cache/hosted/pub.dev/rive_comm
on-0.2.8/lib/math.dart'  (The system cannot find the 
path specified)
           import 'package:rive_common/math.dart';
                  ^
           /C:/Users/subhabrata/AppData/Local/Pub/Cach
e/hosted/pub.dev/rive-0.12.4/lib/src/rive_core/bones/t
endon.dart:3:8:
           Error: Error when reading '/C:/Users/subhab
rata/AppData/Local/Pub/Cache/hosted/pub.dev/rive_commo
n-0.2.8/lib/math.dart': Error reading '/C:/Users/subha
brata/AppData/Local/Pub/Cache/hosted/pub.dev/rive_comm
on-0.2.8/lib/math.dart'  (The system cannot find the 
path specified)
           import 'package:rive_common/math.dart';
                  ^
           /C:/Users/subhabrata/AppData/Local/Pub/Cach
e/hosted/pub.dev/rive-0.12.4/lib/src/rive_core/bones/w
eight.dart:4:8:
           Error: Error when reading '/C:/Users/subhab
rata/AppData/Local/Pub/Cache/hosted/pub.dev/rive_commo
n-0.2.8/lib/math.dart': Error reading '/C:/Users/subha
brata/AppData/Local/Pub/Cache/hosted/pub.dev/rive_comm
on-0.2.8/lib/math.dart'  (The system cannot find the 
path specified)
           import 'package:rive_common/math.dart';
                  ^
           /C:/Users/subhabrata/AppData/Local/Pub/Cach
e/hosted/pub.dev/rive-0.12.4/lib/src/rive_core/constra
ints/distance_constraint.dart:4:8:
           Error: Error when reading '/C:/Users/subhab
rata/AppData/Local/Pub/Cache/hosted/pub.dev/rive_commo
n-0.2.8/lib/math.dart': Error reading '/C:/Users/subha
brata/AppData/Local/Pub/Cache/hosted/pub.dev/rive_comm
on-0.2.8/lib/math.dart'  (The system cannot find the 
path specified)
           import 'package:rive_common/math.dart';
                  ^
           /C:/Users/subhabrata/AppData/Local/Pub/Cach
e/hosted/pub.dev/rive-0.12.4/lib/src/rive_core/constra
ints/follow_path_constraint.dart:11:8:
           Error: Error when reading '/C:/Users/subhab
rata/AppData/Local/Pub/Cache/hosted/pub.dev/rive_commo
n-0.2.8/lib/math.dart': Error reading '/C:/Users/subha
brata/AppData/Local/Pub/Cache/hosted/pub.dev/rive_comm
on-0.2.8/lib/math.dart'  (The system cannot find the 
path specified)
           import 'package:rive_common/math.dart';
                  ^
           /C:/Users/subhabrata/AppData/Local/Pub/Cach
e/hosted/pub.dev/rive-0.12.4/lib/src/rive_core/constra
ints/ik_constraint.dart:8:8:
           Error: Error when reading '/C:/Users/subhab
rata/AppData/Local/Pub/Cache/hosted/pub.dev/rive_commo
n-0.2.8/lib/math.dart': Error reading '/C:/Users/subha
brata/AppData/Local/Pub/Cache/hosted/pub.dev/rive_comm
on-0.2.8/lib/math.dart'  (The system cannot find the 
path specified)
           import 'package:rive_common/math.dart';
                  ^
           /C:/Users/subhabrata/AppData/Local/Pub/Cach
e/hosted/pub.dev/rive-0.12.4/lib/src/rive_core/constra
ints/rotation_constraint.dart:7:8:
           Error: Error when reading '/C:/Users/subhab
rata/AppData/Local/Pub/Cache/hosted/pub.dev/rive_commo
n-0.2.8/lib/math.dart': Error reading '/C:/Users/subha
brata/AppData/Local/Pub/Cache/hosted/pub.dev/rive_comm
on-0.2.8/lib/math.dart'  (The system cannot find the 
path specified)
           import 'package:rive_common/math.dart';
                  ^
           /C:/Users/subhabrata/AppData/Local/Pub/Cach
e/hosted/pub.dev/rive-0.12.4/lib/src/rive_core/constra
ints/scale_constraint.dart:5:8:
           Error: Error when reading '/C:/Users/subhab
rata/AppData/Local/Pub/Cache/hosted/pub.dev/rive_commo
n-0.2.8/lib/math.dart': Error reading '/C:/Users/subha
brata/AppData/Local/Pub/Cache/hosted/pub.dev/rive_comm
on-0.2.8/lib/math.dart'  (The system cannot find the 
path specified)
           import 'package:rive_common/math.dart';
                  ^
           /C:/Users/subhabrata/AppData/Local/Pub/Cach
e/hosted/pub.dev/rive-0.12.4/lib/src/rive_core/constra
ints/transform_constraint.dart:7:8:
           Error: Error when reading '/C:/Users/subhab
rata/AppData/Local/Pub/Cache/hosted/pub.dev/rive_commo
n-0.2.8/lib/math.dart': Error reading '/C:/Users/subha
brata/AppData/Local/Pub/Cache/hosted/pub.dev/rive_comm
on-0.2.8/lib/math.dart'  (The system cannot find the 
path specified)
           import 'package:rive_common/math.dart';
                  ^
           /C:/Users/subhabrata/AppData/Local/Pub/Cach
e/hosted/pub.dev/rive-0.12.4/lib/src/rive_core/constra
ints/translation_constraint.dart:5:8:
           Error: Error when reading '/C:/Users/subhab
rata/AppData/Local/Pub/Cache/hosted/pub.dev/rive_commo
n-0.2.8/lib/math.dart': Error reading '/C:/Users/subha
brata/AppData/Local/Pub/Cache/hosted/pub.dev/rive_comm
on-0.2.8/lib/math.dart'  (The system cannot find the 
path specified)
           import 'package:rive_common/math.dart';
                  ^
           /C:/Users/subhabrata/AppData/Local/Pub/Cach
e/hosted/pub.dev/rive-0.12.4/lib/src/rive_core/shapes/
cubic_asymmetric_vertex.dart:6:8:
           Error: Error when reading '/C:/Users/subhab
rata/AppData/Local/Pub/Cache/hosted/pub.dev/rive_commo
n-0.2.8/lib/math.dart': Error reading '/C:/Users/subha
brata/AppData/Local/Pub/Cache/hosted/pub.dev/rive_comm
on-0.2.8/lib/math.dart'  (The system cannot find the 
path specified)
           import 'package:rive_common/math.dart';
                  ^
           /C:/Users/subhabrata/AppData/Local/Pub/Cach
e/hosted/pub.dev/rive-0.12.4/lib/src/rive_core/shapes/
cubic_detached_vertex.dart:6:8:
           Error: Error when reading '/C:/Users/subhab
rata/AppData/Local/Pub/Cache/hosted/pub.dev/rive_commo
n-0.2.8/lib/math.dart': Error reading '/C:/Users/subha
brata/AppData/Local/Pub/Cache/hosted/pub.dev/rive_comm
on-0.2.8/lib/math.dart'  (The system cannot find the 
path specified)
           import 'package:rive_common/math.dart';
                  ^
           /C:/Users/subhabrata/AppData/Local/Pub/Cach
e/hosted/pub.dev/rive-0.12.4/lib/src/rive_core/shapes/
cubic_mirrored_vertex.dart:6:8:
           Error: Error when reading '/C:/Users/subhab
rata/AppData/Local/Pub/Cache/hosted/pub.dev/rive_commo
n-0.2.8/lib/math.dart': Error reading '/C:/Users/subha
brata/AppData/Local/Pub/Cache/hosted/pub.dev/rive_comm
on-0.2.8/lib/math.dart'  (The system cannot find the 
path specified)
           import 'package:rive_common/math.dart';
                  ^
           /C:/Users/subhabrata/AppData/Local/Pub/Cach
e/hosted/pub.dev/rive-0.12.4/lib/src/rive_core/shapes/
ellipse.dart:4:8:
           Error: Error when reading '/C:/Users/subhab
rata/AppData/Local/Pub/Cache/hosted/pub.dev/rive_commo
n-0.2.8/lib/math.dart': Error reading '/C:/Users/subha
brata/AppData/Local/Pub/Cache/hosted/pub.dev/rive_comm
on-0.2.8/lib/math.dart'  (The system cannot find the 
path specified)
           import 'package:rive_common/math.dart';
                  ^
           /C:/Users/subhabrata/AppData/Local/Pub/Cach
e/hosted/pub.dev/rive-0.12.4/lib/src/rive_core/shapes/
points_path.dart:6:8:
           Error: Error when reading '/C:/Users/subhab
rata/AppData/Local/Pub/Cache/hosted/pub.dev/rive_commo
n-0.2.8/lib/math.dart': Error reading '/C:/Users/subha
brata/AppData/Local/Pub/Cache/hosted/pub.dev/rive_comm
on-0.2.8/lib/math.dart'  (The system cannot find the 
path specified)
           import 'package:rive_common/math.dart';
                  ^
           /C:/Users/subhabrata/AppData/Local/Pub/Cach
e/hosted/pub.dev/rive-0.12.4/lib/src/rive_core/text/te
xt_modifier_range.dart:13:8:
           Error: Error when reading '/C:/Users/subhab
rata/AppData/Local/Pub/Cache/hosted/pub.dev/rive_commo
n-0.2.8/lib/rive_text.dart': Error reading '/C:/Users/
subhabrata/AppData/Local/Pub/Cache/hosted/pub.dev/rive
_common-0.2.8/lib/rive_text.dart'  (The system cannot 
find the path specified)
           import 
'package:rive_common/rive_text.dart';
                  ^
           /C:/Users/subhabrata/AppData/Local/Pub/Cach
e/hosted/pub.dev/rive-0.12.4/lib/src/rive_core/text/te
xt_variation_modifier.dart:5:8:
           Error: Error when reading '/C:/Users/subhab
rata/AppData/Local/Pub/Cache/hosted/pub.dev/rive_commo
n-0.2.8/lib/rive_text.dart': Error reading '/C:/Users/
subhabrata/AppData/Local/Pub/Cache/hosted/pub.dev/rive
_common-0.2.8/lib/rive_text.dart'  (The system cannot 
find the path specified)
           import 
'package:rive_common/rive_text.dart';
                  ^
           /C:/Users/subhabrata/AppData/Local/Pub/Cach
e/hosted/pub.dev/rive-0.12.4/lib/src/rive_core/constra
ints/constraint.dart:5:8:
           Error: Error when reading '/C:/Users/subhab
rata/AppData/Local/Pub/Cache/hosted/pub.dev/rive_commo
n-0.2.8/lib/math.dart': Error reading '/C:/Users/subha
brata/AppData/Local/Pub/Cache/hosted/pub.dev/rive_comm
on-0.2.8/lib/math.dart'  (The system cannot find the 
path specified)
           import 'package:rive_common/math.dart';
                  ^
           /C:/Users/subhabrata/AppData/Local/Pub/Cach
e/hosted/pub.dev/rive-0.12.4/lib/src/rive_core/shapes/
vertex.dart:6:8:
           Error: Error when reading '/C:/Users/subhab
rata/AppData/Local/Pub/Cache/hosted/pub.dev/rive_commo
n-0.2.8/lib/math.dart': Error reading '/C:/Users/subha
brata/AppData/Local/Pub/Cache/hosted/pub.dev/rive_comm
on-0.2.8/lib/math.dart'  (The system cannot find the 
path specified)
           import 'package:rive_common/math.dart';
                  ^
           /C:/Users/subhabrata/AppData/Local/Pub/Cach
e/hosted/pub.dev/rive-0.12.4/lib/src/rive_core/text/te
xt_shape_modifier.dart:5:8:
           Error: Error when reading '/C:/Users/subhab
rata/AppData/Local/Pub/Cache/hosted/pub.dev/rive_commo
n-0.2.8/lib/rive_text.dart': Error reading '/C:/Users/
subhabrata/AppData/Local/Pub/Cache/hosted/pub.dev/rive
_common-0.2.8/lib/rive_text.dart'  (The system cannot 
find the path specified)
           import 
'package:rive_common/rive_text.dart';
                  ^
           /C:/Users/subhabrata/AppData/Local/Pub/Cach
e/hosted/pub.dev/rive-0.12.4/lib/src/rive_core/constra
ints/transform_space_constraint.dart:4:8:
           Error: Error when reading '/C:/Users/subhab
rata/AppData/Local/Pub/Cache/hosted/pub.dev/rive_commo
n-0.2.8/lib/math.dart': Error reading '/C:/Users/subha
brata/AppData/Local/Pub/Cache/hosted/pub.dev/rive_comm
on-0.2.8/lib/math.dart'  (The system cannot find the 
path specified)
           import 'package:rive_common/math.dart';
                  ^
           /C:/Users/subhabrata/AppData/Local/Pub/Cach
e/hosted/pub.dev/rive-0.12.4/lib/src/rive_core/shapes/
parametric_path.dart:2:8:
           Error: Error when reading '/C:/Users/subhab
rata/AppData/Local/Pub/Cache/hosted/pub.dev/rive_commo
n-0.2.8/lib/math.dart': Error reading '/C:/Users/subha
brata/AppData/Local/Pub/Cache/hosted/pub.dev/rive_comm
on-0.2.8/lib/math.dart'  (The system cannot find the 
path specified)
           import 'package:rive_common/math.dart';
                  ^
           lib/firebase_options.dart:43:16:
           Error: Type 'FirebaseOptions' not found.
             static const FirebaseOptions web = 
FirebaseOptions(
                          ^^^^^^^^^^^^^^^
           lib/firebase_options.dart:54:16:
           Error: Type 'FirebaseOptions' not found.
             static const FirebaseOptions android = 
FirebaseOptions(
                          ^^^^^^^^^^^^^^^
           lib/firebase_options.dart:63:16:
           Error: Type 'FirebaseOptions' not found.
             static const FirebaseOptions ios = 
FirebaseOptions(
                          ^^^^^^^^^^^^^^^
           lib/firebase_options.dart:75:16:
           Error: Type 'FirebaseOptions' not found.
             static const FirebaseOptions macos = 
FirebaseOptions(
                          ^^^^^^^^^^^^^^^
           lib/firebase_options.dart:87:16:
           Error: Type 'FirebaseOptions' not found.
             static const FirebaseOptions windows = 
FirebaseOptions(
                          ^^^^^^^^^^^^^^^
           lib/firebase_options.dart:18:10:
           Error: Type 'FirebaseOptions' not found.
             static FirebaseOptions get 
currentPlatform {
                    ^^^^^^^^^^^^^^^
           lib/src/features/onboarding/presentation/on
boarding_screen.dart:27:9:
           Error: Type 'FirebaseAuth' not found.
             final FirebaseAuth _auth = 
FirebaseAuth.instance;
                   ^^^^^^^^^^^^
           lib/src/features/onboarding/presentation/on
boarding_screen.dart:428:17:
           Error: Type 'User' not found.
             void navigete(User user) async {
                           ^^^^
           /C:/Users/subhabrata/AppData/Local/Pub/Cach
e/hosted/pub.dev/cloud_firestore_web-5.1.1/lib/cloud_f
irestore_web.dart:56:25:
           Error: Type 'FirebaseApp' not found.
             FirebaseFirestoreWeb({FirebaseApp? app, 
String? databaseId})
                                   ^^^^^^^^^^^
           /C:/Users/subhabrata/AppData/Local/Pub/Cach
e/hosted/pub.dev/cloud_firestore_web-5.1.1/lib/cloud_f
irestore_web.dart:63:17:
           Error: Type 'FirebaseApp' not found.
                 {required FirebaseApp app, required 
String databaseId}) {
                           ^^^^^^^^^^^
           /C:/Users/subhabrata/AppData/Local/Pub/Cach
e/hosted/pub.dev/firebase_auth_web-6.1.1/lib/firebase_
auth_web.dart:44:29:
           Error: Type 'FirebaseApp' not found.
             FirebaseAuthWeb({required FirebaseApp 
app}) : super(appInstance: app) {
                                       ^^^^^^^^^^^
           /C:/Users/subhabrata/AppData/Local/Pub/Cach
e/hosted/pub.dev/firebase_auth_web-6.1.1/lib/firebase_
auth_web.dart:216:46:
           Error: Type 'FirebaseApp' not found.
             FirebaseAuthPlatform 
delegateFor({required FirebaseApp app}) {
                                                      
  ^^^^^^^^^^^
           /C:/Users/subhabrata/AppData/Local/Pub/Cach
e/hosted/pub.dev/firebase_database_web-0.2.7+2/lib/fir
ebase_database_web.dart:60:17:
           Error: Type 'FirebaseApp' not found.
                 {required FirebaseApp app, String? 
databaseURL}) {
                           ^^^^^^^^^^^
           /C:/Users/subhabrata/AppData/Local/Pub/Cach
e/hosted/pub.dev/firebase_database_web-0.2.7+2/lib/src
/utils/exception.dart:9:1:
           Error: Type 'FirebaseException' not found.
           FirebaseException 
convertFirebaseDatabaseException(Object exception,
           ^^^^^^^^^^^^^^^^^
           lib/core/services/auth_service.dart:6:3:
           Error: Type 'User' not found.
             User? user = 
FirebaseAuth.instance.currentUser;
             ^^^^
           lib/core/services/auth_service.dart:8:10:
           Error: Type 'User' not found.
             static User? getUser() {
                    ^^^^
           lib/core/services/auth_service.dart:30:10:
           Error: Type 'User' not found.
             Future<User?> signInwithGoogle() async {
                    ^^^^
           lib/src/features/onboarding/presentation/sy
llabus_setup_screen.dart:760:29:
           Error: Type 'DocumentSnapshot' not found.
             factory 
_DropItem.fromDoc(DocumentSnapshot doc) {
                                       
^^^^^^^^^^^^^^^^
           lib/src/features/course/data/models/news_mo
del.dart:32:35:
           Error: Type 'DocumentSnapshot' not found.
             factory 
NewsModel.fromFirestore(DocumentSnapshot doc) {
                                             
^^^^^^^^^^^^^^^^
           lib/core/services/news_service.dart:6:9:
           Error: Type 'FirebaseFirestore' not found.
             final FirebaseFirestore _firestore = 
FirebaseFirestore.instance;
                   ^^^^^^^^^^^^^^^^^
           lib/src/features/course/data/models/quiz_mo
dels.dart:91:30:
           Error: Type 'DocumentSnapshot' not found.
             factory 
Quiz.fromFirestore(DocumentSnapshot doc, {String? 
categoryId}) {
                                        
^^^^^^^^^^^^^^^^
           lib/src/features/course/data/models/quiz_mo
dels.dart:198:34:
           Error: Type 'DocumentSnapshot' not found.
             factory 
Question.fromFirestore(DocumentSnapshot doc) {
                                            
^^^^^^^^^^^^^^^^
           lib/src/features/course/data/models/quiz_mo
dels.dart:285:37:
           Error: Type 'DocumentSnapshot' not found.
             factory 
QuizAttempt.fromFirestore(DocumentSnapshot doc) {
                                               
^^^^^^^^^^^^^^^^
           lib/src/features/course/pesentation/pages/q
uiz/widgets/quiz_service.dart:8:9:
           Error: Type 'FirebaseFirestore' not found.
             final FirebaseFirestore _firestore = 
FirebaseFirestore.instance;
                   ^^^^^^^^^^^^^^^^^
           lib/src/features/course/pesentation/pages/q
uiz/widgets/quiz_service.dart:9:9:
           Error: Type 'FirebaseAuth' not found.
             final FirebaseAuth _auth = 
FirebaseAuth.instance;
                   ^^^^^^^^^^^^
           lib/src/features/course/data/models/cur.mod
el.dart:7:21:
           Error: Type 'Timestamp' not found.
             final Map<String, Timestamp> 
sectionPurchaseDate;
                               ^^^^^^^^^
           lib/src/features/course/data/models/cur.mod
el.dart:8:9:
           Error: Type 'Timestamp' not found.
             final Timestamp purchaseDate;
                   ^^^^^^^^^
           lib/src/features/course/pesentation/pages/h
ome/widgets/home_appbar.dart:9:9:
           Error: Type 'User' not found.
             final User? user;
                   ^^^^
           /C:/Users/subhabrata/AppData/Local/Pub/Cach
e/hosted/pub.dev/cloud_firestore_platform_interface-7.
0.5/lib/src/platform_interface/platform_interface_fire
store.dart:19:9:
           Error: Type 'FirebaseApp' not found.
             final FirebaseApp? appInstance;
                   ^^^^^^^^^^^
           /C:/Users/subhabrata/AppData/Local/Pub/Cach
e/hosted/pub.dev/cloud_firestore_platform_interface-7.
0.5/lib/src/platform_interface/platform_interface_fire
store.dart:26:3:
           Error: Type 'FirebaseApp' not found.
             FirebaseApp get app {
             ^^^^^^^^^^^
           /C:/Users/subhabrata/AppData/Local/Pub/Cach
e/hosted/pub.dev/cloud_firestore_platform_interface-7.
0.5/lib/src/platform_interface/platform_interface_fire
store.dart:41:14:
           Error: Type 'FirebaseApp' not found.
               required FirebaseApp app,
                        ^^^^^^^^^^^
           /C:/Users/subhabrata/AppData/Local/Pub/Cach
e/hosted/pub.dev/cloud_firestore_platform_interface-7.
0.5/lib/src/platform_interface/platform_interface_fire
store.dart:69:17:
           Error: Type 'FirebaseApp' not found.
                 {required FirebaseApp app, required 
String databaseId}) {
                           ^^^^^^^^^^^
           /C:/Users/subhabrata/AppData/Local/Pub/Cach
e/hosted/pub.dev/_flutterfire_internals-1.3.65/lib/_fl
utterfire_internals.dart:64:1:
           Error: Type 'FirebaseException' not found.
           FirebaseException 
_firebaseExceptionFromCoreFirebaseError(
           ^^^^^^^^^^^^^^^^^
           /C:/Users/subhabrata/AppData/Local/Pub/Cach
e/hosted/pub.dev/firebase_auth_platform_interface-8.1.
5/lib/src/firebase_auth_exception.dart:12:37:
           Error: Type 'FirebaseException' not found.
           class FirebaseAuthException extends 
FirebaseException implements Exception {
                                               
^^^^^^^^^^^^^^^^^
           /C:/Users/subhabrata/AppData/Local/Pub/Cach
e/hosted/pub.dev/firebase_auth_platform_interface-8.1.
5/lib/src/platform_interface/platform_interface_fireba
se_auth.dart:26:9:
           Error: Type 'FirebaseApp' not found.
             final FirebaseApp? appInstance;
                   ^^^^^^^^^^^
           /C:/Users/subhabrata/AppData/Local/Pub/Cach
e/hosted/pub.dev/firebase_auth_platform_interface-8.1.
5/lib/src/platform_interface/platform_interface_fireba
se_auth.dart:48:3:
           Error: Type 'FirebaseApp' not found.
             FirebaseApp get app {
             ^^^^^^^^^^^
           /C:/Users/subhabrata/AppData/Local/Pub/Cach
e/hosted/pub.dev/firebase_auth_platform_interface-8.1.
5/lib/src/platform_interface/platform_interface_fireba
se_auth.dart:60:14:
           Error: Type 'FirebaseApp' not found.
               required FirebaseApp app,
                        ^^^^^^^^^^^
           /C:/Users/subhabrata/AppData/Local/Pub/Cach
e/hosted/pub.dev/firebase_auth_platform_interface-8.1.
5/lib/src/platform_interface/platform_interface_fireba
se_auth.dart:99:46:
           Error: Type 'FirebaseApp' not found.
             FirebaseAuthPlatform 
delegateFor({required FirebaseApp app}) {
                                                      
  ^^^^^^^^^^^
           /C:/Users/subhabrata/AppData/Local/Pub/Cach
e/hosted/pub.dev/firebase_database_platform_interface-
0.3.0+1/lib/src/platform_interface/platform_interface_
database.dart:17:9:
           Error: Type 'FirebaseApp' not found.
             final FirebaseApp? app;
                   ^^^^^^^^^^^
           /C:/Users/subhabrata/AppData/Local/Pub/Cach
e/hosted/pub.dev/firebase_database_platform_interface-
0.3.0+1/lib/src/platform_interface/platform_interface_
database.dart:29:14:
           Error: Type 'FirebaseApp' not found.
               required FirebaseApp app,
                        ^^^^^^^^^^^
           /C:/Users/subhabrata/AppData/Local/Pub/Cach
e/hosted/pub.dev/firebase_database_platform_interface-
0.3.0+1/lib/src/platform_interface/platform_interface_
database.dart:59:14:
           Error: Type 'FirebaseApp' not found.
               required FirebaseApp app,
                        ^^^^^^^^^^^
           lib/src/features/store/data/sourse/product_
datasource.dart:5:9:
           Error: Type 'FirebaseFirestore' not found.
             final FirebaseFirestore _firestore;
                   ^^^^^^^^^^^^^^^^^
           lib/src/features/course/pesentation/pages/c
ourse_detail/course_detail.dart:29:21:
           Error: Type 'Timestamp' not found.
             final Map<String, Timestamp> 
sectionPurchaseDate;
                               ^^^^^^^^^
           /C:/Users/subhabrata/AppData/Local/Pub/Cach
e/hosted/pub.dev/cloud_firestore_platform_interface-7.
0.5/lib/src/method_channel/method_channel_firestore.da
rt:29:35:
           Error: Type 'FirebaseApp' not found.
             
MethodChannelFirebaseFirestore({FirebaseApp? app, 
String? databaseId})
                                             
^^^^^^^^^^^
           /C:/Users/subhabrata/AppData/Local/Pub/Cach
e/hosted/pub.dev/cloud_firestore_platform_interface-7.
0.5/lib/src/method_channel/method_channel_firestore.da
rt:86:14:
           Error: Type 'FirebaseApp' not found.
               required FirebaseApp app,
                        ^^^^^^^^^^^
           /C:/Users/subhabrata/AppData/Local/Pub/Cach
e/hosted/pub.dev/_flutterfire_internals-1.3.65/lib/src
/exception.dart:37:1:
           Error: Type 'FirebaseException' not found.
           FirebaseException 
platformExceptionToFirebaseException(
           ^^^^^^^^^^^^^^^^^
           /C:/Users/subhabrata/AppData/Local/Pub/Cach
e/hosted/pub.dev/firebase_auth_platform_interface-8.1.
5/lib/src/method_channel/method_channel_firebase_auth.
dart:75:39:
           Error: Type 'FirebaseApp' not found.
             MethodChannelFirebaseAuth({required 
FirebaseApp app})
                                                 
^^^^^^^^^^^
           /C:/Users/subhabrata/AppData/Local/Pub/Cach
e/hosted/pub.dev/firebase_auth_platform_interface-8.1.
5/lib/src/method_channel/method_channel_firebase_auth.
dart:202:46:
           Error: Type 'FirebaseApp' not found.
             FirebaseAuthPlatform 
delegateFor({required FirebaseApp app}) {
                                                      
  ^^^^^^^^^^^
           /C:/Users/subhabrata/AppData/Local/Pub/Cach
e/hosted/pub.dev/firebase_database_platform_interface-
0.3.0+1/lib/src/method_channel/method_channel_database
.dart:18:3:
           Error: Type 'FirebaseApp' not found.
             FirebaseApp app;
             ^^^^^^^^^^^
           /C:/Users/subhabrata/AppData/Local/Pub/Cach
e/hosted/pub.dev/firebase_database_platform_interface-
0.3.0+1/lib/src/method_channel/method_channel_database
.dart:80:26:
           Error: Type 'FirebaseApp' not found.
             MethodChannelDatabase({FirebaseApp? app, 
String? databaseURL})
                                    ^^^^^^^^^^^
           /C:/Users/subhabrata/AppData/Local/Pub/Cach
e/hosted/pub.dev/firebase_database_platform_interface-
0.3.0+1/lib/src/method_channel/method_channel_database
.dart:118:14:
           Error: Type 'FirebaseApp' not found.
               required FirebaseApp app,
                        ^^^^^^^^^^^
           lib/src/features/account/presentation/pages
/account/widgets/account_profile_block.dart:10:9:
           Error: Type 'User' not found.
             final User? user = AuthService().user;
                   ^^^^
           lib/src/features/course/pesentation/pages/c
ourse_detail/widgets/course_detail_tabbar.dart:13:21:
           Error: Type 'Timestamp' not found.
             final Map<String, Timestamp> 
sectionPurchaseDate;
                               ^^^^^^^^^
           /C:/Users/subhabrata/AppData/Local/Pub/Cach
e/hosted/pub.dev/firebase_auth_platform_interface-8.1.
5/lib/src/method_channel/utils/exception.dart:36:1:
           Error: Type 'FirebaseException' not found.
           FirebaseException 
platformExceptionToFirebaseAuthException(
           ^^^^^^^^^^^^^^^^^
           lib/src/features/pyq/presentation/pages/cha
t/data/questions_service.dart:6:9:
           Error: Type 'FirebaseFirestore' not found.
             final FirebaseFirestore _db = 
FirebaseFirestore.instance;
                   ^^^^^^^^^^^^^^^^^
           lib/src/features/pyq/presentation/pages/cha
t/data/questions_service.dart:8:15:
           Error: Type 'QueryDocumentSnapshot' not 
found.
             Future<List<QueryDocumentSnapshot>> 
getExams(
                         ^^^^^^^^^^^^^^^^^^^^^
           lib/src/features/pyq/presentation/pages/cha
t/data/questions_service.dart:46:15:
           Error: Type 'QueryDocumentSnapshot' not 
found.
             Future<List<QueryDocumentSnapshot>> 
getYears(String examId) async {
                         ^^^^^^^^^^^^^^^^^^^^^
           lib/src/features/pyq/presentation/pages/cha
t/data/questions_service.dart:55:15:
           Error: Type 'QueryDocumentSnapshot' not 
found.
             Future<List<QueryDocumentSnapshot>> 
getQuestions(
                         ^^^^^^^^^^^^^^^^^^^^^
           lib/src/features/course/pesentation/pages/c
ourse_detail/widgets/course_detail_lesson_list.dart:27
:21:
           Error: Type 'Timestamp' not found.
             final Map<String, Timestamp> 
sectionPurchaseDate;
                               ^^^^^^^^^
           /C:/Users/subhabrata/AppData/Local/Pub/Cach
e/hosted/pub.dev/firebase_database-12.1.1/lib/src/fire
base_database.dart:18:3:
           Error: Type 'FirebaseApp' not found.
             FirebaseApp app;
             ^^^^^^^^^^^
           /C:/Users/subhabrata/AppData/Local/Pub/Cach
e/hosted/pub.dev/firebase_database-12.1.1/lib/src/fire
base_database.dart:34:14:
           Error: Type 'FirebaseApp' not found.
               required FirebaseApp app,
                        ^^^^^^^^^^^
           
lib/src/features/pyq/questions_page.dart:140:5:
           Error: Type 'QueryDocumentSnapshot' not 
found.
               QueryDocumentSnapshot question,
               ^^^^^^^^^^^^^^^^^^^^^
           lib/core/services/product_service.dart:6:9:
           Error: Type 'FirebaseFirestore' not found.
             final FirebaseFirestore _firestore = 
FirebaseFirestore.instance;
                   ^^^^^^^^^^^^^^^^^
           
lib/core/services/product_service.dart:15:17:
           Error: Type 'QueryDocumentSnapshot' not 
found.
               Future<List<QueryDocumentSnapshot>> 
getProducts() async {
                           ^^^^^^^^^^^^^^^^^^^^^
           
lib/core/services/product_service.dart:26:15:
           Error: Type 'QueryDocumentSnapshot' not 
found.
             Future<List<QueryDocumentSnapshot>> 
getParts(String productId) async {
                         ^^^^^^^^^^^^^^^^^^^^^
           
lib/core/services/product_service.dart:35:15:
           Error: Type 'QueryDocumentSnapshot' not 
found.
             Future<List<QueryDocumentSnapshot>> 
getDocuments(String productId, String partId) async {
                         ^^^^^^^^^^^^^^^^^^^^^
           lib/src/features/store/presentation/pages/p
roduct_document_page.dart:158:5:
           Error: Type 'QueryDocumentSnapshot' not 
found.
               QueryDocumentSnapshot question,
               ^^^^^^^^^^^^^^^^^^^^^
           /C:/Users/subhabrata/AppData/Local/Pub/Cach
e/hosted/pub.dev/rive-0.12.4/lib/src/rive.dart:171:3:
           Error: Type 'Vec2D' not found.
             Vec2D _toArtboard(Offset local) {
             ^^^^^
           /C:/Users/subhabrata/AppData/Local/Pub/Cach
e/hosted/pub.dev/rive-0.12.4/lib/src/rive.dart:178:45:
           Error: Type 'Vec2D' not found.
                 void 
Function(StateMachineController, Vec2D) callback) {
                                                      
 ^^^^^
           /C:/Users/subhabrata/AppData/Local/Pub/Cach
e/hosted/pub.dev/rive-0.12.4/lib/src/rive.dart:328:3:
           Error: Type 'AABB' not found.
             AABB get aabb {
             ^^^^
           /C:/Users/subhabrata/AppData/Local/Pub/Cach
e/hosted/pub.dev/rive-0.12.4/lib/src/rive.dart:350:28:
           Error: Type 'Mat2D' not found.
             void draw(Canvas canvas, Mat2D 
viewTransform) {
                                      ^^^^^
           /C:/Users/subhabrata/AppData/Local/Pub/Cach
e/hosted/pub.dev/rive-0.12.4/lib/src/rive_core/artboar
d.dart:119:3:
           Error: Type 'Vec2D' not found.
             Vec2D get originWorld {
             ^^^^^
           /C:/Users/subhabrata/AppData/Local/Pub/Cach
e/hosted/pub.dev/rive-0.12.4/lib/src/rive_core/artboar
d.dart:123:3:
           Error: Type 'Vec2D' not found.
             Vec2D get origin => 
Vec2D.fromValues(width * originX, height * originY);
             ^^^^^
           /C:/Users/subhabrata/AppData/Local/Pub/Cach
e/hosted/pub.dev/rive-0.12.4/lib/src/rive_core/artboar
d.dart:312:3:
           Error: Type 'Vec2D' not found.
             Vec2D renderTranslation(Vec2D 
worldTranslation) {
             ^^^^^
           /C:/Users/subhabrata/AppData/Local/Pub/Cach
e/hosted/pub.dev/rive-0.12.4/lib/src/rive_core/artboar
d.dart:312:27:
           Error: Type 'Vec2D' not found.
             Vec2D renderTranslation(Vec2D 
worldTranslation) {
                                     ^^^^^
           /C:/Users/subhabrata/AppData/Local/Pub/Cach
e/hosted/pub.dev/rive-0.12.4/lib/src/rive_core/artboar
d.dart:510:3:
           Error: Type 'Vec2D' not found.
             Vec2D get worldTranslation => Vec2D();
             ^^^^^
           /C:/Users/subhabrata/AppData/Local/Pub/Cach
e/hosted/pub.dev/rive-0.12.4/lib/src/rive_core/assets/
font_asset.dart:31:3:
           Error: Type 'Font' not found.
             Font? _font;
             ^^^^
           /C:/Users/subhabrata/AppData/Local/Pub/Cach
e/hosted/pub.dev/rive-0.12.4/lib/src/rive_core/assets/
font_asset.dart:32:3:
           Error: Type 'Font' not found.
             Font? get font => _font;
             ^^^^
           /C:/Users/subhabrata/AppData/Local/Pub/Cach
e/hosted/pub.dev/rive-0.12.4/lib/src/rive_core/assets/
font_asset.dart:33:12:
           Error: Type 'Font' not found.
             set font(Font? font) {
                      ^^^^
           /C:/Users/subhabrata/AppData/Local/Pub/Cach
e/hosted/pub.dev/rive-0.12.4/lib/src/rive_core/assets/
font_asset.dart:62:17:
           Error: Type 'Font' not found.
             static Future<Font?> 
parseBytes(Uint8List bytes) async {
                           ^^^^
           /C:/Users/subhabrata/AppData/Local/Pub/Cach
e/hosted/pub.dev/rive-0.12.4/lib/src/rive_core/nested_
artboard.dart:20:3:
           Error: Type 'Mat2D' not found.
             Mat2D get worldTransform;
             ^^^^^
           /C:/Users/subhabrata/AppData/Local/Pub/Cach
e/hosted/pub.dev/rive-0.12.4/lib/src/rive_core/nested_
artboard.dart:21:22:
           Error: Type 'Mat2D' not found.
             set worldTransform(Mat2D value);
                                ^^^^^
           /C:/Users/subhabrata/AppData/Local/Pub/Cach
e/hosted/pub.dev/rive-0.12.4/lib/src/rive_core/nested_
artboard.dart:22:3:
           Error: Type 'AABB' not found.
             AABB get bounds;
             ^^^^
           /C:/Users/subhabrata/AppData/Local/Pub/Cach
e/hosted/pub.dev/rive-0.12.4/lib/src/rive_core/nested_
artboard.dart:100:3:
           Error: Type 'Vec2D' not found.
             Vec2D? worldToLocal(Vec2D position) {
             ^^^^^
           /C:/Users/subhabrata/AppData/Local/Pub/Cach
e/hosted/pub.dev/rive-0.12.4/lib/src/rive_core/nested_
artboard.dart:100:23:
           Error: Type 'Vec2D' not found.
             Vec2D? worldToLocal(Vec2D position) {
                                 ^^^^^
           /C:/Users/subhabrata/AppData/Local/Pub/Cach
e/hosted/pub.dev/rive-0.12.4/lib/src/rive_core/runtime
/runtime_header.dart:40:5:
           Error: Type 'BinaryReader' not found.
               BinaryReader reader, {
               ^^^^^^^^^^^^
           /C:/Users/subhabrata/AppData/Local/Pub/Cach
e/hosted/pub.dev/rive-0.12.4/lib/src/rive_core/shapes/
paint/linear_gradient.dart:33:3:
           Error: Type 'Vec2D' not found.
             Vec2D get start => 
Vec2D.fromValues(startX, startY);
             ^^^^^
           /C:/Users/subhabrata/AppData/Local/Pub/Cach
e/hosted/pub.dev/rive-0.12.4/lib/src/rive_core/shapes/
paint/linear_gradient.dart:34:3:
           Error: Type 'Vec2D' not found.
             Vec2D get end => Vec2D.fromValues(endX, 
endY);
             ^^^^^
           /C:/Users/subhabrata/AppData/Local/Pub/Cach
e/hosted/pub.dev/rive-0.12.4/lib/src/rive_core/shapes/
shape.dart:36:3:
           Error: Type 'AABB' not found.
             AABB? _worldBounds;
             ^^^^
           /C:/Users/subhabrata/AppData/Local/Pub/Cach
e/hosted/pub.dev/rive-0.12.4/lib/src/rive_core/shapes/
shape.dart:37:3:
           Error: Type 'AABB' not found.
             AABB? _localBounds;
             ^^^^
           /C:/Users/subhabrata/AppData/Local/Pub/Cach
e/hosted/pub.dev/rive-0.12.4/lib/src/rive_core/shapes/
shape.dart:39:3:
           Error: Type 'AABB' not found.
             AABB get worldBounds => _worldBounds ??= 
computeWorldBounds();
             ^^^^
           /C:/Users/subhabrata/AppData/Local/Pub/Cach
e/hosted/pub.dev/rive-0.12.4/lib/src/rive_core/shapes/
shape.dart:42:3:
           Error: Type 'AABB' not found.
             AABB get localBounds => _localBounds ??= 
computeLocalBounds();
             ^^^^
           /C:/Users/subhabrata/AppData/Local/Pub/Cach
e/hosted/pub.dev/rive-0.12.4/lib/src/rive_core/shapes/
shape.dart:189:3:
           Error: Type 'AABB' not found.
             AABB computeWorldBounds() {
             ^^^^
           /C:/Users/subhabrata/AppData/Local/Pub/Cach
e/hosted/pub.dev/rive-0.12.4/lib/src/rive_core/shapes/
shape.dart:203:3:
           Error: Type 'AABB' not found.
             AABB computeBounds(Mat2D relativeTo) {
             ^^^^
           /C:/Users/subhabrata/AppData/Local/Pub/Cach
e/hosted/pub.dev/rive-0.12.4/lib/src/rive_core/shapes/
shape.dart:203:22:
           Error: Type 'Mat2D' not found.
             AABB computeBounds(Mat2D relativeTo) {
                                ^^^^^
           /C:/Users/subhabrata/AppData/Local/Pub/Cach
e/hosted/pub.dev/rive-0.12.4/lib/src/rive_core/shapes/
shape.dart:234:3:
           Error: Type 'AABB' not found.
             AABB computeLocalBounds() {
             ^^^^
           /C:/Users/subhabrata/AppData/Local/Pub/Cach
e/hosted/pub.dev/rive-0.12.4/lib/src/rive_core/shapes/
shape.dart:313:22:
           Error: Type 'TransformingHitTester' not 
found.
             void fillHitTester(TransformingHitTester 
hitTester) {
                                ^^^^^^^^^^^^^^^^^^^^^
           /C:/Users/subhabrata/AppData/Local/Pub/Cach
e/hosted/pub.dev/rive-0.12.4/lib/src/rive_file.dart:44
:5:
           Error: Type 'BinaryReader' not found.
               BinaryReader reader, HashMap<int, 
CoreFieldType> propertyToField) {
               ^^^^^^^^^^^^
           /C:/Users/subhabrata/AppData/Local/Pub/Cach
e/hosted/pub.dev/rive-0.12.4/lib/src/rive_file.dart:76
:5:
           Error: Type 'BinaryReader' not found.
               BinaryReader reader, HashMap<int, 
CoreFieldType> propertyToField) {
               ^^^^^^^^^^^^
           /C:/Users/subhabrata/AppData/Local/Pub/Cach
e/hosted/pub.dev/rive-0.12.4/lib/src/rive_file.dart:91
:20:
           Error: Type 'BinaryReader' not found.
           void _skipProperty(BinaryReader reader, 
int propertyKey,
                              ^^^^^^^^^^^^
           /C:/Users/subhabrata/AppData/Local/Pub/Cach
e/hosted/pub.dev/rive-0.12.4/lib/src/rive_file.dart:15
4:5:
           Error: Type 'BinaryReader' not found.
               BinaryReader reader,
               ^^^^^^^^^^^^
           /C:/Users/subhabrata/AppData/Local/Pub/Cach
e/hosted/pub.dev/rive-0.12.4/lib/src/rive_scene.dart:2
2:28:
           Error: Type 'Mat2D' not found.
             void draw(Canvas canvas, Mat2D 
viewTransform);
                                      ^^^^^
           /C:/Users/subhabrata/AppData/Local/Pub/Cach
e/hosted/pub.dev/rive-0.12.4/lib/src/rive_scene.dart:8
8:3:
           Error: Type 'AABB' not found.
             AABB get aabb {
             ^^^^
           /C:/Users/subhabrata/AppData/Local/Pub/Cach
e/hosted/pub.dev/rive-0.12.4/lib/src/rive_scene.dart:1
03:28:
           Error: Type 'Mat2D' not found.
             void draw(Canvas canvas, Mat2D 
viewTransform) {
                                      ^^^^^
           /C:/Users/subhabrata/AppData/Local/Pub/Cach
e/hosted/pub.dev/rive-0.12.4/lib/src/runtime_mounted_a
rtboard.dart:28:3:
           Error: Type 'Mat2D' not found.
             Mat2D worldTransform = Mat2D();
             ^^^^^
           /C:/Users/subhabrata/AppData/Local/Pub/Cach
e/hosted/pub.dev/rive-0.12.4/lib/src/runtime_mounted_a
rtboard.dart:39:3:
           Error: Type 'AABB' not found.
             AABB get bounds {
             ^^^^
           /C:/Users/subhabrata/AppData/Local/Pub/Cach
e/hosted/pub.dev/rive-0.12.4/lib/src/runtime_nested_ar
tboard.dart:123:16:
           Error: Type 'Vec2D' not found.
             bool hitTest(Vec2D position) => 
stateMachineController.hitTest(position);
                          ^^^^^
           /C:/Users/subhabrata/AppData/Local/Pub/Cach
e/hosted/pub.dev/rive-0.12.4/lib/src/runtime_nested_ar
tboard.dart:126:20:
           Error: Type 'Vec2D' not found.
             void pointerDown(Vec2D position, 
PointerDownEvent event) =>
                              ^^^^^
           /C:/Users/subhabrata/AppData/Local/Pub/Cach
e/hosted/pub.dev/rive-0.12.4/lib/src/runtime_nested_ar
tboard.dart:130:20:
           Error: Type 'Vec2D' not found.
             void pointerMove(Vec2D position) =>
                              ^^^^^
           /C:/Users/subhabrata/AppData/Local/Pub/Cach
e/hosted/pub.dev/rive-0.12.4/lib/src/runtime_nested_ar
tboard.dart:134:18:
           Error: Type 'Vec2D' not found.
             void pointerUp(Vec2D position) => 
stateMachineController.pointerUp(position);
                            ^^^^^
           lib/src/features/course/pesentation/pages/c
ourse_detail/widgets/lesson_item.dart:275:23:
           Error: Type 'Timestamp' not found.
             bool CheckIfExpired(Timestamp 
purchaseDate) {
                                 ^^^^^^^^^
           /C:/Users/subhabrata/AppData/Local/Pub/Cach
e/hosted/pub.dev/rive-0.12.4/lib/src/rive_core/state_m
achine_controller.dart:506:5:
           Error: Type 'Vec2D' not found.
               Vec2D position, {
               ^^^^^
           /C:/Users/subhabrata/AppData/Local/Pub/Cach
e/hosted/pub.dev/rive-0.12.4/lib/src/rive_core/state_m
achine_controller.dart:609:5:
           Error: Type 'Vec2D' not found.
               Vec2D position, {
               ^^^^^
           /C:/Users/subhabrata/AppData/Local/Pub/Cach
e/hosted/pub.dev/rive-0.12.4/lib/src/rive_core/state_m
achine_controller.dart:671:20:
           Error: Type 'Vec2D' not found.
             void pointerMove(Vec2D position) => 
_processEvent(
                              ^^^^^
           /C:/Users/subhabrata/AppData/Local/Pub/Cach
e/hosted/pub.dev/rive-0.12.4/lib/src/rive_core/state_m
achine_controller.dart:676:20:
           Error: Type 'Vec2D' not found.
             void pointerDown(Vec2D position, 
PointerDownEvent event) {
                              ^^^^^
           /C:/Users/subhabrata/AppData/Local/Pub/Cach
e/hosted/pub.dev/rive-0.12.4/lib/src/rive_core/state_m
achine_controller.dart:686:18:
           Error: Type 'Vec2D' not found.
             void pointerUp(Vec2D position) => 
_processEvent(
                            ^^^^^
           /C:/Users/subhabrata/AppData/Local/Pub/Cach
e/hosted/pub.dev/rive-0.12.4/lib/src/rive_core/state_m
achine_controller.dart:691:20:
           Error: Type 'Vec2D' not found.
             void pointerExit(Vec2D position) => 
_processEvent(
                              ^^^^^
           /C:/Users/subhabrata/AppData/Local/Pub/Cach
e/hosted/pub.dev/rive-0.12.4/lib/src/rive_core/state_m
achine_controller.dart:696:21:
           Error: Type 'Vec2D' not found.
             void pointerEnter(Vec2D position) => 
_processEvent(
                               ^^^^^
           /C:/Users/subhabrata/AppData/Local/Pub/Cach
e/hosted/pub.dev/rive-0.12.4/lib/src/rive_render_box.d
art:234:3:
           Error: Type 'AABB' not found.
             AABB get aabb;
             ^^^^
           /C:/Users/subhabrata/AppData/Local/Pub/Cach
e/hosted/pub.dev/rive-0.12.4/lib/src/rive_render_box.d
art:236:28:
           Error: Type 'Mat2D' not found.
             void draw(Canvas canvas, Mat2D 
viewTransform);
                                      ^^^^^
           /C:/Users/subhabrata/AppData/Local/Pub/Cach
e/hosted/pub.dev/rive-0.12.4/lib/src/rive_render_box.d
art:269:3:
           Error: Type 'Vec2D' not found.
             Vec2D globalToArtboard(Offset 
globalPosition) {
             ^^^^^
           /C:/Users/subhabrata/AppData/Local/Pub/Cach
e/hosted/pub.dev/rive-0.12.4/lib/src/rive_render_box.d
art:280:3:
           Error: Type 'Mat2D' not found.
             Mat2D computeAlignment([Offset offset = 
Offset.zero]) {
             ^^^^^
           /C:/Users/subhabrata/AppData/Local/Pub/Cach
e/hosted/pub.dev/rive-0.12.4/lib/src/rive_core/compone
nt.dart:10:16:
           Error: Type 'DependencyGraphNode' not 
found.
               implements 
DependencyGraphNode<Component>, Parentable<Component> 
{
                          ^^^^^^^^^^^^^^^^^^^
           /C:/Users/subhabrata/AppData/Local/Pub/Cach
e/hosted/pub.dev/rive-0.12.4/lib/src/rive_core/compone
nt.dart:10:48:
           Error: Type 'Parentable' not found.
               implements 
DependencyGraphNode<Component>, Parentable<Component> 
{
                                                      
    ^^^^^^^^^^
           /C:/Users/subhabrata/AppData/Local/Pub/Cach
e/hosted/pub.dev/rive-0.12.4/lib/src/rive_core/joystic
k.dart:104:3:
           Error: Type 'Mat2D' not found.
             Mat2D _worldTransform = Mat2D();
             ^^^^^
           /C:/Users/subhabrata/AppData/Local/Pub/Cach
e/hosted/pub.dev/rive-0.12.4/lib/src/rive_core/joystic
k.dart:105:9:
           Error: Type 'Mat2D' not found.
             final Mat2D _inverseWorldTransform = 
Mat2D();
                   ^^^^^
           /C:/Users/subhabrata/AppData/Local/Pub/Cach
e/hosted/pub.dev/rive-0.12.4/lib/src/rive_core/joystic
k.dart:103:3:
           Error: Type 'Vec2D' not found.
             Vec2D get position => 
Vec2D.fromValues(posX, posY);
             ^^^^^
           /C:/Users/subhabrata/AppData/Local/Pub/Cach
e/hosted/pub.dev/rive-0.12.4/lib/src/rive_core/joystic
k.dart:107:3:
           Error: Type 'Mat2D' not found.
             Mat2D computeWorldTransform() {
             ^^^^^
           /C:/Users/subhabrata/AppData/Local/Pub/Cach
e/hosted/pub.dev/rive-0.12.4/lib/src/rive_core/joystic
k.dart:120:3:
           Error: Type 'Mat2D' not found.
             Mat2D get worldTransform =>
             ^^^^^
           /C:/Users/subhabrata/AppData/Local/Pub/Cach
e/hosted/pub.dev/rive-0.12.4/lib/src/rive_core/joystic
k.dart:207:3:
           Error: Type 'AABB' not found.
             AABB get localBounds => AABB.fromValues(
             ^^^^
           /C:/Users/subhabrata/AppData/Local/Pub/Cach
e/hosted/pub.dev/rive-0.12.4/lib/src/rive_core/joystic
k.dart:214:3:
           Error: Type 'Mat2D' not found.
             Mat2D get transform => 
Mat2D.fromTranslation(position);
             ^^^^^
           /C:/Users/subhabrata/AppData/Local/Pub/Cach
e/hosted/pub.dev/rive-0.12.4/lib/src/rive_core/shapes/
shape_paint_container.dart:75:3:
           Error: Type 'Mat2D' not found.
             Mat2D get worldTransform;
             ^^^^^
           /C:/Users/subhabrata/AppData/Local/Pub/Cach
e/hosted/pub.dev/rive-0.12.4/lib/src/rive_core/shapes/
shape_paint_container.dart:76:3:
           Error: Type 'Vec2D' not found.
             Vec2D get worldTranslation;
             ^^^^^
           /C:/Users/subhabrata/AppData/Local/Pub/Cach
e/hosted/pub.dev/rive-0.12.4/lib/src/rive_core/text/te
xt_style.dart:25:3:
           Error: Type 'Font' not found.
             Font? _font;
             ^^^^
           /C:/Users/subhabrata/AppData/Local/Pub/Cach
e/hosted/pub.dev/rive-0.12.4/lib/src/rive_core/text/te
xt_style.dart:30:3:
           Error: Type 'Font' not found.
             Font? get font => _font;
             ^^^^
           /C:/Users/subhabrata/AppData/Local/Pub/Cach
e/hosted/pub.dev/rive-0.12.4/lib/src/rive_core/text/te
xt_style.dart:66:12:
           Error: Type 'FontAxis' not found.
             Iterable<FontAxis> get variableAxes => 
asset?.font?.axes ?? [];
                      ^^^^^^^^
           /C:/Users/subhabrata/AppData/Local/Pub/Cach
e/hosted/pub.dev/rive-0.12.4/lib/src/rive_core/text/te
xt_style.dart:72:12:
           Error: Type 'FontTag' not found.
             Iterable<FontTag> get fontFeatures => 
asset?.font?.features ?? [];
                      ^^^^^^^
           /C:/Users/subhabrata/AppData/Local/Pub/Cach
e/hosted/pub.dev/rive-0.12.4/lib/src/rive_core/text/te
xt_style.dart:74:3:
           Error: Type 'Font' not found.
             Font? _makeFontVariation() => 
asset?.font?.withOptions(
             ^^^^
           /C:/Users/subhabrata/AppData/Local/Pub/Cach
e/hosted/pub.dev/rive-0.12.4/lib/src/rive_core/text/te
xt_style.dart:89:3:
           Error: Type 'Font' not found.
             Font? get font => _variationHelper?.font 
?? asset?.font;
             ^^^^
           /C:/Users/subhabrata/AppData/Local/Pub/Cach
e/hosted/pub.dev/rive-0.12.4/lib/src/rive_core/text/te
xt_style.dart:192:3:
           Error: Type 'Mat2D' not found.
             Mat2D get worldTransform => 
text?.worldTransform ?? Mat2D.identity;
             ^^^^^
           /C:/Users/subhabrata/AppData/Local/Pub/Cach
e/hosted/pub.dev/rive-0.12.4/lib/src/rive_core/text/te
xt_style.dart:195:3:
           Error: Type 'Vec2D' not found.
             Vec2D get worldTranslation => 
text?.worldTranslation ?? Vec2D();
             ^^^^^
           /C:/Users/subhabrata/AppData/Local/Pub/Cach
e/hosted/pub.dev/rive-0.12.4/lib/src/rive_core/shapes/
image.dart:26:3:
           Error: Type 'AABB' not found.
             AABB get localBounds {
             ^^^^
           /C:/Users/subhabrata/AppData/Local/Pub/Cach
e/hosted/pub.dev/rive-0.12.4/lib/src/rive_core/shapes/
image.dart:136:3:
           Error: Type 'Mat2D' not found.
             Mat2D get renderTransform {
             ^^^^^
           /C:/Users/subhabrata/AppData/Local/Pub/Cach
e/hosted/pub.dev/rive-0.12.4/lib/src/rive_core/animati
on/nested_state_machine.dart:19:16:
           Error: Type 'Vec2D' not found.
             bool hitTest(Vec2D position);
                          ^^^^^
           /C:/Users/subhabrata/AppData/Local/Pub/Cach
e/hosted/pub.dev/rive-0.12.4/lib/src/rive_core/animati
on/nested_state_machine.dart:21:20:
           Error: Type 'Vec2D' not found.
             void pointerMove(Vec2D position);
                              ^^^^^
           /C:/Users/subhabrata/AppData/Local/Pub/Cach
e/hosted/pub.dev/rive-0.12.4/lib/src/rive_core/animati
on/nested_state_machine.dart:23:20:
           Error: Type 'Vec2D' not found.
             void pointerDown(Vec2D position, 
PointerDownEvent event);
                              ^^^^^
           /C:/Users/subhabrata/AppData/Local/Pub/Cach
e/hosted/pub.dev/rive-0.12.4/lib/src/rive_core/animati
on/nested_state_machine.dart:25:18:
           Error: Type 'Vec2D' not found.
             void pointerUp(Vec2D position);
                            ^^^^^
           /C:/Users/subhabrata/AppData/Local/Pub/Cach
e/hosted/pub.dev/rive-0.12.4/lib/src/rive_core/animati
on/nested_state_machine.dart:79:16:
           Error: Type 'Vec2D' not found.
             bool hitTest(Vec2D position) =>
                          ^^^^^
           /C:/Users/subhabrata/AppData/Local/Pub/Cach
e/hosted/pub.dev/rive-0.12.4/lib/src/rive_core/animati
on/nested_state_machine.dart:82:20:
           Error: Type 'Vec2D' not found.
             void pointerMove(Vec2D position) =>
                              ^^^^^
           /C:/Users/subhabrata/AppData/Local/Pub/Cach
e/hosted/pub.dev/rive-0.12.4/lib/src/rive_core/animati
on/nested_state_machine.dart:85:20:
           Error: Type 'Vec2D' not found.
             void pointerDown(Vec2D position, 
PointerDownEvent event) =>
                              ^^^^^
           /C:/Users/subhabrata/AppData/Local/Pub/Cach
e/hosted/pub.dev/rive-0.12.4/lib/src/rive_core/animati
on/nested_state_machine.dart:88:18:
           Error: Type 'Vec2D' not found.
             void pointerUp(Vec2D position) => 
_stateMachineInstance?.pointerUp(position);
                            ^^^^^
           /C:/Users/subhabrata/AppData/Local/Pub/Cach
e/hosted/pub.dev/rive-0.12.4/lib/src/rive_core/shapes/
path.dart:21:9:
           Error: Type 'Mat2D' not found.
             final Mat2D _inverseWorldTransform = 
Mat2D();
                   ^^^^^
           /C:/Users/subhabrata/AppData/Local/Pub/Cach
e/hosted/pub.dev/rive-0.12.4/lib/src/rive_core/shapes/
path.dart:39:3:
           Error: Type 'Mat2D' not found.
             Mat2D get pathTransform;
             ^^^^^
           /C:/Users/subhabrata/AppData/Local/Pub/Cach
e/hosted/pub.dev/rive-0.12.4/lib/src/rive_core/shapes/
path.dart:40:3:
           Error: Type 'Mat2D' not found.
             Mat2D get inversePathTransform;
             ^^^^^
           /C:/Users/subhabrata/AppData/Local/Pub/Cach
e/hosted/pub.dev/rive-0.12.4/lib/src/rive_core/shapes/
path.dart:41:3:
           Error: Type 'Mat2D' not found.
             Mat2D get inverseWorldTransform => 
_inverseWorldTransform;
             ^^^^^
           /C:/Users/subhabrata/AppData/Local/Pub/Cach
e/hosted/pub.dev/rive-0.12.4/lib/src/rive_core/shapes/
path.dart:123:18:
           Error: Type 'PathInterface' not found.
             bool buildPath(PathInterface path) {
                            ^^^^^^^^^^^^^
           /C:/Users/subhabrata/AppData/Local/Pub/Cach
e/hosted/pub.dev/rive-0.12.4/lib/src/rive_core/shapes/
path.dart:292:3:
           Error: Type 'AABB' not found.
             AABB get localBounds => 
_renderPath.preciseComputeBounds();
             ^^^^
           /C:/Users/subhabrata/AppData/Local/Pub/Cach
e/hosted/pub.dev/rive-0.12.4/lib/src/rive_core/shapes/
path.dart:293:3:
           Error: Type 'AABB' not found.
             AABB computeBounds(Mat2D relativeTo) => 
preciseComputeBounds(
             ^^^^
           /C:/Users/subhabrata/AppData/Local/Pub/Cach
e/hosted/pub.dev/rive-0.12.4/lib/src/rive_core/shapes/
path.dart:293:22:
           Error: Type 'Mat2D' not found.
             AABB computeBounds(Mat2D relativeTo) => 
preciseComputeBounds(
                                ^^^^^
           /C:/Users/subhabrata/AppData/Local/Pub/Cach
e/hosted/pub.dev/rive-0.12.4/lib/src/rive_core/shapes/
path.dart:300:3:
           Error: Type 'AABB' not found.
             AABB preciseComputeBounds({
             ^^^^
           /C:/Users/subhabrata/AppData/Local/Pub/Cach
e/hosted/pub.dev/rive-0.12.4/lib/src/rive_core/shapes/
path.dart:301:5:
           Error: Type 'Mat2D' not found.
               Mat2D? transform,
               ^^^^^
           /C:/Users/subhabrata/AppData/Local/Pub/Cach
e/hosted/pub.dev/rive-0.12.4/lib/src/rive_core/shapes/
path.dart:325:29:
           Error: Type 'PathInterface' not found.
           class RenderPath implements PathInterface {
                                       ^^^^^^^^^^^^^
           /C:/Users/subhabrata/AppData/Local/Pub/Cach
e/hosted/pub.dev/rive-0.12.4/lib/src/rive_core/shapes/
path.dart:365:13:
           Error: Type 'Vec2D' not found.
             void move(Vec2D v) {
                       ^^^^^
           /C:/Users/subhabrata/AppData/Local/Pub/Cach
e/hosted/pub.dev/rive-0.12.4/lib/src/rive_core/shapes/
path.dart:369:13:
           Error: Type 'Vec2D' not found.
             void line(Vec2D v) {
                       ^^^^^
           /C:/Users/subhabrata/AppData/Local/Pub/Cach
e/hosted/pub.dev/rive-0.12.4/lib/src/rive_core/shapes/
path.dart:373:14:
           Error: Type 'Vec2D' not found.
             void cubic(Vec2D b, Vec2D c, Vec2D d) {
                        ^^^^^
           /C:/Users/subhabrata/AppData/Local/Pub/Cach
e/hosted/pub.dev/rive-0.12.4/lib/src/rive_core/shapes/
path.dart:373:23:
           Error: Type 'Vec2D' not found.
             void cubic(Vec2D b, Vec2D c, Vec2D d) {
                                 ^^^^^
           /C:/Users/subhabrata/AppData/Local/Pub/Cach
e/hosted/pub.dev/rive-0.12.4/lib/src/rive_core/shapes/
path.dart:373:32:
           Error: Type 'Vec2D' not found.
             void cubic(Vec2D b, Vec2D c, Vec2D d) {
                                          ^^^^^
           /C:/Users/subhabrata/AppData/Local/Pub/Cach
e/hosted/pub.dev/rive-0.12.4/lib/src/rive_core/shapes/
path.dart:390:3:
           Error: Type 'AABB' not found.
             AABB preciseComputeBounds({
             ^^^^
           /C:/Users/subhabrata/AppData/Local/Pub/Cach
e/hosted/pub.dev/rive-0.12.4/lib/src/rive_core/shapes/
path.dart:391:5:
           Error: Type 'Mat2D' not found.
               Mat2D? transform,
               ^^^^^
           /C:/Users/subhabrata/AppData/Local/Pub/Cach
e/hosted/pub.dev/rive-0.12.4/lib/src/rive_core/shapes/
path.dart:463:5:
           Error: Type 'AABB' not found.
               AABB bounds, Axis axis, double t, 
double a, double b, double c, double d) {
               ^^^^
           /C:/Users/subhabrata/AppData/Local/Pub/Cach
e/hosted/pub.dev/rive-0.12.4/lib/src/rive_core/shapes/
path.dart:474:21:
           Error: Type 'AABB' not found.
           void __expandBounds(AABB bounds, Axis 
axis, double value) {
                               ^^^^
           /C:/Users/subhabrata/AppData/Local/Pub/Cach
e/hosted/pub.dev/rive-0.12.4/lib/src/rive_core/shapes/
path.dart:493:5:
           Error: Type 'AABB' not found.
               AABB bounds, Axis axis, double start, 
double cp1, double cp2, double end) {
               ^^^^
           /C:/Users/subhabrata/AppData/Local/Pub/Cach
e/hosted/pub.dev/rive-0.12.4/lib/src/rive_core/shapes/
path.dart:533:5:
           Error: Type 'Vec2D' not found.
               Vec2D toPrev, Vec2D toNext, double 
radius) {
               ^^^^^
           /C:/Users/subhabrata/AppData/Local/Pub/Cach
e/hosted/pub.dev/rive-0.12.4/lib/src/rive_core/shapes/
path.dart:533:19:
           Error: Type 'Vec2D' not found.
               Vec2D toPrev, Vec2D toNext, double 
radius) {
                             ^^^^^
           /C:/Users/subhabrata/AppData/Local/Pub/Cach
e/hosted/pub.dev/rive-0.12.4/lib/src/rive_core/text/te
xt.dart:37:3:
           Error: Type 'TextShapeResult' not found.
             TextShapeResult? _shape;
             ^^^^^^^^^^^^^^^
           /C:/Users/subhabrata/AppData/Local/Pub/Cach
e/hosted/pub.dev/rive-0.12.4/lib/src/rive_core/text/te
xt.dart:40:3:
           Error: Type 'TextShapeResult' not found.
             TextShapeResult? _modifierShape;
             ^^^^^^^^^^^^^^^
           /C:/Users/subhabrata/AppData/Local/Pub/Cach
e/hosted/pub.dev/rive-0.12.4/lib/src/rive_core/text/te
xt.dart:41:3:
           Error: Type 'BreakLinesResult' not found.
             BreakLinesResult? _modifierLines;
             ^^^^^^^^^^^^^^^^
           /C:/Users/subhabrata/AppData/Local/Pub/Cach
e/hosted/pub.dev/rive-0.12.4/lib/src/rive_core/text/te
xt.dart:44:14:
           Error: Type 'TextShapeResult' not found.
             final List<TextShapeResult> 
_cleanupShapes = [];
                        ^^^^^^^^^^^^^^^
           /C:/Users/subhabrata/AppData/Local/Pub/Cach
e/hosted/pub.dev/rive-0.12.4/lib/src/rive_core/text/te
xt.dart:45:3:
           Error: Type 'BreakLinesResult' not found.
             BreakLinesResult? _lines;
             ^^^^^^^^^^^^^^^^
           /C:/Users/subhabrata/AppData/Local/Pub/Cach
e/hosted/pub.dev/rive-0.12.4/lib/src/rive_core/text/te
xt.dart:50:3:
           Error: Type 'GlyphLookup' not found.
             GlyphLookup? _glyphLookup;
             ^^^^^^^^^^^
           /C:/Users/subhabrata/AppData/Local/Pub/Cach
e/hosted/pub.dev/rive-0.12.4/lib/src/rive_core/text/te
xt.dart:183:3:
           Error: Type 'AABB' not found.
             AABB _bounds = AABB.collapsed(Vec2D());
             ^^^^
           /C:/Users/subhabrata/AppData/Local/Pub/Cach
e/hosted/pub.dev/rive-0.12.4/lib/src/rive_core/text/te
xt.dart:453:10:
           Error: Type 'Font' not found.
             static Font? _defaultFont;
                    ^^^^
           /C:/Users/subhabrata/AppData/Local/Pub/Cach
e/hosted/pub.dev/rive-0.12.4/lib/src/rive_core/text/te
xt.dart:47:3:
           Error: Type 'BreakLinesResult' not found.
             BreakLinesResult? get lines => _lines;
             ^^^^^^^^^^^^^^^^
           /C:/Users/subhabrata/AppData/Local/Pub/Cach
e/hosted/pub.dev/rive-0.12.4/lib/src/rive_core/text/te
xt.dart:52:19:
           Error: Type 'LineRunGlyph' not found.
             double tValueOf(LineRunGlyph glyphInfo) {
                             ^^^^^^^^^^^^
           /C:/Users/subhabrata/AppData/Local/Pub/Cach
e/hosted/pub.dev/rive-0.12.4/lib/src/rive_core/text/te
xt.dart:63:27:
           Error: Type 'LineRunGlyph' not found.
             int glyphCodePointCount(LineRunGlyph 
glyphInfo) {
                                     ^^^^^^^^^^^^
           /C:/Users/subhabrata/AppData/Local/Pub/Cach
e/hosted/pub.dev/rive-0.12.4/lib/src/rive_core/text/te
xt.dart:80:3:
           Error: Type 'Font' not found.
             Font? getFirstAvailableFont() {
             ^^^^
           /C:/Users/subhabrata/AppData/Local/Pub/Cach
e/hosted/pub.dev/rive-0.12.4/lib/src/rive_core/text/te
xt.dart:90:5:
           Error: Type 'Font' not found.
               Font defaultFont, {
               ^^^^
           /C:/Users/subhabrata/AppData/Local/Pub/Cach
e/hosted/pub.dev/rive-0.12.4/lib/src/rive_core/text/te
xt.dart:174:3:
           Error: Type 'Mat2D' not found.
             Mat2D get originTransform => 
Mat2D.multiply(
             ^^^^^
           /C:/Users/subhabrata/AppData/Local/Pub/Cach
e/hosted/pub.dev/rive-0.12.4/lib/src/rive_core/text/te
xt.dart:188:3:
           Error: Type 'AABB' not found.
             AABB get localBounds => 
AABB.fromCoordinates(
             ^^^^
           /C:/Users/subhabrata/AppData/Local/Pub/Cach
e/hosted/pub.dev/rive-0.12.4/lib/src/rive_core/text/te
xt.dart:196:3:
           Error: Type 'AABB' not found.
             AABB get constraintBounds => localBounds;
             ^^^^
           /C:/Users/subhabrata/AppData/Local/Pub/Cach
e/hosted/pub.dev/rive-0.12.4/lib/src/rive_core/text/te
xt.dart:199:21:
           Error: Type 'LineRunGlyph' not found.
                 bool Function(LineRunGlyph, double, 
double, GlyphLine) callback) {
                               ^^^^^^^^^^^^
           /C:/Users/subhabrata/AppData/Local/Pub/Cach
e/hosted/pub.dev/rive-0.12.4/lib/src/rive_core/text/te
xt.dart:199:51:
           Error: Type 'GlyphLine' not found.
                 bool Function(LineRunGlyph, double, 
double, GlyphLine) callback) {
                                                      
       ^^^^^^^^^
           /C:/Users/subhabrata/AppData/Local/Pub/Cach
e/hosted/pub.dev/rive-0.12.4/lib/src/core/field_types/
core_field_type.dart:5:17:
           Error: Type 'BinaryReader' not found.
             T deserialize(BinaryReader reader);
                           ^^^^^^^^^^^^
           /C:/Users/subhabrata/AppData/Local/Pub/Cach
e/hosted/pub.dev/rive-0.12.4/lib/src/core/field_types/
core_field_type.dart:6:13:
           Error: Type 'BinaryReader' not found.
             void skip(BinaryReader reader) => 
deserialize(reader);
                       ^^^^^^^^^^^^
           /C:/Users/subhabrata/AppData/Local/Pub/Cach
e/hosted/pub.dev/rive-0.12.4/lib/src/rive_core/animati
on/state_machine_listener.dart:86:58:
           Error: Type 'Vec2D' not found.
             void 
performChanges(StateMachineController controller, 
Vec2D position) {
                                                      
              ^^^^^
           lib/src/features/video/presentation/screen/
yotutube_player.dart:28:27:
           Error: Type 'QuerySnapshot' not found.
             late StreamSubscription<QuerySnapshot> 
_subscription;
                                     ^^^^^^^^^^^^^
           lib/src/features/video/presentation/screen/
yotutube_player.dart:29:9:
           Error: Type 'User' not found.
             final User? _user = null;
                   ^^^^
           /C:/Users/subhabrata/AppData/Local/Pub/Cach
e/hosted/pub.dev/rive-0.12.4/lib/src/rive_core/world_t
ransform_component.dart:9:9:
           Error: Type 'Mat2D' not found.
             final Mat2D worldTransform = Mat2D();
                   ^^^^^
           /C:/Users/subhabrata/AppData/Local/Pub/Cach
e/hosted/pub.dev/rive-0.12.4/lib/src/rive_core/world_t
ransform_component.dart:22:3:
           Error: Type 'Mat2D' not found.
             Mat2D get parentWorldTransform => parent 
is WorldTransformComponent
             ^^^^^
           /C:/Users/subhabrata/AppData/Local/Pub/Cach
e/hosted/pub.dev/rive-0.12.4/lib/src/core/field_types/
core_callback_type.dart:15:19:
           Error: Type 'BinaryReader' not found.
             int deserialize(BinaryReader reader) => 
0;
                             ^^^^^^^^^^^^
           /C:/Users/subhabrata/AppData/Local/Pub/Cach
e/hosted/pub.dev/rive-0.12.4/lib/src/rive_core/node.da
rt:12:19:
           Error: Type 'Vec2D' not found.
             set translation(Vec2D pos) {
                             ^^^^^
           /C:/Users/subhabrata/AppData/Local/Pub/Cach
e/hosted/pub.dev/rive-0.12.4/lib/src/rive_core/transfo
rm_component.dart:41:9:
           Error: Type 'Mat2D' not found.
             final Mat2D transform = Mat2D();
                   ^^^^^
           /C:/Users/subhabrata/AppData/Local/Pub/Cach
e/hosted/pub.dev/rive-0.12.4/lib/src/rive_core/transfo
rm_component.dart:43:3:
           Error: Type 'Vec2D' not found.
             Vec2D get translation => 
Vec2D.fromValues(x, y);
             ^^^^^
           /C:/Users/subhabrata/AppData/Local/Pub/Cach
e/hosted/pub.dev/rive-0.12.4/lib/src/rive_core/transfo
rm_component.dart:44:3:
           Error: Type 'Vec2D' not found.
             Vec2D get worldTranslation =>
             ^^^^^
           /C:/Users/subhabrata/AppData/Local/Pub/Cach
e/hosted/pub.dev/rive-0.12.4/lib/src/rive_core/transfo
rm_component.dart:79:3:
           Error: Type 'Vec2D' not found.
             Vec2D get scale => 
Vec2D.fromValues(scaleX, scaleY);
             ^^^^^
           /C:/Users/subhabrata/AppData/Local/Pub/Cach
e/hosted/pub.dev/rive-0.12.4/lib/src/rive_core/transfo
rm_component.dart:80:13:
           Error: Type 'Vec2D' not found.
             set scale(Vec2D value) {
                       ^^^^^
           /C:/Users/subhabrata/AppData/Local/Pub/Cach
e/hosted/pub.dev/rive-0.12.4/lib/src/rive_core/transfo
rm_component.dart:211:3:
           Error: Type 'AABB' not found.
             AABB get localBounds => 
AABB.collapsed(Vec2D());
             ^^^^
           /C:/Users/subhabrata/AppData/Local/Pub/Cach
e/hosted/pub.dev/rive-0.12.4/lib/src/rive_core/transfo
rm_component.dart:214:3:
           Error: Type 'AABB' not found.
             AABB get constraintBounds => 
AABB.collapsed(Vec2D());
             ^^^^
           /C:/Users/subhabrata/AppData/Local/Pub/Cach
e/hosted/pub.dev/rive-0.12.4/lib/src/rive_core/shapes/
mesh.dart:92:3:
           Error: Type 'AABB' not found.
             AABB bounds = AABB.empty();
             ^^^^
           /C:/Users/subhabrata/AppData/Local/Pub/Cach
e/hosted/pub.dev/rive-0.12.4/lib/src/rive_core/shapes/
mesh.dart:148:3:
           Error: Type 'Mat2D' not found.
             Mat2D get worldTransform =>
             ^^^^^
           /C:/Users/subhabrata/AppData/Local/Pub/Cach
e/hosted/pub.dev/rive-0.12.4/lib/src/rive_core/shapes/
cubic_vertex.dart:10:3:
           Error: Type 'Vec2D' not found.
             Vec2D get outPoint;
             ^^^^^
           /C:/Users/subhabrata/AppData/Local/Pub/Cach
e/hosted/pub.dev/rive-0.12.4/lib/src/rive_core/shapes/
cubic_vertex.dart:11:3:
           Error: Type 'Vec2D' not found.
             Vec2D get inPoint;
             ^^^^^
           /C:/Users/subhabrata/AppData/Local/Pub/Cach
e/hosted/pub.dev/rive-0.12.4/lib/src/rive_core/shapes/
cubic_vertex.dart:13:16:
           Error: Type 'Vec2D' not found.
             set outPoint(Vec2D value);
                          ^^^^^
           /C:/Users/subhabrata/AppData/Local/Pub/Cach
e/hosted/pub.dev/rive-0.12.4/lib/src/rive_core/shapes/
cubic_vertex.dart:14:15:
           Error: Type 'Vec2D' not found.
             set inPoint(Vec2D value);
                         ^^^^^
           /C:/Users/subhabrata/AppData/Local/Pub/Cach
e/hosted/pub.dev/rive-0.12.4/lib/src/rive_core/shapes/
cubic_vertex.dart:17:3:
           Error: Type 'Vec2D' not found.
             Vec2D get renderTranslation => 
weight?.translation ?? super.renderTranslation;
             ^^^^^
           /C:/Users/subhabrata/AppData/Local/Pub/Cach
e/hosted/pub.dev/rive-0.12.4/lib/src/rive_core/shapes/
cubic_vertex.dart:19:3:
           Error: Type 'Vec2D' not found.
             Vec2D get renderIn => 
weight?.inTranslation ?? inPoint;
             ^^^^^
           /C:/Users/subhabrata/AppData/Local/Pub/Cach
e/hosted/pub.dev/rive-0.12.4/lib/src/rive_core/shapes/
cubic_vertex.dart:20:3:
           Error: Type 'Vec2D' not found.
             Vec2D get renderOut => 
weight?.outTranslation ?? outPoint;
             ^^^^^
           /C:/Users/subhabrata/AppData/Local/Pub/Cach
e/hosted/pub.dev/rive-0.12.4/lib/src/rive_core/shapes/
cubic_vertex.dart:23:15:
           Error: Type 'Mat2D' not found.
             void deform(Mat2D world, Float32List 
boneTransforms) {
                         ^^^^^
           /C:/Users/subhabrata/AppData/Local/Pub/Cach
e/hosted/pub.dev/rive-0.12.4/lib/src/rive_core/shapes/
straight_vertex.dart:46:3:
           Error: Type 'Vec2D' not found.
             Vec2D get renderTranslation =>
             ^^^^^
           /C:/Users/subhabrata/AppData/Local/Pub/Cach
e/hosted/pub.dev/rive-0.12.4/lib/src/rive_core/text/st
yled_text.dart:11:14:
           Error: Type 'TextRun' not found.
             final List<TextRun> runs;
                        ^^^^^^^
           /C:/Users/subhabrata/AppData/Local/Pub/Cach
e/hosted/pub.dev/rive-0.12.4/lib/src/rive_core/text/st
yled_text.dart:13:40:
           Error: Type 'TextRun' not found.
             factory StyledText(String text, 
List<TextRun> runs) {
                                                  
^^^^^^^
           /C:/Users/subhabrata/AppData/Local/Pub/Cach
e/hosted/pub.dev/rive-0.12.4/lib/src/rive_core/text/st
yled_text.dart:22:28:
           Error: Type 'TextRun' not found.
             factory StyledText.empty(TextRun run) => 
StyledText('', [run]);
                                      ^^^^^^^
           /C:/Users/subhabrata/AppData/Local/Pub/Cach
e/hosted/pub.dev/rive-0.12.4/lib/src/rive_core/text/te
xt_modifier_group.dart:122:14:
           Error: Type 'Font' not found.
             final List<Font> _cleanupFonts = [];
                        ^^^^
           /C:/Users/subhabrata/AppData/Local/Pub/Cach
e/hosted/pub.dev/rive-0.12.4/lib/src/rive_core/text/te
xt_modifier_group.dart:82:37:
           Error: Type 'TextShapeResult' not found.
             void computeRangeMap(String text, 
TextShapeResult? shape,
                                               
^^^^^^^^^^^^^^^
           /C:/Users/subhabrata/AppData/Local/Pub/Cach
e/hosted/pub.dev/rive-0.12.4/lib/src/rive_core/text/te
xt_modifier_group.dart:83:7:
           Error: Type 'BreakLinesResult' not found.
                 BreakLinesResult? lines, GlyphLookup 
glyphLookup) {
                 ^^^^^^^^^^^^^^^^
           /C:/Users/subhabrata/AppData/Local/Pub/Cach
e/hosted/pub.dev/rive-0.12.4/lib/src/rive_core/text/te
xt_modifier_group.dart:83:32:
           Error: Type 'GlyphLookup' not found.
                 BreakLinesResult? lines, GlyphLookup 
glyphLookup) {
                                          ^^^^^^^^^^^
           /C:/Users/subhabrata/AppData/Local/Pub/Cach
e/hosted/pub.dev/rive-0.12.4/lib/src/rive_core/text/te
xt_modifier_group.dart:108:24:
           Error: Type 'LineRunGlyph' not found.
             double glyphCoverage(LineRunGlyph 
glyphInfo) {
                                  ^^^^^^^^^^^^
           /C:/Users/subhabrata/AppData/Local/Pub/Cach
e/hosted/pub.dev/rive-0.12.4/lib/src/rive_core/text/te
xt_modifier_group.dart:124:3:
           Error: Type 'TextRun' not found.
             TextRun modifyShape(Text text, TextRun 
run, double strength) {
             ^^^^^^^
           /C:/Users/subhabrata/AppData/Local/Pub/Cach
e/hosted/pub.dev/rive-0.12.4/lib/src/rive_core/text/te
xt_modifier_group.dart:124:34:
           Error: Type 'TextRun' not found.
             TextRun modifyShape(Text text, TextRun 
run, double strength) {
                                            ^^^^^^^
           /C:/Users/subhabrata/AppData/Local/Pub/Cach
e/hosted/pub.dev/rive-0.12.4/lib/src/rive_core/text/te
xt_modifier_group.dart:196:3:
           Error: Type 'Mat2D' not found.
             Mat2D get originTransform {
             ^^^^^
           /C:/Users/subhabrata/AppData/Local/Pub/Cach
e/hosted/pub.dev/rive-0.12.4/lib/src/rive_core/text/te
xt_modifier_group.dart:204:3:
           Error: Type 'Mat2D' not found.
             Mat2D transform(double t, Mat2D 
glyphTransform) {
             ^^^^^
           /C:/Users/subhabrata/AppData/Local/Pub/Cach
e/hosted/pub.dev/rive-0.12.4/lib/src/rive_core/text/te
xt_modifier_group.dart:204:29:
           Error: Type 'Mat2D' not found.
             Mat2D transform(double t, Mat2D 
glyphTransform) {
                                       ^^^^^
           /C:/Users/subhabrata/AppData/Local/Pub/Cach
e/hosted/pub.dev/rive-0.12.4/lib/src/rive_core/text/te
xt_modifier_group.dart:236:8:
           Error: Type 'TextRun' not found.
             List<TextRun> applyShapeModifiers(Text 
text, List<TextRun> runs) {
                  ^^^^^^^
           /C:/Users/subhabrata/AppData/Local/Pub/Cach
e/hosted/pub.dev/rive-0.12.4/lib/src/rive_core/text/te
xt_modifier_group.dart:236:53:
           Error: Type 'TextRun' not found.
             List<TextRun> applyShapeModifiers(Text 
text, List<TextRun> runs) {
                                                      
         ^^^^^^^
           /C:/Users/subhabrata/AppData/Local/Pub/Cach
e/hosted/pub.dev/rive-0.12.4/lib/src/rive_core/animati
on/listener_action.dart:17:51:
           Error: Type 'Vec2D' not found.
             void perform(StateMachineController 
controller, Vec2D position);
                                                      
       ^^^^^
           lib/src/features/course/data/models/comment
_model.dart:8:9:
           Error: Type 'Timestamp' not found.
             final Timestamp timestamp;
                   ^^^^^^^^^
           /C:/Users/subhabrata/AppData/Local/Pub/Cach
e/hosted/pub.dev/rive-0.12.4/lib/src/core/field_types/
core_bool_type.dart:6:20:
           Error: Type 'BinaryReader' not found.
             bool deserialize(BinaryReader reader) => 
reader.readInt8() == 1;
                              ^^^^^^^^^^^^
           /C:/Users/subhabrata/AppData/Local/Pub/Cach
e/hosted/pub.dev/rive-0.12.4/lib/src/core/field_types/
core_bytes_type.dart:8:25:
           Error: Type 'BinaryReader' not found.
             Uint8List deserialize(BinaryReader 
reader) {
                                   ^^^^^^^^^^^^
           /C:/Users/subhabrata/AppData/Local/Pub/Cach
e/hosted/pub.dev/rive-0.12.4/lib/src/core/field_types/
core_color_type.dart:6:19:
           Error: Type 'BinaryReader' not found.
             int deserialize(BinaryReader reader) => 
reader.readUint32();
                             ^^^^^^^^^^^^
           /C:/Users/subhabrata/AppData/Local/Pub/Cach
e/hosted/pub.dev/rive-0.12.4/lib/src/core/field_types/
core_double_type.dart:6:22:
           Error: Type 'BinaryReader' not found.
             double deserialize(BinaryReader reader) 
=> reader.readFloat32();
                                ^^^^^^^^^^^^
           /C:/Users/subhabrata/AppData/Local/Pub/Cach
e/hosted/pub.dev/rive-0.12.4/lib/src/core/field_types/
core_string_type.dart:6:22:
           Error: Type 'BinaryReader' not found.
             String deserialize(BinaryReader reader) 
=>
                                ^^^^^^^^^^^^
           /C:/Users/subhabrata/AppData/Local/Pub/Cach
e/hosted/pub.dev/rive-0.12.4/lib/src/core/field_types/
core_string_type.dart:9:13:
           Error: Type 'BinaryReader' not found.
             void read(BinaryReader reader) {
                       ^^^^^^^^^^^^
           /C:/Users/subhabrata/AppData/Local/Pub/Cach
e/hosted/pub.dev/rive-0.12.4/lib/src/core/field_types/
core_uint_type.dart:6:19:
           Error: Type 'BinaryReader' not found.
             int deserialize(BinaryReader reader) => 
reader.readVarUint();
                             ^^^^^^^^^^^^
           /C:/Users/subhabrata/AppData/Local/Pub/Cach
e/hosted/pub.dev/rive-0.12.4/lib/src/rive_core/animati
on/listener_align_target.dart:11:51:
           Error: Type 'Vec2D' not found.
             void perform(StateMachineController 
controller, Vec2D position) {
                                                      
       ^^^^^
           /C:/Users/subhabrata/AppData/Local/Pub/Cach
e/hosted/pub.dev/rive-0.12.4/lib/src/rive_core/animati
on/listener_bool_change.dart:13:51:
           Error: Type 'Vec2D' not found.
             void perform(StateMachineController 
controller, Vec2D position) {
                                                      
       ^^^^^
           /C:/Users/subhabrata/AppData/Local/Pub/Cach
e/hosted/pub.dev/rive-0.12.4/lib/src/rive_core/animati
on/listener_fire_event.dart:15:51:
           Error: Type 'Vec2D' not found.
             void perform(StateMachineController 
controller, Vec2D position) {
                                                      
       ^^^^^
           /C:/Users/subhabrata/AppData/Local/Pub/Cach
e/hosted/pub.dev/rive-0.12.4/lib/src/rive_core/animati
on/listener_number_change.dart:13:51:
           Error: Type 'Vec2D' not found.
             void perform(StateMachineController 
controller, Vec2D position) {
                                                      
       ^^^^^
           /C:/Users/subhabrata/AppData/Local/Pub/Cach
e/hosted/pub.dev/rive-0.12.4/lib/src/rive_core/animati
on/listener_trigger_change.dart:12:51:
           Error: Type 'Vec2D' not found.
             void perform(StateMachineController 
controller, Vec2D position) {
                                                      
       ^^^^^
           /C:/Users/subhabrata/AppData/Local/Pub/Cach
e/hosted/pub.dev/rive-0.12.4/lib/src/rive_core/bones/b
one.dart:74:3:
           Error: Type 'Vec2D' not found.
             Vec2D get tipWorldTranslation => 
getTipWorldTranslation(worldTransform);
             ^^^^^
           /C:/Users/subhabrata/AppData/Local/Pub/Cach
e/hosted/pub.dev/rive-0.12.4/lib/src/rive_core/bones/b
one.dart:76:3:
           Error: Type 'Vec2D' not found.
             Vec2D getTipWorldTranslation(Mat2D 
worldTransform) {
             ^^^^^
           /C:/Users/subhabrata/AppData/Local/Pub/Cach
e/hosted/pub.dev/rive-0.12.4/lib/src/rive_core/bones/b
one.dart:76:32:
           Error: Type 'Mat2D' not found.
             Vec2D getTipWorldTranslation(Mat2D 
worldTransform) {
                                          ^^^^^
           /C:/Users/subhabrata/AppData/Local/Pub/Cach
e/hosted/pub.dev/rive-0.12.4/lib/src/rive_core/bones/c
ubic_weight.dart:7:9:
           Error: Type 'Vec2D' not found.
             final Vec2D inTranslation = Vec2D();
                   ^^^^^
           /C:/Users/subhabrata/AppData/Local/Pub/Cach
e/hosted/pub.dev/rive-0.12.4/lib/src/rive_core/bones/c
ubic_weight.dart:8:9:
           Error: Type 'Vec2D' not found.
             final Vec2D outTranslation = Vec2D();
                   ^^^^^
           /C:/Users/subhabrata/AppData/Local/Pub/Cach
e/hosted/pub.dev/rive-0.12.4/lib/src/rive_core/bones/s
kin.dart:20:9:
           Error: Type 'Mat2D' not found.
             final Mat2D _worldTransform = Mat2D();
                   ^^^^^
           /C:/Users/subhabrata/AppData/Local/Pub/Cach
e/hosted/pub.dev/rive-0.12.4/lib/src/rive_core/bones/t
endon.dart:8:9:
           Error: Type 'Mat2D' not found.
             final Mat2D _bind = Mat2D();
                   ^^^^^
           /C:/Users/subhabrata/AppData/Local/Pub/Cach
e/hosted/pub.dev/rive-0.12.4/lib/src/rive_core/bones/t
endon.dart:9:3:
           Error: Type 'Mat2D' not found.
             Mat2D? _inverseBind;
             ^^^^^
           /C:/Users/subhabrata/AppData/Local/Pub/Cach
e/hosted/pub.dev/rive-0.12.4/lib/src/rive_core/bones/t
endon.dart:13:3:
           Error: Type 'Mat2D' not found.
             Mat2D get inverseBind {
             ^^^^^
           /C:/Users/subhabrata/AppData/Local/Pub/Cach
e/hosted/pub.dev/rive-0.12.4/lib/src/rive_core/bones/w
eight.dart:9:9:
           Error: Type 'Vec2D' not found.
             final Vec2D translation = Vec2D();
                   ^^^^^
           /C:/Users/subhabrata/AppData/Local/Pub/Cach
e/hosted/pub.dev/rive-0.12.4/lib/src/rive_core/bones/w
eight.dart:22:68:
           Error: Type 'Mat2D' not found.
             static void deform(double x, double y, 
int indices, int weights, Mat2D world,
                                                      
                        ^^^^^
           /C:/Users/subhabrata/AppData/Local/Pub/Cach
e/hosted/pub.dev/rive-0.12.4/lib/src/rive_core/bones/w
eight.dart:23:35:
           Error: Type 'Vec2D' not found.
                 Float32List boneTransforms, Vec2D 
result) {
                                             ^^^^^
           /C:/Users/subhabrata/AppData/Local/Pub/Cach
e/hosted/pub.dev/rive-0.12.4/lib/src/rive_core/constra
ints/follow_path_constraint.dart:20:3:
           Error: Type 'Mat2D' not found.
             Mat2D get targetTransform {
             ^^^^^
           /C:/Users/subhabrata/AppData/Local/Pub/Cach
e/hosted/pub.dev/rive-0.12.4/lib/src/rive_core/constra
ints/ik_constraint.dart:174:35:
           Error: Type 'Vec2D' not found.
             void solve1(_BoneChainLink fk1, Vec2D 
worldTargetTranslation) {
                                             ^^^^^
           /C:/Users/subhabrata/AppData/Local/Pub/Cach
e/hosted/pub.dev/rive-0.12.4/lib/src/rive_core/constra
ints/ik_constraint.dart:191:47:
           Error: Type 'Vec2D' not found.
                 _BoneChainLink fk1, _BoneChainLink 
fk2, Vec2D worldTargetTranslation) {
                                                      
   ^^^^^
           /C:/Users/subhabrata/AppData/Local/Pub/Cach
e/hosted/pub.dev/rive-0.12.4/lib/src/rive_core/constra
ints/ik_constraint.dart:272:3:
           Error: Type 'TransformComponents' not 
found.
             TransformComponents transformComponents 
= TransformComponents();
             ^^^^^^^^^^^^^^^^^^^
           /C:/Users/subhabrata/AppData/Local/Pub/Cach
e/hosted/pub.dev/rive-0.12.4/lib/src/rive_core/constra
ints/ik_constraint.dart:273:3:
           Error: Type 'Mat2D' not found.
             Mat2D parentWorldInverse = Mat2D();
             ^^^^^
           /C:/Users/subhabrata/AppData/Local/Pub/Cach
e/hosted/pub.dev/rive-0.12.4/lib/src/rive_core/constra
ints/transform_constraint.dart:14:3:
           Error: Type 'Mat2D' not found.
             Mat2D get targetTransform {
             ^^^^^
           /C:/Users/subhabrata/AppData/Local/Pub/Cach
e/hosted/pub.dev/rive-0.12.4/lib/src/rive_core/shapes/
cubic_asymmetric_vertex.dart:33:3:
           Error: Type 'Vec2D' not found.
             Vec2D? _inPoint;
             ^^^^^
           /C:/Users/subhabrata/AppData/Local/Pub/Cach
e/hosted/pub.dev/rive-0.12.4/lib/src/rive_core/shapes/
cubic_asymmetric_vertex.dart:34:3:
           Error: Type 'Vec2D' not found.
             Vec2D? _outPoint;
             ^^^^^
           /C:/Users/subhabrata/AppData/Local/Pub/Cach
e/hosted/pub.dev/rive-0.12.4/lib/src/rive_core/shapes/
cubic_asymmetric_vertex.dart:23:5:
           Error: Type 'Vec2D' not found.
               Vec2D? inPoint,
               ^^^^^
           /C:/Users/subhabrata/AppData/Local/Pub/Cach
e/hosted/pub.dev/rive-0.12.4/lib/src/rive_core/shapes/
cubic_asymmetric_vertex.dart:24:5:
           Error: Type 'Vec2D' not found.
               Vec2D? outPoint,
               ^^^^^
           /C:/Users/subhabrata/AppData/Local/Pub/Cach
e/hosted/pub.dev/rive-0.12.4/lib/src/rive_core/shapes/
cubic_asymmetric_vertex.dart:37:3:
           Error: Type 'Vec2D' not found.
             Vec2D get outPoint {
             ^^^^^
           /C:/Users/subhabrata/AppData/Local/Pub/Cach
e/hosted/pub.dev/rive-0.12.4/lib/src/rive_core/shapes/
cubic_asymmetric_vertex.dart:44:16:
           Error: Type 'Vec2D' not found.
             set outPoint(Vec2D value) {
                          ^^^^^
           /C:/Users/subhabrata/AppData/Local/Pub/Cach
e/hosted/pub.dev/rive-0.12.4/lib/src/rive_core/shapes/
cubic_asymmetric_vertex.dart:49:3:
           Error: Type 'Vec2D' not found.
             Vec2D get inPoint {
             ^^^^^
           /C:/Users/subhabrata/AppData/Local/Pub/Cach
e/hosted/pub.dev/rive-0.12.4/lib/src/rive_core/shapes/
cubic_asymmetric_vertex.dart:56:15:
           Error: Type 'Vec2D' not found.
             set inPoint(Vec2D value) {
                         ^^^^^
           /C:/Users/subhabrata/AppData/Local/Pub/Cach
e/hosted/pub.dev/rive-0.12.4/lib/src/rive_core/shapes/
cubic_detached_vertex.dart:11:3:
           Error: Type 'Vec2D' not found.
             Vec2D? _inPoint;
             ^^^^^
           /C:/Users/subhabrata/AppData/Local/Pub/Cach
e/hosted/pub.dev/rive-0.12.4/lib/src/rive_core/shapes/
cubic_detached_vertex.dart:12:3:
           Error: Type 'Vec2D' not found.
             Vec2D? _outPoint;
             ^^^^^
           /C:/Users/subhabrata/AppData/Local/Pub/Cach
e/hosted/pub.dev/rive-0.12.4/lib/src/rive_core/shapes/
cubic_detached_vertex.dart:22:5:
           Error: Type 'Vec2D' not found.
               Vec2D? inPoint,
               ^^^^^
           /C:/Users/subhabrata/AppData/Local/Pub/Cach
e/hosted/pub.dev/rive-0.12.4/lib/src/rive_core/shapes/
cubic_detached_vertex.dart:23:5:
           Error: Type 'Vec2D' not found.
               Vec2D? outPoint,
               ^^^^^
           /C:/Users/subhabrata/AppData/Local/Pub/Cach
e/hosted/pub.dev/rive-0.12.4/lib/src/rive_core/shapes/
cubic_detached_vertex.dart:33:3:
           Error: Type 'Vec2D' not found.
             Vec2D get outPoint => _outPoint ??= 
Vec2D.fromValues(
             ^^^^^
           /C:/Users/subhabrata/AppData/Local/Pub/Cach
e/hosted/pub.dev/rive-0.12.4/lib/src/rive_core/shapes/
cubic_detached_vertex.dart:38:16:
           Error: Type 'Vec2D' not found.
             set outPoint(Vec2D value) {
                          ^^^^^
           /C:/Users/subhabrata/AppData/Local/Pub/Cach
e/hosted/pub.dev/rive-0.12.4/lib/src/rive_core/shapes/
cubic_detached_vertex.dart:43:3:
           Error: Type 'Vec2D' not found.
             Vec2D get inPoint => _inPoint ??= 
Vec2D.fromValues(
             ^^^^^
           /C:/Users/subhabrata/AppData/Local/Pub/Cach
e/hosted/pub.dev/rive-0.12.4/lib/src/rive_core/shapes/
cubic_detached_vertex.dart:48:15:
           Error: Type 'Vec2D' not found.
             set inPoint(Vec2D value) {
                         ^^^^^
           /C:/Users/subhabrata/AppData/Local/Pub/Cach
e/hosted/pub.dev/rive-0.12.4/lib/src/rive_core/shapes/
cubic_mirrored_vertex.dart:18:3:
           Error: Type 'Vec2D' not found.
             Vec2D? _inPoint;
             ^^^^^
           /C:/Users/subhabrata/AppData/Local/Pub/Cach
e/hosted/pub.dev/rive-0.12.4/lib/src/rive_core/shapes/
cubic_mirrored_vertex.dart:19:3:
           Error: Type 'Vec2D' not found.
             Vec2D? _outPoint;
             ^^^^^
           /C:/Users/subhabrata/AppData/Local/Pub/Cach
e/hosted/pub.dev/rive-0.12.4/lib/src/rive_core/shapes/
cubic_mirrored_vertex.dart:22:3:
           Error: Type 'Vec2D' not found.
             Vec2D get outPoint {
             ^^^^^
           /C:/Users/subhabrata/AppData/Local/Pub/Cach
e/hosted/pub.dev/rive-0.12.4/lib/src/rive_core/shapes/
cubic_mirrored_vertex.dart:29:16:
           Error: Type 'Vec2D' not found.
             set outPoint(Vec2D value) {
                          ^^^^^
           /C:/Users/subhabrata/AppData/Local/Pub/Cach
e/hosted/pub.dev/rive-0.12.4/lib/src/rive_core/shapes/
cubic_mirrored_vertex.dart:34:3:
           Error: Type 'Vec2D' not found.
             Vec2D get inPoint {
             ^^^^^
           /C:/Users/subhabrata/AppData/Local/Pub/Cach
e/hosted/pub.dev/rive-0.12.4/lib/src/rive_core/shapes/
cubic_mirrored_vertex.dart:41:15:
           Error: Type 'Vec2D' not found.
             set inPoint(Vec2D value) {
                         ^^^^^
           /C:/Users/subhabrata/AppData/Local/Pub/Cach
e/hosted/pub.dev/rive-0.12.4/lib/src/rive_core/shapes/
points_path.dart:20:3:
           Error: Type 'Mat2D' not found.
             Mat2D get pathTransform => skin != null 
? Mat2D.identity : worldTransform;
             ^^^^^
           /C:/Users/subhabrata/AppData/Local/Pub/Cach
e/hosted/pub.dev/rive-0.12.4/lib/src/rive_core/shapes/
points_path.dart:24:3:
           Error: Type 'Mat2D' not found.
             Mat2D get inversePathTransform =>
             ^^^^^
           /C:/Users/subhabrata/AppData/Local/Pub/Cach
e/hosted/pub.dev/rive-0.12.4/lib/src/rive_core/text/te
xt_modifier_range.dart:109:34:
           Error: Type 'TextShapeResult' not found.
             void computeRange(String text, 
TextShapeResult? shape,
                                            
^^^^^^^^^^^^^^^
           /C:/Users/subhabrata/AppData/Local/Pub/Cach
e/hosted/pub.dev/rive-0.12.4/lib/src/rive_core/text/te
xt_modifier_range.dart:110:7:
           Error: Type 'BreakLinesResult' not found.
                 BreakLinesResult? lines, GlyphLookup 
glyphLookup) {
                 ^^^^^^^^^^^^^^^^
           /C:/Users/subhabrata/AppData/Local/Pub/Cach
e/hosted/pub.dev/rive-0.12.4/lib/src/rive_core/text/te
xt_modifier_range.dart:110:32:
           Error: Type 'GlyphLookup' not found.
                 BreakLinesResult? lines, GlyphLookup 
glyphLookup) {
                                          ^^^^^^^^^^^
           /C:/Users/subhabrata/AppData/Local/Pub/Cach
e/hosted/pub.dev/rive-0.12.4/lib/src/rive_core/text/te
xt_modifier_range.dart:362:40:
           Error: Type 'GlyphLookup' not found.
                 String text, int start, int end, 
GlyphLookup glyphLookup,
                                                  
^^^^^^^^^^^
           /C:/Users/subhabrata/AppData/Local/Pub/Cach
e/hosted/pub.dev/rive-0.12.4/lib/src/rive_core/text/te
xt_modifier_range.dart:387:7:
           Error: Type 'TextShapeResult' not found.
                 TextShapeResult shape, 
BreakLinesResult lines, GlyphLookup glyphLookup) {
                 ^^^^^^^^^^^^^^^
           /C:/Users/subhabrata/AppData/Local/Pub/Cach
e/hosted/pub.dev/rive-0.12.4/lib/src/rive_core/text/te
xt_modifier_range.dart:387:30:
           Error: Type 'BreakLinesResult' not found.
                 TextShapeResult shape, 
BreakLinesResult lines, GlyphLookup glyphLookup) {
                                        
^^^^^^^^^^^^^^^^
           /C:/Users/subhabrata/AppData/Local/Pub/Cach
e/hosted/pub.dev/rive-0.12.4/lib/src/rive_core/text/te
xt_modifier_range.dart:387:54:
           Error: Type 'GlyphLookup' not found.
                 TextShapeResult shape, 
BreakLinesResult lines, GlyphLookup glyphLookup) {
                                                      
          ^^^^^^^^^^^
           /C:/Users/subhabrata/AppData/Local/Pub/Cach
e/hosted/pub.dev/rive-0.12.4/lib/src/rive_core/text/te
xt_variation_modifier.dart:24:28:
           Error: Type 'Font' not found.
             double modify(Text text, Font font, 
HashMap<int, double> variations,
                                      ^^^^
           /C:/Users/subhabrata/AppData/Local/Pub/Cach
e/hosted/pub.dev/rive-0.12.4/lib/src/rive_core/constra
ints/constraint.dart:43:1:
           Error: Type 'Mat2D' not found.
           Mat2D parentWorld(TransformComponent 
component) {
           ^^^^^
           /C:/Users/subhabrata/AppData/Local/Pub/Cach
e/hosted/pub.dev/rive-0.12.4/lib/src/rive_core/shapes/
vertex.dart:14:3:
           Error: Type 'Vec2D' not found.
             Vec2D get translation => 
Vec2D.fromValues(x, y);
             ^^^^^
           /C:/Users/subhabrata/AppData/Local/Pub/Cach
e/hosted/pub.dev/rive-0.12.4/lib/src/rive_core/shapes/
vertex.dart:15:3:
           Error: Type 'Vec2D' not found.
             Vec2D get renderTranslation => 
weight?.translation ?? translation;
             ^^^^^
           /C:/Users/subhabrata/AppData/Local/Pub/Cach
e/hosted/pub.dev/rive-0.12.4/lib/src/rive_core/shapes/
vertex.dart:17:19:
           Error: Type 'Vec2D' not found.
             set translation(Vec2D value) {
                             ^^^^^
           /C:/Users/subhabrata/AppData/Local/Pub/Cach
e/hosted/pub.dev/rive-0.12.4/lib/src/rive_core/shapes/
vertex.dart:56:15:
           Error: Type 'Mat2D' not found.
             void deform(Mat2D world, Float32List 
boneTransforms) {
                         ^^^^^
           /C:/Users/subhabrata/AppData/Local/Pub/Cach
e/hosted/pub.dev/rive-0.12.4/lib/src/rive_core/text/te
xt_shape_modifier.dart:10:28:
           Error: Type 'Font' not found.
             double modify(Text text, Font font, 
HashMap<int, double> variations,
                                      ^^^^
           /C:/Users/subhabrata/AppData/Local/Pub/Cach
e/hosted/pub.dev/rive-0.12.4/lib/src/rive_core/constra
ints/transform_space_constraint.dart:9:9:
           Error: Type 'TransformComponents' not 
found.
             final TransformComponents componentsA = 
TransformComponents();
                   ^^^^^^^^^^^^^^^^^^^
           /C:/Users/subhabrata/AppData/Local/Pub/Cach
e/hosted/pub.dev/rive-0.12.4/lib/src/rive_core/constra
ints/transform_space_constraint.dart:10:9:
           Error: Type 'TransformComponents' not 
found.
             final TransformComponents componentsB = 
TransformComponents();
                   ^^^^^^^^^^^^^^^^^^^
           /C:/Users/subhabrata/AppData/Local/Pub/Cach
e/hosted/pub.dev/rive-0.12.4/lib/src/rive_core/shapes/
parametric_path.dart:11:3:
           Error: Type 'Mat2D' not found.
             Mat2D get pathTransform => 
worldTransform;
             ^^^^^
           /C:/Users/subhabrata/AppData/Local/Pub/Cach
e/hosted/pub.dev/rive-0.12.4/lib/src/rive_core/shapes/
parametric_path.dart:14:3:
           Error: Type 'Mat2D' not found.
             Mat2D get inversePathTransform => 
inverseWorldTransform;
             ^^^^^
           lib/src/features/course/pesentation/pages/h
ome/home.dart:27:17:
           Error: Undefined name 'FirebaseAuth'.
             final _user = 
FirebaseAuth.instance.currentUser;
                           ^^^^^^^^^^^^
           lib/firebase_options.dart:43:38:
           Error: Method not found: 'FirebaseOptions'.
             static const FirebaseOptions web = 
FirebaseOptions(
                                                
^^^^^^^^^^^^^^^
           lib/firebase_options.dart:54:42:
           Error: Method not found: 'FirebaseOptions'.
             static const FirebaseOptions android = 
FirebaseOptions(
                                                    
^^^^^^^^^^^^^^^
           lib/firebase_options.dart:63:38:
           Error: Method not found: 'FirebaseOptions'.
             static const FirebaseOptions ios = 
FirebaseOptions(
                                                
^^^^^^^^^^^^^^^
           lib/firebase_options.dart:75:40:
           Error: Method not found: 'FirebaseOptions'.
             static const FirebaseOptions macos = 
FirebaseOptions(
                                                  
^^^^^^^^^^^^^^^
           lib/firebase_options.dart:87:42:
           Error: Method not found: 'FirebaseOptions'.
             static const FirebaseOptions windows = 
FirebaseOptions(
                                                    
^^^^^^^^^^^^^^^
           lib/src/features/course/pesentation/pages/c
ourse_detail/course_detail.dart:21:32:
           Error: A value of type 'Map<dynamic, 
dynamic>' can't be assigned to a variable of type 
'Map<String, invalid-type>'.
            - 'Map' is from 'dart:core'.
               this.sectionPurchaseDate = const {}, 
required int initialTab,
                                          ^
           lib/src/features/course/pesentation/pages/c
ourse_detail/widgets/course_detail_tabbar.dart:23:32:
           Error: A value of type 'Map<dynamic, 
dynamic>' can't be assigned to a variable of type 
'Map<String, invalid-type>'.
            - 'Map' is from 'dart:core'.
               this.sectionPurchaseDate = const {},
                                          ^
           lib/src/features/course/pesentation/pages/c
ourse_detail/widgets/course_detail_lesson_list.dart:17
:32:
           Error: A value of type 'Map<dynamic, 
dynamic>' can't be assigned to a variable of type 
'Map<String, invalid-type>'.
            - 'Map' is from 'dart:core'.
               this.sectionPurchaseDate = const {},
                                          ^
           lib/main.dart:24:11:
           Error: Undefined name 'Firebase'.
               await Firebase.initializeApp(
                     ^^^^^^^^
           lib/main.dart:95:29:
           Error: 'User' isn't a type.
                   home: StreamBuilder<User?>(
                                       ^^^^
           lib/main.dart:96:19:
           Error: The getter 'FirebaseAuth' isn't 
defined for the type 'MyApp'.
            - 'MyApp' is from 
'package:online_course/main.dart' ('lib/main.dart').
                     stream: 
FirebaseAuth.instance.authStateChanges(),
                             ^^^^^^^^^^^^
           lib/firebase_options.dart:43:16:
           Error: 'FirebaseOptions' isn't a type.
             static const FirebaseOptions web = 
FirebaseOptions(
                          ^^^^^^^^^^^^^^^
           lib/firebase_options.dart:54:16:
           Error: 'FirebaseOptions' isn't a type.
             static const FirebaseOptions android = 
FirebaseOptions(
                          ^^^^^^^^^^^^^^^
           lib/firebase_options.dart:63:16:
           Error: 'FirebaseOptions' isn't a type.
             static const FirebaseOptions ios = 
FirebaseOptions(
                          ^^^^^^^^^^^^^^^
           lib/firebase_options.dart:75:16:
           Error: 'FirebaseOptions' isn't a type.
             static const FirebaseOptions macos = 
FirebaseOptions(
                          ^^^^^^^^^^^^^^^
           lib/firebase_options.dart:87:16:
           Error: 'FirebaseOptions' isn't a type.
             static const FirebaseOptions windows = 
FirebaseOptions(
                          ^^^^^^^^^^^^^^^
           lib/src/features/onboarding/presentation/on
boarding_screen.dart:27:9:
           Error: 'FirebaseAuth' isn't a type.
             final FirebaseAuth _auth = 
FirebaseAuth.instance;
                   ^^^^^^^^^^^^
           lib/src/features/onboarding/presentation/on
boarding_screen.dart:27:30:
           Error: Undefined name 'FirebaseAuth'.
             final FirebaseAuth _auth = 
FirebaseAuth.instance;
                                        ^^^^^^^^^^^^
           lib/src/features/onboarding/presentation/on
boarding_screen.dart:428:17:
           Error: 'User' isn't a type.
             void navigete(User user) async {
                           ^^^^
           lib/src/features/onboarding/presentation/on
boarding_screen.dart:430:30:
           Error: The getter 'FirebaseFirestore' 
isn't defined for the type '_OnboardingScreenState'.
            - '_OnboardingScreenState' is from 'packag
e:online_course/src/features/onboarding/presentation/o
nboarding_screen.dart' ('lib/src/features/onboarding/p
resentation/onboarding_screen.dart').
                 final userData = await 
FirebaseFirestore.instance
                                        
^^^^^^^^^^^^^^^^^
           lib/src/features/onboarding/presentation/on
boarding_screen.dart:481:20:
           Error: The getter 'FirebaseAuth' isn't 
defined for the type '_OnboardingScreenState'.
            - '_OnboardingScreenState' is from 'packag
e:online_course/src/features/onboarding/presentation/o
nboarding_screen.dart' ('lib/src/features/onboarding/p
resentation/onboarding_screen.dart').
                 final user = 
FirebaseAuth.instance.currentUser;
                              ^^^^^^^^^^^^
           lib/src/features/login/presentation/auth_ga
te.dart:18:26:
           Error: 'DocumentSnapshot' isn't a type.
               return StreamBuilder<DocumentSnapshot>(
                                    ^^^^^^^^^^^^^^^^
           lib/src/features/login/presentation/auth_ga
te.dart:15:18:
           Error: The getter 'FirebaseAuth' isn't 
defined for the type 'AuthGate'.
            - 'AuthGate' is from 'package:online_cours
e/src/features/login/presentation/auth_gate.dart' ('li
b/src/features/login/presentation/auth_gate.dart').
               final user = 
FirebaseAuth.instance.currentUser!;
                            ^^^^^^^^^^^^
           lib/src/features/login/presentation/auth_ga
te.dart:19:15:
           Error: The getter 'FirebaseFirestore' 
isn't defined for the type 'AuthGate'.
            - 'AuthGate' is from 'package:online_cours
e/src/features/login/presentation/auth_gate.dart' ('li
b/src/features/login/presentation/auth_gate.dart').
                 stream: FirebaseFirestore.instance.co
llection('users').doc(user.uid).snapshots(),
                         ^^^^^^^^^^^^^^^^^
           /C:/Users/subhabrata/AppData/Local/Pub/Cach
e/hosted/pub.dev/cloud_firestore_web-5.1.1/lib/cloud_f
irestore_web.dart:56:25:
           Error: 'FirebaseApp' isn't a type.
             FirebaseFirestoreWeb({FirebaseApp? app, 
String? databaseId})
                                   ^^^^^^^^^^^
           /C:/Users/subhabrata/AppData/Local/Pub/Cach
e/hosted/pub.dev/cloud_firestore_web-5.1.1/lib/cloud_f
irestore_web.dart:63:17:
           Error: 'FirebaseApp' isn't a type.
                 {required FirebaseApp app, required 
String databaseId}) {
                           ^^^^^^^^^^^
           /C:/Users/subhabrata/AppData/Local/Pub/Cach
e/hosted/pub.dev/firebase_auth_web-6.1.1/lib/firebase_
auth_web.dart:44:29:
           Error: 'FirebaseApp' isn't a type.
             FirebaseAuthWeb({required FirebaseApp 
app}) : super(appInstance: app) {
                                       ^^^^^^^^^^^
           /C:/Users/subhabrata/AppData/Local/Pub/Cach
e/hosted/pub.dev/firebase_auth_web-6.1.1/lib/firebase_
auth_web.dart:216:46:
           Error: 'FirebaseApp' isn't a type.
             FirebaseAuthPlatform 
delegateFor({required FirebaseApp app}) {
                                                      
  ^^^^^^^^^^^
           /C:/Users/subhabrata/AppData/Local/Pub/Cach
e/hosted/pub.dev/firebase_database_web-0.2.7+2/lib/fir
ebase_database_web.dart:60:17:
           Error: 'FirebaseApp' isn't a type.
                 {required FirebaseApp app, String? 
databaseURL}) {
                           ^^^^^^^^^^^
           /C:/Users/subhabrata/AppData/Local/Pub/Cach
e/hosted/pub.dev/firebase_database_web-0.2.7+2/lib/fir
ebase_database_web.dart:122:7:
           Error: 'FirebaseException' isn't a type.
                 FirebaseException exception = 
convertFirebaseDatabaseException(e);
                 ^^^^^^^^^^^^^^^^^
           /C:/Users/subhabrata/AppData/Local/Pub/Cach
e/hosted/pub.dev/firebase_database_web-0.2.7+2/lib/src
/query_web.dart:129:55:
           Error: The getter 'Firebase' isn't defined 
for the type 'QueryWeb'.
            - 'QueryWeb' is from 'package:firebase_dat
abase_web/firebase_database_web.dart' ('/C:/Users/subh
abrata/AppData/Local/Pub/Cache/hosted/pub.dev/firebase
_database_web-0.2.7+2/lib/firebase_database_web.dart')
.
                   _database.app != null ? 
_database.app!.name : Firebase.app().name;
                                                      
           ^^^^^^^^
           /C:/Users/subhabrata/AppData/Local/Pub/Cach
e/hosted/pub.dev/firebase_database_web-0.2.7+2/lib/src
/utils/exception.dart:36:10:
           Error: Method not found: 
'FirebaseException'.
             return FirebaseException(
                    ^^^^^^^^^^^^^^^^^
           lib/src/features/course/data/datasources/co
urse_remote_data_source.dart:24:7:
           Error: 'QuerySnapshot' isn't a type.
                 QuerySnapshot querySnapshot = await 
FirebaseFirestore.instance
                 ^^^^^^^^^^^^^
           lib/src/features/course/data/datasources/co
urse_remote_data_source.dart:24:43:
           Error: The getter 'FirebaseFirestore' 
isn't defined for the type 
'CourseRemoteDataSourceImpl'.
            - 'CourseRemoteDataSourceImpl' is from 'pa
ckage:online_course/src/features/course/data/datasourc
es/course_remote_data_source.dart' ('lib/src/features/
course/data/datasources/course_remote_data_source.dart
').
                 QuerySnapshot querySnapshot = await 
FirebaseFirestore.instance
                                                     
^^^^^^^^^^^^^^^^^
           lib/src/features/course/data/datasources/co
urse_remote_data_source.dart:63:7:
           Error: 'QuerySnapshot' isn't a type.
                 QuerySnapshot querySnapshot = await 
FirebaseFirestore.instance
                 ^^^^^^^^^^^^^
           lib/src/features/course/data/datasources/co
urse_remote_data_source.dart:63:43:
           Error: The getter 'FirebaseFirestore' 
isn't defined for the type 
'CourseRemoteDataSourceImpl'.
            - 'CourseRemoteDataSourceImpl' is from 'pa
ckage:online_course/src/features/course/data/datasourc
es/course_remote_data_source.dart' ('lib/src/features/
course/data/datasources/course_remote_data_source.dart
').
                 QuerySnapshot querySnapshot = await 
FirebaseFirestore.instance
                                                     
^^^^^^^^^^^^^^^^^
           lib/src/features/course/data/datasources/co
urse_remote_data_source.dart:98:7:
           Error: 'QuerySnapshot' isn't a type.
                 QuerySnapshot querySnapshot = await 
FirebaseFirestore.instance
                 ^^^^^^^^^^^^^
           lib/src/features/course/data/datasources/co
urse_remote_data_source.dart:98:43:
           Error: The getter 'FirebaseFirestore' 
isn't defined for the type 
'CourseRemoteDataSourceImpl'.
            - 'CourseRemoteDataSourceImpl' is from 'pa
ckage:online_course/src/features/course/data/datasourc
es/course_remote_data_source.dart' ('lib/src/features/
course/data/datasources/course_remote_data_source.dart
').
                 QuerySnapshot querySnapshot = await 
FirebaseFirestore.instance
                                                     
^^^^^^^^^^^^^^^^^
           lib/core/services/auth_service.dart:6:3:
           Error: 'User' isn't a type.
             User? user = 
FirebaseAuth.instance.currentUser;
             ^^^^
           lib/core/services/auth_service.dart:6:16:
           Error: Undefined name 'FirebaseAuth'.
             User? user = 
FirebaseAuth.instance.currentUser;
                          ^^^^^^^^^^^^
           lib/core/services/auth_service.dart:9:12:
           Error: Undefined name 'FirebaseAuth'.
               return 
FirebaseAuth.instance.currentUser;
                      ^^^^^^^^^^^^
           lib/core/services/auth_service.dart:13:5:
           Error: 'FirebaseAuth' isn't a type.
               FirebaseAuth auth = 
FirebaseAuth.instance;
               ^^^^^^^^^^^^
           lib/core/services/auth_service.dart:13:25:
           Error: The getter 'FirebaseAuth' isn't 
defined for the type 'AuthService'.
            - 'AuthService' is from 'package:online_co
urse/core/services/auth_service.dart' 
('lib/core/services/auth_service.dart').
               FirebaseAuth auth = 
FirebaseAuth.instance;
                                   ^^^^^^^^^^^^
           lib/core/services/auth_service.dart:31:5:
           Error: 'FirebaseAuth' isn't a type.
               FirebaseAuth auth = 
FirebaseAuth.instance;
               ^^^^^^^^^^^^
           lib/core/services/auth_service.dart:36:9:
           Error: 'GoogleAuthProvider' isn't a type.
                   GoogleAuthProvider authProvider = 
GoogleAuthProvider();
                   ^^^^^^^^^^^^^^^^^^
           lib/core/services/auth_service.dart:75:15:
           Error: 'AuthCredential' isn't a type.
                   final AuthCredential credential = 
GoogleAuthProvider.credential(
                         ^^^^^^^^^^^^^^
           lib/core/services/auth_service.dart:82:17:
           Error: 'UserCredential' isn't a type.
                     final UserCredential 
userCredential =
                           ^^^^^^^^^^^^^^
           lib/core/services/auth_service.dart:89:14:
           Error: 'FirebaseAuthException' isn't a 
type.
                   } on FirebaseAuthException catch 
(e) {
                        ^^^^^^^^^^^^^^^^^^^^^
           lib/core/services/auth_service.dart:31:25:
           Error: The getter 'FirebaseAuth' isn't 
defined for the type 'AuthService'.
            - 'AuthService' is from 'package:online_co
urse/core/services/auth_service.dart' 
('lib/core/services/auth_service.dart').
               FirebaseAuth auth = 
FirebaseAuth.instance;
                                   ^^^^^^^^^^^^
           lib/core/services/auth_service.dart:36:43:
           Error: The method 'GoogleAuthProvider' 
isn't defined for the type 'AuthService'.
            - 'AuthService' is from 'package:online_co
urse/core/services/auth_service.dart' 
('lib/core/services/auth_service.dart').
                   GoogleAuthProvider authProvider = 
GoogleAuthProvider();
                                                     
^^^^^^^^^^^^^^^^^^
           lib/core/services/auth_service.dart:75:43:
           Error: The getter 'GoogleAuthProvider' 
isn't defined for the type 'AuthService'.
            - 'AuthService' is from 'package:online_co
urse/core/services/auth_service.dart' 
('lib/core/services/auth_service.dart').
                   final AuthCredential credential = 
GoogleAuthProvider.credential(
                                                     
^^^^^^^^^^^^^^^^^^
           lib/src/features/collection_form/collection
_form.dart:53:15:
           Error: The getter 'FirebaseFirestore' 
isn't defined for the type '_CollectionFormState'.
            - '_CollectionFormState' is from 'package:
online_course/src/features/collection_form/collection_
form.dart' ('lib/src/features/collection_form/collecti
on_form.dart').
                   await FirebaseFirestore.instance
                         ^^^^^^^^^^^^^^^^^
           lib/src/features/collection_form/collection
_form.dart:56:28:
           Error: The method 'SetOptions' isn't 
defined for the type '_CollectionFormState'.
            - '_CollectionFormState' is from 'package:
online_course/src/features/collection_form/collection_
form.dart' ('lib/src/features/collection_form/collecti
on_form.dart').
                       .set(formData, 
SetOptions(merge: true));
                                      ^^^^^^^^^^
           lib/src/features/onboarding/presentation/sy
llabus_setup_screen.dart:118:26:
           Error: The getter 'FirebaseFirestore' 
isn't defined for the type 
'_StudentOnboardingPageState'.
            - '_StudentOnboardingPageState' is from 'p
ackage:online_course/src/features/onboarding/presentat
ion/syllabus_setup_screen.dart' ('lib/src/features/onb
oarding/presentation/syllabus_setup_screen.dart').
                 final snap = await 
FirebaseFirestore.instance
                                    ^^^^^^^^^^^^^^^^^
           lib/src/features/onboarding/presentation/sy
llabus_setup_screen.dart:131:26:
           Error: The getter 'FirebaseFirestore' 
isn't defined for the type 
'_StudentOnboardingPageState'.
            - '_StudentOnboardingPageState' is from 'p
ackage:online_course/src/features/onboarding/presentat
ion/syllabus_setup_screen.dart' ('lib/src/features/onb
oarding/presentation/syllabus_setup_screen.dart').
                 final snap = await 
FirebaseFirestore.instance
                                    ^^^^^^^^^^^^^^^^^
           lib/src/features/onboarding/presentation/sy
llabus_setup_screen.dart:190:13:
           Error: The getter 'FirebaseFirestore' 
isn't defined for the type 
'_StudentOnboardingPageState'.
            - '_StudentOnboardingPageState' is from 'p
ackage:online_course/src/features/onboarding/presentat
ion/syllabus_setup_screen.dart' ('lib/src/features/onb
oarding/presentation/syllabus_setup_screen.dart').
                 await FirebaseFirestore.instance.coll
ection('users').doc(widget.userId).set({
                       ^^^^^^^^^^^^^^^^^
           lib/src/features/onboarding/presentation/sy
llabus_setup_screen.dart:205:22:
           Error: The getter 'FieldValue' isn't 
defined for the type '_StudentOnboardingPageState'.
            - '_StudentOnboardingPageState' is from 'p
ackage:online_course/src/features/onboarding/presentat
ion/syllabus_setup_screen.dart' ('lib/src/features/onb
oarding/presentation/syllabus_setup_screen.dart').
                   'updatedAt': 
FieldValue.serverTimestamp(),
                                ^^^^^^^^^^
           lib/src/features/onboarding/presentation/sy
llabus_setup_screen.dart:206:10:
           Error: The method 'SetOptions' isn't 
defined for the type '_StudentOnboardingPageState'.
            - '_StudentOnboardingPageState' is from 'p
ackage:online_course/src/features/onboarding/presentat
ion/syllabus_setup_screen.dart' ('lib/src/features/onb
oarding/presentation/syllabus_setup_screen.dart').
                 }, SetOptions(merge: true));
                    ^^^^^^^^^^
           lib/src/features/onboarding/presentation/sy
llabus_setup_screen.dart:760:29:
           Error: 'DocumentSnapshot' isn't a type.
             factory 
_DropItem.fromDoc(DocumentSnapshot doc) {
                                       
^^^^^^^^^^^^^^^^
           lib/src/features/onboarding/presentation/sy
llabus_setup_screen.dart:840:26:
           Error: The getter 'FirebaseFirestore' 
isn't defined for the type 
'_StudentDashboardPageState'.
            - '_StudentDashboardPageState' is from 'pa
ckage:online_course/src/features/onboarding/presentati
on/syllabus_setup_screen.dart' ('lib/src/features/onbo
arding/presentation/syllabus_setup_screen.dart').
                 final snap = await 
FirebaseFirestore.instance
                                    ^^^^^^^^^^^^^^^^^
           lib/src/features/onboarding/presentation/sy
llabus_setup_screen.dart:864:13:
           Error: The getter 'FirebaseFirestore' 
isn't defined for the type 
'_StudentDashboardPageState'.
            - '_StudentDashboardPageState' is from 'pa
ckage:online_course/src/features/onboarding/presentati
on/syllabus_setup_screen.dart' ('lib/src/features/onbo
arding/presentation/syllabus_setup_screen.dart').
                 await FirebaseFirestore.instance.coll
ection('users').doc(widget.userId).update({
                       ^^^^^^^^^^^^^^^^^
           lib/src/features/onboarding/presentation/sy
llabus_setup_screen.dart:984:30:
           Error: 'QuerySnapshot' isn't a type.
                   child: 
StreamBuilder<QuerySnapshot>(
                                        ^^^^^^^^^^^^^
           lib/src/features/onboarding/presentation/sy
llabus_setup_screen.dart:986:19:
           Error: The getter 'FirebaseFirestore' 
isn't defined for the type 
'_StudentDashboardPageState'.
            - '_StudentDashboardPageState' is from 'pa
ckage:online_course/src/features/onboarding/presentati
on/syllabus_setup_screen.dart' ('lib/src/features/onbo
arding/presentation/syllabus_setup_screen.dart').
                     stream: FirebaseFirestore.instanc
e.collection('syllabus_nodes')
                             ^^^^^^^^^^^^^^^^^
           lib/src/features/onboarding/presentation/sy
llabus_setup_screen.dart:1065:26:
           Error: 'DocumentSnapshot' isn't a type.
               return FutureBuilder<DocumentSnapshot>(
                                    ^^^^^^^^^^^^^^^^
           lib/src/features/onboarding/presentation/sy
llabus_setup_screen.dart:1156:27:
           Error: 'QuerySnapshot' isn't a type.
                       StreamBuilder<QuerySnapshot>(
                                     ^^^^^^^^^^^^^
           lib/src/features/onboarding/presentation/sy
llabus_setup_screen.dart:1066:15:
           Error: The getter 'FirebaseFirestore' 
isn't defined for the type 
'_StudentDashboardPageState'.
            - '_StudentDashboardPageState' is from 'pa
ckage:online_course/src/features/onboarding/presentati
on/syllabus_setup_screen.dart' ('lib/src/features/onbo
arding/presentation/syllabus_setup_screen.dart').
                 future: FirebaseFirestore.instance.co
llection('users').doc(widget.userId).get(),
                         ^^^^^^^^^^^^^^^^^
           lib/src/features/onboarding/presentation/sy
llabus_setup_screen.dart:1157:23:
           Error: The getter 'FirebaseFirestore' 
isn't defined for the type 
'_StudentDashboardPageState'.
            - '_StudentDashboardPageState' is from 'pa
ckage:online_course/src/features/onboarding/presentati
on/syllabus_setup_screen.dart' ('lib/src/features/onbo
arding/presentation/syllabus_setup_screen.dart').
                         stream: FirebaseFirestore.ins
tance.collection('syllabus_nodes')
                                 ^^^^^^^^^^^^^^^^^
           lib/src/features/onboarding/presentation/sy
llabus_setup_screen.dart:1359:21:
           Error: The getter 'FirebaseFirestore' 
isn't defined for the type 
'_StudentDashboardPageState'.
            - '_StudentDashboardPageState' is from 'pa
ckage:online_course/src/features/onboarding/presentati
on/syllabus_setup_screen.dart' ('lib/src/features/onbo
arding/presentation/syllabus_setup_screen.dart').
                         await 
FirebaseFirestore.instance
                               ^^^^^^^^^^^^^^^^^
           lib/src/features/onboarding/presentation/sy
llabus_setup_screen.dart:1555:26:
           Error: 'DocumentSnapshot' isn't a type.
               return StreamBuilder<DocumentSnapshot>(
                                    ^^^^^^^^^^^^^^^^
           lib/src/features/onboarding/presentation/sy
llabus_setup_screen.dart:1549:18:
           Error: The getter 'FirebaseAuth' isn't 
defined for the type 'DashboardLoader'.
            - 'DashboardLoader' is from 'package:onlin
e_course/src/features/onboarding/presentation/syllabus
_setup_screen.dart' ('lib/src/features/onboarding/pres
entation/syllabus_setup_screen.dart').
               final user = 
FirebaseAuth.instance.currentUser;
                            ^^^^^^^^^^^^
           lib/src/features/onboarding/presentation/sy
llabus_setup_screen.dart:1556:15:
           Error: The getter 'FirebaseFirestore' 
isn't defined for the type 'DashboardLoader'.
            - 'DashboardLoader' is from 'package:onlin
e_course/src/features/onboarding/presentation/syllabus
_setup_screen.dart' ('lib/src/features/onboarding/pres
entation/syllabus_setup_screen.dart').
                 stream: FirebaseFirestore.instance.co
llection('users').doc(user.uid).snapshots(),
                         ^^^^^^^^^^^^^^^^^
           lib/src/features/onboarding/presentation/sy
llabus_setup_screen.dart:1685:26:
           Error: 'DocumentSnapshot' isn't a type.
               return FutureBuilder<DocumentSnapshot>(
                                    ^^^^^^^^^^^^^^^^
           lib/src/features/onboarding/presentation/sy
llabus_setup_screen.dart:1686:15:
           Error: The getter 'FirebaseFirestore' 
isn't defined for the type '_SubjectCard'.
            - '_SubjectCard' is from 'package:online_c
ourse/src/features/onboarding/presentation/syllabus_se
tup_screen.dart' ('lib/src/features/onboarding/present
ation/syllabus_setup_screen.dart').
                 future: FirebaseFirestore.instance
                         ^^^^^^^^^^^^^^^^^
           lib/src/features/onboarding/presentation/sy
llabus_setup_screen.dart:1687:36:
           Error: The getter 'FirebaseAuth' isn't 
defined for the type '_SubjectCard'.
            - '_SubjectCard' is from 'package:online_c
ourse/src/features/onboarding/presentation/syllabus_se
tup_screen.dart' ('lib/src/features/onboarding/present
ation/syllabus_setup_screen.dart').
                     .collection('users').doc(Firebase
Auth.instance.currentUser?.uid).get(),
                                              
^^^^^^^^^^^^
           lib/src/features/onboarding/presentation/sy
llabus_setup_screen.dart:1697:26:
           Error: The getter 'FirebaseAuth' isn't 
defined for the type '_SubjectCard'.
            - '_SubjectCard' is from 'package:online_c
ourse/src/features/onboarding/presentation/syllabus_se
tup_screen.dart' ('lib/src/features/onboarding/present
ation/syllabus_setup_screen.dart').
                       final user = 
FirebaseAuth.instance.currentUser;
                                    ^^^^^^^^^^^^
           lib/src/features/onboarding/presentation/sy
llabus_setup_screen.dart:1699:35:
           Error: The getter 'FirebaseFirestore' 
isn't defined for the type '_SubjectCard'.
            - '_SubjectCard' is from 'package:online_c
ourse/src/features/onboarding/presentation/syllabus_se
tup_screen.dart' ('lib/src/features/onboarding/present
ation/syllabus_setup_screen.dart').
                       final userDoc = await FirebaseF
irestore.instance.collection('users').doc(user.uid).ge
t();
                                             
^^^^^^^^^^^^^^^^^
           lib/src/features/onboarding/presentation/sy
llabus_setup_screen.dart:1864:18:
           Error: The getter 'FirebaseAuth' isn't 
defined for the type 
'_PremiumPaymentBottomSheetState'.
            - '_PremiumPaymentBottomSheetState' is 
from 'package:online_course/src/features/onboarding/pr
esentation/syllabus_setup_screen.dart' ('lib/src/featu
res/onboarding/presentation/syllabus_setup_screen.dart
').
               final user = 
FirebaseAuth.instance.currentUser;
                            ^^^^^^^^^^^^
           lib/src/features/onboarding/presentation/sy
llabus_setup_screen.dart:1866:13:
           Error: The getter 'FirebaseFirestore' 
isn't defined for the type 
'_PremiumPaymentBottomSheetState'.
            - '_PremiumPaymentBottomSheetState' is 
from 'package:online_course/src/features/onboarding/pr
esentation/syllabus_setup_screen.dart' ('lib/src/featu
res/onboarding/presentation/syllabus_setup_screen.dart
').
                 await FirebaseFirestore.instance.coll
ection('users').doc(user.uid).set(
                       ^^^^^^^^^^^^^^^^^
           lib/src/features/onboarding/presentation/sy
llabus_setup_screen.dart:1867:34:
           Error: The getter 'FieldValue' isn't 
defined for the type 
'_PremiumPaymentBottomSheetState'.
            - '_PremiumPaymentBottomSheetState' is 
from 'package:online_course/src/features/onboarding/pr
esentation/syllabus_setup_screen.dart' ('lib/src/featu
res/onboarding/presentation/syllabus_setup_screen.dart
').
                     {'purchased_subjects': 
FieldValue.arrayUnion([widget.subjectId])},
                                            ^^^^^^^^^^
           lib/src/features/onboarding/presentation/sy
llabus_setup_screen.dart:1868:11:
           Error: The method 'SetOptions' isn't 
defined for the type 
'_PremiumPaymentBottomSheetState'.
            - '_PremiumPaymentBottomSheetState' is 
from 'package:online_course/src/features/onboarding/pr
esentation/syllabus_setup_screen.dart' ('lib/src/featu
res/onboarding/presentation/syllabus_setup_screen.dart
').
                     SetOptions(merge: true));
                     ^^^^^^^^^^
           lib/src/features/onboarding/presentation/sy
llabus_setup_screen.dart:2029:25:
           Error: The getter 'FirebaseFirestore' 
isn't defined for the type 
'_FreeSubjectDetailsScreenState'.
            - '_FreeSubjectDetailsScreenState' is 
from 'package:online_course/src/features/onboarding/pr
esentation/syllabus_setup_screen.dart' ('lib/src/featu
res/onboarding/presentation/syllabus_setup_screen.dart
').
                 final doc = await 
FirebaseFirestore.instance
                                   ^^^^^^^^^^^^^^^^^
           lib/src/features/course/pesentation/pages/q
uiz/quiz_page.dart:236:36:
           Error: 'QuerySnapshot' isn't a type.
                         child: 
StreamBuilder<QuerySnapshot>(
                                              
^^^^^^^^^^^^^
           lib/src/features/course/pesentation/pages/q
uiz/quiz_page.dart:237:25:
           Error: The getter 'FirebaseFirestore' 
isn't defined for the type '_QuizMainPageState'.
            - '_QuizMainPageState' is from 'package:on
line_course/src/features/course/pesentation/pages/quiz
/quiz_page.dart' ('lib/src/features/course/pesentation
/pages/quiz/quiz_page.dart').
                           stream: FirebaseFirestore.i
nstance.collection('exams').snapshots(),
                                   ^^^^^^^^^^^^^^^^^
           lib/src/features/course/pesentation/pages/m
y_course/my_course.dart:32:5:
           Error: 'User' isn't a type.
               User? user = 
FirebaseAuth.instance.currentUser;
               ^^^^
           lib/src/features/course/pesentation/pages/m
y_course/my_course.dart:32:18:
           Error: The getter 'FirebaseAuth' isn't 
defined for the type '_MyCoursePageState'.
            - '_MyCoursePageState' is from 'package:on
line_course/src/features/course/pesentation/pages/my_c
ourse/my_course.dart' ('lib/src/features/course/pesent
ation/pages/my_course/my_course.dart').
               User? user = 
FirebaseAuth.instance.currentUser;
                            ^^^^^^^^^^^^
           lib/src/features/course/pesentation/pages/m
y_course/my_course.dart:35:46:
           Error: The getter 'FirebaseFirestore' 
isn't defined for the type '_MyCoursePageState'.
            - '_MyCoursePageState' is from 'package:on
line_course/src/features/course/pesentation/pages/my_c
ourse/my_course.dart' ('lib/src/features/course/pesent
ation/pages/my_course/my_course.dart').
                 final purchasedCoursesSnapshot = 
await FirebaseFirestore.instance
                                                      
  ^^^^^^^^^^^^^^^^^
           lib/src/features/course/pesentation/pages/h
ome/home.dart:192:25:
           Error: The getter 'FirebaseFirestore' 
isn't defined for the type '_HomePageState'.
            - '_HomePageState' is from 'package:online
_course/src/features/course/pesentation/pages/home/hom
e.dart' ('lib/src/features/course/pesentation/pages/ho
me/home.dart').
                 final doc = await 
FirebaseFirestore.instance
                                   ^^^^^^^^^^^^^^^^^
           lib/src/features/course/pesentation/pages/h
ome/home.dart:212:20:
           Error: The getter 'FirebaseAuth' isn't 
defined for the type '_HomePageState'.
            - '_HomePageState' is from 'package:online
_course/src/features/course/pesentation/pages/home/hom
e.dart' ('lib/src/features/course/pesentation/pages/ho
me/home.dart').
                 final user = 
FirebaseAuth.instance.currentUser;
                              ^^^^^^^^^^^^
           lib/src/features/course/pesentation/pages/h
ome/home.dart:215:13:
           Error: The getter 'FirebaseFirestore' 
isn't defined for the type '_HomePageState'.
            - '_HomePageState' is from 'package:online
_course/src/features/course/pesentation/pages/home/hom
e.dart' ('lib/src/features/course/pesentation/pages/ho
me/home.dart').
                 await FirebaseFirestore.instance.coll
ection('users').doc(user.uid).set({
                       ^^^^^^^^^^^^^^^^^
           lib/src/features/course/pesentation/pages/h
ome/home.dart:220:10:
           Error: The method 'SetOptions' isn't 
defined for the type '_HomePageState'.
            - '_HomePageState' is from 'package:online
_course/src/features/course/pesentation/pages/home/hom
e.dart' ('lib/src/features/course/pesentation/pages/ho
me/home.dart').
                 }, SetOptions(merge: true));
                    ^^^^^^^^^^
           lib/src/features/course/pesentation/pages/h
ome/home.dart:229:5:
           Error: The getter 'FirebaseFirestore' 
isn't defined for the type '_HomePageState'.
            - '_HomePageState' is from 'package:online
_course/src/features/course/pesentation/pages/home/hom
e.dart' ('lib/src/features/course/pesentation/pages/ho
me/home.dart').
               FirebaseFirestore.instance
               ^^^^^^^^^^^^^^^^^
           /C:/Users/subhabrata/AppData/Local/Pub/Cach
e/hosted/pub.dev/cloud_firestore_web-5.1.1/lib/src/int
erop/firestore.dart:212:13:
           Error: The method 'FirebaseException' 
isn't defined for the type 'Firestore'.
            - 'Firestore' is from 'package:cloud_fires
tore_web/src/interop/firestore.dart' ('/C:/Users/subha
brata/AppData/Local/Pub/Cache/hosted/pub.dev/cloud_fir
estore_web-5.1.1/lib/src/interop/firestore.dart').
                 throw FirebaseException(
                       ^^^^^^^^^^^^^^^^^
           /C:/Users/subhabrata/AppData/Local/Pub/Cach
e/hosted/pub.dev/cloud_firestore_web-5.1.1/lib/src/int
erop/firestore.dart:268:13:
           Error: The method 'FirebaseException' 
isn't defined for the type 'LoadBundleTask'.
            - 'LoadBundleTask' is from 'package:cloud_
firestore_web/src/interop/firestore.dart' ('/C:/Users/
subhabrata/AppData/Local/Pub/Cache/hosted/pub.dev/clou
d_firestore_web-5.1.1/lib/src/interop/firestore.dart')
.
                       FirebaseException(
                       ^^^^^^^^^^^^^^^^^
           lib/src/features/course/data/models/news_mo
del.dart:32:35:
           Error: 'DocumentSnapshot' isn't a type.
             factory 
NewsModel.fromFirestore(DocumentSnapshot doc) {
                                             
^^^^^^^^^^^^^^^^
           lib/src/features/course/data/models/news_mo
del.dart:37:49:
           Error: 'Timestamp' isn't a type.
               if (data['date'] != null && 
data['date'] is Timestamp) {
                                                      
     ^^^^^^^^^
           lib/src/features/course/data/models/news_mo
del.dart:38:37:
           Error: 'Timestamp' isn't a type.
                 parsedDate = (data['date'] as 
Timestamp).toDate();
                                               
^^^^^^^^^
           lib/src/features/course/data/models/news_mo
del.dart:39:66:
           Error: 'Timestamp' isn't a type.
               } else if (data['createdAt'] != null 
&& data['createdAt'] is Timestamp) {
                                                      
                      ^^^^^^^^^
           lib/src/features/course/data/models/news_mo
del.dart:40:42:
           Error: 'Timestamp' isn't a type.
                 parsedDate = (data['createdAt'] as 
Timestamp).toDate();
                                                    
^^^^^^^^^
           lib/src/features/course/data/models/news_mo
del.dart:47:59:
           Error: 'Timestamp' isn't a type.
               if (data['createdAt'] != null && 
data['createdAt'] is Timestamp) {
                                                      
               ^^^^^^^^^
           lib/src/features/course/data/models/news_mo
del.dart:48:47:
           Error: 'Timestamp' isn't a type.
                 parsedCreatedAt = (data['createdAt'] 
as Timestamp).toDate();
                                                      
   ^^^^^^^^^
           lib/src/features/course/data/models/news_mo
del.dart:74:15:
           Error: The getter 'Timestamp' isn't 
defined for the type 'NewsModel'.
            - 'NewsModel' is from 'package:online_cour
se/src/features/course/data/models/news_model.dart' ('
lib/src/features/course/data/models/news_model.dart').
                 'date': Timestamp.fromDate(date),
                         ^^^^^^^^^
           lib/src/features/course/data/models/news_mo
del.dart:78:20:
           Error: The getter 'Timestamp' isn't 
defined for the type 'NewsModel'.
            - 'NewsModel' is from 'package:online_cour
se/src/features/course/data/models/news_model.dart' ('
lib/src/features/course/data/models/news_model.dart').
                 'createdAt': 
Timestamp.fromDate(createdAt),
                              ^^^^^^^^^
           lib/core/services/news_service.dart:6:9:
           Error: 'FirebaseFirestore' isn't a type.
             final FirebaseFirestore _firestore = 
FirebaseFirestore.instance;
                   ^^^^^^^^^^^^^^^^^
           lib/core/services/news_service.dart:6:40:
           Error: Undefined name 'FirebaseFirestore'.
             final FirebaseFirestore _firestore = 
FirebaseFirestore.instance;
                                                  
^^^^^^^^^^^^^^^^^
           lib/core/services/news_service.dart:35:7:
           Error: 'QuerySnapshot' isn't a type.
                 QuerySnapshot snapshot = await 
_firestore
                 ^^^^^^^^^^^^^
           lib/core/services/news_service.dart:61:7:
           Error: 'QuerySnapshot' isn't a type.
                 QuerySnapshot snapshot = await 
_firestore
                 ^^^^^^^^^^^^^
           lib/core/services/news_service.dart:80:7:
           Error: 'DocumentSnapshot' isn't a type.
                 DocumentSnapshot doc = await 
_firestore
                 ^^^^^^^^^^^^^^^^
           lib/src/features/course/pesentation/pages/n
ews/news_detail_screen.dart:25:15:
           Error: The getter 'Share' isn't defined 
for the type 'NewsDetailScreen'.
            - 'NewsDetailScreen' is from 'package:onli
ne_course/src/features/course/pesentation/pages/news/n
ews_detail_screen.dart' ('lib/src/features/course/pese
ntation/pages/news/news_detail_screen.dart').
                         Share.share(
                         ^^^^^
           lib/src/features/course/data/models/quiz_mo
dels.dart:87:33:
           Error: The getter 'FieldValue' isn't 
defined for the type 'Quiz'.
            - 'Quiz' is from 'package:online_course/sr
c/features/course/data/models/quiz_models.dart' ('lib/
src/features/course/data/models/quiz_models.dart').
                 'createdAt': createdAt ?? 
FieldValue.serverTimestamp(),
                                           ^^^^^^^^^^
           lib/src/features/course/data/models/quiz_mo
dels.dart:91:30:
           Error: 'DocumentSnapshot' isn't a type.
             factory 
Quiz.fromFirestore(DocumentSnapshot doc, {String? 
categoryId}) {
                                        
^^^^^^^^^^^^^^^^
           lib/src/features/course/data/models/quiz_mo
dels.dart:122:40:
           Error: 'Timestamp' isn't a type.
                 createdAt: (data['createdAt'] as 
Timestamp?)?.toDate(),
                                                  
^^^^^^^^^
           lib/src/features/course/data/models/quiz_mo
dels.dart:198:34:
           Error: 'DocumentSnapshot' isn't a type.
             factory 
Question.fromFirestore(DocumentSnapshot doc) {
                                            
^^^^^^^^^^^^^^^^
           lib/src/features/course/data/models/quiz_mo
dels.dart:285:37:
           Error: 'DocumentSnapshot' isn't a type.
             factory 
QuizAttempt.fromFirestore(DocumentSnapshot doc) {
                                               
^^^^^^^^^^^^^^^^
           lib/src/features/course/data/models/quiz_mo
dels.dart:290:18:
           Error: 'Timestamp' isn't a type.
                 if (val is Timestamp) return 
val.toDate();
                            ^^^^^^^^^
           lib/src/features/course/pesentation/pages/q
uiz/widgets/quiz_service.dart:8:9:
           Error: 'FirebaseFirestore' isn't a type.
             final FirebaseFirestore _firestore = 
FirebaseFirestore.instance;
                   ^^^^^^^^^^^^^^^^^
           lib/src/features/course/pesentation/pages/q
uiz/widgets/quiz_service.dart:8:40:
           Error: Undefined name 'FirebaseFirestore'.
             final FirebaseFirestore _firestore = 
FirebaseFirestore.instance;
                                                  
^^^^^^^^^^^^^^^^^
           lib/src/features/course/pesentation/pages/q
uiz/widgets/quiz_service.dart:9:9:
           Error: 'FirebaseAuth' isn't a type.
             final FirebaseAuth _auth = 
FirebaseAuth.instance;
                   ^^^^^^^^^^^^
           lib/src/features/course/pesentation/pages/q
uiz/widgets/quiz_service.dart:9:30:
           Error: Undefined name 'FirebaseAuth'.
             final FirebaseAuth _auth = 
FirebaseAuth.instance;
                                        ^^^^^^^^^^^^
           lib/src/features/course/pesentation/pages/q
uiz/widgets/quiz_service.dart:215:28:
           Error: The method 'SetOptions' isn't 
defined for the type 'QuizService'.
            - 'QuizService' is from 'package:online_co
urse/src/features/course/pesentation/pages/quiz/widget
s/quiz_service.dart' ('lib/src/features/course/pesenta
tion/pages/quiz/widgets/quiz_service.dart').
                     .set(updateData, 
SetOptions(merge: true));
                                      ^^^^^^^^^^
           lib/src/features/course/pesentation/pages/q
uiz/widgets/quiz_service.dart:223:28:
           Error: The method 'SetOptions' isn't 
defined for the type 'QuizService'.
            - 'QuizService' is from 'package:online_co
urse/src/features/course/pesentation/pages/quiz/widget
s/quiz_service.dart' ('lib/src/features/course/pesenta
tion/pages/quiz/widgets/quiz_service.dart').
                     .set(updateData, 
SetOptions(merge: true));
                                      ^^^^^^^^^^
           lib/src/features/course/pesentation/pages/q
uiz/widgets/quiz_list_page.dart:58:35:
           Error: The getter 'FirebaseFirestore' 
isn't defined for the type '_QuizListPageState'.
            - '_QuizListPageState' is from 'package:on
line_course/src/features/course/pesentation/pages/quiz
/widgets/quiz_list_page.dart' ('lib/src/features/cours
e/pesentation/pages/quiz/widgets/quiz_list_page.dart')
.
                 final querySnapshot = await 
FirebaseFirestore.instance
                                             
^^^^^^^^^^^^^^^^^
           lib/src/features/course/data/models/cur.mod
el.dart:7:21:
           Error: 'Timestamp' isn't a type.
             final Map<String, Timestamp> 
sectionPurchaseDate;
                               ^^^^^^^^^
           lib/src/features/course/data/models/cur.mod
el.dart:8:9:
           Error: 'Timestamp' isn't a type.
             final Timestamp purchaseDate;
                   ^^^^^^^^^
           lib/src/features/course/data/models/cur.mod
el.dart:22:48:
           Error: 'Timestamp' isn't a type.
                   purchaseDate: 
json['purchase_date'] as Timestamp,
                                                      
    ^^^^^^^^^
           lib/src/features/course/data/models/cur.mod
el.dart:23:42:
           Error: 'Timestamp' isn't a type.
                   sectionPurchaseDate: Map<String, 
Timestamp>.from(
                                                    
^^^^^^^^^
           lib/src/features/course/pesentation/pages/h
ome/widgets/home_appbar.dart:9:9:
           Error: 'User' isn't a type.
             final User? user;
                   ^^^^
           lib/src/features/course/pesentation/pages/h
ome/widgets/home_category.dart:61:68:
           Error: The getter 'FirebaseFirestore' 
isn't defined for the type 'HomeCategory'.
            - 'HomeCategory' is from 'package:online_c
ourse/src/features/course/pesentation/pages/home/widge
ts/home_category.dart' ('lib/src/features/course/pesen
tation/pages/home/widgets/home_category.dart').
                       productRepository: ProductRepos
itory(ProductDataSource(FirebaseFirestore.instance))
                                                      
                        ^^^^^^^^^^^^^^^^^
           /C:/Users/subhabrata/AppData/Local/Pub/Cach
e/hosted/pub.dev/cloud_firestore_platform_interface-7.
0.5/lib/src/platform_interface/platform_interface_fire
store.dart:19:9:
           Error: 'FirebaseApp' isn't a type.
             final FirebaseApp? appInstance;
                   ^^^^^^^^^^^
           /C:/Users/subhabrata/AppData/Local/Pub/Cach
e/hosted/pub.dev/cloud_firestore_platform_interface-7.
0.5/lib/src/platform_interface/platform_interface_fire
store.dart:27:27:
           Error: The getter 'Firebase' isn't defined 
for the type 'FirebaseFirestorePlatform'.
            - 'FirebaseFirestorePlatform' is from 'pac
kage:cloud_firestore_platform_interface/src/platform_i
nterface/platform_interface_firestore.dart' ('/C:/User
s/subhabrata/AppData/Local/Pub/Cache/hosted/pub.dev/cl
oud_firestore_platform_interface-7.0.5/lib/src/platfor
m_interface/platform_interface_firestore.dart').
               return appInstance ?? Firebase.app();
                                     ^^^^^^^^
           /C:/Users/subhabrata/AppData/Local/Pub/Cach
e/hosted/pub.dev/cloud_firestore_platform_interface-7.
0.5/lib/src/platform_interface/platform_interface_fire
store.dart:41:14:
           Error: 'FirebaseApp' isn't a type.
               required FirebaseApp app,
                        ^^^^^^^^^^^
           /C:/Users/subhabrata/AppData/Local/Pub/Cach
e/hosted/pub.dev/cloud_firestore_platform_interface-7.
0.5/lib/src/platform_interface/platform_interface_fire
store.dart:54:14:
           Error: Undefined name 'Firebase'.
                   app: Firebase.app(), databaseId: 
'(default)');
                        ^^^^^^^^
           /C:/Users/subhabrata/AppData/Local/Pub/Cach
e/hosted/pub.dev/cloud_firestore_platform_interface-7.
0.5/lib/src/platform_interface/platform_interface_fire
store.dart:69:17:
           Error: 'FirebaseApp' isn't a type.
                 {required FirebaseApp app, required 
String databaseId}) {
                           ^^^^^^^^^^^
           /C:/Users/subhabrata/AppData/Local/Pub/Cach
e/hosted/pub.dev/_flutterfire_internals-1.3.65/lib/_fl
utterfire_internals.dart:79:10:
           Error: Method not found: 
'FirebaseException'.
             return FirebaseException(
                    ^^^^^^^^^^^^^^^^^
           /C:/Users/subhabrata/AppData/Local/Pub/Cach
e/hosted/pub.dev/firebase_auth_platform_interface-8.1.
5/lib/src/platform_interface/platform_interface_fireba
se_auth.dart:26:9:
           Error: 'FirebaseApp' isn't a type.
             final FirebaseApp? appInstance;
                   ^^^^^^^^^^^
           /C:/Users/subhabrata/AppData/Local/Pub/Cach
e/hosted/pub.dev/firebase_auth_platform_interface-8.1.
5/lib/src/platform_interface/platform_interface_fireba
se_auth.dart:50:14:
           Error: The getter 'Firebase' isn't defined 
for the type 'FirebaseAuthPlatform'.
            - 'FirebaseAuthPlatform' is from 'package:
firebase_auth_platform_interface/src/platform_interfac
e/platform_interface_firebase_auth.dart' ('/C:/Users/s
ubhabrata/AppData/Local/Pub/Cache/hosted/pub.dev/fireb
ase_auth_platform_interface-8.1.5/lib/src/platform_int
erface/platform_interface_firebase_auth.dart').
                 return Firebase.app();
                        ^^^^^^^^
           /C:/Users/subhabrata/AppData/Local/Pub/Cach
e/hosted/pub.dev/firebase_auth_platform_interface-8.1.
5/lib/src/platform_interface/platform_interface_fireba
se_auth.dart:60:14:
           Error: 'FirebaseApp' isn't a type.
               required FirebaseApp app,
                        ^^^^^^^^^^^
           /C:/Users/subhabrata/AppData/Local/Pub/Cach
e/hosted/pub.dev/firebase_auth_platform_interface-8.1.
5/lib/src/platform_interface/platform_interface_fireba
se_auth.dart:99:46:
           Error: 'FirebaseApp' isn't a type.
             FirebaseAuthPlatform 
delegateFor({required FirebaseApp app}) {
                                                      
  ^^^^^^^^^^^
           /C:/Users/subhabrata/AppData/Local/Pub/Cach
e/hosted/pub.dev/firebase_database_platform_interface-
0.3.0+1/lib/src/platform_interface/platform_interface_
database.dart:17:9:
           Error: 'FirebaseApp' isn't a type.
             final FirebaseApp? app;
                   ^^^^^^^^^^^
           /C:/Users/subhabrata/AppData/Local/Pub/Cach
e/hosted/pub.dev/firebase_database_platform_interface-
0.3.0+1/lib/src/platform_interface/platform_interface_
database.dart:29:14:
           Error: 'FirebaseApp' isn't a type.
               required FirebaseApp app,
                        ^^^^^^^^^^^
           /C:/Users/subhabrata/AppData/Local/Pub/Cach
e/hosted/pub.dev/firebase_database_platform_interface-
0.3.0+1/lib/src/platform_interface/platform_interface_
database.dart:59:14:
           Error: 'FirebaseApp' isn't a type.
               required FirebaseApp app,
                        ^^^^^^^^^^^
           /C:/Users/subhabrata/AppData/Local/Pub/Cach
e/hosted/pub.dev/syncfusion_flutter_pdfviewer-32.1.21/
lib/src/pdfviewer.dart:3371:13:
           Error: 'DeviceInfoPlugin' isn't a type.
                 final DeviceInfoPlugin deviceInfo = 
DeviceInfoPlugin();
                       ^^^^^^^^^^^^^^^^
           /C:/Users/subhabrata/AppData/Local/Pub/Cach
e/hosted/pub.dev/syncfusion_flutter_pdfviewer-32.1.21/
lib/src/pdfviewer.dart:3372:13:
           Error: 'AndroidDeviceInfo' isn't a type.
                 final AndroidDeviceInfo androidInfo 
= await deviceInfo.androidInfo;
                       ^^^^^^^^^^^^^^^^^
           /C:/Users/subhabrata/AppData/Local/Pub/Cach
e/hosted/pub.dev/syncfusion_flutter_pdfviewer-32.1.21/
lib/src/pdfviewer.dart:3371:43:
           Error: The method 'DeviceInfoPlugin' isn't 
defined for the type 'SfPdfViewerState'.
            - 'SfPdfViewerState' is from 'package:sync
fusion_flutter_pdfviewer/src/pdfviewer.dart' ('/C:/Use
rs/subhabrata/AppData/Local/Pub/Cache/hosted/pub.dev/s
yncfusion_flutter_pdfviewer-32.1.21/lib/src/pdfviewer.
dart').
                 final DeviceInfoPlugin deviceInfo = 
DeviceInfoPlugin();
                                                     
^^^^^^^^^^^^^^^^
           /C:/Users/subhabrata/AppData/Local/Pub/Cach
e/hosted/pub.dev/syncfusion_flutter_pdfviewer-32.1.21/
lib/src/pdfviewer.dart:3490:13:
           Error: 'DeviceInfoPlugin' isn't a type.
                 final DeviceInfoPlugin deviceInfo = 
DeviceInfoPlugin();
                       ^^^^^^^^^^^^^^^^
           /C:/Users/subhabrata/AppData/Local/Pub/Cach
e/hosted/pub.dev/syncfusion_flutter_pdfviewer-32.1.21/
lib/src/pdfviewer.dart:3491:13:
           Error: 'AndroidDeviceInfo' isn't a type.
                 final AndroidDeviceInfo androidInfo 
= await deviceInfo.androidInfo;
                       ^^^^^^^^^^^^^^^^^
           /C:/Users/subhabrata/AppData/Local/Pub/Cach
e/hosted/pub.dev/syncfusion_flutter_pdfviewer-32.1.21/
lib/src/pdfviewer.dart:3497:13:
           Error: 'DeviceInfoPlugin' isn't a type.
                 final DeviceInfoPlugin deviceInfo = 
DeviceInfoPlugin();
                       ^^^^^^^^^^^^^^^^
           /C:/Users/subhabrata/AppData/Local/Pub/Cach
e/hosted/pub.dev/syncfusion_flutter_pdfviewer-32.1.21/
lib/src/pdfviewer.dart:3498:13:
           Error: 'WebBrowserInfo' isn't a type.
                 final WebBrowserInfo webBrowserInfo 
= await deviceInfo.webBrowserInfo;
                       ^^^^^^^^^^^^^^
           /C:/Users/subhabrata/AppData/Local/Pub/Cach
e/hosted/pub.dev/syncfusion_flutter_pdfviewer-32.1.21/
lib/src/pdfviewer.dart:3490:43:
           Error: The method 'DeviceInfoPlugin' isn't 
defined for the type 'SfPdfViewerState'.
            - 'SfPdfViewerState' is from 'package:sync
fusion_flutter_pdfviewer/src/pdfviewer.dart' ('/C:/Use
rs/subhabrata/AppData/Local/Pub/Cache/hosted/pub.dev/s
yncfusion_flutter_pdfviewer-32.1.21/lib/src/pdfviewer.
dart').
                 final DeviceInfoPlugin deviceInfo = 
DeviceInfoPlugin();
                                                     
^^^^^^^^^^^^^^^^
           /C:/Users/subhabrata/AppData/Local/Pub/Cach
e/hosted/pub.dev/syncfusion_flutter_pdfviewer-32.1.21/
lib/src/pdfviewer.dart:3497:43:
           Error: The method 'DeviceInfoPlugin' isn't 
defined for the type 'SfPdfViewerState'.
            - 'SfPdfViewerState' is from 'package:sync
fusion_flutter_pdfviewer/src/pdfviewer.dart' ('/C:/Use
rs/subhabrata/AppData/Local/Pub/Cache/hosted/pub.dev/s
yncfusion_flutter_pdfviewer-32.1.21/lib/src/pdfviewer.
dart').
                 final DeviceInfoPlugin deviceInfo = 
DeviceInfoPlugin();
                                                     
^^^^^^^^^^^^^^^^
           lib/src/features/course/pesentation/pages/q
uiz/widgets/anti_cheat_wrapper.dart:67:13:
           Error: Undefined name 'FirebaseFirestore'.
                 await FirebaseFirestore.instance.coll
ection('quiz_attempts').doc(session.attemptId).set(ses
sion.toMap(), SetOptions(merge: true));
                       ^^^^^^^^^^^^^^^^^
           lib/src/features/course/pesentation/pages/q
uiz/widgets/anti_cheat_wrapper.dart:67:112:
           Error: Method not found: 'SetOptions'.
                 await FirebaseFirestore.instance.coll
ection('quiz_attempts').doc(session.attemptId).set(ses
sion.toMap(), SetOptions(merge: true));
                                                      
                                    ^^^^^^^^^^
           lib/src/features/course/pesentation/pages/q
uiz/widgets/anti_cheat_wrapper.dart:77:13:
           Error: Undefined name 'FirebaseFirestore'.
                 await FirebaseFirestore.instance.coll
ection('quiz_attempts').doc(session.attemptId).set({
                       ^^^^^^^^^^^^^^^^^
           lib/src/features/course/pesentation/pages/q
uiz/widgets/anti_cheat_wrapper.dart:81:10:
           Error: Method not found: 'SetOptions'.
                 }, SetOptions(merge: true));
                    ^^^^^^^^^^
           lib/src/features/course/pesentation/pages/q
uiz/widgets/anti_cheat_wrapper.dart:83:13:
           Error: Undefined name 'FirebaseFirestore'.
                 await FirebaseFirestore.instance.coll
ection('users').doc(session.userId).collection('disqua
lifications').add({
                       ^^^^^^^^^^^^^^^^^
           lib/src/features/course/pesentation/pages/q
uiz/widgets/anti_cheat_wrapper.dart:87:22:
           Error: Undefined name 'FieldValue'.
                   'timestamp': 
FieldValue.serverTimestamp(),
                                ^^^^^^^^^^
           lib/src/features/course/pesentation/pages/q
uiz/widgets/anti_cheat_wrapper.dart:123:18:
           Error: The getter 'FirebaseAuth' isn't 
defined for the type '_AntiCheatQuizWrapperState'.
            - '_AntiCheatQuizWrapperState' is from 'pa
ckage:online_course/src/features/course/pesentation/pa
ges/quiz/widgets/anti_cheat_wrapper.dart' ('lib/src/fe
atures/course/pesentation/pages/quiz/widgets/anti_chea
t_wrapper.dart').
               final user = 
FirebaseAuth.instance.currentUser;
                            ^^^^^^^^^^^^
           lib/src/features/course/pesentation/pages/m
y_course/widgets/my_course_item.dart:36:5:
           Error: The getter 'FirebaseFirestore' 
isn't defined for the type '_MyCourseItemState'.
            - '_MyCourseItemState' is from 'package:on
line_course/src/features/course/pesentation/pages/my_c
ourse/widgets/my_course_item.dart' ('lib/src/features/
course/pesentation/pages/my_course/widgets/my_course_i
tem.dart').
               FirebaseFirestore.instance
               ^^^^^^^^^^^^^^^^^
           lib/src/features/course/pesentation/pages/m
y_course/widgets/my_course_item.dart:198:7:
           Error: 'DocumentSnapshot' isn't a type.
                 DocumentSnapshot snapshot = await 
FirebaseFirestore.instance
                 ^^^^^^^^^^^^^^^^
           lib/src/features/course/pesentation/pages/m
y_course/widgets/my_course_item.dart:198:41:
           Error: The getter 'FirebaseFirestore' 
isn't defined for the type '_MyCourseItemState'.
            - '_MyCourseItemState' is from 'package:on
line_course/src/features/course/pesentation/pages/my_c
ourse/widgets/my_course_item.dart' ('lib/src/features/
course/pesentation/pages/my_course/widgets/my_course_i
tem.dart').
                 DocumentSnapshot snapshot = await 
FirebaseFirestore.instance
                                                   
^^^^^^^^^^^^^^^^^
           lib/src/features/course/pesentation/pages/m
y_course/widgets/my_course_item.dart:200:16:
           Error: The getter 'FirebaseAuth' isn't 
defined for the type '_MyCourseItemState'.
            - '_MyCourseItemState' is from 'package:on
line_course/src/features/course/pesentation/pages/my_c
ourse/widgets/my_course_item.dart' ('lib/src/features/
course/pesentation/pages/my_course/widgets/my_course_i
tem.dart').
                     
.doc(FirebaseAuth.instance.currentUser!.uid)
                          ^^^^^^^^^^^^
           lib/src/features/store/data/sourse/product_
datasource.dart:5:9:
           Error: 'FirebaseFirestore' isn't a type.
             final FirebaseFirestore _firestore;
                   ^^^^^^^^^^^^^^^^^
           lib/src/features/store/data/sourse/product_
datasource.dart:10:5:
           Error: 'QuerySnapshot' isn't a type.
               QuerySnapshot snapshot = await 
_firestore.collection('products').get();
               ^^^^^^^^^^^^^
           lib/src/features/course/pesentation/pages/c
ourse_detail/course_detail.dart:29:21:
           Error: 'Timestamp' isn't a type.
             final Map<String, Timestamp> 
sectionPurchaseDate;
                               ^^^^^^^^^
           lib/src/features/course/pesentation/pages/c
ourse_detail/course_detail.dart:99:24:
           Error: The getter 'FirebaseFirestore' 
isn't defined for the type '_CourseDetailPageState'.
            - '_CourseDetailPageState' is from 'packag
e:online_course/src/features/course/pesentation/pages/
course_detail/course_detail.dart' ('lib/src/features/c
ourse/pesentation/pages/course_detail/course_detail.da
rt').
               final data = await 
FirebaseFirestore.instance
                                  ^^^^^^^^^^^^^^^^^
           lib/src/features/course/pesentation/pages/c
ourse_detail/course_detail.dart:275:32:
           Error: The getter 'FirebaseFirestore' 
isn't defined for the type '_CourseDetailPageState'.
            - '_CourseDetailPageState' is from 'packag
e:online_course/src/features/course/pesentation/pages/
course_detail/course_detail.dart' ('lib/src/features/c
ourse/pesentation/pages/course_detail/course_detail.da
rt').
               final dataSnapshot = await 
FirebaseFirestore.instance
                                          
^^^^^^^^^^^^^^^^^
           lib/src/features/course/pesentation/pages/e
xplore/widgets/explore_course_list.dart:145:7:
           Error: 'Query' isn't a type.
                 Query query = 
FirebaseFirestore.instance.collection('courses');
                 ^^^^^
           lib/src/features/course/pesentation/pages/e
xplore/widgets/explore_course_list.dart:182:7:
           Error: 'QuerySnapshot' isn't a type.
                 QuerySnapshot querySnapshot = await 
query.get();
                 ^^^^^^^^^^^^^
           lib/src/features/course/pesentation/pages/e
xplore/widgets/explore_course_list.dart:145:21:
           Error: The getter 'FirebaseFirestore' 
isn't defined for the type '_ExploreCourseListState'.
            - '_ExploreCourseListState' is from 'packa
ge:online_course/src/features/course/pesentation/pages
/explore/widgets/explore_course_list.dart' ('lib/src/f
eatures/course/pesentation/pages/explore/widgets/explo
re_course_list.dart').
                 Query query = 
FirebaseFirestore.instance.collection('courses');
                               ^^^^^^^^^^^^^^^^^
           lib/src/features/course/pesentation/pages/e
xplore/widgets/explore_course_list.dart:158:33:
           Error: The getter 'FieldPath' isn't 
defined for the type '_ExploreCourseListState'.
            - '_ExploreCourseListState' is from 'packa
ge:online_course/src/features/course/pesentation/pages
/explore/widgets/explore_course_list.dart' ('lib/src/f
eatures/course/pesentation/pages/explore/widgets/explo
re_course_list.dart').
                       query = 
query.where(FieldPath.documentId, whereIn: docIds);
                                           ^^^^^^^^^
           /C:/Users/subhabrata/AppData/Local/Pub/Cach
e/hosted/pub.dev/cloud_firestore_platform_interface-7.
0.5/lib/src/method_channel/utils/firestore_message_cod
ec.dart:150:15:
           Error: 'FirebaseApp' isn't a type.
                   final FirebaseApp app = 
Firebase.app(appName);
                         ^^^^^^^^^^^
           /C:/Users/subhabrata/AppData/Local/Pub/Cach
e/hosted/pub.dev/cloud_firestore_platform_interface-7.
0.5/lib/src/method_channel/utils/firestore_message_cod
ec.dart:150:33:
           Error: The getter 'Firebase' isn't defined 
for the type 'FirestoreMessageCodec'.
            - 'FirestoreMessageCodec' is from 'package
:cloud_firestore_platform_interface/src/method_channel
/utils/firestore_message_codec.dart' ('/C:/Users/subha
brata/AppData/Local/Pub/Cache/hosted/pub.dev/cloud_fir
estore_platform_interface-7.0.5/lib/src/method_channel
/utils/firestore_message_codec.dart').
                   final FirebaseApp app = 
Firebase.app(appName);
                                           ^^^^^^^^
           /C:/Users/subhabrata/AppData/Local/Pub/Cach
e/hosted/pub.dev/cloud_firestore_platform_interface-7.
0.5/lib/src/method_channel/method_channel_firestore.da
rt:29:35:
           Error: 'FirebaseApp' isn't a type.
             
MethodChannelFirebaseFirestore({FirebaseApp? app, 
String? databaseId})
                                             
^^^^^^^^^^^
           /C:/Users/subhabrata/AppData/Local/Pub/Cach
e/hosted/pub.dev/cloud_firestore_platform_interface-7.
0.5/lib/src/method_channel/method_channel_firestore.da
rt:86:14:
           Error: 'FirebaseApp' isn't a type.
               required FirebaseApp app,
                        ^^^^^^^^^^^
           /C:/Users/subhabrata/AppData/Local/Pub/Cach
e/hosted/pub.dev/cloud_firestore_platform_interface-7.
0.5/lib/src/method_channel/method_channel_firestore.da
rt:121:11:
           Error: The method 'FirebaseException' 
isn't defined for the type 
'MethodChannelFirebaseFirestore'.
            - 'MethodChannelFirebaseFirestore' is 
from 'package:cloud_firestore_platform_interface/src/m
ethod_channel/method_channel_firestore.dart' ('/C:/Use
rs/subhabrata/AppData/Local/Pub/Cache/hosted/pub.dev/c
loud_firestore_platform_interface-7.0.5/lib/src/method
_channel/method_channel_firestore.dart').
                     FirebaseException(
                     ^^^^^^^^^^^^^^^^^
           /C:/Users/subhabrata/AppData/Local/Pub/Cach
e/hosted/pub.dev/cloud_firestore_platform_interface-7.
0.5/lib/src/method_channel/method_channel_firestore.da
rt:249:13:
           Error: The method 'FirebaseException' 
isn't defined for the type 
'MethodChannelFirebaseFirestore'.
            - 'MethodChannelFirebaseFirestore' is 
from 'package:cloud_firestore_platform_interface/src/m
ethod_channel/method_channel_firestore.dart' ('/C:/Use
rs/subhabrata/AppData/Local/Pub/Cache/hosted/pub.dev/c
loud_firestore_platform_interface-7.0.5/lib/src/method
_channel/method_channel_firestore.dart').
                       FirebaseException(
                       ^^^^^^^^^^^^^^^^^
           /C:/Users/subhabrata/AppData/Local/Pub/Cach
e/hosted/pub.dev/_flutterfire_internals-1.3.65/lib/src
/exception.dart:53:10:
           Error: Method not found: 
'FirebaseException'.
             return FirebaseException(
                    ^^^^^^^^^^^^^^^^^
           /C:/Users/subhabrata/AppData/Local/Pub/Cach
e/hosted/pub.dev/firebase_auth_platform_interface-8.1.
5/lib/src/method_channel/method_channel_firebase_auth.
dart:75:39:
           Error: 'FirebaseApp' isn't a type.
             MethodChannelFirebaseAuth({required 
FirebaseApp app})
                                                 
^^^^^^^^^^^
           /C:/Users/subhabrata/AppData/Local/Pub/Cach
e/hosted/pub.dev/firebase_auth_platform_interface-8.1.
5/lib/src/method_channel/method_channel_firebase_auth.
dart:202:46:
           Error: 'FirebaseApp' isn't a type.
             FirebaseAuthPlatform 
delegateFor({required FirebaseApp app}) {
                                                      
  ^^^^^^^^^^^
           /C:/Users/subhabrata/AppData/Local/Pub/Cach
e/hosted/pub.dev/firebase_database_platform_interface-
0.3.0+1/lib/src/method_channel/method_channel_database
.dart:18:3:
           Error: 'FirebaseApp' isn't a type.
             FirebaseApp app;
             ^^^^^^^^^^^
           /C:/Users/subhabrata/AppData/Local/Pub/Cach
e/hosted/pub.dev/firebase_database_platform_interface-
0.3.0+1/lib/src/method_channel/method_channel_database
.dart:80:26:
           Error: 'FirebaseApp' isn't a type.
             MethodChannelDatabase({FirebaseApp? app, 
String? databaseURL})
                                    ^^^^^^^^^^^
           /C:/Users/subhabrata/AppData/Local/Pub/Cach
e/hosted/pub.dev/firebase_database_platform_interface-
0.3.0+1/lib/src/method_channel/method_channel_database
.dart:118:14:
           Error: 'FirebaseApp' isn't a type.
               required FirebaseApp app,
                        ^^^^^^^^^^^
           lib/src/features/account/presentation/pages
/account/widgets/account_profile_block.dart:10:9:
           Error: 'User' isn't a type.
             final User? user = AuthService().user;
                   ^^^^
           lib/src/features/pyq/presentation/pages/cha
t/exam_wise_pyq_page.dart:61:32:
           Error: 'QueryDocumentSnapshot' isn't a 
type.
                 body: 
FutureBuilder<List<QueryDocumentSnapshot>>(
                                          
^^^^^^^^^^^^^^^^^^^^^
           lib/src/features/course/pesentation/pages/c
ourse_detail/widgets/course_detail_bottom_block.dart:4
74:5:
           Error: 'QuerySnapshot' isn't a type.
               QuerySnapshot snapshot = await 
FirebaseFirestore.instance
               ^^^^^^^^^^^^^
           lib/src/features/course/pesentation/pages/c
ourse_detail/widgets/course_detail_bottom_block.dart:4
74:36:
           Error: The getter 'FirebaseFirestore' 
isn't defined for the type 
'_CourseDetailBottomBlockState'.
            - '_CourseDetailBottomBlockState' is from 
'package:online_course/src/features/course/pesentation
/pages/course_detail/widgets/course_detail_bottom_bloc
k.dart' ('lib/src/features/course/pesentation/pages/co
urse_detail/widgets/course_detail_bottom_block.dart').
               QuerySnapshot snapshot = await 
FirebaseFirestore.instance
                                              
^^^^^^^^^^^^^^^^^
           lib/src/features/course/pesentation/pages/c
ourse_detail/widgets/course_detail_tabbar.dart:13:21:
           Error: 'Timestamp' isn't a type.
             final Map<String, Timestamp> 
sectionPurchaseDate;
                               ^^^^^^^^^
           /C:/Users/subhabrata/AppData/Local/Pub/Cach
e/hosted/pub.dev/cloud_firestore_platform_interface-7.
0.5/lib/src/method_channel/method_channel_load_bundle_
task.dart:47:15:
           Error: The method 'FirebaseException' 
isn't defined for the type 
'MethodChannelLoadBundleTask'.
            - 'MethodChannelLoadBundleTask' is from 'p
ackage:cloud_firestore_platform_interface/src/method_c
hannel/method_channel_load_bundle_task.dart' ('/C:/Use
rs/subhabrata/AppData/Local/Pub/Cache/hosted/pub.dev/c
loud_firestore_platform_interface-7.0.5/lib/src/method
_channel/method_channel_load_bundle_task.dart').
                   throw FirebaseException(
                         ^^^^^^^^^^^^^^^^^
           /C:/Users/subhabrata/AppData/Local/Pub/Cach
e/hosted/pub.dev/cloud_firestore_platform_interface-7.
0.5/lib/src/method_channel/method_channel_transaction.
dart:31:14:
           Error: The getter 'Firebase' isn't defined 
for the type 'MethodChannelTransaction'.
            - 'MethodChannelTransaction' is from 'pack
age:cloud_firestore_platform_interface/src/method_chan
nel/method_channel_transaction.dart' ('/C:/Users/subha
brata/AppData/Local/Pub/Cache/hosted/pub.dev/cloud_fir
estore_platform_interface-7.0.5/lib/src/method_channel
/method_channel_transaction.dart').
                   app: Firebase.app(appName), 
databaseId: databaseId);
                        ^^^^^^^^
           lib/src/features/pyq/exam_questions_year_pa
ge.dart:168:41:
           Error: 'QueryDocumentSnapshot' isn't a 
type.
                         child: 
FutureBuilder<List<QueryDocumentSnapshot>>(
                                                   
^^^^^^^^^^^^^^^^^^^^^
           lib/src/features/pyq/presentation/pages/cha
t/data/questions_service.dart:6:9:
           Error: 'FirebaseFirestore' isn't a type.
             final FirebaseFirestore _db = 
FirebaseFirestore.instance;
                   ^^^^^^^^^^^^^^^^^
           lib/src/features/pyq/presentation/pages/cha
t/data/questions_service.dart:6:33:
           Error: Undefined name 'FirebaseFirestore'.
             final FirebaseFirestore _db = 
FirebaseFirestore.instance;
                                           
^^^^^^^^^^^^^^^^^
           lib/src/features/pyq/presentation/pages/cha
t/data/questions_service.dart:10:5:
           Error: 'QuerySnapshot' isn't a type.
               QuerySnapshot snapshot;
               ^^^^^^^^^^^^^
           lib/src/features/pyq/presentation/pages/cha
t/data/questions_service.dart:18:22:
           Error: The getter 'FieldPath' isn't 
defined for the type 'FirestoreService'.
            - 'FirestoreService' is from 'package:onli
ne_course/src/features/pyq/presentation/pages/chat/dat
a/questions_service.dart' ('lib/src/features/pyq/prese
ntation/pages/chat/data/questions_service.dart').
                         .where(FieldPath.documentId, 
whereIn: docIds)
                                ^^^^^^^^^
           lib/src/features/pyq/presentation/pages/cha
t/data/questions_service.dart:47:5:
           Error: 'QuerySnapshot' isn't a type.
               QuerySnapshot snapshot = await _db
               ^^^^^^^^^^^^^
           lib/src/features/pyq/presentation/pages/cha
t/data/questions_service.dart:57:5:
           Error: 'QuerySnapshot' isn't a type.
               QuerySnapshot snapshot = await _db
               ^^^^^^^^^^^^^
           lib/src/features/store/presentation/pages/p
roduct_parts_page.dart:86:41:
           Error: 'QueryDocumentSnapshot' isn't a 
type.
                         child: 
FutureBuilder<List<QueryDocumentSnapshot>>(
                                                   
^^^^^^^^^^^^^^^^^^^^^
           lib/src/features/course/data/datasources/ac
count_courses_list.dart:8:3:
           Error: 'User' isn't a type.
             User? Fireba = 
FirebaseAuth.instance.currentUser;
             ^^^^
           lib/src/features/course/data/datasources/ac
count_courses_list.dart:8:18:
           Error: Undefined name 'FirebaseAuth'.
             User? Fireba = 
FirebaseAuth.instance.currentUser;
                            ^^^^^^^^^^^^
           lib/src/features/course/data/datasources/ac
count_courses_list.dart:9:42:
           Error: Undefined name 'FirebaseFirestore'.
             final purchasedCoursesSnapshot = await 
FirebaseFirestore.instance
                                                    
^^^^^^^^^^^^^^^^^
           lib/src/features/course/data/datasources/ac
count_courses_list.dart:23:5:
           Error: 'DocumentSnapshot' isn't a type.
               DocumentSnapshot snapshot = await 
FirebaseFirestore.instance
               ^^^^^^^^^^^^^^^^
           lib/src/features/course/data/datasources/ac
count_courses_list.dart:23:39:
           Error: Undefined name 'FirebaseFirestore'.
               DocumentSnapshot snapshot = await 
FirebaseFirestore.instance
                                                 
^^^^^^^^^^^^^^^^^
           lib/src/features/course/data/datasources/ac
count_courses_list.dart:36:7:
           Error: 'CollectionReference' isn't a type.
                 CollectionReference reference =
                 ^^^^^^^^^^^^^^^^^^^
           lib/src/features/course/data/datasources/ac
count_courses_list.dart:37:11:
           Error: Undefined name 'FirebaseFirestore'.
                     
FirebaseFirestore.instance.collection('courses');
                     ^^^^^^^^^^^^^^^^^
           lib/src/features/course/data/datasources/ac
count_courses_list.dart:40:9:
           Error: 'DocumentSnapshot' isn't a type.
                   DocumentSnapshot courseSnapshot = 
await reference
                   ^^^^^^^^^^^^^^^^
           lib/src/features/course/data/datasources/ac
count_courses_list.dart:118:17:
           Error: 'Timestamp' isn't a type.
               Map<String, Timestamp> sectionsMap = 
{};
                           ^^^^^^^^^
           lib/src/features/course/data/datasources/ac
count_courses_list.dart:120:32:
           Error: Undefined name 'Timestamp'.
                 sectionsMap[sectionId] = 
Timestamp.now();
                                          ^^^^^^^^^
           lib/src/features/course/data/datasources/ac
count_courses_list.dart:122:11:
           Error: Undefined name 'FirebaseFirestore'.
               await FirebaseFirestore.instance
                     ^^^^^^^^^^^^^^^^^
           lib/src/features/course/data/datasources/ac
count_courses_list.dart:124:26:
           Error: Undefined name 'FirebaseAuth'.
                   .doc('$courseId${FirebaseAuth.insta
nce.currentUser?.uid ?? "me"}')
                                    ^^^^^^^^^^^^
           lib/src/features/course/data/datasources/ac
count_courses_list.dart:127:17:
           Error: Undefined name 'FirebaseAuth'.
                 'userId': 
FirebaseAuth.instance.currentUser?.uid ?? "me",
                           ^^^^^^^^^^^^
           lib/src/features/course/data/datasources/ac
count_courses_list.dart:128:19:
           Error: Undefined name 'FieldValue'.
                 'sections': 
FieldValue.arrayUnion(sectionIdsforPayment),
                             ^^^^^^^^^^
           lib/src/features/course/data/datasources/ac
count_courses_list.dart:130:24:
           Error: Undefined name 'FieldValue'.
                 'purchase_date': 
FieldValue.serverTimestamp(),
                                  ^^^^^^^^^^
           lib/src/features/course/data/datasources/ac
count_courses_list.dart:131:8:
           Error: Method not found: 'SetOptions'.
               }, SetOptions(merge: true));
                  ^^^^^^^^^^
           lib/src/features/course/data/datasources/ac
count_courses_list.dart:118:42:
           Error: A value of type 'Map<dynamic, 
dynamic>' can't be assigned to a variable of type 
'Map<String, invalid-type>'.
            - 'Map' is from 'dart:core'.
               Map<String, Timestamp> sectionsMap = 
{};
                                                    ^
           lib/src/features/course/pesentation/pages/c
ourse_detail/widgets/course_detail_lesson_list.dart:27
:21:
           Error: 'Timestamp' isn't a type.
             final Map<String, Timestamp> 
sectionPurchaseDate;
                               ^^^^^^^^^
           lib/src/features/course/pesentation/pages/c
ourse_detail/widgets/course_detail_lesson_list.dart:54
:7:
           Error: 'QuerySnapshot' isn't a type.
                 QuerySnapshot snapshot;
                 ^^^^^^^^^^^^^
           lib/src/features/course/pesentation/pages/c
ourse_detail/widgets/course_detail_lesson_list.dart:56
:26:
           Error: The getter 'FirebaseFirestore' 
isn't defined for the type 
'_CourseDetailLessonListState'.
            - '_CourseDetailLessonListState' is from '
package:online_course/src/features/course/pesentation/
pages/course_detail/widgets/course_detail_lesson_list.
dart' ('lib/src/features/course/pesentation/pages/cour
se_detail/widgets/course_detail_lesson_list.dart').
                   snapshot = await 
FirebaseFirestore.instance
                                    ^^^^^^^^^^^^^^^^^
           lib/src/features/course/pesentation/pages/c
ourse_detail/widgets/course_detail_lesson_list.dart:62
:26:
           Error: The getter 'FirebaseFirestore' 
isn't defined for the type 
'_CourseDetailLessonListState'.
            - '_CourseDetailLessonListState' is from '
package:online_course/src/features/course/pesentation/
pages/course_detail/widgets/course_detail_lesson_list.
dart' ('lib/src/features/course/pesentation/pages/cour
se_detail/widgets/course_detail_lesson_list.dart').
                   snapshot = await 
FirebaseFirestore.instance
                                    ^^^^^^^^^^^^^^^^^
           lib/src/features/course/pesentation/pages/c
ourse_detail/widgets/course_detail_lesson_list.dart:24
9:5:
           Error: 'Timestamp' isn't a type.
               Timestamp timestamp = 
widget.sectionPurchaseDate[sectionId]!;
               ^^^^^^^^^
           /C:/Users/subhabrata/AppData/Local/Pub/Cach
e/hosted/pub.dev/firebase_database-12.1.1/lib/src/fire
base_database.dart:18:3:
           Error: 'FirebaseApp' isn't a type.
             FirebaseApp app;
             ^^^^^^^^^^^
           /C:/Users/subhabrata/AppData/Local/Pub/Cach
e/hosted/pub.dev/firebase_database-12.1.1/lib/src/fire
base_database.dart:28:12:
           Error: Undefined name 'Firebase'.
                 app: Firebase.app(),
                      ^^^^^^^^
           /C:/Users/subhabrata/AppData/Local/Pub/Cach
e/hosted/pub.dev/firebase_database-12.1.1/lib/src/fire
base_database.dart:34:14:
           Error: 'FirebaseApp' isn't a type.
               required FirebaseApp app,
                        ^^^^^^^^^^^
           
lib/src/features/pyq/questions_page.dart:24:32:
           Error: 'QueryDocumentSnapshot' isn't a 
type.
                 body: 
FutureBuilder<List<QueryDocumentSnapshot>>(
                                          
^^^^^^^^^^^^^^^^^^^^^
           
lib/src/features/pyq/questions_page.dart:140:5:
           Error: 'QueryDocumentSnapshot' isn't a 
type.
               QueryDocumentSnapshot question,
               ^^^^^^^^^^^^^^^^^^^^^
           lib/core/services/product_service.dart:6:9:
           Error: 'FirebaseFirestore' isn't a type.
             final FirebaseFirestore _firestore = 
FirebaseFirestore.instance;
                   ^^^^^^^^^^^^^^^^^
           
lib/core/services/product_service.dart:6:40:
           Error: Undefined name 'FirebaseFirestore'.
             final FirebaseFirestore _firestore = 
FirebaseFirestore.instance;
                                                  
^^^^^^^^^^^^^^^^^
           
lib/core/services/product_service.dart:16:5:
           Error: 'QuerySnapshot' isn't a type.
               QuerySnapshot snapshot = await 
_firestore.collection('products').get();
               ^^^^^^^^^^^^^
           
lib/core/services/product_service.dart:27:5:
           Error: 'QuerySnapshot' isn't a type.
               QuerySnapshot snapshot = await 
_firestore
               ^^^^^^^^^^^^^
           
lib/core/services/product_service.dart:36:5:
           Error: 'QuerySnapshot' isn't a type.
               QuerySnapshot snapshot = await 
_firestore
               ^^^^^^^^^^^^^
           lib/src/features/store/presentation/pages/p
roduct_document_page.dart:27:32:
           Error: 'QueryDocumentSnapshot' isn't a 
type.
                 body: 
FutureBuilder<List<QueryDocumentSnapshot>>(
                                          
^^^^^^^^^^^^^^^^^^^^^
           lib/src/features/store/presentation/pages/p
roduct_document_page.dart:158:5:
           Error: 'QueryDocumentSnapshot' isn't a 
type.
               QueryDocumentSnapshot question,
               ^^^^^^^^^^^^^^^^^^^^^
           /C:/Users/subhabrata/AppData/Local/Pub/Cach
e/hosted/pub.dev/rive-0.12.4/lib/src/rive.dart:178:45:
           Error: 'Vec2D' isn't a type.
                 void 
Function(StateMachineController, Vec2D) callback) {
                                                      
 ^^^^^
           /C:/Users/subhabrata/AppData/Local/Pub/Cach
e/hosted/pub.dev/rive-0.12.4/lib/src/rive.dart:331:12:
           Error: The getter 'AABB' isn't defined for 
the type 'RiveRenderObject'.
            - 'RiveRenderObject' is from 
'package:rive/src/rive.dart' ('/C:/Users/subhabrata/Ap
pData/Local/Pub/Cache/hosted/pub.dev/rive-0.12.4/lib/s
rc/rive.dart').
               return AABB.fromValues(0, 0, width, 
height);
                      ^^^^
           /C:/Users/subhabrata/AppData/Local/Pub/Cach
e/hosted/pub.dev/rive-0.12.4/lib/src/rive.dart:350:28:
           Error: 'Mat2D' isn't a type.
             void draw(Canvas canvas, Mat2D 
viewTransform) {
                                      ^^^^^
           /C:/Users/subhabrata/AppData/Local/Pub/Cach
e/hosted/pub.dev/rive-0.12.4/lib/src/rive_core/artboar
d.dart:120:12:
           Error: The getter 'Vec2D' isn't defined 
for the type 'Artboard'.
            - 'Artboard' is from 
'package:rive/src/rive_core/artboard.dart' ('/C:/Users
/subhabrata/AppData/Local/Pub/Cache/hosted/pub.dev/riv
e-0.12.4/lib/src/rive_core/artboard.dart').
               return Vec2D.fromValues(x + width * 
originX, y + height * originY);
                      ^^^^^
           /C:/Users/subhabrata/AppData/Local/Pub/Cach
e/hosted/pub.dev/rive-0.12.4/lib/src/rive_core/artboar
d.dart:123:23:
           Error: The getter 'Vec2D' isn't defined 
for the type 'Artboard'.
            - 'Artboard' is from 
'package:rive/src/rive_core/artboard.dart' ('/C:/Users
/subhabrata/AppData/Local/Pub/Cache/hosted/pub.dev/riv
e-0.12.4/lib/src/rive_core/artboard.dart').
             Vec2D get origin => 
Vec2D.fromValues(width * originX, height * originY);
                                 ^^^^^
           /C:/Users/subhabrata/AppData/Local/Pub/Cach
e/hosted/pub.dev/rive-0.12.4/lib/src/rive_core/artboar
d.dart:262:22:
           Error: The method 
'DependencyGraphNodeSorter' isn't defined for the 
type 'Artboard'.
            - 'Artboard' is from 
'package:rive/src/rive_core/artboard.dart' ('/C:/Users
/subhabrata/AppData/Local/Pub/Cache/hosted/pub.dev/riv
e-0.12.4/lib/src/rive_core/artboard.dart').
               var optimistic = 
DependencyGraphNodeSorter<Component>();
                                
^^^^^^^^^^^^^^^^^^^^^^^^^
           /C:/Users/subhabrata/AppData/Local/Pub/Cach
e/hosted/pub.dev/rive-0.12.4/lib/src/rive_core/artboar
d.dart:266:20:
           Error: The method 
'TarjansDependencyGraphNodeSorter' isn't defined for 
the type 'Artboard'.
            - 'Artboard' is from 
'package:rive/src/rive_core/artboard.dart' ('/C:/Users
/subhabrata/AppData/Local/Pub/Cache/hosted/pub.dev/riv
e-0.12.4/lib/src/rive_core/artboard.dart').
                 var robust = 
TarjansDependencyGraphNodeSorter<Component>();
                              
^^^^^^^^^^^^^^^^^^^^^^^^^^^^^^^^
           /C:/Users/subhabrata/AppData/Local/Pub/Cach
e/hosted/pub.dev/rive-0.12.4/lib/src/rive_core/artboar
d.dart:312:27:
           Error: 'Vec2D' isn't a type.
             Vec2D renderTranslation(Vec2D 
worldTranslation) {
                                     ^^^^^
           /C:/Users/subhabrata/AppData/Local/Pub/Cach
e/hosted/pub.dev/rive-0.12.4/lib/src/rive_core/artboar
d.dart:510:33:
           Error: The method 'Vec2D' isn't defined 
for the type 'Artboard'.
            - 'Artboard' is from 
'package:rive/src/rive_core/artboard.dart' ('/C:/Users
/subhabrata/AppData/Local/Pub/Cache/hosted/pub.dev/riv
e-0.12.4/lib/src/rive_core/artboard.dart').
             Vec2D get worldTranslation => Vec2D();
                                           ^^^^^
           /C:/Users/subhabrata/AppData/Local/Pub/Cach
e/hosted/pub.dev/rive-0.12.4/lib/src/rive_core/artboar
d.dart:542:18:
           Error: The method 
'DependencyGraphNodeSorter' isn't defined for the 
type 'Artboard'.
            - 'Artboard' is from 
'package:rive/src/rive_core/artboard.dart' ('/C:/Users
/subhabrata/AppData/Local/Pub/Cache/hosted/pub.dev/riv
e-0.12.4/lib/src/rive_core/artboard.dart').
               var sorter = 
DependencyGraphNodeSorter<Component>();
                            ^^^^^^^^^^^^^^^^^^^^^^^^^
           /C:/Users/subhabrata/AppData/Local/Pub/Cach
e/hosted/pub.dev/rive-0.12.4/lib/src/rive_core/assets/
font_asset.dart:31:3:
           Error: 'Font' isn't a type.
             Font? _font;
             ^^^^
           /C:/Users/subhabrata/AppData/Local/Pub/Cach
e/hosted/pub.dev/rive-0.12.4/lib/src/rive_core/assets/
font_asset.dart:33:12:
           Error: 'Font' isn't a type.
             set font(Font? font) {
                      ^^^^
           /C:/Users/subhabrata/AppData/Local/Pub/Cach
e/hosted/pub.dev/rive-0.12.4/lib/src/rive_core/assets/
font_asset.dart:63:12:
           Error: Undefined name 'Font'.
               return Font.decode(bytes);
                      ^^^^
           /C:/Users/subhabrata/AppData/Local/Pub/Cach
e/hosted/pub.dev/rive-0.12.4/lib/src/rive_core/event.d
art:29:10:
           Error: The method 'iterableEquals' isn't 
defined for the type 'Event'.
            - 'Event' is from 
'package:rive/src/rive_core/event.dart' ('/C:/Users/su
bhabrata/AppData/Local/Pub/Cache/hosted/pub.dev/rive-0
.12.4/lib/src/rive_core/event.dart').
               if (!iterableEquals(customProperties, 
nextCustomProperties)) {
                    ^^^^^^^^^^^^^^
           /C:/Users/subhabrata/AppData/Local/Pub/Cach
e/hosted/pub.dev/rive-0.12.4/lib/src/rive_core/nested_
artboard.dart:21:22:
           Error: 'Mat2D' isn't a type.
             set worldTransform(Mat2D value);
                                ^^^^^
           /C:/Users/subhabrata/AppData/Local/Pub/Cach
e/hosted/pub.dev/rive-0.12.4/lib/src/rive_core/nested_
artboard.dart:100:23:
           Error: 'Vec2D' isn't a type.
             Vec2D? worldToLocal(Vec2D position) {
                                 ^^^^^
           /C:/Users/subhabrata/AppData/Local/Pub/Cach
e/hosted/pub.dev/rive-0.12.4/lib/src/rive_core/nested_
artboard.dart:105:29:
           Error: The method 'Mat2D' isn't defined 
for the type 'NestedArtboard'.
            - 'NestedArtboard' is from 
'package:rive/src/rive_core/nested_artboard.dart' ('/C
:/Users/subhabrata/AppData/Local/Pub/Cache/hosted/pub.
dev/rive-0.12.4/lib/src/rive_core/nested_artboard.dart
').
               var toMountedArtboard = Mat2D();
                                       ^^^^^
           /C:/Users/subhabrata/AppData/Local/Pub/Cach
e/hosted/pub.dev/rive-0.12.4/lib/src/rive_core/nested_
artboard.dart:106:10:
           Error: The getter 'Mat2D' isn't defined 
for the type 'NestedArtboard'.
            - 'NestedArtboard' is from 
'package:rive/src/rive_core/nested_artboard.dart' ('/C
:/Users/subhabrata/AppData/Local/Pub/Cache/hosted/pub.
dev/rive-0.12.4/lib/src/rive_core/nested_artboard.dart
').
               if (!Mat2D.invert(toMountedArtboard, 
mounted.worldTransform)) {
                    ^^^^^
           /C:/Users/subhabrata/AppData/Local/Pub/Cach
e/hosted/pub.dev/rive-0.12.4/lib/src/rive_core/nested_
artboard.dart:109:12:
           Error: The getter 'Vec2D' isn't defined 
for the type 'NestedArtboard'.
            - 'NestedArtboard' is from 
'package:rive/src/rive_core/nested_artboard.dart' ('/C
:/Users/subhabrata/AppData/Local/Pub/Cache/hosted/pub.
dev/rive-0.12.4/lib/src/rive_core/nested_artboard.dart
').
               return Vec2D.transformMat2D(Vec2D(), 
position, toMountedArtboard);
                      ^^^^^
           /C:/Users/subhabrata/AppData/Local/Pub/Cach
e/hosted/pub.dev/rive-0.12.4/lib/src/rive_core/nested_
artboard.dart:109:33:
           Error: The method 'Vec2D' isn't defined 
for the type 'NestedArtboard'.
            - 'NestedArtboard' is from 
'package:rive/src/rive_core/nested_artboard.dart' ('/C
:/Users/subhabrata/AppData/Local/Pub/Cache/hosted/pub.
dev/rive-0.12.4/lib/src/rive_core/nested_artboard.dart
').
               return Vec2D.transformMat2D(Vec2D(), 
position, toMountedArtboard);
                                           ^^^^^
           /C:/Users/subhabrata/AppData/Local/Pub/Cach
e/hosted/pub.dev/rive-0.12.4/lib/src/rive_core/runtime
/runtime_header.dart:40:5:
           Error: 'BinaryReader' isn't a type.
               BinaryReader reader, {
               ^^^^^^^^^^^^
           /C:/Users/subhabrata/AppData/Local/Pub/Cach
e/hosted/pub.dev/rive-0.12.4/lib/src/rive_core/shapes/
paint/linear_gradient.dart:33:22:
           Error: The getter 'Vec2D' isn't defined 
for the type 'LinearGradient'.
            - 'LinearGradient' is from 'package:rive/s
rc/rive_core/shapes/paint/linear_gradient.dart' ('/C:/
Users/subhabrata/AppData/Local/Pub/Cache/hosted/pub.de
v/rive-0.12.4/lib/src/rive_core/shapes/paint/linear_gr
adient.dart').
             Vec2D get start => 
Vec2D.fromValues(startX, startY);
                                ^^^^^
           /C:/Users/subhabrata/AppData/Local/Pub/Cach
e/hosted/pub.dev/rive-0.12.4/lib/src/rive_core/shapes/
paint/linear_gradient.dart:34:20:
           Error: The getter 'Vec2D' isn't defined 
for the type 'LinearGradient'.
            - 'LinearGradient' is from 'package:rive/s
rc/rive_core/shapes/paint/linear_gradient.dart' ('/C:/
Users/subhabrata/AppData/Local/Pub/Cache/hosted/pub.de
v/rive-0.12.4/lib/src/rive_core/shapes/paint/linear_gr
adient.dart').
             Vec2D get end => Vec2D.fromValues(endX, 
endY);
                              ^^^^^
           /C:/Users/subhabrata/AppData/Local/Pub/Cach
e/hosted/pub.dev/rive-0.12.4/lib/src/rive_core/shapes/
shape.dart:36:3:
           Error: 'AABB' isn't a type.
             AABB? _worldBounds;
             ^^^^
           /C:/Users/subhabrata/AppData/Local/Pub/Cach
e/hosted/pub.dev/rive-0.12.4/lib/src/rive_core/shapes/
shape.dart:37:3:
           Error: 'AABB' isn't a type.
             AABB? _localBounds;
             ^^^^
           /C:/Users/subhabrata/AppData/Local/Pub/Cach
e/hosted/pub.dev/rive-0.12.4/lib/src/rive_core/shapes/
shape.dart:195:5:
           Error: 'AABB' isn't a type.
               AABB worldBounds = 
path.preciseComputeBounds(transform: 
path.pathTransform);
               ^^^^
           /C:/Users/subhabrata/AppData/Local/Pub/Cach
e/hosted/pub.dev/rive-0.12.4/lib/src/rive_core/shapes/
shape.dart:192:14:
           Error: The getter 'AABB' isn't defined for 
the type 'Shape'.
            - 'Shape' is from 
'package:rive/src/rive_core/shapes/shape.dart' ('/C:/U
sers/subhabrata/AppData/Local/Pub/Cache/hosted/pub.dev
/rive-0.12.4/lib/src/rive_core/shapes/shape.dart').
                 return 
AABB.fromMinMax(worldTranslation, worldTranslation);
                        ^^^^
           /C:/Users/subhabrata/AppData/Local/Pub/Cach
e/hosted/pub.dev/rive-0.12.4/lib/src/rive_core/shapes/
shape.dart:197:7:
           Error: The getter 'AABB' isn't defined for 
the type 'Shape'.
            - 'Shape' is from 
'package:rive/src/rive_core/shapes/shape.dart' ('/C:/U
sers/subhabrata/AppData/Local/Pub/Cache/hosted/pub.dev
/rive-0.12.4/lib/src/rive_core/shapes/shape.dart').
                 AABB.combine(worldBounds, 
worldBounds,
                 ^^^^
           /C:/Users/subhabrata/AppData/Local/Pub/Cach
e/hosted/pub.dev/rive-0.12.4/lib/src/rive_core/shapes/
shape.dart:203:22:
           Error: 'Mat2D' isn't a type.
             AABB computeBounds(Mat2D relativeTo) {
                                ^^^^^
           /C:/Users/subhabrata/AppData/Local/Pub/Cach
e/hosted/pub.dev/rive-0.12.4/lib/src/rive_core/shapes/
shape.dart:210:5:
           Error: 'AABB' isn't a type.
               AABB localBounds = 
path.preciseComputeBounds(
               ^^^^
           /C:/Users/subhabrata/AppData/Local/Pub/Cach
e/hosted/pub.dev/rive-0.12.4/lib/src/rive_core/shapes/
shape.dart:206:14:
           Error: The method 'AABB' isn't defined for 
the type 'Shape'.
            - 'Shape' is from 
'package:rive/src/rive_core/shapes/shape.dart' ('/C:/U
sers/subhabrata/AppData/Local/Pub/Cache/hosted/pub.dev
/rive-0.12.4/lib/src/rive_core/shapes/shape.dart').
                 return AABB();
                        ^^^^
           /C:/Users/subhabrata/AppData/Local/Pub/Cach
e/hosted/pub.dev/rive-0.12.4/lib/src/rive_core/shapes/
shape.dart:211:18:
           Error: The getter 'Mat2D' isn't defined 
for the type 'Shape'.
            - 'Shape' is from 
'package:rive/src/rive_core/shapes/shape.dart' ('/C:/U
sers/subhabrata/AppData/Local/Pub/Cache/hosted/pub.dev
/rive-0.12.4/lib/src/rive_core/shapes/shape.dart').
                 transform: Mat2D.multiply(
                            ^^^^^
           /C:/Users/subhabrata/AppData/Local/Pub/Cach
e/hosted/pub.dev/rive-0.12.4/lib/src/rive_core/shapes/
shape.dart:212:9:
           Error: The method 'Mat2D' isn't defined 
for the type 'Shape'.
            - 'Shape' is from 
'package:rive/src/rive_core/shapes/shape.dart' ('/C:/U
sers/subhabrata/AppData/Local/Pub/Cache/hosted/pub.dev
/rive-0.12.4/lib/src/rive_core/shapes/shape.dart').
                   Mat2D(),
                   ^^^^^
           /C:/Users/subhabrata/AppData/Local/Pub/Cach
e/hosted/pub.dev/rive-0.12.4/lib/src/rive_core/shapes/
shape.dart:219:7:
           Error: The getter 'AABB' isn't defined for 
the type 'Shape'.
            - 'Shape' is from 
'package:rive/src/rive_core/shapes/shape.dart' ('/C:/U
sers/subhabrata/AppData/Local/Pub/Cache/hosted/pub.dev
/rive-0.12.4/lib/src/rive_core/shapes/shape.dart').
                 AABB.combine(
                 ^^^^
           /C:/Users/subhabrata/AppData/Local/Pub/Cach
e/hosted/pub.dev/rive-0.12.4/lib/src/rive_core/shapes/
shape.dart:223:22:
           Error: The getter 'Mat2D' isn't defined 
for the type 'Shape'.
            - 'Shape' is from 
'package:rive/src/rive_core/shapes/shape.dart' ('/C:/U
sers/subhabrata/AppData/Local/Pub/Cache/hosted/pub.dev
/rive-0.12.4/lib/src/rive_core/shapes/shape.dart').
                     transform: Mat2D.multiply(
                                ^^^^^
           /C:/Users/subhabrata/AppData/Local/Pub/Cach
e/hosted/pub.dev/rive-0.12.4/lib/src/rive_core/shapes/
shape.dart:224:13:
           Error: The method 'Mat2D' isn't defined 
for the type 'Shape'.
            - 'Shape' is from 
'package:rive/src/rive_core/shapes/shape.dart' ('/C:/U
sers/subhabrata/AppData/Local/Pub/Cache/hosted/pub.dev
/rive-0.12.4/lib/src/rive_core/shapes/shape.dart').
                       Mat2D(),
                       ^^^^^
           /C:/Users/subhabrata/AppData/Local/Pub/Cach
e/hosted/pub.dev/rive-0.12.4/lib/src/rive_core/shapes/
shape.dart:235:23:
           Error: The method 'Mat2D' isn't defined 
for the type 'Shape'.
            - 'Shape' is from 
'package:rive/src/rive_core/shapes/shape.dart' ('/C:/U
sers/subhabrata/AppData/Local/Pub/Cache/hosted/pub.dev
/rive-0.12.4/lib/src/rive_core/shapes/shape.dart').
               var toTransform = Mat2D();
                                 ^^^^^
           /C:/Users/subhabrata/AppData/Local/Pub/Cach
e/hosted/pub.dev/rive-0.12.4/lib/src/rive_core/shapes/
shape.dart:236:10:
           Error: The getter 'Mat2D' isn't defined 
for the type 'Shape'.
            - 'Shape' is from 
'package:rive/src/rive_core/shapes/shape.dart' ('/C:/U
sers/subhabrata/AppData/Local/Pub/Cache/hosted/pub.dev
/rive-0.12.4/lib/src/rive_core/shapes/shape.dart').
               if (!Mat2D.invert(toTransform, 
worldTransform)) {
                    ^^^^^
           /C:/Users/subhabrata/AppData/Local/Pub/Cach
e/hosted/pub.dev/rive-0.12.4/lib/src/rive_core/shapes/
shape.dart:237:7:
           Error: The getter 'Mat2D' isn't defined 
for the type 'Shape'.
            - 'Shape' is from 
'package:rive/src/rive_core/shapes/shape.dart' ('/C:/U
sers/subhabrata/AppData/Local/Pub/Cache/hosted/pub.dev
/rive-0.12.4/lib/src/rive_core/shapes/shape.dart').
                 Mat2D.setIdentity(toTransform);
                 ^^^^^
           /C:/Users/subhabrata/AppData/Local/Pub/Cach
e/hosted/pub.dev/rive-0.12.4/lib/src/rive_core/shapes/
shape.dart:313:22:
           Error: 'TransformingHitTester' isn't a 
type.
             void fillHitTester(TransformingHitTester 
hitTester) {
                                ^^^^^^^^^^^^^^^^^^^^^
           /C:/Users/subhabrata/AppData/Local/Pub/Cach
e/hosted/pub.dev/rive-0.12.4/lib/src/rive_file.dart:44
:5:
           Error: 'BinaryReader' isn't a type.
               BinaryReader reader, HashMap<int, 
CoreFieldType> propertyToField) {
               ^^^^^^^^^^^^
           /C:/Users/subhabrata/AppData/Local/Pub/Cach
e/hosted/pub.dev/rive-0.12.4/lib/src/rive_file.dart:76
:5:
           Error: 'BinaryReader' isn't a type.
               BinaryReader reader, HashMap<int, 
CoreFieldType> propertyToField) {
               ^^^^^^^^^^^^
           /C:/Users/subhabrata/AppData/Local/Pub/Cach
e/hosted/pub.dev/rive-0.12.4/lib/src/rive_file.dart:91
:20:
           Error: 'BinaryReader' isn't a type.
           void _skipProperty(BinaryReader reader, 
int propertyKey,
                              ^^^^^^^^^^^^
           /C:/Users/subhabrata/AppData/Local/Pub/Cach
e/hosted/pub.dev/rive-0.12.4/lib/src/rive_file.dart:13
7:18:
           Error: Method not found: 'BinaryReader'.
               var reader = BinaryReader(bytes);
                            ^^^^^^^^^^^^
           /C:/Users/subhabrata/AppData/Local/Pub/Cach
e/hosted/pub.dev/rive-0.12.4/lib/src/rive_file.dart:15
4:5:
           Error: 'BinaryReader' isn't a type.
               BinaryReader reader,
               ^^^^^^^^^^^^
           /C:/Users/subhabrata/AppData/Local/Pub/Cach
e/hosted/pub.dev/rive-0.12.4/lib/src/rive_file.dart:33
1:18:
           Error: Method not found: 'BinaryReader'.
               var reader = BinaryReader(bytes);
                            ^^^^^^^^^^^^
           /C:/Users/subhabrata/AppData/Local/Pub/Cach
e/hosted/pub.dev/rive-0.12.4/lib/src/rive_file.dart:34
9:13:
           Error: Undefined name 'Font'.
                 await Font.initialize();
                       ^^^^
           /C:/Users/subhabrata/AppData/Local/Pub/Cach
e/hosted/pub.dev/rive-0.12.4/lib/src/rive_file.dart:36
2:15:
           Error: Undefined name 'Font'.
                   await Font.initialize();
                         ^^^^
           /C:/Users/subhabrata/AppData/Local/Pub/Cach
e/hosted/pub.dev/rive-0.12.4/lib/src/rive_scene.dart:2
2:28:
           Error: 'Mat2D' isn't a type.
             void draw(Canvas canvas, Mat2D 
viewTransform);
                                      ^^^^^
           /C:/Users/subhabrata/AppData/Local/Pub/Cach
e/hosted/pub.dev/rive-0.12.4/lib/src/rive_scene.dart:9
1:12:
           Error: The getter 'AABB' isn't defined for 
the type 'RiveSceneRenderObject'.
            - 'RiveSceneRenderObject' is from 
'package:rive/src/rive_scene.dart' ('/C:/Users/subhabr
ata/AppData/Local/Pub/Cache/hosted/pub.dev/rive-0.12.4
/lib/src/rive_scene.dart').
               return AABB.fromValues(0, 0, width, 
height);
                      ^^^^
           /C:/Users/subhabrata/AppData/Local/Pub/Cach
e/hosted/pub.dev/rive-0.12.4/lib/src/rive_scene.dart:1
03:28:
           Error: 'Mat2D' isn't a type.
             void draw(Canvas canvas, Mat2D 
viewTransform) {
                                      ^^^^^
           /C:/Users/subhabrata/AppData/Local/Pub/Cach
e/hosted/pub.dev/rive-0.12.4/lib/src/runtime_mounted_a
rtboard.dart:28:3:
           Error: 'Mat2D' isn't a type.
             Mat2D worldTransform = Mat2D();
             ^^^^^
           /C:/Users/subhabrata/AppData/Local/Pub/Cach
e/hosted/pub.dev/rive-0.12.4/lib/src/runtime_mounted_a
rtboard.dart:28:26:
           Error: Method not found: 'Mat2D'.
             Mat2D worldTransform = Mat2D();
                                    ^^^^^
           /C:/Users/subhabrata/AppData/Local/Pub/Cach
e/hosted/pub.dev/rive-0.12.4/lib/src/runtime_mounted_a
rtboard.dart:45:12:
           Error: The getter 'AABB' isn't defined for 
the type 'RuntimeMountedArtboard'.
            - 'RuntimeMountedArtboard' is from 
'package:rive/src/runtime_mounted_artboard.dart' ('/C:
/Users/subhabrata/AppData/Local/Pub/Cache/hosted/pub.d
ev/rive-0.12.4/lib/src/runtime_mounted_artboard.dart')
.
               return AABB.fromValues(x, y, x + 
width, y + height);
                      ^^^^
           /C:/Users/subhabrata/AppData/Local/Pub/Cach
e/hosted/pub.dev/rive-0.12.4/lib/src/runtime_nested_ar
tboard.dart:123:16:
           Error: 'Vec2D' isn't a type.
             bool hitTest(Vec2D position) => 
stateMachineController.hitTest(position);
                          ^^^^^
           /C:/Users/subhabrata/AppData/Local/Pub/Cach
e/hosted/pub.dev/rive-0.12.4/lib/src/runtime_nested_ar
tboard.dart:126:20:
           Error: 'Vec2D' isn't a type.
             void pointerDown(Vec2D position, 
PointerDownEvent event) =>
                              ^^^^^
           /C:/Users/subhabrata/AppData/Local/Pub/Cach
e/hosted/pub.dev/rive-0.12.4/lib/src/runtime_nested_ar
tboard.dart:130:20:
           Error: 'Vec2D' isn't a type.
             void pointerMove(Vec2D position) =>
                              ^^^^^
           /C:/Users/subhabrata/AppData/Local/Pub/Cach
e/hosted/pub.dev/rive-0.12.4/lib/src/runtime_nested_ar
tboard.dart:134:18:
           Error: 'Vec2D' isn't a type.
             void pointerUp(Vec2D position) => 
stateMachineController.pointerUp(position);
                            ^^^^^
           lib/src/features/course/pesentation/pages/c
ourse_detail/widgets/lesson_item.dart:51:26:
           Error: The getter 'FirebaseAuth' isn't 
defined for the type 'LessonItem'.
            - 'LessonItem' is from 'package:online_cou
rse/src/features/course/pesentation/pages/course_detai
l/widgets/lesson_item.dart' ('lib/src/features/course/
pesentation/pages/course_detail/widgets/lesson_item.da
rt').
                       final user = 
FirebaseAuth.instance.currentUser;
                                    ^^^^^^^^^^^^
           lib/src/features/course/pesentation/pages/c
ourse_detail/widgets/lesson_item.dart:275:23:
           Error: 'Timestamp' isn't a type.
             bool CheckIfExpired(Timestamp 
purchaseDate) {
                                 ^^^^^^^^^
           /C:/Users/subhabrata/AppData/Local/Pub/Cach
e/hosted/pub.dev/rive-0.12.4/lib/src/rive_core/state_m
achine_controller.dart:479:47:
           Error: The method 'Vec2D' isn't defined 
for the type 'StateMachineController'.
            - 'StateMachineController' is from 'packag
e:rive/src/rive_core/state_machine_controller.dart' ('
/C:/Users/subhabrata/AppData/Local/Pub/Cache/hosted/pu
b.dev/rive-0.12.4/lib/src/rive_core/state_machine_cont
roller.dart').
                           
listener.performChanges(this, Vec2D());
                                                      
   ^^^^^
           /C:/Users/subhabrata/AppData/Local/Pub/Cach
e/hosted/pub.dev/rive-0.12.4/lib/src/rive_core/state_m
achine_controller.dart:488:51:
           Error: The method 'Vec2D' isn't defined 
for the type 'StateMachineController'.
            - 'StateMachineController' is from 'packag
e:rive/src/rive_core/state_machine_controller.dart' ('
/C:/Users/subhabrata/AppData/Local/Pub/Cache/hosted/pu
b.dev/rive-0.12.4/lib/src/rive_core/state_machine_cont
roller.dart').
                               
listener.performChanges(this, Vec2D());
                                                      
       ^^^^^
           /C:/Users/subhabrata/AppData/Local/Pub/Cach
e/hosted/pub.dev/rive-0.12.4/lib/src/rive_core/state_m
achine_controller.dart:506:5:
           Error: 'Vec2D' isn't a type.
               Vec2D position, {
               ^^^^^
           /C:/Users/subhabrata/AppData/Local/Pub/Cach
e/hosted/pub.dev/rive-0.12.4/lib/src/rive_core/state_m
achine_controller.dart:517:11:
           Error: The getter 'Vec2D' isn't defined 
for the type 'StateMachineController'.
            - 'StateMachineController' is from 'packag
e:rive/src/rive_core/state_machine_controller.dart' ('
/C:/Users/subhabrata/AppData/Local/Pub/Cache/hosted/pu
b.dev/rive-0.12.4/lib/src/rive_core/state_machine_cont
roller.dart').
                     Vec2D.fromValues(
                     ^^^^^
           /C:/Users/subhabrata/AppData/Local/Pub/Cach
e/hosted/pub.dev/rive-0.12.4/lib/src/rive_core/state_m
achine_controller.dart:523:19:
           Error: The method 'IAABB' isn't defined 
for the type 'StateMachineController'.
            - 'StateMachineController' is from 'packag
e:rive/src/rive_core/state_machine_controller.dart' ('
/C:/Users/subhabrata/AppData/Local/Pub/Cache/hosted/pu
b.dev/rive-0.12.4/lib/src/rive_core/state_machine_cont
roller.dart').
               var hitArea = IAABB(
                             ^^^^^
           /C:/Users/subhabrata/AppData/Local/Pub/Cach
e/hosted/pub.dev/rive-0.12.4/lib/src/rive_core/state_m
achine_controller.dart:541:25:
           Error: The method 'TransformingHitTester' 
isn't defined for the type 'StateMachineController'.
            - 'StateMachineController' is from 'packag
e:rive/src/rive_core/state_machine_controller.dart' ('
/C:/Users/subhabrata/AppData/Local/Pub/Cache/hosted/pu
b.dev/rive-0.12.4/lib/src/rive_core/state_machine_cont
roller.dart').
                   var hitTester = 
TransformingHitTester(hitArea);
                                   
^^^^^^^^^^^^^^^^^^^^^
           /C:/Users/subhabrata/AppData/Local/Pub/Cach
e/hosted/pub.dev/rive-0.12.4/lib/src/rive_core/state_m
achine_controller.dart:609:5:
           Error: 'Vec2D' isn't a type.
               Vec2D position, {
               ^^^^^
           /C:/Users/subhabrata/AppData/Local/Pub/Cach
e/hosted/pub.dev/rive-0.12.4/lib/src/rive_core/state_m
achine_controller.dart:620:11:
           Error: The getter 'Vec2D' isn't defined 
for the type 'StateMachineController'.
            - 'StateMachineController' is from 'packag
e:rive/src/rive_core/state_machine_controller.dart' ('
/C:/Users/subhabrata/AppData/Local/Pub/Cache/hosted/pu
b.dev/rive-0.12.4/lib/src/rive_core/state_machine_cont
roller.dart').
                     Vec2D.fromValues(
                     ^^^^^
           /C:/Users/subhabrata/AppData/Local/Pub/Cach
e/hosted/pub.dev/rive-0.12.4/lib/src/rive_core/state_m
achine_controller.dart:626:19:
           Error: The method 'IAABB' isn't defined 
for the type 'StateMachineController'.
            - 'StateMachineController' is from 'packag
e:rive/src/rive_core/state_machine_controller.dart' ('
/C:/Users/subhabrata/AppData/Local/Pub/Cache/hosted/pu
b.dev/rive-0.12.4/lib/src/rive_core/state_machine_cont
roller.dart').
               var hitArea = IAABB(
                             ^^^^^
           /C:/Users/subhabrata/AppData/Local/Pub/Cach
e/hosted/pub.dev/rive-0.12.4/lib/src/rive_core/state_m
achine_controller.dart:641:25:
           Error: The method 'TransformingHitTester' 
isn't defined for the type 'StateMachineController'.
            - 'StateMachineController' is from 'packag
e:rive/src/rive_core/state_machine_controller.dart' ('
/C:/Users/subhabrata/AppData/Local/Pub/Cache/hosted/pu
b.dev/rive-0.12.4/lib/src/rive_core/state_machine_cont
roller.dart').
                   var hitTester = 
TransformingHitTester(hitArea);
                                   
^^^^^^^^^^^^^^^^^^^^^
           /C:/Users/subhabrata/AppData/Local/Pub/Cach
e/hosted/pub.dev/rive-0.12.4/lib/src/rive_core/state_m
achine_controller.dart:671:20:
           Error: 'Vec2D' isn't a type.
             void pointerMove(Vec2D position) => 
_processEvent(
                              ^^^^^
           /C:/Users/subhabrata/AppData/Local/Pub/Cach
e/hosted/pub.dev/rive-0.12.4/lib/src/rive_core/state_m
achine_controller.dart:676:20:
           Error: 'Vec2D' isn't a type.
             void pointerDown(Vec2D position, 
PointerDownEvent event) {
                              ^^^^^
           /C:/Users/subhabrata/AppData/Local/Pub/Cach
e/hosted/pub.dev/rive-0.12.4/lib/src/rive_core/state_m
achine_controller.dart:686:18:
           Error: 'Vec2D' isn't a type.
             void pointerUp(Vec2D position) => 
_processEvent(
                            ^^^^^
           /C:/Users/subhabrata/AppData/Local/Pub/Cach
e/hosted/pub.dev/rive-0.12.4/lib/src/rive_core/state_m
achine_controller.dart:691:20:
           Error: 'Vec2D' isn't a type.
             void pointerExit(Vec2D position) => 
_processEvent(
                              ^^^^^
           /C:/Users/subhabrata/AppData/Local/Pub/Cach
e/hosted/pub.dev/rive-0.12.4/lib/src/rive_core/state_m
achine_controller.dart:696:21:
           Error: 'Vec2D' isn't a type.
             void pointerEnter(Vec2D position) => 
_processEvent(
                               ^^^^^
           /C:/Users/subhabrata/AppData/Local/Pub/Cach
e/hosted/pub.dev/rive-0.12.4/lib/src/rive_render_box.d
art:236:28:
           Error: 'Mat2D' isn't a type.
             void draw(Canvas canvas, Mat2D 
viewTransform);
                                      ^^^^^
           /C:/Users/subhabrata/AppData/Local/Pub/Cach
e/hosted/pub.dev/rive-0.12.4/lib/src/rive_render_box.d
art:272:27:
           Error: The method 'Mat2D' isn't defined 
for the type 'RiveRenderBox'.
            - 'RiveRenderBox' is from 
'package:rive/src/rive_render_box.dart' ('/C:/Users/su
bhabrata/AppData/Local/Pub/Cache/hosted/pub.dev/rive-0
.12.4/lib/src/rive_render_box.dart').
               var localToArtboard = Mat2D();
                                     ^^^^^
           /C:/Users/subhabrata/AppData/Local/Pub/Cach
e/hosted/pub.dev/rive-0.12.4/lib/src/rive_render_box.d
art:273:22:
           Error: The getter 'Vec2D' isn't defined 
for the type 'RiveRenderBox'.
            - 'RiveRenderBox' is from 
'package:rive/src/rive_render_box.dart' ('/C:/Users/su
bhabrata/AppData/Local/Pub/Cache/hosted/pub.dev/rive-0
.12.4/lib/src/rive_render_box.dart').
               var localAsVec = 
Vec2D.fromValues(local.dx, local.dy);
                                ^^^^^
           /C:/Users/subhabrata/AppData/Local/Pub/Cach
e/hosted/pub.dev/rive-0.12.4/lib/src/rive_render_box.d
art:274:10:
           Error: The getter 'Mat2D' isn't defined 
for the type 'RiveRenderBox'.
            - 'RiveRenderBox' is from 
'package:rive/src/rive_render_box.dart' ('/C:/Users/su
bhabrata/AppData/Local/Pub/Cache/hosted/pub.dev/rive-0
.12.4/lib/src/rive_render_box.dart').
               if (!Mat2D.invert(localToArtboard, 
alignArtboard)) {
                    ^^^^^
           /C:/Users/subhabrata/AppData/Local/Pub/Cach
e/hosted/pub.dev/rive-0.12.4/lib/src/rive_render_box.d
art:277:12:
           Error: The getter 'Vec2D' isn't defined 
for the type 'RiveRenderBox'.
            - 'RiveRenderBox' is from 
'package:rive/src/rive_render_box.dart' ('/C:/Users/su
bhabrata/AppData/Local/Pub/Cache/hosted/pub.dev/rive-0
.12.4/lib/src/rive_render_box.dart').
               return Vec2D.transformMat2D(Vec2D(), 
localAsVec, localToArtboard);
                      ^^^^^
           /C:/Users/subhabrata/AppData/Local/Pub/Cach
e/hosted/pub.dev/rive-0.12.4/lib/src/rive_render_box.d
art:277:33:
           Error: The method 'Vec2D' isn't defined 
for the type 'RiveRenderBox'.
            - 'RiveRenderBox' is from 
'package:rive/src/rive_render_box.dart' ('/C:/Users/su
bhabrata/AppData/Local/Pub/Cache/hosted/pub.dev/rive-0
.12.4/lib/src/rive_render_box.dart').
               return Vec2D.transformMat2D(Vec2D(), 
localAsVec, localToArtboard);
                                           ^^^^^
           /C:/Users/subhabrata/AppData/Local/Pub/Cach
e/hosted/pub.dev/rive-0.12.4/lib/src/rive_render_box.d
art:281:5:
           Error: 'AABB' isn't a type.
               AABB frame = AABB.fromValues(
               ^^^^
           /C:/Users/subhabrata/AppData/Local/Pub/Cach
e/hosted/pub.dev/rive-0.12.4/lib/src/rive_render_box.d
art:283:5:
           Error: 'AABB' isn't a type.
               AABB content = aabb;
               ^^^^
           /C:/Users/subhabrata/AppData/Local/Pub/Cach
e/hosted/pub.dev/rive-0.12.4/lib/src/rive_render_box.d
art:334:5:
           Error: 'Mat2D' isn't a type.
               Mat2D transform = Mat2D();
               ^^^^^
           /C:/Users/subhabrata/AppData/Local/Pub/Cach
e/hosted/pub.dev/rive-0.12.4/lib/src/rive_render_box.d
art:343:5:
           Error: 'Mat2D' isn't a type.
               Mat2D center = Mat2D();
               ^^^^^
           /C:/Users/subhabrata/AppData/Local/Pub/Cach
e/hosted/pub.dev/rive-0.12.4/lib/src/rive_render_box.d
art:281:18:
           Error: The getter 'AABB' isn't defined for 
the type 'RiveRenderBox'.
            - 'RiveRenderBox' is from 
'package:rive/src/rive_render_box.dart' ('/C:/Users/su
bhabrata/AppData/Local/Pub/Cache/hosted/pub.dev/rive-0
.12.4/lib/src/rive_render_box.dart').
               AABB frame = AABB.fromValues(
                            ^^^^
           /C:/Users/subhabrata/AppData/Local/Pub/Cach
e/hosted/pub.dev/rive-0.12.4/lib/src/rive_render_box.d
art:289:14:
           Error: The method 'Mat2D' isn't defined 
for the type 'RiveRenderBox'.
            - 'RiveRenderBox' is from 
'package:rive/src/rive_render_box.dart' ('/C:/Users/su
bhabrata/AppData/Local/Pub/Cache/hosted/pub.dev/rive-0
.12.4/lib/src/rive_render_box.dart').
                 return Mat2D();
                        ^^^^^
           /C:/Users/subhabrata/AppData/Local/Pub/Cach
e/hosted/pub.dev/rive-0.12.4/lib/src/rive_render_box.d
art:334:23:
           Error: The method 'Mat2D' isn't defined 
for the type 'RiveRenderBox'.
            - 'RiveRenderBox' is from 
'package:rive/src/rive_render_box.dart' ('/C:/Users/su
bhabrata/AppData/Local/Pub/Cache/hosted/pub.dev/rive-0
.12.4/lib/src/rive_render_box.dart').
               Mat2D transform = Mat2D();
                                 ^^^^^
           /C:/Users/subhabrata/AppData/Local/Pub/Cach
e/hosted/pub.dev/rive-0.12.4/lib/src/rive_render_box.d
art:342:5:
           Error: The getter 'Mat2D' isn't defined 
for the type 'RiveRenderBox'.
            - 'RiveRenderBox' is from 
'package:rive/src/rive_render_box.dart' ('/C:/Users/su
bhabrata/AppData/Local/Pub/Cache/hosted/pub.dev/rive-0
.12.4/lib/src/rive_render_box.dart').
               Mat2D.scale(transform, transform, 
Vec2D.fromValues(scaleX, scaleY));
               ^^^^^
           /C:/Users/subhabrata/AppData/Local/Pub/Cach
e/hosted/pub.dev/rive-0.12.4/lib/src/rive_render_box.d
art:342:39:
           Error: The getter 'Vec2D' isn't defined 
for the type 'RiveRenderBox'.
            - 'RiveRenderBox' is from 
'package:rive/src/rive_render_box.dart' ('/C:/Users/su
bhabrata/AppData/Local/Pub/Cache/hosted/pub.dev/rive-0
.12.4/lib/src/rive_render_box.dart').
               Mat2D.scale(transform, transform, 
Vec2D.fromValues(scaleX, scaleY));
                                                 ^^^^^
           /C:/Users/subhabrata/AppData/Local/Pub/Cach
e/hosted/pub.dev/rive-0.12.4/lib/src/rive_render_box.d
art:343:20:
           Error: The method 'Mat2D' isn't defined 
for the type 'RiveRenderBox'.
            - 'RiveRenderBox' is from 
'package:rive/src/rive_render_box.dart' ('/C:/Users/su
bhabrata/AppData/Local/Pub/Cache/hosted/pub.dev/rive-0
.12.4/lib/src/rive_render_box.dart').
               Mat2D center = Mat2D();
                              ^^^^^
           /C:/Users/subhabrata/AppData/Local/Pub/Cach
e/hosted/pub.dev/rive-0.12.4/lib/src/rive_render_box.d
art:346:5:
           Error: The getter 'Mat2D' isn't defined 
for the type 'RiveRenderBox'.
            - 'RiveRenderBox' is from 
'package:rive/src/rive_render_box.dart' ('/C:/Users/su
bhabrata/AppData/Local/Pub/Cache/hosted/pub.dev/rive-0
.12.4/lib/src/rive_render_box.dart').
               Mat2D.multiply(transform, transform, 
center);
               ^^^^^
           /C:/Users/subhabrata/AppData/Local/Pub/Cach
e/hosted/pub.dev/rive-0.12.4/lib/src/rive_core/joystic
k.dart:32:7:
           Error: The getter 'Mat2D' isn't defined 
for the type 'Joystick'.
            - 'Joystick' is from 
'package:rive/src/rive_core/joystick.dart' ('/C:/Users
/subhabrata/AppData/Local/Pub/Cache/hosted/pub.dev/riv
e-0.12.4/lib/src/rive_core/joystick.dart').
                 Mat2D.invert(_inverseWorldTransform, 
_worldTransform);
                 ^^^^^
           /C:/Users/subhabrata/AppData/Local/Pub/Cach
e/hosted/pub.dev/rive-0.12.4/lib/src/rive_core/joystic
k.dart:103:25:
           Error: The getter 'Vec2D' isn't defined 
for the type 'Joystick'.
            - 'Joystick' is from 
'package:rive/src/rive_core/joystick.dart' ('/C:/Users
/subhabrata/AppData/Local/Pub/Cache/hosted/pub.dev/riv
e-0.12.4/lib/src/rive_core/joystick.dart').
             Vec2D get position => 
Vec2D.fromValues(posX, posY);
                                   ^^^^^
           /C:/Users/subhabrata/AppData/Local/Pub/Cach
e/hosted/pub.dev/rive-0.12.4/lib/src/rive_core/joystic
k.dart:104:3:
           Error: 'Mat2D' isn't a type.
             Mat2D _worldTransform = Mat2D();
             ^^^^^
           /C:/Users/subhabrata/AppData/Local/Pub/Cach
e/hosted/pub.dev/rive-0.12.4/lib/src/rive_core/joystic
k.dart:104:27:
           Error: Method not found: 'Mat2D'.
             Mat2D _worldTransform = Mat2D();
                                     ^^^^^
           /C:/Users/subhabrata/AppData/Local/Pub/Cach
e/hosted/pub.dev/rive-0.12.4/lib/src/rive_core/joystic
k.dart:105:9:
           Error: 'Mat2D' isn't a type.
             final Mat2D _inverseWorldTransform = 
Mat2D();
                   ^^^^^
           /C:/Users/subhabrata/AppData/Local/Pub/Cach
e/hosted/pub.dev/rive-0.12.4/lib/src/rive_core/joystic
k.dart:105:40:
           Error: Method not found: 'Mat2D'.
             final Mat2D _inverseWorldTransform = 
Mat2D();
                                                  
^^^^^
           /C:/Users/subhabrata/AppData/Local/Pub/Cach
e/hosted/pub.dev/rive-0.12.4/lib/src/rive_core/joystic
k.dart:108:17:
           Error: The getter 'Mat2D' isn't defined 
for the type 'Joystick'.
            - 'Joystick' is from 
'package:rive/src/rive_core/joystick.dart' ('/C:/Users
/subhabrata/AppData/Local/Pub/Cache/hosted/pub.dev/riv
e-0.12.4/lib/src/rive_core/joystick.dart').
               var local = 
Mat2D.fromTranslation(position);
                           ^^^^^
           /C:/Users/subhabrata/AppData/Local/Pub/Cach
e/hosted/pub.dev/rive-0.12.4/lib/src/rive_core/joystic
k.dart:110:19:
           Error: The getter 'Mat2D' isn't defined 
for the type 'Joystick'.
            - 'Joystick' is from 
'package:rive/src/rive_core/joystick.dart' ('/C:/Users
/subhabrata/AppData/Local/Pub/Cache/hosted/pub.dev/riv
e-0.12.4/lib/src/rive_core/joystick.dart').
                 var world = Mat2D.multiply(
                             ^^^^^
           /C:/Users/subhabrata/AppData/Local/Pub/Cach
e/hosted/pub.dev/rive-0.12.4/lib/src/rive_core/joystic
k.dart:111:11:
           Error: The method 'Mat2D' isn't defined 
for the type 'Joystick'.
            - 'Joystick' is from 
'package:rive/src/rive_core/joystick.dart' ('/C:/Users
/subhabrata/AppData/Local/Pub/Cache/hosted/pub.dev/riv
e-0.12.4/lib/src/rive_core/joystick.dart').
                     Mat2D(), (parent as 
WorldTransformComponent).worldTransform, local);
                     ^^^^^
           /C:/Users/subhabrata/AppData/Local/Pub/Cach
e/hosted/pub.dev/rive-0.12.4/lib/src/rive_core/joystic
k.dart:113:16:
           Error: The getter 'Mat2D' isn't defined 
for the type 'Joystick'.
            - 'Joystick' is from 
'package:rive/src/rive_core/joystick.dart' ('/C:/Users
/subhabrata/AppData/Local/Pub/Cache/hosted/pub.dev/riv
e-0.12.4/lib/src/rive_core/joystick.dart').
                   return 
Mat2D.fromTranslation(world.translation);
                          ^^^^^
           /C:/Users/subhabrata/AppData/Local/Pub/Cach
e/hosted/pub.dev/rive-0.12.4/lib/src/rive_core/joystic
k.dart:207:27:
           Error: The getter 'AABB' isn't defined for 
the type 'Joystick'.
            - 'Joystick' is from 
'package:rive/src/rive_core/joystick.dart' ('/C:/Users
/subhabrata/AppData/Local/Pub/Cache/hosted/pub.dev/riv
e-0.12.4/lib/src/rive_core/joystick.dart').
             AABB get localBounds => AABB.fromValues(
                                     ^^^^
           /C:/Users/subhabrata/AppData/Local/Pub/Cach
e/hosted/pub.dev/rive-0.12.4/lib/src/rive_core/joystic
k.dart:214:26:
           Error: The getter 'Mat2D' isn't defined 
for the type 'Joystick'.
            - 'Joystick' is from 
'package:rive/src/rive_core/joystick.dart' ('/C:/Users
/subhabrata/AppData/Local/Pub/Cache/hosted/pub.dev/riv
e-0.12.4/lib/src/rive_core/joystick.dart').
             Mat2D get transform => 
Mat2D.fromTranslation(position);
                                    ^^^^^
           /C:/Users/subhabrata/AppData/Local/Pub/Cach
e/hosted/pub.dev/rive-0.12.4/lib/src/rive_core/text/te
xt_style.dart:25:3:
           Error: 'Font' isn't a type.
             Font? _font;
             ^^^^
           /C:/Users/subhabrata/AppData/Local/Pub/Cach
e/hosted/pub.dev/rive-0.12.4/lib/src/rive_core/text/te
xt_style.dart:76:21:
           Error: The method 'FontAxisCoord' isn't 
defined for the type 'TextStyle'.
            - 'TextStyle' is from 
'package:rive/src/rive_core/text/text_style.dart' ('/C
:/Users/subhabrata/AppData/Local/Pub/Cache/hosted/pub.
dev/rive-0.12.4/lib/src/rive_core/text/text_style.dart
').
                     (axis) => FontAxisCoord(
                               ^^^^^^^^^^^^^
           /C:/Users/subhabrata/AppData/Local/Pub/Cach
e/hosted/pub.dev/rive-0.12.4/lib/src/rive_core/text/te
xt_style.dart:82:24:
           Error: The method 'FontFeature' isn't 
defined for the type 'TextStyle'.
            - 'TextStyle' is from 
'package:rive/src/rive_core/text/text_style.dart' ('/C
:/Users/subhabrata/AppData/Local/Pub/Cache/hosted/pub.
dev/rive-0.12.4/lib/src/rive_core/text/text_style.dart
').
                     (feature) => FontFeature(
                                  ^^^^^^^^^^^
           /C:/Users/subhabrata/AppData/Local/Pub/Cach
e/hosted/pub.dev/rive-0.12.4/lib/src/rive_core/text/te
xt_style.dart:192:55:
           Error: The getter 'Mat2D' isn't defined 
for the type 'TextStyle'.
            - 'TextStyle' is from 
'package:rive/src/rive_core/text/text_style.dart' ('/C
:/Users/subhabrata/AppData/Local/Pub/Cache/hosted/pub.
dev/rive-0.12.4/lib/src/rive_core/text/text_style.dart
').
             Mat2D get worldTransform => 
text?.worldTransform ?? Mat2D.identity;
                                                      
           ^^^^^
           /C:/Users/subhabrata/AppData/Local/Pub/Cach
e/hosted/pub.dev/rive-0.12.4/lib/src/rive_core/text/te
xt_style.dart:195:59:
           Error: The method 'Vec2D' isn't defined 
for the type 'TextStyle'.
            - 'TextStyle' is from 
'package:rive/src/rive_core/text/text_style.dart' ('/C
:/Users/subhabrata/AppData/Local/Pub/Cache/hosted/pub.
dev/rive-0.12.4/lib/src/rive_core/text/text_style.dart
').
             Vec2D get worldTranslation => 
text?.worldTranslation ?? Vec2D();
                                                      
               ^^^^^
           /C:/Users/subhabrata/AppData/Local/Pub/Cach
e/hosted/pub.dev/rive-0.12.4/lib/src/rive_core/shapes/
image.dart:31:14:
           Error: The getter 'AABB' isn't defined for 
the type 'Image'.
            - 'Image' is from 
'package:rive/src/rive_core/shapes/image.dart' ('/C:/U
sers/subhabrata/AppData/Local/Pub/Cache/hosted/pub.dev
/rive-0.12.4/lib/src/rive_core/shapes/image.dart').
                 return AABB.empty();
                        ^^^^
           /C:/Users/subhabrata/AppData/Local/Pub/Cach
e/hosted/pub.dev/rive-0.12.4/lib/src/rive_core/shapes/
image.dart:33:12:
           Error: The getter 'AABB' isn't defined for 
the type 'Image'.
            - 'Image' is from 
'package:rive/src/rive_core/shapes/image.dart' ('/C:/U
sers/subhabrata/AppData/Local/Pub/Cache/hosted/pub.dev
/rive-0.12.4/lib/src/rive_core/shapes/image.dart').
               return AABB.fromValues(
                      ^^^^
           /C:/Users/subhabrata/AppData/Local/Pub/Cach
e/hosted/pub.dev/rive-0.12.4/lib/src/rive_core/animati
on/nested_state_machine.dart:19:16:
           Error: 'Vec2D' isn't a type.
             bool hitTest(Vec2D position);
                          ^^^^^
           /C:/Users/subhabrata/AppData/Local/Pub/Cach
e/hosted/pub.dev/rive-0.12.4/lib/src/rive_core/animati
on/nested_state_machine.dart:21:20:
           Error: 'Vec2D' isn't a type.
             void pointerMove(Vec2D position);
                              ^^^^^
           /C:/Users/subhabrata/AppData/Local/Pub/Cach
e/hosted/pub.dev/rive-0.12.4/lib/src/rive_core/animati
on/nested_state_machine.dart:23:20:
           Error: 'Vec2D' isn't a type.
             void pointerDown(Vec2D position, 
PointerDownEvent event);
                              ^^^^^
           /C:/Users/subhabrata/AppData/Local/Pub/Cach
e/hosted/pub.dev/rive-0.12.4/lib/src/rive_core/animati
on/nested_state_machine.dart:25:18:
           Error: 'Vec2D' isn't a type.
             void pointerUp(Vec2D position);
                            ^^^^^
           /C:/Users/subhabrata/AppData/Local/Pub/Cach
e/hosted/pub.dev/rive-0.12.4/lib/src/rive_core/animati
on/nested_state_machine.dart:79:16:
           Error: 'Vec2D' isn't a type.
             bool hitTest(Vec2D position) =>
                          ^^^^^
           /C:/Users/subhabrata/AppData/Local/Pub/Cach
e/hosted/pub.dev/rive-0.12.4/lib/src/rive_core/animati
on/nested_state_machine.dart:82:20:
           Error: 'Vec2D' isn't a type.
             void pointerMove(Vec2D position) =>
                              ^^^^^
           /C:/Users/subhabrata/AppData/Local/Pub/Cach
e/hosted/pub.dev/rive-0.12.4/lib/src/rive_core/animati
on/nested_state_machine.dart:85:20:
           Error: 'Vec2D' isn't a type.
             void pointerDown(Vec2D position, 
PointerDownEvent event) =>
                              ^^^^^
           /C:/Users/subhabrata/AppData/Local/Pub/Cach
e/hosted/pub.dev/rive-0.12.4/lib/src/rive_core/animati
on/nested_state_machine.dart:88:18:
           Error: 'Vec2D' isn't a type.
             void pointerUp(Vec2D position) => 
_stateMachineInstance?.pointerUp(position);
                            ^^^^^
           /C:/Users/subhabrata/AppData/Local/Pub/Cach
e/hosted/pub.dev/rive-0.12.4/lib/src/rive_core/shapes/
path.dart:21:9:
           Error: 'Mat2D' isn't a type.
             final Mat2D _inverseWorldTransform = 
Mat2D();
                   ^^^^^
           /C:/Users/subhabrata/AppData/Local/Pub/Cach
e/hosted/pub.dev/rive-0.12.4/lib/src/rive_core/shapes/
path.dart:21:40:
           Error: Method not found: 'Mat2D'.
             final Mat2D _inverseWorldTransform = 
Mat2D();
                                                  
^^^^^
           /C:/Users/subhabrata/AppData/Local/Pub/Cach
e/hosted/pub.dev/rive-0.12.4/lib/src/rive_core/shapes/
path.dart:88:10:
           Error: The getter 'Mat2D' isn't defined 
for the type 'Path'.
            - 'Path' is from 
'package:rive/src/rive_core/shapes/path.dart' ('/C:/Us
ers/subhabrata/AppData/Local/Pub/Cache/hosted/pub.dev/
rive-0.12.4/lib/src/rive_core/shapes/path.dart').
               if 
(!Mat2D.invert(_inverseWorldTransform, 
pathTransform)) {
                    ^^^^^
           /C:/Users/subhabrata/AppData/Local/Pub/Cach
e/hosted/pub.dev/rive-0.12.4/lib/src/rive_core/shapes/
path.dart:91:7:
           Error: The getter 'Mat2D' isn't defined 
for the type 'Path'.
            - 'Path' is from 
'package:rive/src/rive_core/shapes/path.dart' ('/C:/Us
ers/subhabrata/AppData/Local/Pub/Cache/hosted/pub.dev/
rive-0.12.4/lib/src/rive_core/shapes/path.dart').
                 
Mat2D.setIdentity(_inverseWorldTransform);
                 ^^^^^
           /C:/Users/subhabrata/AppData/Local/Pub/Cach
e/hosted/pub.dev/rive-0.12.4/lib/src/rive_core/shapes/
path.dart:123:18:
           Error: 'PathInterface' isn't a type.
             bool buildPath(PathInterface path) {
                            ^^^^^^^^^^^^^
           /C:/Users/subhabrata/AppData/Local/Pub/Cach
e/hosted/pub.dev/rive-0.12.4/lib/src/rive_core/shapes/
path.dart:176:50:
           Error: Inferred type argument 'dynamic' 
doesn't conform to the bound 'num' of the type 
variable 'T' on 'min'.
                   var renderRadius = 
min(toPrevLength / 2, min(toNextLength / 2, radius));
                                                      
      ^
           Info: This is the type variable whose 
bound isn't conformed to.
           /C:/Users/subhabrata/AppData/Local/Pub/Cach
e/hosted/pub.dev/rive-0.12.4/lib/src/rive_core/shapes/
path.dart:176:28:
           Error: Inferred type argument 'dynamic' 
doesn't conform to the bound 'num' of the type 
variable 'T' on 'min'.
                   var renderRadius = 
min(toPrevLength / 2, min(toNextLength / 2, radius));
                                      ^
           Info: This is the type variable whose 
bound isn't conformed to.
           /C:/Users/subhabrata/AppData/Local/Pub/Cach
e/hosted/pub.dev/rive-0.12.4/lib/src/rive_core/shapes/
path.dart:180:27:
           Error: The getter 'Vec2D' isn't defined 
for the type 'Path'.
            - 'Path' is from 
'package:rive/src/rive_core/shapes/path.dart' ('/C:/Us
ers/subhabrata/AppData/Local/Pub/Cache/hosted/pub.dev/
rive-0.12.4/lib/src/rive_core/shapes/path.dart').
                   var translation = 
Vec2D.scaleAndAdd(Vec2D(), pos, toPrev, renderRadius);
                                     ^^^^^
           /C:/Users/subhabrata/AppData/Local/Pub/Cach
e/hosted/pub.dev/rive-0.12.4/lib/src/rive_core/shapes/
path.dart:180:45:
           Error: The method 'Vec2D' isn't defined 
for the type 'Path'.
            - 'Path' is from 
'package:rive/src/rive_core/shapes/path.dart' ('/C:/Us
ers/subhabrata/AppData/Local/Pub/Cache/hosted/pub.dev/
rive-0.12.4/lib/src/rive_core/shapes/path.dart').
                   var translation = 
Vec2D.scaleAndAdd(Vec2D(), pos, toPrev, renderRadius);
                                                      
 ^^^^^
           /C:/Users/subhabrata/AppData/Local/Pub/Cach
e/hosted/pub.dev/rive-0.12.4/lib/src/rive_core/shapes/
path.dart:184:24:
           Error: The getter 'Vec2D' isn't defined 
for the type 'Path'.
            - 'Path' is from 
'package:rive/src/rive_core/shapes/path.dart' ('/C:/Us
ers/subhabrata/AppData/Local/Pub/Cache/hosted/pub.dev/
rive-0.12.4/lib/src/rive_core/shapes/path.dart').
                   var outPoint = Vec2D.scaleAndAdd(
                                  ^^^^^
           /C:/Users/subhabrata/AppData/Local/Pub/Cach
e/hosted/pub.dev/rive-0.12.4/lib/src/rive_core/shapes/
path.dart:185:13:
           Error: The method 'Vec2D' isn't defined 
for the type 'Path'.
            - 'Path' is from 
'package:rive/src/rive_core/shapes/path.dart' ('/C:/Us
ers/subhabrata/AppData/Local/Pub/Cache/hosted/pub.dev/
rive-0.12.4/lib/src/rive_core/shapes/path.dart').
                       Vec2D(), pos, toPrev, 
renderRadius - idealDistance);
                       ^^^^^
           /C:/Users/subhabrata/AppData/Local/Pub/Cach
e/hosted/pub.dev/rive-0.12.4/lib/src/rive_core/shapes/
path.dart:187:23:
           Error: The getter 'Vec2D' isn't defined 
for the type 'Path'.
            - 'Path' is from 
'package:rive/src/rive_core/shapes/path.dart' ('/C:/Us
ers/subhabrata/AppData/Local/Pub/Cache/hosted/pub.dev/
rive-0.12.4/lib/src/rive_core/shapes/path.dart').
                   var inPoint = Vec2D.scaleAndAdd(
                                 ^^^^^
           /C:/Users/subhabrata/AppData/Local/Pub/Cach
e/hosted/pub.dev/rive-0.12.4/lib/src/rive_core/shapes/
path.dart:188:13:
           Error: The method 'Vec2D' isn't defined 
for the type 'Path'.
            - 'Path' is from 
'package:rive/src/rive_core/shapes/path.dart' ('/C:/Us
ers/subhabrata/AppData/Local/Pub/Cache/hosted/pub.dev/
rive-0.12.4/lib/src/rive_core/shapes/path.dart').
                       Vec2D(), pos, toNext, 
renderRadius - idealDistance);
                       ^^^^^
           /C:/Users/subhabrata/AppData/Local/Pub/Cach
e/hosted/pub.dev/rive-0.12.4/lib/src/rive_core/shapes/
path.dart:190:23:
           Error: The getter 'Vec2D' isn't defined 
for the type 'Path'.
            - 'Path' is from 
'package:rive/src/rive_core/shapes/path.dart' ('/C:/Us
ers/subhabrata/AppData/Local/Pub/Cache/hosted/pub.dev/
rive-0.12.4/lib/src/rive_core/shapes/path.dart').
                   var posNext = 
Vec2D.scaleAndAdd(Vec2D(), pos, toNext, renderRadius);
                                 ^^^^^
           /C:/Users/subhabrata/AppData/Local/Pub/Cach
e/hosted/pub.dev/rive-0.12.4/lib/src/rive_core/shapes/
path.dart:190:41:
           Error: The method 'Vec2D' isn't defined 
for the type 'Path'.
            - 'Path' is from 
'package:rive/src/rive_core/shapes/path.dart' ('/C:/Us
ers/subhabrata/AppData/Local/Pub/Cache/hosted/pub.dev/
rive-0.12.4/lib/src/rive_core/shapes/path.dart').
                   var posNext = 
Vec2D.scaleAndAdd(Vec2D(), pos, toNext, renderRadius);
                                                   
^^^^^
           /C:/Users/subhabrata/AppData/Local/Pub/Cach
e/hosted/pub.dev/rive-0.12.4/lib/src/rive_core/shapes/
path.dart:241:37:
           Error: Inferred type argument 'dynamic' 
doesn't conform to the bound 'num' of the type 
variable 'T' on 'min'.
                         min(toPrevLength / 2, 
min(toNextLength / 2, radius));
                                               ^
           Info: This is the type variable whose 
bound isn't conformed to.
           /C:/Users/subhabrata/AppData/Local/Pub/Cach
e/hosted/pub.dev/rive-0.12.4/lib/src/rive_core/shapes/
path.dart:241:15:
           Error: Inferred type argument 'dynamic' 
doesn't conform to the bound 'num' of the type 
variable 'T' on 'min'.
                         min(toPrevLength / 2, 
min(toNextLength / 2, radius));
                         ^
           Info: This is the type variable whose 
bound isn't conformed to.
           /C:/Users/subhabrata/AppData/Local/Pub/Cach
e/hosted/pub.dev/rive-0.12.4/lib/src/rive_core/shapes/
path.dart:247:15:
           Error: The getter 'Vec2D' isn't defined 
for the type 'Path'.
            - 'Path' is from 
'package:rive/src/rive_core/shapes/path.dart' ('/C:/Us
ers/subhabrata/AppData/Local/Pub/Cache/hosted/pub.dev/
rive-0.12.4/lib/src/rive_core/shapes/path.dart').
                         Vec2D.scaleAndAdd(Vec2D(), 
pos, toPrev, renderRadius);
                         ^^^^^
           /C:/Users/subhabrata/AppData/Local/Pub/Cach
e/hosted/pub.dev/rive-0.12.4/lib/src/rive_core/shapes/
path.dart:247:33:
           Error: The method 'Vec2D' isn't defined 
for the type 'Path'.
            - 'Path' is from 
'package:rive/src/rive_core/shapes/path.dart' ('/C:/Us
ers/subhabrata/AppData/Local/Pub/Cache/hosted/pub.dev/
rive-0.12.4/lib/src/rive_core/shapes/path.dart').
                         Vec2D.scaleAndAdd(Vec2D(), 
pos, toPrev, renderRadius);
                                           ^^^^^
           /C:/Users/subhabrata/AppData/Local/Pub/Cach
e/hosted/pub.dev/rive-0.12.4/lib/src/rive_core/shapes/
path.dart:255:26:
           Error: The getter 'Vec2D' isn't defined 
for the type 'Path'.
            - 'Path' is from 
'package:rive/src/rive_core/shapes/path.dart' ('/C:/Us
ers/subhabrata/AppData/Local/Pub/Cache/hosted/pub.dev/
rive-0.12.4/lib/src/rive_core/shapes/path.dart').
                     var outPoint = Vec2D.scaleAndAdd(
                                    ^^^^^
           /C:/Users/subhabrata/AppData/Local/Pub/Cach
e/hosted/pub.dev/rive-0.12.4/lib/src/rive_core/shapes/
path.dart:256:15:
           Error: The method 'Vec2D' isn't defined 
for the type 'Path'.
            - 'Path' is from 
'package:rive/src/rive_core/shapes/path.dart' ('/C:/Us
ers/subhabrata/AppData/Local/Pub/Cache/hosted/pub.dev/
rive-0.12.4/lib/src/rive_core/shapes/path.dart').
                         Vec2D(), pos, toPrev, 
renderRadius - idealDistance);
                         ^^^^^
           /C:/Users/subhabrata/AppData/Local/Pub/Cach
e/hosted/pub.dev/rive-0.12.4/lib/src/rive_core/shapes/
path.dart:258:25:
           Error: The getter 'Vec2D' isn't defined 
for the type 'Path'.
            - 'Path' is from 
'package:rive/src/rive_core/shapes/path.dart' ('/C:/Us
ers/subhabrata/AppData/Local/Pub/Cache/hosted/pub.dev/
rive-0.12.4/lib/src/rive_core/shapes/path.dart').
                     var inPoint = Vec2D.scaleAndAdd(
                                   ^^^^^
           /C:/Users/subhabrata/AppData/Local/Pub/Cach
e/hosted/pub.dev/rive-0.12.4/lib/src/rive_core/shapes/
path.dart:259:15:
           Error: The method 'Vec2D' isn't defined 
for the type 'Path'.
            - 'Path' is from 
'package:rive/src/rive_core/shapes/path.dart' ('/C:/Us
ers/subhabrata/AppData/Local/Pub/Cache/hosted/pub.dev/
rive-0.12.4/lib/src/rive_core/shapes/path.dart').
                         Vec2D(), pos, toNext, 
renderRadius - idealDistance);
                         ^^^^^
           /C:/Users/subhabrata/AppData/Local/Pub/Cach
e/hosted/pub.dev/rive-0.12.4/lib/src/rive_core/shapes/
path.dart:261:25:
           Error: The getter 'Vec2D' isn't defined 
for the type 'Path'.
            - 'Path' is from 
'package:rive/src/rive_core/shapes/path.dart' ('/C:/Us
ers/subhabrata/AppData/Local/Pub/Cache/hosted/pub.dev/
rive-0.12.4/lib/src/rive_core/shapes/path.dart').
                     var posNext = 
Vec2D.scaleAndAdd(Vec2D(), pos, toNext, renderRadius);
                                   ^^^^^
           /C:/Users/subhabrata/AppData/Local/Pub/Cach
e/hosted/pub.dev/rive-0.12.4/lib/src/rive_core/shapes/
path.dart:261:43:
           Error: The method 'Vec2D' isn't defined 
for the type 'Path'.
            - 'Path' is from 
'package:rive/src/rive_core/shapes/path.dart' ('/C:/Us
ers/subhabrata/AppData/Local/Pub/Cache/hosted/pub.dev/
rive-0.12.4/lib/src/rive_core/shapes/path.dart').
                     var posNext = 
Vec2D.scaleAndAdd(Vec2D(), pos, toNext, renderRadius);
                                                     
^^^^^
           /C:/Users/subhabrata/AppData/Local/Pub/Cach
e/hosted/pub.dev/rive-0.12.4/lib/src/rive_core/shapes/
path.dart:293:22:
           Error: 'Mat2D' isn't a type.
             AABB computeBounds(Mat2D relativeTo) => 
preciseComputeBounds(
                                ^^^^^
           /C:/Users/subhabrata/AppData/Local/Pub/Cach
e/hosted/pub.dev/rive-0.12.4/lib/src/rive_core/shapes/
path.dart:294:20:
           Error: The getter 'Mat2D' isn't defined 
for the type 'Path'.
            - 'Path' is from 
'package:rive/src/rive_core/shapes/path.dart' ('/C:/Us
ers/subhabrata/AppData/Local/Pub/Cache/hosted/pub.dev/
rive-0.12.4/lib/src/rive_core/shapes/path.dart').
                   transform: Mat2D.multiply(
                              ^^^^^
           /C:/Users/subhabrata/AppData/Local/Pub/Cach
e/hosted/pub.dev/rive-0.12.4/lib/src/rive_core/shapes/
path.dart:295:11:
           Error: The method 'Mat2D' isn't defined 
for the type 'Path'.
            - 'Path' is from 
'package:rive/src/rive_core/shapes/path.dart' ('/C:/Us
ers/subhabrata/AppData/Local/Pub/Cache/hosted/pub.dev/
rive-0.12.4/lib/src/rive_core/shapes/path.dart').
                     Mat2D(),
                     ^^^^^
           /C:/Users/subhabrata/AppData/Local/Pub/Cach
e/hosted/pub.dev/rive-0.12.4/lib/src/rive_core/shapes/
path.dart:301:5:
           Error: 'Mat2D' isn't a type.
               Mat2D? transform,
               ^^^^^
           /C:/Users/subhabrata/AppData/Local/Pub/Cach
e/hosted/pub.dev/rive-0.12.4/lib/src/rive_core/shapes/
path.dart:365:13:
           Error: 'Vec2D' isn't a type.
             void move(Vec2D v) {
                       ^^^^^
           /C:/Users/subhabrata/AppData/Local/Pub/Cach
e/hosted/pub.dev/rive-0.12.4/lib/src/rive_core/shapes/
path.dart:369:13:
           Error: 'Vec2D' isn't a type.
             void line(Vec2D v) {
                       ^^^^^
           /C:/Users/subhabrata/AppData/Local/Pub/Cach
e/hosted/pub.dev/rive-0.12.4/lib/src/rive_core/shapes/
path.dart:373:14:
           Error: 'Vec2D' isn't a type.
             void cubic(Vec2D b, Vec2D c, Vec2D d) {
                        ^^^^^
           /C:/Users/subhabrata/AppData/Local/Pub/Cach
e/hosted/pub.dev/rive-0.12.4/lib/src/rive_core/shapes/
path.dart:373:23:
           Error: 'Vec2D' isn't a type.
             void cubic(Vec2D b, Vec2D c, Vec2D d) {
                                 ^^^^^
           /C:/Users/subhabrata/AppData/Local/Pub/Cach
e/hosted/pub.dev/rive-0.12.4/lib/src/rive_core/shapes/
path.dart:373:32:
           Error: 'Vec2D' isn't a type.
             void cubic(Vec2D b, Vec2D c, Vec2D d) {
                                          ^^^^^
           /C:/Users/subhabrata/AppData/Local/Pub/Cach
e/hosted/pub.dev/rive-0.12.4/lib/src/rive_core/shapes/
path.dart:391:5:
           Error: 'Mat2D' isn't a type.
               Mat2D? transform,
               ^^^^^
           /C:/Users/subhabrata/AppData/Local/Pub/Cach
e/hosted/pub.dev/rive-0.12.4/lib/src/rive_core/shapes/
path.dart:399:5:
           Error: 'AABB' isn't a type.
               AABB bounds = AABB.empty();
               ^^^^
           /C:/Users/subhabrata/AppData/Local/Pub/Cach
e/hosted/pub.dev/rive-0.12.4/lib/src/rive_core/shapes/
path.dart:394:14:
           Error: The getter 'AABB' isn't defined for 
the type 'RenderPath'.
            - 'RenderPath' is from 
'package:rive/src/rive_core/shapes/path.dart' ('/C:/Us
ers/subhabrata/AppData/Local/Pub/Cache/hosted/pub.dev/
rive-0.12.4/lib/src/rive_core/shapes/path.dart').
                 return AABB.empty();
                        ^^^^
           /C:/Users/subhabrata/AppData/Local/Pub/Cach
e/hosted/pub.dev/rive-0.12.4/lib/src/rive_core/shapes/
path.dart:399:19:
           Error: The getter 'AABB' isn't defined for 
the type 'RenderPath'.
            - 'RenderPath' is from 
'package:rive/src/rive_core/shapes/path.dart' ('/C:/Us
ers/subhabrata/AppData/Local/Pub/Cache/hosted/pub.dev/
rive-0.12.4/lib/src/rive_core/shapes/path.dart').
               AABB bounds = AABB.empty();
                             ^^^^
           /C:/Users/subhabrata/AppData/Local/Pub/Cach
e/hosted/pub.dev/rive-0.12.4/lib/src/rive_core/shapes/
path.dart:401:23:
           Error: The method 'Vec2D' isn't defined 
for the type 'RenderPath'.
            - 'RenderPath' is from 
'package:rive/src/rive_core/shapes/path.dart' ('/C:/Us
ers/subhabrata/AppData/Local/Pub/Cache/hosted/pub.dev/
rive-0.12.4/lib/src/rive_core/shapes/path.dart').
               var penPosition = Vec2D();
                                 ^^^^^
           /C:/Users/subhabrata/AppData/Local/Pub/Cach
e/hosted/pub.dev/rive-0.12.4/lib/src/rive_core/shapes/
path.dart:408:20:
           Error: The getter 'Vec2D' isn't defined 
for the type 'RenderPath'.
            - 'RenderPath' is from 
'package:rive/src/rive_core/shapes/path.dart' ('/C:/Us
ers/subhabrata/AppData/Local/Pub/Cache/hosted/pub.dev/
rive-0.12.4/lib/src/rive_core/shapes/path.dart').
                     var to = 
Vec2D.fromValues(_positions[idx++], 
_positions[idx++]);
                              ^^^^^
           /C:/Users/subhabrata/AppData/Local/Pub/Cach
e/hosted/pub.dev/rive-0.12.4/lib/src/rive_core/shapes/
path.dart:426:26:
           Error: The getter 'Vec2D' isn't defined 
for the type 'RenderPath'.
            - 'RenderPath' is from 
'package:rive/src/rive_core/shapes/path.dart' ('/C:/Us
ers/subhabrata/AppData/Local/Pub/Cache/hosted/pub.dev/
rive-0.12.4/lib/src/rive_core/shapes/path.dart').
                     var outPoint = 
Vec2D.fromValues(_positions[idx++], 
_positions[idx++]);
                                    ^^^^^
           /C:/Users/subhabrata/AppData/Local/Pub/Cach
e/hosted/pub.dev/rive-0.12.4/lib/src/rive_core/shapes/
path.dart:427:25:
           Error: The getter 'Vec2D' isn't defined 
for the type 'RenderPath'.
            - 'RenderPath' is from 
'package:rive/src/rive_core/shapes/path.dart' ('/C:/Us
ers/subhabrata/AppData/Local/Pub/Cache/hosted/pub.dev/
rive-0.12.4/lib/src/rive_core/shapes/path.dart').
                     var inPoint = 
Vec2D.fromValues(_positions[idx++], 
_positions[idx++]);
                                   ^^^^^
           /C:/Users/subhabrata/AppData/Local/Pub/Cach
e/hosted/pub.dev/rive-0.12.4/lib/src/rive_core/shapes/
path.dart:428:23:
           Error: The getter 'Vec2D' isn't defined 
for the type 'RenderPath'.
            - 'RenderPath' is from 
'package:rive/src/rive_core/shapes/path.dart' ('/C:/Us
ers/subhabrata/AppData/Local/Pub/Cache/hosted/pub.dev/
rive-0.12.4/lib/src/rive_core/shapes/path.dart').
                     var point = 
Vec2D.fromValues(_positions[idx++], 
_positions[idx++]);
                                 ^^^^^
           /C:/Users/subhabrata/AppData/Local/Pub/Cach
e/hosted/pub.dev/rive-0.12.4/lib/src/rive_core/shapes/
path.dart:463:5:
           Error: 'AABB' isn't a type.
               AABB bounds, Axis axis, double t, 
double a, double b, double c, double d) {
               ^^^^
           /C:/Users/subhabrata/AppData/Local/Pub/Cach
e/hosted/pub.dev/rive-0.12.4/lib/src/rive_core/shapes/
path.dart:474:21:
           Error: 'AABB' isn't a type.
           void __expandBounds(AABB bounds, Axis 
axis, double value) {
                               ^^^^
           /C:/Users/subhabrata/AppData/Local/Pub/Cach
e/hosted/pub.dev/rive-0.12.4/lib/src/rive_core/shapes/
path.dart:493:5:
           Error: 'AABB' isn't a type.
               AABB bounds, Axis axis, double start, 
double cp1, double cp2, double end) {
               ^^^^
           /C:/Users/subhabrata/AppData/Local/Pub/Cach
e/hosted/pub.dev/rive-0.12.4/lib/src/rive_core/shapes/
path.dart:533:5:
           Error: 'Vec2D' isn't a type.
               Vec2D toPrev, Vec2D toNext, double 
radius) {
               ^^^^^
           /C:/Users/subhabrata/AppData/Local/Pub/Cach
e/hosted/pub.dev/rive-0.12.4/lib/src/rive_core/shapes/
path.dart:533:19:
           Error: 'Vec2D' isn't a type.
               Vec2D toPrev, Vec2D toNext, double 
radius) {
                             ^^^^^
           /C:/Users/subhabrata/AppData/Local/Pub/Cach
e/hosted/pub.dev/rive-0.12.4/lib/src/rive_core/shapes/
path_composer.dart:39:7:
           Error: 'Mat2D' isn't a type.
                 Mat2D inverseWorld = Mat2D();
                 ^^^^^
           /C:/Users/subhabrata/AppData/Local/Pub/Cach
e/hosted/pub.dev/rive-0.12.4/lib/src/rive_core/shapes/
path_composer.dart:39:28:
           Error: The method 'Mat2D' isn't defined 
for the type 'PathComposer'.
            - 'PathComposer' is from 'package:rive/src
/rive_core/shapes/path_composer.dart' ('/C:/Users/subh
abrata/AppData/Local/Pub/Cache/hosted/pub.dev/rive-0.1
2.4/lib/src/rive_core/shapes/path_composer.dart').
                 Mat2D inverseWorld = Mat2D();
                                      ^^^^^
           /C:/Users/subhabrata/AppData/Local/Pub/Cach
e/hosted/pub.dev/rive-0.12.4/lib/src/rive_core/shapes/
path_composer.dart:40:11:
           Error: The getter 'Mat2D' isn't defined 
for the type 'PathComposer'.
            - 'PathComposer' is from 'package:rive/src
/rive_core/shapes/path_composer.dart' ('/C:/Users/subh
abrata/AppData/Local/Pub/Cache/hosted/pub.dev/rive-0.1
2.4/lib/src/rive_core/shapes/path_composer.dart').
                 if (Mat2D.invert(inverseWorld, 
world)) {
                     ^^^^^
           /C:/Users/subhabrata/AppData/Local/Pub/Cach
e/hosted/pub.dev/rive-0.12.4/lib/src/rive_core/shapes/
path_composer.dart:47:19:
           Error: The getter 'Mat2D' isn't defined 
for the type 'PathComposer'.
            - 'PathComposer' is from 'package:rive/src
/rive_core/shapes/path_composer.dart' ('/C:/Users/subh
abrata/AppData/Local/Pub/Cache/hosted/pub.dev/rive-0.1
2.4/lib/src/rive_core/shapes/path_composer.dart').
                             
Mat2D.multiplySkipIdentity(inverseWorld, 
path.pathTransform)
                             ^^^^^
           /C:/Users/subhabrata/AppData/Local/Pub/Cach
e/hosted/pub.dev/rive-0.12.4/lib/src/rive_core/text/te
xt.dart:37:3:
           Error: 'TextShapeResult' isn't a type.
             TextShapeResult? _shape;
             ^^^^^^^^^^^^^^^
           /C:/Users/subhabrata/AppData/Local/Pub/Cach
e/hosted/pub.dev/rive-0.12.4/lib/src/rive_core/text/te
xt.dart:40:3:
           Error: 'TextShapeResult' isn't a type.
             TextShapeResult? _modifierShape;
             ^^^^^^^^^^^^^^^
           /C:/Users/subhabrata/AppData/Local/Pub/Cach
e/hosted/pub.dev/rive-0.12.4/lib/src/rive_core/text/te
xt.dart:41:3:
           Error: 'BreakLinesResult' isn't a type.
             BreakLinesResult? _modifierLines;
             ^^^^^^^^^^^^^^^^
           /C:/Users/subhabrata/AppData/Local/Pub/Cach
e/hosted/pub.dev/rive-0.12.4/lib/src/rive_core/text/te
xt.dart:44:14:
           Error: 'TextShapeResult' isn't a type.
             final List<TextShapeResult> 
_cleanupShapes = [];
                        ^^^^^^^^^^^^^^^
           /C:/Users/subhabrata/AppData/Local/Pub/Cach
e/hosted/pub.dev/rive-0.12.4/lib/src/rive_core/text/te
xt.dart:45:3:
           Error: 'BreakLinesResult' isn't a type.
             BreakLinesResult? _lines;
             ^^^^^^^^^^^^^^^^
           /C:/Users/subhabrata/AppData/Local/Pub/Cach
e/hosted/pub.dev/rive-0.12.4/lib/src/rive_core/text/te
xt.dart:50:3:
           Error: 'GlyphLookup' isn't a type.
             GlyphLookup? _glyphLookup;
             ^^^^^^^^^^^
           /C:/Users/subhabrata/AppData/Local/Pub/Cach
e/hosted/pub.dev/rive-0.12.4/lib/src/rive_core/text/te
xt.dart:52:19:
           Error: 'LineRunGlyph' isn't a type.
             double tValueOf(LineRunGlyph glyphInfo) {
                             ^^^^^^^^^^^^
           /C:/Users/subhabrata/AppData/Local/Pub/Cach
e/hosted/pub.dev/rive-0.12.4/lib/src/rive_core/text/te
xt.dart:63:27:
           Error: 'LineRunGlyph' isn't a type.
             int glyphCodePointCount(LineRunGlyph 
glyphInfo) {
                                     ^^^^^^^^^^^^
           /C:/Users/subhabrata/AppData/Local/Pub/Cach
e/hosted/pub.dev/rive-0.12.4/lib/src/rive_core/text/te
xt.dart:90:5:
           Error: 'Font' isn't a type.
               Font defaultFont, {
               ^^^^
           /C:/Users/subhabrata/AppData/Local/Pub/Cach
e/hosted/pub.dev/rive-0.12.4/lib/src/rive_core/text/te
xt.dart:94:10:
           Error: 'TextRun' isn't a type.
               List<TextRun> textRuns = [];
                    ^^^^^^^
           /C:/Users/subhabrata/AppData/Local/Pub/Cach
e/hosted/pub.dev/rive-0.12.4/lib/src/rive_core/text/te
xt.dart:103:20:
           Error: The method 'TextRun' isn't defined 
for the type 'Text'.
            - 'Text' is from 
'package:rive/src/rive_core/text/text.dart' ('/C:/User
s/subhabrata/AppData/Local/Pub/Cache/hosted/pub.dev/ri
ve-0.12.4/lib/src/rive_core/text/text.dart').
                 textRuns.add(TextRun(
                              ^^^^^^^
           /C:/Users/subhabrata/AppData/Local/Pub/Cach
e/hosted/pub.dev/rive-0.12.4/lib/src/rive_core/text/te
xt.dart:122:20:
           Error: The method 'TextRun' isn't defined 
for the type 'Text'.
            - 'Text' is from 
'package:rive/src/rive_core/text/text.dart' ('/C:/User
s/subhabrata/AppData/Local/Pub/Cache/hosted/pub.dev/ri
ve-0.12.4/lib/src/rive_core/text/text.dart').
                 textRuns.add(TextRun(
                              ^^^^^^^
           /C:/Users/subhabrata/AppData/Local/Pub/Cach
e/hosted/pub.dev/rive-0.12.4/lib/src/rive_core/text/te
xt.dart:174:32:
           Error: The getter 'Mat2D' isn't defined 
for the type 'Text'.
            - 'Text' is from 
'package:rive/src/rive_core/text/text.dart' ('/C:/User
s/subhabrata/AppData/Local/Pub/Cache/hosted/pub.dev/ri
ve-0.12.4/lib/src/rive_core/text/text.dart').
             Mat2D get originTransform => 
Mat2D.multiply(
                                          ^^^^^
           /C:/Users/subhabrata/AppData/Local/Pub/Cach
e/hosted/pub.dev/rive-0.12.4/lib/src/rive_core/text/te
xt.dart:175:9:
           Error: The method 'Mat2D' isn't defined 
for the type 'Text'.
            - 'Text' is from 
'package:rive/src/rive_core/text/text.dart' ('/C:/User
s/subhabrata/AppData/Local/Pub/Cache/hosted/pub.dev/ri
ve-0.12.4/lib/src/rive_core/text/text.dart').
                   Mat2D(),
                   ^^^^^
           /C:/Users/subhabrata/AppData/Local/Pub/Cach
e/hosted/pub.dev/rive-0.12.4/lib/src/rive_core/text/te
xt.dart:177:9:
           Error: The getter 'Mat2D' isn't defined 
for the type 'Text'.
            - 'Text' is from 
'package:rive/src/rive_core/text/text.dart' ('/C:/User
s/subhabrata/AppData/Local/Pub/Cache/hosted/pub.dev/ri
ve-0.12.4/lib/src/rive_core/text/text.dart').
                   Mat2D.fromTranslate(
                   ^^^^^
           /C:/Users/subhabrata/AppData/Local/Pub/Cach
e/hosted/pub.dev/rive-0.12.4/lib/src/rive_core/text/te
xt.dart:183:3:
           Error: 'AABB' isn't a type.
             AABB _bounds = AABB.collapsed(Vec2D());
             ^^^^
           /C:/Users/subhabrata/AppData/Local/Pub/Cach
e/hosted/pub.dev/rive-0.12.4/lib/src/rive_core/text/te
xt.dart:183:33:
           Error: Method not found: 'Vec2D'.
             AABB _bounds = AABB.collapsed(Vec2D());
                                           ^^^^^
           /C:/Users/subhabrata/AppData/Local/Pub/Cach
e/hosted/pub.dev/rive-0.12.4/lib/src/rive_core/text/te
xt.dart:183:18:
           Error: Undefined name 'AABB'.
             AABB _bounds = AABB.collapsed(Vec2D());
                            ^^^^
           /C:/Users/subhabrata/AppData/Local/Pub/Cach
e/hosted/pub.dev/rive-0.12.4/lib/src/rive_core/text/te
xt.dart:188:27:
           Error: The getter 'AABB' isn't defined for 
the type 'Text'.
            - 'Text' is from 
'package:rive/src/rive_core/text/text.dart' ('/C:/User
s/subhabrata/AppData/Local/Pub/Cache/hosted/pub.dev/ri
ve-0.12.4/lib/src/rive_core/text/text.dart').
             AABB get localBounds => 
AABB.fromCoordinates(
                                     ^^^^
           /C:/Users/subhabrata/AppData/Local/Pub/Cach
e/hosted/pub.dev/rive-0.12.4/lib/src/rive_core/text/te
xt.dart:199:21:
           Error: 'LineRunGlyph' isn't a type.
                 bool Function(LineRunGlyph, double, 
double, GlyphLine) callback) {
                               ^^^^^^^^^^^^
           /C:/Users/subhabrata/AppData/Local/Pub/Cach
e/hosted/pub.dev/rive-0.12.4/lib/src/rive_core/text/te
xt.dart:199:51:
           Error: 'GlyphLine' isn't a type.
                 bool Function(LineRunGlyph, double, 
double, GlyphLine) callback) {
                                                      
       ^^^^^^^^^
           /C:/Users/subhabrata/AppData/Local/Pub/Cach
e/hosted/pub.dev/rive-0.12.4/lib/src/rive_core/text/te
xt.dart:300:19:
           Error: The getter 'AABB' isn't defined for 
the type 'Text'.
            - 'Text' is from 
'package:rive/src/rive_core/text/text.dart' ('/C:/User
s/subhabrata/AppData/Local/Pub/Cache/hosted/pub.dev/ri
ve-0.12.4/lib/src/rive_core/text/text.dart').
                   _bounds = AABB.fromValues(
                             ^^^^
           /C:/Users/subhabrata/AppData/Local/Pub/Cach
e/hosted/pub.dev/rive-0.12.4/lib/src/rive_core/text/te
xt.dart:308:19:
           Error: The getter 'AABB' isn't defined for 
the type 'Text'.
            - 'Text' is from 
'package:rive/src/rive_core/text/text.dart' ('/C:/User
s/subhabrata/AppData/Local/Pub/Cache/hosted/pub.dev/ri
ve-0.12.4/lib/src/rive_core/text/text.dart').
                   _bounds = AABB.fromValues(
                             ^^^^
           /C:/Users/subhabrata/AppData/Local/Pub/Cach
e/hosted/pub.dev/rive-0.12.4/lib/src/rive_core/text/te
xt.dart:316:19:
           Error: The getter 'AABB' isn't defined for 
the type 'Text'.
            - 'Text' is from 
'package:rive/src/rive_core/text/text.dart' ('/C:/User
s/subhabrata/AppData/Local/Pub/Cache/hosted/pub.dev/ri
ve-0.12.4/lib/src/rive_core/text/text.dart').
                   _bounds = AABB.fromValues(
                             ^^^^
           /C:/Users/subhabrata/AppData/Local/Pub/Cach
e/hosted/pub.dev/rive-0.12.4/lib/src/rive_core/text/te
xt.dart:369:29:
           Error: The getter 'Mat2D' isn't defined 
for the type 'Text'.
            - 'Text' is from 
'package:rive/src/rive_core/text/text.dart' ('/C:/User
s/subhabrata/AppData/Local/Pub/Cache/hosted/pub.dev/ri
ve-0.12.4/lib/src/rive_core/text/text.dart').
                       var transform = 
Mat2D.fromScaleAndTranslation(
                                       ^^^^^
           /C:/Users/subhabrata/AppData/Local/Pub/Cach
e/hosted/pub.dev/rive-0.12.4/lib/src/rive_core/text/te
xt.dart:376:25:
           Error: The getter 'Mat2D' isn't defined 
for the type 'Text'.
            - 'Text' is from 
'package:rive/src/rive_core/text/text.dart' ('/C:/User
s/subhabrata/AppData/Local/Pub/Cache/hosted/pub.dev/ri
ve-0.12.4/lib/src/rive_core/text/text.dart').
                       transform = Mat2D.multiply(
                                   ^^^^^
           /C:/Users/subhabrata/AppData/Local/Pub/Cach
e/hosted/pub.dev/rive-0.12.4/lib/src/rive_core/text/te
xt.dart:378:17:
           Error: The getter 'Mat2D' isn't defined 
for the type 'Text'.
            - 'Text' is from 
'package:rive/src/rive_core/text/text.dart' ('/C:/User
s/subhabrata/AppData/Local/Pub/Cache/hosted/pub.dev/ri
ve-0.12.4/lib/src/rive_core/text/text.dart').
                           Mat2D.fromTranslate(
                           ^^^^^
           /C:/Users/subhabrata/AppData/Local/Pub/Cach
e/hosted/pub.dev/rive-0.12.4/lib/src/rive_core/text/te
xt.dart:453:10:
           Error: 'Font' isn't a type.
             static Font? _defaultFont;
                    ^^^^
           /C:/Users/subhabrata/AppData/Local/Pub/Cach
e/hosted/pub.dev/rive-0.12.4/lib/src/rive_core/text/te
xt.dart:466:17:
           Error: The getter 'AABB' isn't defined for 
the type 'Text'.
            - 'Text' is from 
'package:rive/src/rive_core/text/text.dart' ('/C:/User
s/subhabrata/AppData/Local/Pub/Cache/hosted/pub.dev/ri
ve-0.12.4/lib/src/rive_core/text/text.dart').
                 _bounds = AABB.collapsed(Vec2D());
                           ^^^^
           /C:/Users/subhabrata/AppData/Local/Pub/Cach
e/hosted/pub.dev/rive-0.12.4/lib/src/rive_core/text/te
xt.dart:466:32:
           Error: The method 'Vec2D' isn't defined 
for the type 'Text'.
            - 'Text' is from 
'package:rive/src/rive_core/text/text.dart' ('/C:/User
s/subhabrata/AppData/Local/Pub/Cache/hosted/pub.dev/ri
ve-0.12.4/lib/src/rive_core/text/text.dart').
                 _bounds = AABB.collapsed(Vec2D());
                                          ^^^^^
           /C:/Users/subhabrata/AppData/Local/Pub/Cach
e/hosted/pub.dev/rive-0.12.4/lib/src/rive_core/text/te
xt.dart:490:22:
           Error: The getter 'GlyphLookup' isn't 
defined for the type 'Text'.
            - 'Text' is from 
'package:rive/src/rive_core/text/text.dart' ('/C:/User
s/subhabrata/AppData/Local/Pub/Cache/hosted/pub.dev/ri
ve-0.12.4/lib/src/rive_core/text/text.dart').
                 _glyphLookup = GlyphLookup.fromShape(
                                ^^^^^^^^^^^
           /C:/Users/subhabrata/AppData/Local/Pub/Cach
e/hosted/pub.dev/rive-0.12.4/lib/src/rive_core/text/te
xt.dart:518:24:
           Error: The getter 'GlyphLookup' isn't 
defined for the type 'Text'.
            - 'Text' is from 
'package:rive/src/rive_core/text/text.dart' ('/C:/User
s/subhabrata/AppData/Local/Pub/Cache/hosted/pub.dev/ri
ve-0.12.4/lib/src/rive_core/text/text.dart').
                 _glyphLookup ??= 
GlyphLookup.fromShape(_shape!, _unicharCount);
                                  ^^^^^^^^^^^
           /C:/Users/subhabrata/AppData/Local/Pub/Cach
e/hosted/pub.dev/rive-0.12.4/lib/src/core/field_types/
core_field_type.dart:5:17:
           Error: 'BinaryReader' isn't a type.
             T deserialize(BinaryReader reader);
                           ^^^^^^^^^^^^
           /C:/Users/subhabrata/AppData/Local/Pub/Cach
e/hosted/pub.dev/rive-0.12.4/lib/src/core/field_types/
core_field_type.dart:6:13:
           Error: 'BinaryReader' isn't a type.
             void skip(BinaryReader reader) => 
deserialize(reader);
                       ^^^^^^^^^^^^
           /C:/Users/subhabrata/AppData/Local/Pub/Cach
e/hosted/pub.dev/rive-0.12.4/lib/src/rive_core/animati
on/state_machine_listener.dart:86:58:
           Error: 'Vec2D' isn't a type.
             void 
performChanges(StateMachineController controller, 
Vec2D position) {
                                                      
              ^^^^^
           lib/src/features/video/presentation/screen/
yotutube_player.dart:28:27:
           Error: 'QuerySnapshot' isn't a type.
             late StreamSubscription<QuerySnapshot> 
_subscription;
                                     ^^^^^^^^^^^^^
           lib/src/features/video/presentation/screen/
yotutube_player.dart:29:9:
           Error: 'User' isn't a type.
             final User? _user = null;
                   ^^^^
           lib/src/features/video/presentation/screen/
yotutube_player.dart:121:44:
           Error: The getter 'Timestamp' isn't 
defined for the type '_YotutubePlayerState'.
            - '_YotutubePlayerState' is from 'package:
online_course/src/features/video/presentation/screen/y
otutube_player.dart' ('lib/src/features/video/presenta
tion/screen/yotutube_player.dart').
                                           timestamp: 
Timestamp.now(),
                                                      
^^^^^^^^^
           lib/src/features/video/presentation/screen/
yotutube_player.dart:153:13:
           Error: The getter 'FirebaseFirestore' 
isn't defined for the type '_YotutubePlayerState'.
            - '_YotutubePlayerState' is from 'package:
online_course/src/features/video/presentation/screen/y
otutube_player.dart' ('lib/src/features/video/presenta
tion/screen/yotutube_player.dart').
                 await FirebaseFirestore.instance
                       ^^^^^^^^^^^^^^^^^
           lib/src/features/video/presentation/screen/
yotutube_player.dart:164:21:
           Error: The getter 'FirebaseFirestore' 
isn't defined for the type '_YotutubePlayerState'.
            - '_YotutubePlayerState' is from 'package:
online_course/src/features/video/presentation/screen/y
otutube_player.dart' ('lib/src/features/video/presenta
tion/screen/yotutube_player.dart').
               _subscription = 
FirebaseFirestore.instance
                               ^^^^^^^^^^^^^^^^^
           lib/src/features/video/presentation/screen/
yotutube_player.dart:184:28:
           Error: The getter 'FirebaseFirestore' 
isn't defined for the type '_YotutubePlayerState'.
            - '_YotutubePlayerState' is from 'package:
online_course/src/features/video/presentation/screen/y
otutube_player.dart' ('lib/src/features/video/presenta
tion/screen/yotutube_player.dart').
               final snapshot = await 
FirebaseFirestore.instance
                                      
^^^^^^^^^^^^^^^^^
           /C:/Users/subhabrata/AppData/Local/Pub/Cach
e/hosted/pub.dev/rive-0.12.4/lib/src/rive_core/world_t
ransform_component.dart:9:9:
           Error: 'Mat2D' isn't a type.
             final Mat2D worldTransform = Mat2D();
                   ^^^^^
           /C:/Users/subhabrata/AppData/Local/Pub/Cach
e/hosted/pub.dev/rive-0.12.4/lib/src/rive_core/world_t
ransform_component.dart:9:32:
           Error: Method not found: 'Mat2D'.
             final Mat2D worldTransform = Mat2D();
                                          ^^^^^
           /C:/Users/subhabrata/AppData/Local/Pub/Cach
e/hosted/pub.dev/rive-0.12.4/lib/src/rive_core/world_t
ransform_component.dart:24:9:
           Error: The getter 'Mat2D' isn't defined 
for the type 'WorldTransformComponent'.
            - 'WorldTransformComponent' is from 'packa
ge:rive/src/rive_core/world_transform_component.dart' 
('/C:/Users/subhabrata/AppData/Local/Pub/Cache/hosted/
pub.dev/rive-0.12.4/lib/src/rive_core/world_transform_
component.dart').
                 : Mat2D.identity;
                   ^^^^^
           /C:/Users/subhabrata/AppData/Local/Pub/Cach
e/hosted/pub.dev/rive-0.12.4/lib/src/core/field_types/
core_callback_type.dart:15:19:
           Error: 'BinaryReader' isn't a type.
             int deserialize(BinaryReader reader) => 
0;
                             ^^^^^^^^^^^^
           /C:/Users/subhabrata/AppData/Local/Pub/Cach
e/hosted/pub.dev/rive-0.12.4/lib/src/rive_core/node.da
rt:12:19:
           Error: 'Vec2D' isn't a type.
             set translation(Vec2D pos) {
                             ^^^^^
           /C:/Users/subhabrata/AppData/Local/Pub/Cach
e/hosted/pub.dev/rive-0.12.4/lib/src/rive_core/transfo
rm_component.dart:41:9:
           Error: 'Mat2D' isn't a type.
             final Mat2D transform = Mat2D();
                   ^^^^^
           /C:/Users/subhabrata/AppData/Local/Pub/Cach
e/hosted/pub.dev/rive-0.12.4/lib/src/rive_core/transfo
rm_component.dart:41:27:
           Error: Method not found: 'Mat2D'.
             final Mat2D transform = Mat2D();
                                     ^^^^^
           /C:/Users/subhabrata/AppData/Local/Pub/Cach
e/hosted/pub.dev/rive-0.12.4/lib/src/rive_core/transfo
rm_component.dart:43:28:
           Error: The getter 'Vec2D' isn't defined 
for the type 'TransformComponent'.
            - 'TransformComponent' is from 
'package:rive/src/rive_core/transform_component.dart' 
('/C:/Users/subhabrata/AppData/Local/Pub/Cache/hosted/
pub.dev/rive-0.12.4/lib/src/rive_core/transform_compon
ent.dart').
             Vec2D get translation => 
Vec2D.fromValues(x, y);
                                      ^^^^^
           /C:/Users/subhabrata/AppData/Local/Pub/Cach
e/hosted/pub.dev/rive-0.12.4/lib/src/rive_core/transfo
rm_component.dart:45:7:
           Error: The getter 'Vec2D' isn't defined 
for the type 'TransformComponent'.
            - 'TransformComponent' is from 
'package:rive/src/rive_core/transform_component.dart' 
('/C:/Users/subhabrata/AppData/Local/Pub/Cache/hosted/
pub.dev/rive-0.12.4/lib/src/rive_core/transform_compon
ent.dart').
                 Vec2D.fromValues(worldTransform[4], 
worldTransform[5]);
                 ^^^^^
           /C:/Users/subhabrata/AppData/Local/Pub/Cach
e/hosted/pub.dev/rive-0.12.4/lib/src/rive_core/transfo
rm_component.dart:64:7:
           Error: The getter 'Mat2D' isn't defined 
for the type 'TransformComponent'.
            - 'TransformComponent' is from 
'package:rive/src/rive_core/transform_component.dart' 
('/C:/Users/subhabrata/AppData/Local/Pub/Cache/hosted/
pub.dev/rive-0.12.4/lib/src/rive_core/transform_compon
ent.dart').
                 Mat2D.fromRotation(transform, 
rotation);
                 ^^^^^
           /C:/Users/subhabrata/AppData/Local/Pub/Cach
e/hosted/pub.dev/rive-0.12.4/lib/src/rive_core/transfo
rm_component.dart:66:7:
           Error: The getter 'Mat2D' isn't defined 
for the type 'TransformComponent'.
            - 'TransformComponent' is from 
'package:rive/src/rive_core/transform_component.dart' 
('/C:/Users/subhabrata/AppData/Local/Pub/Cache/hosted/
pub.dev/rive-0.12.4/lib/src/rive_core/transform_compon
ent.dart').
                 Mat2D.setIdentity(transform);
                 ^^^^^
           /C:/Users/subhabrata/AppData/Local/Pub/Cach
e/hosted/pub.dev/rive-0.12.4/lib/src/rive_core/transfo
rm_component.dart:71:5:
           Error: The getter 'Mat2D' isn't defined 
for the type 'TransformComponent'.
            - 'TransformComponent' is from 
'package:rive/src/rive_core/transform_component.dart' 
('/C:/Users/subhabrata/AppData/Local/Pub/Cache/hosted/
pub.dev/rive-0.12.4/lib/src/rive_core/transform_compon
ent.dart').
               Mat2D.scaleByValues(transform, scaleX, 
scaleY);
               ^^^^^
           /C:/Users/subhabrata/AppData/Local/Pub/Cach
e/hosted/pub.dev/rive-0.12.4/lib/src/rive_core/transfo
rm_component.dart:79:22:
           Error: The getter 'Vec2D' isn't defined 
for the type 'TransformComponent'.
            - 'TransformComponent' is from 
'package:rive/src/rive_core/transform_component.dart' 
('/C:/Users/subhabrata/AppData/Local/Pub/Cache/hosted/
pub.dev/rive-0.12.4/lib/src/rive_core/transform_compon
ent.dart').
             Vec2D get scale => 
Vec2D.fromValues(scaleX, scaleY);
                                ^^^^^
           /C:/Users/subhabrata/AppData/Local/Pub/Cach
e/hosted/pub.dev/rive-0.12.4/lib/src/rive_core/transfo
rm_component.dart:80:13:
           Error: 'Vec2D' isn't a type.
             set scale(Vec2D value) {
                       ^^^^^
           /C:/Users/subhabrata/AppData/Local/Pub/Cach
e/hosted/pub.dev/rive-0.12.4/lib/src/rive_core/transfo
rm_component.dart:91:7:
           Error: The getter 'Mat2D' isn't defined 
for the type 'TransformComponent'.
            - 'TransformComponent' is from 
'package:rive/src/rive_core/transform_component.dart' 
('/C:/Users/subhabrata/AppData/Local/Pub/Cache/hosted/
pub.dev/rive-0.12.4/lib/src/rive_core/transform_compon
ent.dart').
                 Mat2D.multiply(worldTransform, 
parentNode.worldTransform, transform);
                 ^^^^^
           /C:/Users/subhabrata/AppData/Local/Pub/Cach
e/hosted/pub.dev/rive-0.12.4/lib/src/rive_core/transfo
rm_component.dart:93:7:
           Error: The getter 'Mat2D' isn't defined 
for the type 'TransformComponent'.
            - 'TransformComponent' is from 
'package:rive/src/rive_core/transform_component.dart' 
('/C:/Users/subhabrata/AppData/Local/Pub/Cache/hosted/
pub.dev/rive-0.12.4/lib/src/rive_core/transform_compon
ent.dart').
                 Mat2D.copy(worldTransform, 
transform);
                 ^^^^^
           /C:/Users/subhabrata/AppData/Local/Pub/Cach
e/hosted/pub.dev/rive-0.12.4/lib/src/rive_core/transfo
rm_component.dart:211:27:
           Error: The getter 'AABB' isn't defined for 
the type 'TransformComponent'.
            - 'TransformComponent' is from 
'package:rive/src/rive_core/transform_component.dart' 
('/C:/Users/subhabrata/AppData/Local/Pub/Cache/hosted/
pub.dev/rive-0.12.4/lib/src/rive_core/transform_compon
ent.dart').
             AABB get localBounds => 
AABB.collapsed(Vec2D());
                                     ^^^^
           /C:/Users/subhabrata/AppData/Local/Pub/Cach
e/hosted/pub.dev/rive-0.12.4/lib/src/rive_core/transfo
rm_component.dart:211:42:
           Error: The method 'Vec2D' isn't defined 
for the type 'TransformComponent'.
            - 'TransformComponent' is from 
'package:rive/src/rive_core/transform_component.dart' 
('/C:/Users/subhabrata/AppData/Local/Pub/Cache/hosted/
pub.dev/rive-0.12.4/lib/src/rive_core/transform_compon
ent.dart').
             AABB get localBounds => 
AABB.collapsed(Vec2D());
                                                    
^^^^^
           /C:/Users/subhabrata/AppData/Local/Pub/Cach
e/hosted/pub.dev/rive-0.12.4/lib/src/rive_core/transfo
rm_component.dart:214:32:
           Error: The getter 'AABB' isn't defined for 
the type 'TransformComponent'.
            - 'TransformComponent' is from 
'package:rive/src/rive_core/transform_component.dart' 
('/C:/Users/subhabrata/AppData/Local/Pub/Cache/hosted/
pub.dev/rive-0.12.4/lib/src/rive_core/transform_compon
ent.dart').
             AABB get constraintBounds => 
AABB.collapsed(Vec2D());
                                          ^^^^
           /C:/Users/subhabrata/AppData/Local/Pub/Cach
e/hosted/pub.dev/rive-0.12.4/lib/src/rive_core/transfo
rm_component.dart:214:47:
           Error: The method 'Vec2D' isn't defined 
for the type 'TransformComponent'.
            - 'TransformComponent' is from 
'package:rive/src/rive_core/transform_component.dart' 
('/C:/Users/subhabrata/AppData/Local/Pub/Cache/hosted/
pub.dev/rive-0.12.4/lib/src/rive_core/transform_compon
ent.dart').
             AABB get constraintBounds => 
AABB.collapsed(Vec2D());
                                                      
   ^^^^^
           /C:/Users/subhabrata/AppData/Local/Pub/Cach
e/hosted/pub.dev/rive-0.12.4/lib/src/rive_core/text/te
xt_style_axis.dart:8:25:
           Error: The getter 'FontTag' isn't defined 
for the type 'TextStyleAxis'.
            - 'TextStyleAxis' is from 'package:rive/sr
c/rive_core/text/text_style_axis.dart' ('/C:/Users/sub
habrata/AppData/Local/Pub/Cache/hosted/pub.dev/rive-0.
12.4/lib/src/rive_core/text/text_style_axis.dart').
             String get tagName => 
FontTag.tagToName(tag);
                                   ^^^^^^^
           /C:/Users/subhabrata/AppData/Local/Pub/Cach
e/hosted/pub.dev/rive-0.12.4/lib/src/rive_core/text/te
xt_style_feature.dart:8:25:
           Error: The getter 'FontTag' isn't defined 
for the type 'TextStyleFeature'.
            - 'TextStyleFeature' is from 'package:rive
/src/rive_core/text/text_style_feature.dart' ('/C:/Use
rs/subhabrata/AppData/Local/Pub/Cache/hosted/pub.dev/r
ive-0.12.4/lib/src/rive_core/text/text_style_feature.d
art').
             String get tagName => 
FontTag.tagToName(tag);
                                   ^^^^^^^
           /C:/Users/subhabrata/AppData/Local/Pub/Cach
e/hosted/pub.dev/rive-0.12.4/lib/src/rive_core/shapes/
mesh.dart:92:3:
           Error: 'AABB' isn't a type.
             AABB bounds = AABB.empty();
             ^^^^
           /C:/Users/subhabrata/AppData/Local/Pub/Cach
e/hosted/pub.dev/rive-0.12.4/lib/src/rive_core/shapes/
mesh.dart:92:17:
           Error: Undefined name 'AABB'.
             AABB bounds = AABB.empty();
                           ^^^^
           /C:/Users/subhabrata/AppData/Local/Pub/Cach
e/hosted/pub.dev/rive-0.12.4/lib/src/rive_core/shapes/
mesh.dart:99:16:
           Error: The getter 'AABB' isn't defined for 
the type 'Mesh'.
            - 'Mesh' is from 
'package:rive/src/rive_core/shapes/mesh.dart' ('/C:/Us
ers/subhabrata/AppData/Local/Pub/Cache/hosted/pub.dev/
rive-0.12.4/lib/src/rive_core/shapes/mesh.dart').
                 bounds = AABB.empty();
                          ^^^^
           /C:/Users/subhabrata/AppData/Local/Pub/Cach
e/hosted/pub.dev/rive-0.12.4/lib/src/rive_core/shapes/
mesh.dart:128:18:
           Error: The getter 'BinaryReader' isn't 
defined for the type 'Mesh'.
            - 'Mesh' is from 
'package:rive/src/rive_core/shapes/mesh.dart' ('/C:/Us
ers/subhabrata/AppData/Local/Pub/Cache/hosted/pub.dev/
rive-0.12.4/lib/src/rive_core/shapes/mesh.dart').
               var reader = 
BinaryReader.fromList(triangleIndexBytes);
                            ^^^^^^^^^^^^
           /C:/Users/subhabrata/AppData/Local/Pub/Cach
e/hosted/pub.dev/rive-0.12.4/lib/src/rive_core/shapes/
mesh.dart:149:22:
           Error: The getter 'Mat2D' isn't defined 
for the type 'Mesh'.
            - 'Mesh' is from 
'package:rive/src/rive_core/shapes/mesh.dart' ('/C:/Us
ers/subhabrata/AppData/Local/Pub/Cache/hosted/pub.dev/
rive-0.12.4/lib/src/rive_core/shapes/mesh.dart').
                 skin != null ? Mat2D.identity : 
transformComponent.worldTransform;
                                ^^^^^
           /C:/Users/subhabrata/AppData/Local/Pub/Cach
e/hosted/pub.dev/rive-0.12.4/lib/src/rive_core/shapes/
cubic_vertex.dart:13:16:
           Error: 'Vec2D' isn't a type.
             set outPoint(Vec2D value);
                          ^^^^^
           /C:/Users/subhabrata/AppData/Local/Pub/Cach
e/hosted/pub.dev/rive-0.12.4/lib/src/rive_core/shapes/
cubic_vertex.dart:14:15:
           Error: 'Vec2D' isn't a type.
             set inPoint(Vec2D value);
                         ^^^^^
           /C:/Users/subhabrata/AppData/Local/Pub/Cach
e/hosted/pub.dev/rive-0.12.4/lib/src/rive_core/shapes/
cubic_vertex.dart:23:15:
           Error: 'Mat2D' isn't a type.
             void deform(Mat2D world, Float32List 
boneTransforms) {
                         ^^^^^
           /C:/Users/subhabrata/AppData/Local/Pub/Cach
e/hosted/pub.dev/rive-0.12.4/lib/src/rive_core/text/st
yled_text.dart:11:14:
           Error: 'TextRun' isn't a type.
             final List<TextRun> runs;
                        ^^^^^^^
           /C:/Users/subhabrata/AppData/Local/Pub/Cach
e/hosted/pub.dev/rive-0.12.4/lib/src/rive_core/text/st
yled_text.dart:13:40:
           Error: 'TextRun' isn't a type.
             factory StyledText(String text, 
List<TextRun> runs) {
                                                  
^^^^^^^
           /C:/Users/subhabrata/AppData/Local/Pub/Cach
e/hosted/pub.dev/rive-0.12.4/lib/src/rive_core/text/st
yled_text.dart:22:28:
           Error: 'TextRun' isn't a type.
             factory StyledText.empty(TextRun run) => 
StyledText('', [run]);
                                      ^^^^^^^
           /C:/Users/subhabrata/AppData/Local/Pub/Cach
e/hosted/pub.dev/rive-0.12.4/lib/src/rive_core/text/st
yled_text.dart:42:7:
           Error: The method 'iterableEquals' isn't 
defined for the type 'StyledText'.
            - 'StyledText' is from 
'package:rive/src/rive_core/text/styled_text.dart' ('/
C:/Users/subhabrata/AppData/Local/Pub/Cache/hosted/pub
.dev/rive-0.12.4/lib/src/rive_core/text/styled_text.da
rt').
                 iterableEquals(other.runs, runs);
                 ^^^^^^^^^^^^^^
           /C:/Users/subhabrata/AppData/Local/Pub/Cach
e/hosted/pub.dev/rive-0.12.4/lib/src/rive_core/text/te
xt_modifier_group.dart:82:37:
           Error: 'TextShapeResult' isn't a type.
             void computeRangeMap(String text, 
TextShapeResult? shape,
                                               
^^^^^^^^^^^^^^^
           /C:/Users/subhabrata/AppData/Local/Pub/Cach
e/hosted/pub.dev/rive-0.12.4/lib/src/rive_core/text/te
xt_modifier_group.dart:83:7:
           Error: 'BreakLinesResult' isn't a type.
                 BreakLinesResult? lines, GlyphLookup 
glyphLookup) {
                 ^^^^^^^^^^^^^^^^
           /C:/Users/subhabrata/AppData/Local/Pub/Cach
e/hosted/pub.dev/rive-0.12.4/lib/src/rive_core/text/te
xt_modifier_group.dart:83:32:
           Error: 'GlyphLookup' isn't a type.
                 BreakLinesResult? lines, GlyphLookup 
glyphLookup) {
                                          ^^^^^^^^^^^
           /C:/Users/subhabrata/AppData/Local/Pub/Cach
e/hosted/pub.dev/rive-0.12.4/lib/src/rive_core/text/te
xt_modifier_group.dart:108:24:
           Error: 'LineRunGlyph' isn't a type.
             double glyphCoverage(LineRunGlyph 
glyphInfo) {
                                  ^^^^^^^^^^^^
           /C:/Users/subhabrata/AppData/Local/Pub/Cach
e/hosted/pub.dev/rive-0.12.4/lib/src/rive_core/text/te
xt_modifier_group.dart:122:14:
           Error: 'Font' isn't a type.
             final List<Font> _cleanupFonts = [];
                        ^^^^
           /C:/Users/subhabrata/AppData/Local/Pub/Cach
e/hosted/pub.dev/rive-0.12.4/lib/src/rive_core/text/te
xt_modifier_group.dart:124:34:
           Error: 'TextRun' isn't a type.
             TextRun modifyShape(Text text, TextRun 
run, double strength) {
                                            ^^^^^^^
           /C:/Users/subhabrata/AppData/Local/Pub/Cach
e/hosted/pub.dev/rive-0.12.4/lib/src/rive_core/text/te
xt_modifier_group.dart:143:29:
           Error: The method 'FontAxisCoord' isn't 
defined for the type 'TextModifierGroup'.
            - 'TextModifierGroup' is from 'package:riv
e/src/rive_core/text/text_modifier_group.dart' ('/C:/U
sers/subhabrata/AppData/Local/Pub/Cache/hosted/pub.dev
/rive-0.12.4/lib/src/rive_core/text/text_modifier_grou
p.dart').
                       .map((entry) => 
FontAxisCoord(entry.key, entry.value)),
                                       ^^^^^^^^^^^^^
           /C:/Users/subhabrata/AppData/Local/Pub/Cach
e/hosted/pub.dev/rive-0.12.4/lib/src/rive_core/text/te
xt_modifier_group.dart:197:5:
           Error: 'Mat2D' isn't a type.
               Mat2D xform = Mat2D.fromTranslate(
               ^^^^^
           /C:/Users/subhabrata/AppData/Local/Pub/Cach
e/hosted/pub.dev/rive-0.12.4/lib/src/rive_core/text/te
xt_modifier_group.dart:197:19:
           Error: The getter 'Mat2D' isn't defined 
for the type 'TextModifierGroup'.
            - 'TextModifierGroup' is from 'package:riv
e/src/rive_core/text/text_modifier_group.dart' ('/C:/U
sers/subhabrata/AppData/Local/Pub/Cache/hosted/pub.dev
/rive-0.12.4/lib/src/rive_core/text/text_modifier_grou
p.dart').
               Mat2D xform = Mat2D.fromTranslate(
                             ^^^^^
           /C:/Users/subhabrata/AppData/Local/Pub/Cach
e/hosted/pub.dev/rive-0.12.4/lib/src/rive_core/text/te
xt_modifier_group.dart:204:29:
           Error: 'Mat2D' isn't a type.
             Mat2D transform(double t, Mat2D 
glyphTransform) {
                                       ^^^^^
           /C:/Users/subhabrata/AppData/Local/Pub/Cach
e/hosted/pub.dev/rive-0.12.4/lib/src/rive_core/text/te
xt_modifier_group.dart:209:21:
           Error: The method 'Mat2D' isn't defined 
for the type 'TextModifierGroup'.
            - 'TextModifierGroup' is from 'package:riv
e/src/rive_core/text/text_modifier_group.dart' ('/C:/U
sers/subhabrata/AppData/Local/Pub/Cache/hosted/pub.dev
/rive-0.12.4/lib/src/rive_core/text/text_modifier_grou
p.dart').
               var transform = Mat2D();
                               ^^^^^
           /C:/Users/subhabrata/AppData/Local/Pub/Cach
e/hosted/pub.dev/rive-0.12.4/lib/src/rive_core/text/te
xt_modifier_group.dart:212:7:
           Error: The getter 'Mat2D' isn't defined 
for the type 'TextModifierGroup'.
            - 'TextModifierGroup' is from 'package:riv
e/src/rive_core/text/text_modifier_group.dart' ('/C:/U
sers/subhabrata/AppData/Local/Pub/Cache/hosted/pub.dev
/rive-0.12.4/lib/src/rive_core/text/text_modifier_grou
p.dart').
                 Mat2D.fromRotation(transform, 
actualRotation);
                 ^^^^^
           /C:/Users/subhabrata/AppData/Local/Pub/Cach
e/hosted/pub.dev/rive-0.12.4/lib/src/rive_core/text/te
xt_modifier_group.dart:214:7:
           Error: The getter 'Mat2D' isn't defined 
for the type 'TextModifierGroup'.
            - 'TextModifierGroup' is from 'package:riv
e/src/rive_core/text/text_modifier_group.dart' ('/C:/U
sers/subhabrata/AppData/Local/Pub/Cache/hosted/pub.dev
/rive-0.12.4/lib/src/rive_core/text/text_modifier_grou
p.dart').
                 Mat2D.setIdentity(transform);
                 ^^^^^
           /C:/Users/subhabrata/AppData/Local/Pub/Cach
e/hosted/pub.dev/rive-0.12.4/lib/src/rive_core/text/te
xt_modifier_group.dart:221:7:
           Error: The getter 'Mat2D' isn't defined 
for the type 'TextModifierGroup'.
            - 'TextModifierGroup' is from 'package:riv
e/src/rive_core/text/text_modifier_group.dart' ('/C:/U
sers/subhabrata/AppData/Local/Pub/Cache/hosted/pub.dev
/rive-0.12.4/lib/src/rive_core/text/text_modifier_grou
p.dart').
                 Mat2D.scaleByValues(
                 ^^^^^
           /C:/Users/subhabrata/AppData/Local/Pub/Cach
e/hosted/pub.dev/rive-0.12.4/lib/src/rive_core/text/te
xt_modifier_group.dart:228:18:
           Error: The getter 'Mat2D' isn't defined 
for the type 'TextModifierGroup'.
            - 'TextModifierGroup' is from 'package:riv
e/src/rive_core/text/text_modifier_group.dart' ('/C:/U
sers/subhabrata/AppData/Local/Pub/Cache/hosted/pub.dev
/rive-0.12.4/lib/src/rive_core/text/text_modifier_grou
p.dart').
               var result = Mat2D.multiply(Mat2D(), 
transform, glyphTransform);
                            ^^^^^
           /C:/Users/subhabrata/AppData/Local/Pub/Cach
e/hosted/pub.dev/rive-0.12.4/lib/src/rive_core/text/te
xt_modifier_group.dart:228:33:
           Error: The method 'Mat2D' isn't defined 
for the type 'TextModifierGroup'.
            - 'TextModifierGroup' is from 'package:riv
e/src/rive_core/text/text_modifier_group.dart' ('/C:/U
sers/subhabrata/AppData/Local/Pub/Cache/hosted/pub.dev
/rive-0.12.4/lib/src/rive_core/text/text_modifier_grou
p.dart').
               var result = Mat2D.multiply(Mat2D(), 
transform, glyphTransform);
                                           ^^^^^
           /C:/Users/subhabrata/AppData/Local/Pub/Cach
e/hosted/pub.dev/rive-0.12.4/lib/src/rive_core/text/te
xt_modifier_group.dart:236:53:
           Error: 'TextRun' isn't a type.
             List<TextRun> applyShapeModifiers(Text 
text, List<TextRun> runs) {
                                                      
         ^^^^^^^
           /C:/Users/subhabrata/AppData/Local/Pub/Cach
e/hosted/pub.dev/rive-0.12.4/lib/src/rive_core/text/te
xt_modifier_group.dart:246:25:
           Error: 'TextRun' isn't a type.
               var nextTextRuns = <TextRun>[];
                                   ^^^^^^^
           /C:/Users/subhabrata/AppData/Local/Pub/Cach
e/hosted/pub.dev/rive-0.12.4/lib/src/rive_core/text/te
xt_style_container.dart:42:10:
           Error: The method 'iterableEquals' isn't 
defined for the type 'TextStyleContainer'.
            - 'TextStyleContainer' is from 'package:ri
ve/src/rive_core/text/text_style_container.dart' ('/C:
/Users/subhabrata/AppData/Local/Pub/Cache/hosted/pub.d
ev/rive-0.12.4/lib/src/rive_core/text/text_style_conta
iner.dart').
               if (!iterableEquals(nextStyles, 
styles)) {
                    ^^^^^^^^^^^^^^
           /C:/Users/subhabrata/AppData/Local/Pub/Cach
e/hosted/pub.dev/rive-0.12.4/lib/src/rive_core/animati
on/listener_action.dart:17:51:
           Error: 'Vec2D' isn't a type.
             void perform(StateMachineController 
controller, Vec2D position);
                                                      
       ^^^^^
           lib/src/features/course/data/models/comment
_model.dart:8:9:
           Error: 'Timestamp' isn't a type.
             final Timestamp timestamp;
                   ^^^^^^^^^
           lib/src/features/video/presentation/screen/
share_video.dart:59:7:
           Error: 'FirebaseFirestore' isn't a type.
                 FirebaseFirestore firestore = 
FirebaseFirestore.instance;
                 ^^^^^^^^^^^^^^^^^
           lib/src/features/video/presentation/screen/
share_video.dart:60:7:
           Error: 'DocumentReference' isn't a type.
                 DocumentReference docRef =
                 ^^^^^^^^^^^^^^^^^
           lib/src/features/video/presentation/screen/
share_video.dart:59:37:
           Error: The getter 'FirebaseFirestore' 
isn't defined for the type '_QRScannerScreenState'.
            - '_QRScannerScreenState' is from 'package
:online_course/src/features/video/presentation/screen/
share_video.dart' ('lib/src/features/video/presentatio
n/screen/share_video.dart').
                 FirebaseFirestore firestore = 
FirebaseFirestore.instance;
                                               
^^^^^^^^^^^^^^^^^
           lib/src/features/video/presentation/screen/
share_video.dart:70:10:
           Error: The method 'SetOptions' isn't 
defined for the type '_QRScannerScreenState'.
            - '_QRScannerScreenState' is from 'package
:online_course/src/features/video/presentation/screen/
share_video.dart' ('lib/src/features/video/presentatio
n/screen/share_video.dart').
                 }, SetOptions(merge: true));
                    ^^^^^^^^^^
           /C:/Users/subhabrata/AppData/Local/Pub/Cach
e/hosted/pub.dev/rive-0.12.4/lib/src/core/field_types/
core_bool_type.dart:6:20:
           Error: 'BinaryReader' isn't a type.
             bool deserialize(BinaryReader reader) => 
reader.readInt8() == 1;
                              ^^^^^^^^^^^^
           /C:/Users/subhabrata/AppData/Local/Pub/Cach
e/hosted/pub.dev/rive-0.12.4/lib/src/core/field_types/
core_bytes_type.dart:8:25:
           Error: 'BinaryReader' isn't a type.
             Uint8List deserialize(BinaryReader 
reader) {
                                   ^^^^^^^^^^^^
           /C:/Users/subhabrata/AppData/Local/Pub/Cach
e/hosted/pub.dev/rive-0.12.4/lib/src/core/field_types/
core_color_type.dart:6:19:
           Error: 'BinaryReader' isn't a type.
             int deserialize(BinaryReader reader) => 
reader.readUint32();
                             ^^^^^^^^^^^^
           /C:/Users/subhabrata/AppData/Local/Pub/Cach
e/hosted/pub.dev/rive-0.12.4/lib/src/core/field_types/
core_double_type.dart:6:22:
           Error: 'BinaryReader' isn't a type.
             double deserialize(BinaryReader reader) 
=> reader.readFloat32();
                                ^^^^^^^^^^^^
           /C:/Users/subhabrata/AppData/Local/Pub/Cach
e/hosted/pub.dev/rive-0.12.4/lib/src/core/field_types/
core_string_type.dart:6:22:
           Error: 'BinaryReader' isn't a type.
             String deserialize(BinaryReader reader) 
=>
                                ^^^^^^^^^^^^
           /C:/Users/subhabrata/AppData/Local/Pub/Cach
e/hosted/pub.dev/rive-0.12.4/lib/src/core/field_types/
core_string_type.dart:9:13:
           Error: 'BinaryReader' isn't a type.
             void read(BinaryReader reader) {
                       ^^^^^^^^^^^^
           /C:/Users/subhabrata/AppData/Local/Pub/Cach
e/hosted/pub.dev/rive-0.12.4/lib/src/core/field_types/
core_uint_type.dart:6:19:
           Error: 'BinaryReader' isn't a type.
             int deserialize(BinaryReader reader) => 
reader.readVarUint();
                             ^^^^^^^^^^^^
           /C:/Users/subhabrata/AppData/Local/Pub/Cach
e/hosted/pub.dev/rive-0.12.4/lib/src/rive_core/animati
on/listener_align_target.dart:11:51:
           Error: 'Vec2D' isn't a type.
             void perform(StateMachineController 
controller, Vec2D position) {
                                                      
       ^^^^^
           /C:/Users/subhabrata/AppData/Local/Pub/Cach
e/hosted/pub.dev/rive-0.12.4/lib/src/rive_core/animati
on/listener_align_target.dart:18:19:
           Error: The method 'Mat2D' isn't defined 
for the type 'ListenerAlignTarget'.
            - 'ListenerAlignTarget' is from 'package:r
ive/src/rive_core/animation/listener_align_target.dart
' ('/C:/Users/subhabrata/AppData/Local/Pub/Cache/hoste
d/pub.dev/rive-0.12.4/lib/src/rive_core/animation/list
ener_align_target.dart').
               var inverse = Mat2D();
                             ^^^^^
           /C:/Users/subhabrata/AppData/Local/Pub/Cach
e/hosted/pub.dev/rive-0.12.4/lib/src/rive_core/animati
on/listener_align_target.dart:19:10:
           Error: The getter 'Mat2D' isn't defined 
for the type 'ListenerAlignTarget'.
            - 'ListenerAlignTarget' is from 'package:r
ive/src/rive_core/animation/listener_align_target.dart
' ('/C:/Users/subhabrata/AppData/Local/Pub/Cache/hoste
d/pub.dev/rive-0.12.4/lib/src/rive_core/animation/list
ener_align_target.dart').
               if (!Mat2D.invert(inverse, 
targetParentWorld)) {
                    ^^^^^
           /C:/Users/subhabrata/AppData/Local/Pub/Cach
e/hosted/pub.dev/rive-0.12.4/lib/src/rive_core/animati
on/listener_bool_change.dart:13:51:
           Error: 'Vec2D' isn't a type.
             void perform(StateMachineController 
controller, Vec2D position) {
                                                      
       ^^^^^
           /C:/Users/subhabrata/AppData/Local/Pub/Cach
e/hosted/pub.dev/rive-0.12.4/lib/src/rive_core/animati
on/listener_fire_event.dart:15:51:
           Error: 'Vec2D' isn't a type.
             void perform(StateMachineController 
controller, Vec2D position) {
                                                      
       ^^^^^
           /C:/Users/subhabrata/AppData/Local/Pub/Cach
e/hosted/pub.dev/rive-0.12.4/lib/src/rive_core/animati
on/listener_number_change.dart:13:51:
           Error: 'Vec2D' isn't a type.
             void perform(StateMachineController 
controller, Vec2D position) {
                                                      
       ^^^^^
           /C:/Users/subhabrata/AppData/Local/Pub/Cach
e/hosted/pub.dev/rive-0.12.4/lib/src/rive_core/animati
on/listener_trigger_change.dart:12:51:
           Error: 'Vec2D' isn't a type.
             void perform(StateMachineController 
controller, Vec2D position) {
                                                      
       ^^^^^
           /C:/Users/subhabrata/AppData/Local/Pub/Cach
e/hosted/pub.dev/rive-0.12.4/lib/src/rive_core/bones/b
one.dart:76:32:
           Error: 'Mat2D' isn't a type.
             Vec2D getTipWorldTranslation(Mat2D 
worldTransform) {
                                          ^^^^^
           /C:/Users/subhabrata/AppData/Local/Pub/Cach
e/hosted/pub.dev/rive-0.12.4/lib/src/rive_core/bones/c
ubic_weight.dart:7:9:
           Error: 'Vec2D' isn't a type.
             final Vec2D inTranslation = Vec2D();
                   ^^^^^
           /C:/Users/subhabrata/AppData/Local/Pub/Cach
e/hosted/pub.dev/rive-0.12.4/lib/src/rive_core/bones/c
ubic_weight.dart:7:31:
           Error: Method not found: 'Vec2D'.
             final Vec2D inTranslation = Vec2D();
                                         ^^^^^
           /C:/Users/subhabrata/AppData/Local/Pub/Cach
e/hosted/pub.dev/rive-0.12.4/lib/src/rive_core/bones/c
ubic_weight.dart:8:9:
           Error: 'Vec2D' isn't a type.
             final Vec2D outTranslation = Vec2D();
                   ^^^^^
           /C:/Users/subhabrata/AppData/Local/Pub/Cach
e/hosted/pub.dev/rive-0.12.4/lib/src/rive_core/bones/c
ubic_weight.dart:8:32:
           Error: Method not found: 'Vec2D'.
             final Vec2D outTranslation = Vec2D();
                                          ^^^^^
           /C:/Users/subhabrata/AppData/Local/Pub/Cach
e/hosted/pub.dev/rive-0.12.4/lib/src/rive_core/bones/s
kin.dart:20:9:
           Error: 'Mat2D' isn't a type.
             final Mat2D _worldTransform = Mat2D();
                   ^^^^^
           /C:/Users/subhabrata/AppData/Local/Pub/Cach
e/hosted/pub.dev/rive-0.12.4/lib/src/rive_core/bones/s
kin.dart:20:33:
           Error: Method not found: 'Mat2D'.
             final Mat2D _worldTransform = Mat2D();
                                           ^^^^^
           /C:/Users/subhabrata/AppData/Local/Pub/Cach
e/hosted/pub.dev/rive-0.12.4/lib/src/rive_core/bones/s
kin.dart:48:16:
           Error: The method 'Mat2D' isn't defined 
for the type 'Skin'.
            - 'Skin' is from 
'package:rive/src/rive_core/bones/skin.dart' ('/C:/Use
rs/subhabrata/AppData/Local/Pub/Cache/hosted/pub.dev/r
ive-0.12.4/lib/src/rive_core/bones/skin.dart').
               var temp = Mat2D();
                          ^^^^^
           /C:/Users/subhabrata/AppData/Local/Pub/Cach
e/hosted/pub.dev/rive-0.12.4/lib/src/rive_core/bones/s
kin.dart:55:16:
           Error: The getter 'Mat2D' isn't defined 
for the type 'Skin'.
            - 'Skin' is from 
'package:rive/src/rive_core/bones/skin.dart' ('/C:/Use
rs/subhabrata/AppData/Local/Pub/Cache/hosted/pub.dev/r
ive-0.12.4/lib/src/rive_core/bones/skin.dart').
                 var wt = Mat2D.multiply(temp, 
boneWorld, tendon.inverseBind);
                          ^^^^^
           /C:/Users/subhabrata/AppData/Local/Pub/Cach
e/hosted/pub.dev/rive-0.12.4/lib/src/rive_core/bones/t
endon.dart:8:9:
           Error: 'Mat2D' isn't a type.
             final Mat2D _bind = Mat2D();
                   ^^^^^
           /C:/Users/subhabrata/AppData/Local/Pub/Cach
e/hosted/pub.dev/rive-0.12.4/lib/src/rive_core/bones/t
endon.dart:8:23:
           Error: Method not found: 'Mat2D'.
             final Mat2D _bind = Mat2D();
                                 ^^^^^
           /C:/Users/subhabrata/AppData/Local/Pub/Cach
e/hosted/pub.dev/rive-0.12.4/lib/src/rive_core/bones/t
endon.dart:9:3:
           Error: 'Mat2D' isn't a type.
             Mat2D? _inverseBind;
             ^^^^^
           /C:/Users/subhabrata/AppData/Local/Pub/Cach
e/hosted/pub.dev/rive-0.12.4/lib/src/rive_core/bones/t
endon.dart:15:22:
           Error: The method 'Mat2D' isn't defined 
for the type 'Tendon'.
            - 'Tendon' is from 
'package:rive/src/rive_core/bones/tendon.dart' ('/C:/U
sers/subhabrata/AppData/Local/Pub/Cache/hosted/pub.dev
/rive-0.12.4/lib/src/rive_core/bones/tendon.dart').
                 _inverseBind = Mat2D();
                                ^^^^^
           /C:/Users/subhabrata/AppData/Local/Pub/Cach
e/hosted/pub.dev/rive-0.12.4/lib/src/rive_core/bones/t
endon.dart:16:7:
           Error: The getter 'Mat2D' isn't defined 
for the type 'Tendon'.
            - 'Tendon' is from 
'package:rive/src/rive_core/bones/tendon.dart' ('/C:/U
sers/subhabrata/AppData/Local/Pub/Cache/hosted/pub.dev
/rive-0.12.4/lib/src/rive_core/bones/tendon.dart').
                 Mat2D.invert(_inverseBind!, _bind);
                 ^^^^^
           /C:/Users/subhabrata/AppData/Local/Pub/Cach
e/hosted/pub.dev/rive-0.12.4/lib/src/rive_core/bones/w
eight.dart:9:9:
           Error: 'Vec2D' isn't a type.
             final Vec2D translation = Vec2D();
                   ^^^^^
           /C:/Users/subhabrata/AppData/Local/Pub/Cach
e/hosted/pub.dev/rive-0.12.4/lib/src/rive_core/bones/w
eight.dart:9:29:
           Error: Method not found: 'Vec2D'.
             final Vec2D translation = Vec2D();
                                       ^^^^^
           /C:/Users/subhabrata/AppData/Local/Pub/Cach
e/hosted/pub.dev/rive-0.12.4/lib/src/rive_core/bones/w
eight.dart:22:68:
           Error: 'Mat2D' isn't a type.
             static void deform(double x, double y, 
int indices, int weights, Mat2D world,
                                                      
                        ^^^^^
           /C:/Users/subhabrata/AppData/Local/Pub/Cach
e/hosted/pub.dev/rive-0.12.4/lib/src/rive_core/bones/w
eight.dart:23:35:
           Error: 'Vec2D' isn't a type.
                 Float32List boneTransforms, Vec2D 
result) {
                                             ^^^^^
           /C:/Users/subhabrata/AppData/Local/Pub/Cach
e/hosted/pub.dev/rive-0.12.4/lib/src/rive_core/constra
ints/distance_constraint.dart:44:5:
           Error: The getter 'Vec2D' isn't defined 
for the type 'DistanceConstraint'.
            - 'DistanceConstraint' is from 'package:ri
ve/src/rive_core/constraints/distance_constraint.dart'
 ('/C:/Users/subhabrata/AppData/Local/Pub/Cache/hosted
/pub.dev/rive-0.12.4/lib/src/rive_core/constraints/dis
tance_constraint.dart').
               Vec2D.scale(toTarget, toTarget, 1.0 / 
currentDistance);
               ^^^^^
           /C:/Users/subhabrata/AppData/Local/Pub/Cach
e/hosted/pub.dev/rive-0.12.4/lib/src/rive_core/constra
ints/distance_constraint.dart:45:5:
           Error: The getter 'Vec2D' isn't defined 
for the type 'DistanceConstraint'.
            - 'DistanceConstraint' is from 'package:ri
ve/src/rive_core/constraints/distance_constraint.dart'
 ('/C:/Users/subhabrata/AppData/Local/Pub/Cache/hosted
/pub.dev/rive-0.12.4/lib/src/rive_core/constraints/dis
tance_constraint.dart').
               Vec2D.scale(toTarget, toTarget, 
distance);
               ^^^^^
           /C:/Users/subhabrata/AppData/Local/Pub/Cach
e/hosted/pub.dev/rive-0.12.4/lib/src/rive_core/constra
ints/distance_constraint.dart:50:5:
           Error: The getter 'Vec2D' isn't defined 
for the type 'DistanceConstraint'.
            - 'DistanceConstraint' is from 'package:ri
ve/src/rive_core/constraints/distance_constraint.dart'
 ('/C:/Users/subhabrata/AppData/Local/Pub/Cache/hosted
/pub.dev/rive-0.12.4/lib/src/rive_core/constraints/dis
tance_constraint.dart').
               Vec2D.lerp(position, ourTranslation, 
position, strength);
               ^^^^^
           /C:/Users/subhabrata/AppData/Local/Pub/Cach
e/hosted/pub.dev/rive-0.12.4/lib/src/rive_core/constra
ints/follow_path_constraint.dart:60:7:
           Error: 'Vec2D' isn't a type.
                 Vec2D position =
                 ^^^^^
           /C:/Users/subhabrata/AppData/Local/Pub/Cach
e/hosted/pub.dev/rive-0.12.4/lib/src/rive_core/constra
ints/follow_path_constraint.dart:62:7:
           Error: 'Mat2D' isn't a type.
                 Mat2D transformB = 
Mat2D.clone(target!.worldTransform);
                 ^^^^^
           /C:/Users/subhabrata/AppData/Local/Pub/Cach
e/hosted/pub.dev/rive-0.12.4/lib/src/rive_core/constra
ints/follow_path_constraint.dart:24:16:
           Error: The method 'Mat2D' isn't defined 
for the type 'FollowPathConstraint'.
            - 'FollowPathConstraint' is from 'package:
rive/src/rive_core/constraints/follow_path_constraint.
dart' ('/C:/Users/subhabrata/AppData/Local/Pub/Cache/h
osted/pub.dev/rive-0.12.4/lib/src/rive_core/constraint
s/follow_path_constraint.dart').
                   return Mat2D();
                          ^^^^^
           /C:/Users/subhabrata/AppData/Local/Pub/Cach
e/hosted/pub.dev/rive-0.12.4/lib/src/rive_core/constra
ints/follow_path_constraint.dart:57:16:
           Error: The method 'Mat2D' isn't defined 
for the type 'FollowPathConstraint'.
            - 'FollowPathConstraint' is from 'package:
rive/src/rive_core/constraints/follow_path_constraint.
dart' ('/C:/Users/subhabrata/AppData/Local/Pub/Cache/h
osted/pub.dev/rive-0.12.4/lib/src/rive_core/constraint
s/follow_path_constraint.dart').
                   return Mat2D();
                          ^^^^^
           /C:/Users/subhabrata/AppData/Local/Pub/Cach
e/hosted/pub.dev/rive-0.12.4/lib/src/rive_core/constra
ints/follow_path_constraint.dart:61:11:
           Error: The getter 'Vec2D' isn't defined 
for the type 'FollowPathConstraint'.
            - 'FollowPathConstraint' is from 'package:
rive/src/rive_core/constraints/follow_path_constraint.
dart' ('/C:/Users/subhabrata/AppData/Local/Pub/Cache/h
osted/pub.dev/rive-0.12.4/lib/src/rive_core/constraint
s/follow_path_constraint.dart').
                     
Vec2D.fromValues(tangent.position.dx, 
tangent.position.dy);
                     ^^^^^
           /C:/Users/subhabrata/AppData/Local/Pub/Cach
e/hosted/pub.dev/rive-0.12.4/lib/src/rive_core/constra
ints/follow_path_constraint.dart:62:26:
           Error: The getter 'Mat2D' isn't defined 
for the type 'FollowPathConstraint'.
            - 'FollowPathConstraint' is from 'package:
rive/src/rive_core/constraints/follow_path_constraint.
dart' ('/C:/Users/subhabrata/AppData/Local/Pub/Cache/h
osted/pub.dev/rive-0.12.4/lib/src/rive_core/constraint
s/follow_path_constraint.dart').
                 Mat2D transformB = 
Mat2D.clone(target!.worldTransform);
                                    ^^^^^
           /C:/Users/subhabrata/AppData/Local/Pub/Cach
e/hosted/pub.dev/rive-0.12.4/lib/src/rive_core/constra
ints/follow_path_constraint.dart:65:9:
           Error: The getter 'Mat2D' isn't defined 
for the type 'FollowPathConstraint'.
            - 'FollowPathConstraint' is from 'package:
rive/src/rive_core/constraints/follow_path_constraint.
dart' ('/C:/Users/subhabrata/AppData/Local/Pub/Cache/h
osted/pub.dev/rive-0.12.4/lib/src/rive_core/constraint
s/follow_path_constraint.dart').
                   Mat2D.fromRotation(
                   ^^^^^
           /C:/Users/subhabrata/AppData/Local/Pub/Cach
e/hosted/pub.dev/rive-0.12.4/lib/src/rive_core/constra
ints/follow_path_constraint.dart:69:13:
           Error: The getter 'Vec2D' isn't defined 
for the type 'FollowPathConstraint'.
            - 'FollowPathConstraint' is from 'package:
rive/src/rive_core/constraints/follow_path_constraint.
dart' ('/C:/Users/subhabrata/AppData/Local/Pub/Cache/h
osted/pub.dev/rive-0.12.4/lib/src/rive_core/constraint
s/follow_path_constraint.dart').
                     ? 
Vec2D.fromValues(constrainedComponent!.transform[4],
                       ^^^^^
           /C:/Users/subhabrata/AppData/Local/Pub/Cach
e/hosted/pub.dev/rive-0.12.4/lib/src/rive_core/constra
ints/follow_path_constraint.dart:71:13:
           Error: The method 'Vec2D' isn't defined 
for the type 'FollowPathConstraint'.
            - 'FollowPathConstraint' is from 'package:
rive/src/rive_core/constraints/follow_path_constraint.
dart' ('/C:/Users/subhabrata/AppData/Local/Pub/Cache/h
osted/pub.dev/rive-0.12.4/lib/src/rive_core/constraint
s/follow_path_constraint.dart').
                     : Vec2D();
                       ^^^^^
           /C:/Users/subhabrata/AppData/Local/Pub/Cach
e/hosted/pub.dev/rive-0.12.4/lib/src/rive_core/constra
ints/follow_path_constraint.dart:88:22:
           Error: The getter 'Mat2D' isn't defined 
for the type 'FollowPathConstraint'.
            - 'FollowPathConstraint' is from 'package:
rive/src/rive_core/constraints/follow_path_constraint.
dart' ('/C:/Users/subhabrata/AppData/Local/Pub/Cache/h
osted/pub.dev/rive-0.12.4/lib/src/rive_core/constraint
s/follow_path_constraint.dart').
               var transformB = 
Mat2D.clone(targetTransform);
                                ^^^^^
           /C:/Users/subhabrata/AppData/Local/Pub/Cach
e/hosted/pub.dev/rive-0.12.4/lib/src/rive_core/constra
ints/follow_path_constraint.dart:92:21:
           Error: The method 'Mat2D' isn't defined 
for the type 'FollowPathConstraint'.
            - 'FollowPathConstraint' is from 'package:
rive/src/rive_core/constraints/follow_path_constraint.
dart' ('/C:/Users/subhabrata/AppData/Local/Pub/Cache/h
osted/pub.dev/rive-0.12.4/lib/src/rive_core/constraint
s/follow_path_constraint.dart').
                 var inverse = Mat2D();
                               ^^^^^
           /C:/Users/subhabrata/AppData/Local/Pub/Cach
e/hosted/pub.dev/rive-0.12.4/lib/src/rive_core/constra
ints/follow_path_constraint.dart:93:12:
           Error: The getter 'Mat2D' isn't defined 
for the type 'FollowPathConstraint'.
            - 'FollowPathConstraint' is from 'package:
rive/src/rive_core/constraints/follow_path_constraint.
dart' ('/C:/Users/subhabrata/AppData/Local/Pub/Cache/h
osted/pub.dev/rive-0.12.4/lib/src/rive_core/constraint
s/follow_path_constraint.dart').
                 if (!Mat2D.invert(inverse, 
targetParentWorld)) {
                      ^^^^^
           /C:/Users/subhabrata/AppData/Local/Pub/Cach
e/hosted/pub.dev/rive-0.12.4/lib/src/rive_core/constra
ints/follow_path_constraint.dart:96:7:
           Error: The getter 'Mat2D' isn't defined 
for the type 'FollowPathConstraint'.
            - 'FollowPathConstraint' is from 'package:
rive/src/rive_core/constraints/follow_path_constraint.
dart' ('/C:/Users/subhabrata/AppData/Local/Pub/Cache/h
osted/pub.dev/rive-0.12.4/lib/src/rive_core/constraint
s/follow_path_constraint.dart').
                 Mat2D.multiply(transformB, inverse, 
transformB);
                 ^^^^^
           /C:/Users/subhabrata/AppData/Local/Pub/Cach
e/hosted/pub.dev/rive-0.12.4/lib/src/rive_core/constra
ints/follow_path_constraint.dart:100:7:
           Error: The getter 'Mat2D' isn't defined 
for the type 'FollowPathConstraint'.
            - 'FollowPathConstraint' is from 'package:
rive/src/rive_core/constraints/follow_path_constraint.
dart' ('/C:/Users/subhabrata/AppData/Local/Pub/Cache/h
osted/pub.dev/rive-0.12.4/lib/src/rive_core/constraint
s/follow_path_constraint.dart').
                 Mat2D.multiply(transformB, 
targetParentWorld, transformB);
                 ^^^^^
           /C:/Users/subhabrata/AppData/Local/Pub/Cach
e/hosted/pub.dev/rive-0.12.4/lib/src/rive_core/constra
ints/follow_path_constraint.dart:103:5:
           Error: The getter 'Mat2D' isn't defined 
for the type 'FollowPathConstraint'.
            - 'FollowPathConstraint' is from 'package:
rive/src/rive_core/constraints/follow_path_constraint.
dart' ('/C:/Users/subhabrata/AppData/Local/Pub/Cache/h
osted/pub.dev/rive-0.12.4/lib/src/rive_core/constraint
s/follow_path_constraint.dart').
               Mat2D.decompose(transformA, 
componentsA);
               ^^^^^
           /C:/Users/subhabrata/AppData/Local/Pub/Cach
e/hosted/pub.dev/rive-0.12.4/lib/src/rive_core/constra
ints/follow_path_constraint.dart:104:5:
           Error: The getter 'Mat2D' isn't defined 
for the type 'FollowPathConstraint'.
            - 'FollowPathConstraint' is from 'package:
rive/src/rive_core/constraints/follow_path_constraint.
dart' ('/C:/Users/subhabrata/AppData/Local/Pub/Cache/h
osted/pub.dev/rive-0.12.4/lib/src/rive_core/constraint
s/follow_path_constraint.dart').
               Mat2D.decompose(transformB, 
componentsB);
               ^^^^^
           /C:/Users/subhabrata/AppData/Local/Pub/Cach
e/hosted/pub.dev/rive-0.12.4/lib/src/rive_core/constra
ints/follow_path_constraint.dart:122:5:
           Error: The getter 'Mat2D' isn't defined 
for the type 'FollowPathConstraint'.
            - 'FollowPathConstraint' is from 'package:
rive/src/rive_core/constraints/follow_path_constraint.
dart' ('/C:/Users/subhabrata/AppData/Local/Pub/Cache/h
osted/pub.dev/rive-0.12.4/lib/src/rive_core/constraint
s/follow_path_constraint.dart').
               
Mat2D.compose(component.worldTransform, componentsB);
               ^^^^^
           /C:/Users/subhabrata/AppData/Local/Pub/Cach
e/hosted/pub.dev/rive-0.12.4/lib/src/rive_core/constra
ints/ik_constraint.dart:122:7:
           Error: 'Mat2D' isn't a type.
                 Mat2D parentWorldTransform = 
parentWorld(bone);
                 ^^^^^
           /C:/Users/subhabrata/AppData/Local/Pub/Cach
e/hosted/pub.dev/rive-0.12.4/lib/src/rive_core/constra
ints/ik_constraint.dart:124:7:
           Error: The getter 'Mat2D' isn't defined 
for the type 'IKConstraint'.
            - 'IKConstraint' is from 'package:rive/src
/rive_core/constraints/ik_constraint.dart' ('/C:/Users
/subhabrata/AppData/Local/Pub/Cache/hosted/pub.dev/riv
e-0.12.4/lib/src/rive_core/constraints/ik_constraint.d
art').
                 
Mat2D.invert(item.parentWorldInverse, 
parentWorldTransform);
                 ^^^^^
           /C:/Users/subhabrata/AppData/Local/Pub/Cach
e/hosted/pub.dev/rive-0.12.4/lib/src/rive_core/constra
ints/ik_constraint.dart:127:7:
           Error: The getter 'Mat2D' isn't defined 
for the type 'IKConstraint'.
            - 'IKConstraint' is from 'package:rive/src
/rive_core/constraints/ik_constraint.dart' ('/C:/Users
/subhabrata/AppData/Local/Pub/Cache/hosted/pub.dev/riv
e-0.12.4/lib/src/rive_core/constraints/ik_constraint.d
art').
                 Mat2D.multiply(
                 ^^^^^
           /C:/Users/subhabrata/AppData/Local/Pub/Cach
e/hosted/pub.dev/rive-0.12.4/lib/src/rive_core/constra
ints/ik_constraint.dart:129:7:
           Error: The getter 'Mat2D' isn't defined 
for the type 'IKConstraint'.
            - 'IKConstraint' is from 'package:rive/src
/rive_core/constraints/ik_constraint.dart' ('/C:/Users
/subhabrata/AppData/Local/Pub/Cache/hosted/pub.dev/riv
e-0.12.4/lib/src/rive_core/constraints/ik_constraint.d
art').
                 Mat2D.decompose(boneTransform, 
item.transformComponents);
                 ^^^^^
           /C:/Users/subhabrata/AppData/Local/Pub/Cach
e/hosted/pub.dev/rive-0.12.4/lib/src/rive_core/constra
ints/ik_constraint.dart:150:15:
           Error: The getter 'Mat2D' isn't defined 
for the type 'IKConstraint'.
            - 'IKConstraint' is from 'package:rive/src
/rive_core/constraints/ik_constraint.dart' ('/C:/Users
/subhabrata/AppData/Local/Pub/Cache/hosted/pub.dev/riv
e-0.12.4/lib/src/rive_core/constraints/ik_constraint.d
art').
                         
Mat2D.invert(fk.parentWorldInverse, 
parentWorld(fk.bone));
                         ^^^^^
           /C:/Users/subhabrata/AppData/Local/Pub/Cach
e/hosted/pub.dev/rive-0.12.4/lib/src/rive_core/constra
ints/ik_constraint.dart:174:35:
           Error: 'Vec2D' isn't a type.
             void solve1(_BoneChainLink fk1, Vec2D 
worldTargetTranslation) {
                                             ^^^^^
           /C:/Users/subhabrata/AppData/Local/Pub/Cach
e/hosted/pub.dev/rive-0.12.4/lib/src/rive_core/constra
ints/ik_constraint.dart:175:5:
           Error: 'Mat2D' isn't a type.
               Mat2D iworld = fk1.parentWorldInverse;
               ^^^^^
           /C:/Users/subhabrata/AppData/Local/Pub/Cach
e/hosted/pub.dev/rive-0.12.4/lib/src/rive_core/constra
ints/ik_constraint.dart:183:5:
           Error: 'Vec2D' isn't a type.
               Vec2D toTargetLocal = 
Vec2D.transformMat2(Vec2D(), toTarget, iworld);
               ^^^^^
           /C:/Users/subhabrata/AppData/Local/Pub/Cach
e/hosted/pub.dev/rive-0.12.4/lib/src/rive_core/constra
ints/ik_constraint.dart:177:15:
           Error: The getter 'Vec2D' isn't defined 
for the type 'IKConstraint'.
            - 'IKConstraint' is from 'package:rive/src
/rive_core/constraints/ik_constraint.dart' ('/C:/Users
/subhabrata/AppData/Local/Pub/Cache/hosted/pub.dev/riv
e-0.12.4/lib/src/rive_core/constraints/ik_constraint.d
art').
               var pBT = 
Vec2D.clone(worldTargetTranslation);
                         ^^^^^
           /C:/Users/subhabrata/AppData/Local/Pub/Cach
e/hosted/pub.dev/rive-0.12.4/lib/src/rive_core/constra
ints/ik_constraint.dart:183:27:
           Error: The getter 'Vec2D' isn't defined 
for the type 'IKConstraint'.
            - 'IKConstraint' is from 'package:rive/src
/rive_core/constraints/ik_constraint.dart' ('/C:/Users
/subhabrata/AppData/Local/Pub/Cache/hosted/pub.dev/riv
e-0.12.4/lib/src/rive_core/constraints/ik_constraint.d
art').
               Vec2D toTargetLocal = 
Vec2D.transformMat2(Vec2D(), toTarget, iworld);
                                     ^^^^^
           /C:/Users/subhabrata/AppData/Local/Pub/Cach
e/hosted/pub.dev/rive-0.12.4/lib/src/rive_core/constra
ints/ik_constraint.dart:183:47:
           Error: The method 'Vec2D' isn't defined 
for the type 'IKConstraint'.
            - 'IKConstraint' is from 'package:rive/src
/rive_core/constraints/ik_constraint.dart' ('/C:/Users
/subhabrata/AppData/Local/Pub/Cache/hosted/pub.dev/riv
e-0.12.4/lib/src/rive_core/constraints/ik_constraint.d
art').
               Vec2D toTargetLocal = 
Vec2D.transformMat2(Vec2D(), toTarget, iworld);
                                                      
   ^^^^^
           /C:/Users/subhabrata/AppData/Local/Pub/Cach
e/hosted/pub.dev/rive-0.12.4/lib/src/rive_core/constra
ints/ik_constraint.dart:191:47:
           Error: 'Vec2D' isn't a type.
                 _BoneChainLink fk1, _BoneChainLink 
fk2, Vec2D worldTargetTranslation) {
                                                      
   ^^^^^
           /C:/Users/subhabrata/AppData/Local/Pub/Cach
e/hosted/pub.dev/rive-0.12.4/lib/src/rive_core/constra
ints/ik_constraint.dart:201:15:
           Error: The getter 'Vec2D' isn't defined 
for the type 'IKConstraint'.
            - 'IKConstraint' is from 'package:rive/src
/rive_core/constraints/ik_constraint.dart' ('/C:/Users
/subhabrata/AppData/Local/Pub/Cache/hosted/pub.dev/riv
e-0.12.4/lib/src/rive_core/constraints/ik_constraint.d
art').
               var pBT = 
Vec2D.clone(worldTargetTranslation);
                         ^^^^^
           /C:/Users/subhabrata/AppData/Local/Pub/Cach
e/hosted/pub.dev/rive-0.12.4/lib/src/rive_core/constra
ints/ik_constraint.dart:238:21:
           Error: The getter 'Vec2D' isn't defined 
for the type 'IKConstraint'.
            - 'IKConstraint' is from 'package:rive/src
/rive_core/constraints/ik_constraint.dart' ('/C:/Users
/subhabrata/AppData/Local/Pub/Cache/hosted/pub.dev/riv
e-0.12.4/lib/src/rive_core/constraints/ik_constraint.d
art').
                 var avLocal = 
Vec2D.transformMat2(Vec2D(), avec, 
secondChildWorldInverse);
                               ^^^^^
           /C:/Users/subhabrata/AppData/Local/Pub/Cach
e/hosted/pub.dev/rive-0.12.4/lib/src/rive_core/constra
ints/ik_constraint.dart:238:41:
           Error: The method 'Vec2D' isn't defined 
for the type 'IKConstraint'.
            - 'IKConstraint' is from 'package:rive/src
/rive_core/constraints/ik_constraint.dart' ('/C:/Users
/subhabrata/AppData/Local/Pub/Cache/hosted/pub.dev/riv
e-0.12.4/lib/src/rive_core/constraints/ik_constraint.d
art').
                 var avLocal = 
Vec2D.transformMat2(Vec2D(), avec, 
secondChildWorldInverse);
                                                   
^^^^^
           /C:/Users/subhabrata/AppData/Local/Pub/Cach
e/hosted/pub.dev/rive-0.12.4/lib/src/rive_core/constra
ints/ik_constraint.dart:259:7:
           Error: The getter 'Mat2D' isn't defined 
for the type 'IKConstraint'.
            - 'IKConstraint' is from 'package:rive/src
/rive_core/constraints/ik_constraint.dart' ('/C:/Users
/subhabrata/AppData/Local/Pub/Cache/hosted/pub.dev/riv
e-0.12.4/lib/src/rive_core/constraints/ik_constraint.d
art').
                 Mat2D.multiply(bone.worldTransform, 
parentWorld(bone), bone.transform);
                 ^^^^^
           /C:/Users/subhabrata/AppData/Local/Pub/Cach
e/hosted/pub.dev/rive-0.12.4/lib/src/rive_core/constra
ints/ik_constraint.dart:272:3:
           Error: 'TransformComponents' isn't a type.
             TransformComponents transformComponents 
= TransformComponents();
             ^^^^^^^^^^^^^^^^^^^
           /C:/Users/subhabrata/AppData/Local/Pub/Cach
e/hosted/pub.dev/rive-0.12.4/lib/src/rive_core/constra
ints/ik_constraint.dart:272:45:
           Error: Method not found: 
'TransformComponents'.
             TransformComponents transformComponents 
= TransformComponents();
                                                      
 ^^^^^^^^^^^^^^^^^^^
           /C:/Users/subhabrata/AppData/Local/Pub/Cach
e/hosted/pub.dev/rive-0.12.4/lib/src/rive_core/constra
ints/ik_constraint.dart:273:3:
           Error: 'Mat2D' isn't a type.
             Mat2D parentWorldInverse = Mat2D();
             ^^^^^
           /C:/Users/subhabrata/AppData/Local/Pub/Cach
e/hosted/pub.dev/rive-0.12.4/lib/src/rive_core/constra
ints/ik_constraint.dart:273:30:
           Error: Method not found: 'Mat2D'.
             Mat2D parentWorldInverse = Mat2D();
                                        ^^^^^
           /C:/Users/subhabrata/AppData/Local/Pub/Cach
e/hosted/pub.dev/rive-0.12.4/lib/src/rive_core/constra
ints/ik_constraint.dart:283:3:
           Error: 'Mat2D' isn't a type.
             Mat2D parentWorldTransform = 
parentWorld(bone);
             ^^^^^
           /C:/Users/subhabrata/AppData/Local/Pub/Cach
e/hosted/pub.dev/rive-0.12.4/lib/src/rive_core/constra
ints/ik_constraint.dart:286:5:
           Error: Undefined name 'Mat2D'.
               Mat2D.setIdentity(boneTransform);
               ^^^^^
           /C:/Users/subhabrata/AppData/Local/Pub/Cach
e/hosted/pub.dev/rive-0.12.4/lib/src/rive_core/constra
ints/ik_constraint.dart:288:5:
           Error: Undefined name 'Mat2D'.
               Mat2D.fromRotation(boneTransform, 
rotation);
               ^^^^^
           /C:/Users/subhabrata/AppData/Local/Pub/Cach
e/hosted/pub.dev/rive-0.12.4/lib/src/rive_core/constra
ints/ik_constraint.dart:305:3:
           Error: Undefined name 'Mat2D'.
             Mat2D.multiply(bone.worldTransform, 
parentWorldTransform, boneTransform);
             ^^^^^
           /C:/Users/subhabrata/AppData/Local/Pub/Cach
e/hosted/pub.dev/rive-0.12.4/lib/src/rive_core/constra
ints/rotation_constraint.dart:64:7:
           Error: 'Mat2D' isn't a type.
                 Mat2D inverse = Mat2D();
                 ^^^^^
           /C:/Users/subhabrata/AppData/Local/Pub/Cach
e/hosted/pub.dev/rive-0.12.4/lib/src/rive_core/constra
ints/rotation_constraint.dart:21:22:
           Error: The method 'Mat2D' isn't defined 
for the type 'RotationConstraint'.
            - 'RotationConstraint' is from 'package:ri
ve/src/rive_core/constraints/rotation_constraint.dart'
 ('/C:/Users/subhabrata/AppData/Local/Pub/Cache/hosted
/pub.dev/rive-0.12.4/lib/src/rive_core/constraints/rot
ation_constraint.dart').
               var transformB = Mat2D();
                                ^^^^^
           /C:/Users/subhabrata/AppData/Local/Pub/Cach
e/hosted/pub.dev/rive-0.12.4/lib/src/rive_core/constra
ints/rotation_constraint.dart:22:5:
           Error: The getter 'Mat2D' isn't defined 
for the type 'RotationConstraint'.
            - 'RotationConstraint' is from 'package:ri
ve/src/rive_core/constraints/rotation_constraint.dart'
 ('/C:/Users/subhabrata/AppData/Local/Pub/Cache/hosted
/pub.dev/rive-0.12.4/lib/src/rive_core/constraints/rot
ation_constraint.dart').
               Mat2D.decompose(transformA, 
componentsA);
               ^^^^^
           /C:/Users/subhabrata/AppData/Local/Pub/Cach
e/hosted/pub.dev/rive-0.12.4/lib/src/rive_core/constra
ints/rotation_constraint.dart:24:7:
           Error: The getter 'Mat2D' isn't defined 
for the type 'RotationConstraint'.
            - 'RotationConstraint' is from 'package:ri
ve/src/rive_core/constraints/rotation_constraint.dart'
 ('/C:/Users/subhabrata/AppData/Local/Pub/Cache/hosted
/pub.dev/rive-0.12.4/lib/src/rive_core/constraints/rot
ation_constraint.dart').
                 Mat2D.copy(transformB, transformA);
                 ^^^^^
           /C:/Users/subhabrata/AppData/Local/Pub/Cach
e/hosted/pub.dev/rive-0.12.4/lib/src/rive_core/constra
ints/rotation_constraint.dart:25:7:
           Error: The getter 'TransformComponents' 
isn't defined for the type 'RotationConstraint'.
            - 'RotationConstraint' is from 'package:ri
ve/src/rive_core/constraints/rotation_constraint.dart'
 ('/C:/Users/subhabrata/AppData/Local/Pub/Cache/hosted
/pub.dev/rive-0.12.4/lib/src/rive_core/constraints/rot
ation_constraint.dart').
                 
TransformComponents.copy(componentsB, componentsA);
                 ^^^^^^^^^^^^^^^^^^^
           /C:/Users/subhabrata/AppData/Local/Pub/Cach
e/hosted/pub.dev/rive-0.12.4/lib/src/rive_core/constra
ints/rotation_constraint.dart:27:7:
           Error: The getter 'Mat2D' isn't defined 
for the type 'RotationConstraint'.
            - 'RotationConstraint' is from 'package:ri
ve/src/rive_core/constraints/rotation_constraint.dart'
 ('/C:/Users/subhabrata/AppData/Local/Pub/Cache/hosted
/pub.dev/rive-0.12.4/lib/src/rive_core/constraints/rot
ation_constraint.dart').
                 Mat2D.copy(transformB, 
target!.worldTransform);
                 ^^^^^
           /C:/Users/subhabrata/AppData/Local/Pub/Cach
e/hosted/pub.dev/rive-0.12.4/lib/src/rive_core/constra
ints/rotation_constraint.dart:29:23:
           Error: The method 'Mat2D' isn't defined 
for the type 'RotationConstraint'.
            - 'RotationConstraint' is from 'package:ri
ve/src/rive_core/constraints/rotation_constraint.dart'
 ('/C:/Users/subhabrata/AppData/Local/Pub/Cache/hosted
/pub.dev/rive-0.12.4/lib/src/rive_core/constraints/rot
ation_constraint.dart').
                   var inverse = Mat2D();
                                 ^^^^^
           /C:/Users/subhabrata/AppData/Local/Pub/Cach
e/hosted/pub.dev/rive-0.12.4/lib/src/rive_core/constra
ints/rotation_constraint.dart:31:14:
           Error: The getter 'Mat2D' isn't defined 
for the type 'RotationConstraint'.
            - 'RotationConstraint' is from 'package:ri
ve/src/rive_core/constraints/rotation_constraint.dart'
 ('/C:/Users/subhabrata/AppData/Local/Pub/Cache/hosted
/pub.dev/rive-0.12.4/lib/src/rive_core/constraints/rot
ation_constraint.dart').
                   if (!Mat2D.invert(inverse, 
parentWorld(target!))) {
                        ^^^^^
           /C:/Users/subhabrata/AppData/Local/Pub/Cach
e/hosted/pub.dev/rive-0.12.4/lib/src/rive_core/constra
ints/rotation_constraint.dart:34:9:
           Error: The getter 'Mat2D' isn't defined 
for the type 'RotationConstraint'.
            - 'RotationConstraint' is from 'package:ri
ve/src/rive_core/constraints/rotation_constraint.dart'
 ('/C:/Users/subhabrata/AppData/Local/Pub/Cache/hosted
/pub.dev/rive-0.12.4/lib/src/rive_core/constraints/rot
ation_constraint.dart').
                   Mat2D.multiply(transformB, 
inverse, transformB);
                   ^^^^^
           /C:/Users/subhabrata/AppData/Local/Pub/Cach
e/hosted/pub.dev/rive-0.12.4/lib/src/rive_core/constra
ints/rotation_constraint.dart:37:7:
           Error: The getter 'Mat2D' isn't defined 
for the type 'RotationConstraint'.
            - 'RotationConstraint' is from 'package:ri
ve/src/rive_core/constraints/rotation_constraint.dart'
 ('/C:/Users/subhabrata/AppData/Local/Pub/Cache/hosted
/pub.dev/rive-0.12.4/lib/src/rive_core/constraints/rot
ation_constraint.dart').
                 Mat2D.decompose(transformB, 
componentsB);
                 ^^^^^
           /C:/Users/subhabrata/AppData/Local/Pub/Cach
e/hosted/pub.dev/rive-0.12.4/lib/src/rive_core/constra
ints/rotation_constraint.dart:54:9:
           Error: The getter 'Mat2D' isn't defined 
for the type 'RotationConstraint'.
            - 'RotationConstraint' is from 'package:ri
ve/src/rive_core/constraints/rotation_constraint.dart'
 ('/C:/Users/subhabrata/AppData/Local/Pub/Cache/hosted
/pub.dev/rive-0.12.4/lib/src/rive_core/constraints/rot
ation_constraint.dart').
                   Mat2D.compose(transformB, 
componentsB);
                   ^^^^^
           /C:/Users/subhabrata/AppData/Local/Pub/Cach
e/hosted/pub.dev/rive-0.12.4/lib/src/rive_core/constra
ints/rotation_constraint.dart:56:9:
           Error: The getter 'Mat2D' isn't defined 
for the type 'RotationConstraint'.
            - 'RotationConstraint' is from 'package:ri
ve/src/rive_core/constraints/rotation_constraint.dart'
 ('/C:/Users/subhabrata/AppData/Local/Pub/Cache/hosted
/pub.dev/rive-0.12.4/lib/src/rive_core/constraints/rot
ation_constraint.dart').
                   Mat2D.multiply(transformB, 
grandParentWorld, transformB);
                   ^^^^^
           /C:/Users/subhabrata/AppData/Local/Pub/Cach
e/hosted/pub.dev/rive-0.12.4/lib/src/rive_core/constra
ints/rotation_constraint.dart:57:9:
           Error: The getter 'Mat2D' isn't defined 
for the type 'RotationConstraint'.
            - 'RotationConstraint' is from 'package:ri
ve/src/rive_core/constraints/rotation_constraint.dart'
 ('/C:/Users/subhabrata/AppData/Local/Pub/Cache/hosted
/pub.dev/rive-0.12.4/lib/src/rive_core/constraints/rot
ation_constraint.dart').
                   Mat2D.decompose(transformB, 
componentsB);
                   ^^^^^
           /C:/Users/subhabrata/AppData/Local/Pub/Cach
e/hosted/pub.dev/rive-0.12.4/lib/src/rive_core/constra
ints/rotation_constraint.dart:63:7:
           Error: The getter 'Mat2D' isn't defined 
for the type 'RotationConstraint'.
            - 'RotationConstraint' is from 'package:ri
ve/src/rive_core/constraints/rotation_constraint.dart'
 ('/C:/Users/subhabrata/AppData/Local/Pub/Cache/hosted
/pub.dev/rive-0.12.4/lib/src/rive_core/constraints/rot
ation_constraint.dart').
                 Mat2D.compose(transformB, 
componentsB);
                 ^^^^^
           /C:/Users/subhabrata/AppData/Local/Pub/Cach
e/hosted/pub.dev/rive-0.12.4/lib/src/rive_core/constra
ints/rotation_constraint.dart:64:23:
           Error: The method 'Mat2D' isn't defined 
for the type 'RotationConstraint'.
            - 'RotationConstraint' is from 'package:ri
ve/src/rive_core/constraints/rotation_constraint.dart'
 ('/C:/Users/subhabrata/AppData/Local/Pub/Cache/hosted
/pub.dev/rive-0.12.4/lib/src/rive_core/constraints/rot
ation_constraint.dart').
                 Mat2D inverse = Mat2D();
                                 ^^^^^
           /C:/Users/subhabrata/AppData/Local/Pub/Cach
e/hosted/pub.dev/rive-0.12.4/lib/src/rive_core/constra
ints/rotation_constraint.dart:65:12:
           Error: The getter 'Mat2D' isn't defined 
for the type 'RotationConstraint'.
            - 'RotationConstraint' is from 'package:ri
ve/src/rive_core/constraints/rotation_constraint.dart'
 ('/C:/Users/subhabrata/AppData/Local/Pub/Cache/hosted
/pub.dev/rive-0.12.4/lib/src/rive_core/constraints/rot
ation_constraint.dart').
                 if (!Mat2D.invert(inverse, 
parentWorld(component))) {
                      ^^^^^
           /C:/Users/subhabrata/AppData/Local/Pub/Cach
e/hosted/pub.dev/rive-0.12.4/lib/src/rive_core/constra
ints/rotation_constraint.dart:68:7:
           Error: The getter 'Mat2D' isn't defined 
for the type 'RotationConstraint'.
            - 'RotationConstraint' is from 'package:ri
ve/src/rive_core/constraints/rotation_constraint.dart'
 ('/C:/Users/subhabrata/AppData/Local/Pub/Cache/hosted
/pub.dev/rive-0.12.4/lib/src/rive_core/constraints/rot
ation_constraint.dart').
                 Mat2D.multiply(transformB, inverse, 
transformB);
                 ^^^^^
           /C:/Users/subhabrata/AppData/Local/Pub/Cach
e/hosted/pub.dev/rive-0.12.4/lib/src/rive_core/constra
ints/rotation_constraint.dart:69:7:
           Error: The getter 'Mat2D' isn't defined 
for the type 'RotationConstraint'.
            - 'RotationConstraint' is from 'package:ri
ve/src/rive_core/constraints/rotation_constraint.dart'
 ('/C:/Users/subhabrata/AppData/Local/Pub/Cache/hosted
/pub.dev/rive-0.12.4/lib/src/rive_core/constraints/rot
ation_constraint.dart').
                 Mat2D.decompose(transformB, 
componentsB);
                 ^^^^^
           /C:/Users/subhabrata/AppData/Local/Pub/Cach
e/hosted/pub.dev/rive-0.12.4/lib/src/rive_core/constra
ints/rotation_constraint.dart:79:7:
           Error: The getter 'Mat2D' isn't defined 
for the type 'RotationConstraint'.
            - 'RotationConstraint' is from 'package:ri
ve/src/rive_core/constraints/rotation_constraint.dart'
 ('/C:/Users/subhabrata/AppData/Local/Pub/Cache/hosted
/pub.dev/rive-0.12.4/lib/src/rive_core/constraints/rot
ation_constraint.dart').
                 Mat2D.compose(transformB, 
componentsB);
                 ^^^^^
           /C:/Users/subhabrata/AppData/Local/Pub/Cach
e/hosted/pub.dev/rive-0.12.4/lib/src/rive_core/constra
ints/rotation_constraint.dart:80:7:
           Error: The getter 'Mat2D' isn't defined 
for the type 'RotationConstraint'.
            - 'RotationConstraint' is from 'package:ri
ve/src/rive_core/constraints/rotation_constraint.dart'
 ('/C:/Users/subhabrata/AppData/Local/Pub/Cache/hosted
/pub.dev/rive-0.12.4/lib/src/rive_core/constraints/rot
ation_constraint.dart').
                 Mat2D.multiply(transformB, 
parentWorld(component), transformB);
                 ^^^^^
           /C:/Users/subhabrata/AppData/Local/Pub/Cach
e/hosted/pub.dev/rive-0.12.4/lib/src/rive_core/constra
ints/rotation_constraint.dart:81:7:
           Error: The getter 'Mat2D' isn't defined 
for the type 'RotationConstraint'.
            - 'RotationConstraint' is from 'package:ri
ve/src/rive_core/constraints/rotation_constraint.dart'
 ('/C:/Users/subhabrata/AppData/Local/Pub/Cache/hosted
/pub.dev/rive-0.12.4/lib/src/rive_core/constraints/rot
ation_constraint.dart').
                 Mat2D.decompose(transformB, 
componentsB);
                 ^^^^^
           /C:/Users/subhabrata/AppData/Local/Pub/Cach
e/hosted/pub.dev/rive-0.12.4/lib/src/rive_core/constra
ints/rotation_constraint.dart:102:5:
           Error: The getter 'Mat2D' isn't defined 
for the type 'RotationConstraint'.
            - 'RotationConstraint' is from 'package:ri
ve/src/rive_core/constraints/rotation_constraint.dart'
 ('/C:/Users/subhabrata/AppData/Local/Pub/Cache/hosted
/pub.dev/rive-0.12.4/lib/src/rive_core/constraints/rot
ation_constraint.dart').
               
Mat2D.compose(component.worldTransform, componentsB);
               ^^^^^
           /C:/Users/subhabrata/AppData/Local/Pub/Cach
e/hosted/pub.dev/rive-0.12.4/lib/src/rive_core/constra
ints/scale_constraint.dart:19:22:
           Error: The method 'Mat2D' isn't defined 
for the type 'ScaleConstraint'.
            - 'ScaleConstraint' is from 'package:rive/
src/rive_core/constraints/scale_constraint.dart' ('/C:
/Users/subhabrata/AppData/Local/Pub/Cache/hosted/pub.d
ev/rive-0.12.4/lib/src/rive_core/constraints/scale_con
straint.dart').
               var transformB = Mat2D();
                                ^^^^^
           /C:/Users/subhabrata/AppData/Local/Pub/Cach
e/hosted/pub.dev/rive-0.12.4/lib/src/rive_core/constra
ints/scale_constraint.dart:20:5:
           Error: The getter 'Mat2D' isn't defined 
for the type 'ScaleConstraint'.
            - 'ScaleConstraint' is from 'package:rive/
src/rive_core/constraints/scale_constraint.dart' ('/C:
/Users/subhabrata/AppData/Local/Pub/Cache/hosted/pub.d
ev/rive-0.12.4/lib/src/rive_core/constraints/scale_con
straint.dart').
               Mat2D.decompose(transformA, 
componentsA);
               ^^^^^
           /C:/Users/subhabrata/AppData/Local/Pub/Cach
e/hosted/pub.dev/rive-0.12.4/lib/src/rive_core/constra
ints/scale_constraint.dart:22:7:
           Error: The getter 'Mat2D' isn't defined 
for the type 'ScaleConstraint'.
            - 'ScaleConstraint' is from 'package:rive/
src/rive_core/constraints/scale_constraint.dart' ('/C:
/Users/subhabrata/AppData/Local/Pub/Cache/hosted/pub.d
ev/rive-0.12.4/lib/src/rive_core/constraints/scale_con
straint.dart').
                 Mat2D.copy(transformB, transformA);
                 ^^^^^
           /C:/Users/subhabrata/AppData/Local/Pub/Cach
e/hosted/pub.dev/rive-0.12.4/lib/src/rive_core/constra
ints/scale_constraint.dart:23:7:
           Error: The getter 'TransformComponents' 
isn't defined for the type 'ScaleConstraint'.
            - 'ScaleConstraint' is from 'package:rive/
src/rive_core/constraints/scale_constraint.dart' ('/C:
/Users/subhabrata/AppData/Local/Pub/Cache/hosted/pub.d
ev/rive-0.12.4/lib/src/rive_core/constraints/scale_con
straint.dart').
                 
TransformComponents.copy(componentsB, componentsA);
                 ^^^^^^^^^^^^^^^^^^^
           /C:/Users/subhabrata/AppData/Local/Pub/Cach
e/hosted/pub.dev/rive-0.12.4/lib/src/rive_core/constra
ints/scale_constraint.dart:25:7:
           Error: The getter 'Mat2D' isn't defined 
for the type 'ScaleConstraint'.
            - 'ScaleConstraint' is from 'package:rive/
src/rive_core/constraints/scale_constraint.dart' ('/C:
/Users/subhabrata/AppData/Local/Pub/Cache/hosted/pub.d
ev/rive-0.12.4/lib/src/rive_core/constraints/scale_con
straint.dart').
                 Mat2D.copy(transformB, 
target!.worldTransform);
                 ^^^^^
           /C:/Users/subhabrata/AppData/Local/Pub/Cach
e/hosted/pub.dev/rive-0.12.4/lib/src/rive_core/constra
ints/scale_constraint.dart:27:23:
           Error: The method 'Mat2D' isn't defined 
for the type 'ScaleConstraint'.
            - 'ScaleConstraint' is from 'package:rive/
src/rive_core/constraints/scale_constraint.dart' ('/C:
/Users/subhabrata/AppData/Local/Pub/Cache/hosted/pub.d
ev/rive-0.12.4/lib/src/rive_core/constraints/scale_con
straint.dart').
                   var inverse = Mat2D();
                                 ^^^^^
           /C:/Users/subhabrata/AppData/Local/Pub/Cach
e/hosted/pub.dev/rive-0.12.4/lib/src/rive_core/constra
ints/scale_constraint.dart:28:14:
           Error: The getter 'Mat2D' isn't defined 
for the type 'ScaleConstraint'.
            - 'ScaleConstraint' is from 'package:rive/
src/rive_core/constraints/scale_constraint.dart' ('/C:
/Users/subhabrata/AppData/Local/Pub/Cache/hosted/pub.d
ev/rive-0.12.4/lib/src/rive_core/constraints/scale_con
straint.dart').
                   if (!Mat2D.invert(inverse, 
parentWorld(target!))) {
                        ^^^^^
           /C:/Users/subhabrata/AppData/Local/Pub/Cach
e/hosted/pub.dev/rive-0.12.4/lib/src/rive_core/constra
ints/scale_constraint.dart:31:9:
           Error: The getter 'Mat2D' isn't defined 
for the type 'ScaleConstraint'.
            - 'ScaleConstraint' is from 'package:rive/
src/rive_core/constraints/scale_constraint.dart' ('/C:
/Users/subhabrata/AppData/Local/Pub/Cache/hosted/pub.d
ev/rive-0.12.4/lib/src/rive_core/constraints/scale_con
straint.dart').
                   Mat2D.multiply(transformB, 
inverse, transformB);
                   ^^^^^
           /C:/Users/subhabrata/AppData/Local/Pub/Cach
e/hosted/pub.dev/rive-0.12.4/lib/src/rive_core/constra
ints/scale_constraint.dart:33:7:
           Error: The getter 'Mat2D' isn't defined 
for the type 'ScaleConstraint'.
            - 'ScaleConstraint' is from 'package:rive/
src/rive_core/constraints/scale_constraint.dart' ('/C:
/Users/subhabrata/AppData/Local/Pub/Cache/hosted/pub.d
ev/rive-0.12.4/lib/src/rive_core/constraints/scale_con
straint.dart').
                 Mat2D.decompose(transformB, 
componentsB);
                 ^^^^^
           /C:/Users/subhabrata/AppData/Local/Pub/Cach
e/hosted/pub.dev/rive-0.12.4/lib/src/rive_core/constra
ints/scale_constraint.dart:60:9:
           Error: The getter 'Mat2D' isn't defined 
for the type 'ScaleConstraint'.
            - 'ScaleConstraint' is from 'package:rive/
src/rive_core/constraints/scale_constraint.dart' ('/C:
/Users/subhabrata/AppData/Local/Pub/Cache/hosted/pub.d
ev/rive-0.12.4/lib/src/rive_core/constraints/scale_con
straint.dart').
                   Mat2D.compose(transformB, 
componentsB);
                   ^^^^^
           /C:/Users/subhabrata/AppData/Local/Pub/Cach
e/hosted/pub.dev/rive-0.12.4/lib/src/rive_core/constra
ints/scale_constraint.dart:61:9:
           Error: The getter 'Mat2D' isn't defined 
for the type 'ScaleConstraint'.
            - 'ScaleConstraint' is from 'package:rive/
src/rive_core/constraints/scale_constraint.dart' ('/C:
/Users/subhabrata/AppData/Local/Pub/Cache/hosted/pub.d
ev/rive-0.12.4/lib/src/rive_core/constraints/scale_con
straint.dart').
                   Mat2D.multiply(transformB, 
parentWorld(component), transformB);
                   ^^^^^
           /C:/Users/subhabrata/AppData/Local/Pub/Cach
e/hosted/pub.dev/rive-0.12.4/lib/src/rive_core/constra
ints/scale_constraint.dart:62:9:
           Error: The getter 'Mat2D' isn't defined 
for the type 'ScaleConstraint'.
            - 'ScaleConstraint' is from 'package:rive/
src/rive_core/constraints/scale_constraint.dart' ('/C:
/Users/subhabrata/AppData/Local/Pub/Cache/hosted/pub.d
ev/rive-0.12.4/lib/src/rive_core/constraints/scale_con
straint.dart').
                   Mat2D.decompose(transformB, 
componentsB);
                   ^^^^^
           /C:/Users/subhabrata/AppData/Local/Pub/Cach
e/hosted/pub.dev/rive-0.12.4/lib/src/rive_core/constra
ints/scale_constraint.dart:69:7:
           Error: The getter 'Mat2D' isn't defined 
for the type 'ScaleConstraint'.
            - 'ScaleConstraint' is from 'package:rive/
src/rive_core/constraints/scale_constraint.dart' ('/C:
/Users/subhabrata/AppData/Local/Pub/Cache/hosted/pub.d
ev/rive-0.12.4/lib/src/rive_core/constraints/scale_con
straint.dart').
                 Mat2D.compose(transformB, 
componentsB);
                 ^^^^^
           /C:/Users/subhabrata/AppData/Local/Pub/Cach
e/hosted/pub.dev/rive-0.12.4/lib/src/rive_core/constra
ints/scale_constraint.dart:70:21:
           Error: The method 'Mat2D' isn't defined 
for the type 'ScaleConstraint'.
            - 'ScaleConstraint' is from 'package:rive/
src/rive_core/constraints/scale_constraint.dart' ('/C:
/Users/subhabrata/AppData/Local/Pub/Cache/hosted/pub.d
ev/rive-0.12.4/lib/src/rive_core/constraints/scale_con
straint.dart').
                 var inverse = Mat2D();
                               ^^^^^
           /C:/Users/subhabrata/AppData/Local/Pub/Cach
e/hosted/pub.dev/rive-0.12.4/lib/src/rive_core/constra
ints/scale_constraint.dart:71:12:
           Error: The getter 'Mat2D' isn't defined 
for the type 'ScaleConstraint'.
            - 'ScaleConstraint' is from 'package:rive/
src/rive_core/constraints/scale_constraint.dart' ('/C:
/Users/subhabrata/AppData/Local/Pub/Cache/hosted/pub.d
ev/rive-0.12.4/lib/src/rive_core/constraints/scale_con
straint.dart').
                 if (!Mat2D.invert(inverse, 
parentWorld(component))) {
                      ^^^^^
           /C:/Users/subhabrata/AppData/Local/Pub/Cach
e/hosted/pub.dev/rive-0.12.4/lib/src/rive_core/constra
ints/scale_constraint.dart:74:7:
           Error: The getter 'Mat2D' isn't defined 
for the type 'ScaleConstraint'.
            - 'ScaleConstraint' is from 'package:rive/
src/rive_core/constraints/scale_constraint.dart' ('/C:
/Users/subhabrata/AppData/Local/Pub/Cache/hosted/pub.d
ev/rive-0.12.4/lib/src/rive_core/constraints/scale_con
straint.dart').
                 Mat2D.multiply(transformB, inverse, 
transformB);
                 ^^^^^
           /C:/Users/subhabrata/AppData/Local/Pub/Cach
e/hosted/pub.dev/rive-0.12.4/lib/src/rive_core/constra
ints/scale_constraint.dart:75:7:
           Error: The getter 'Mat2D' isn't defined 
for the type 'ScaleConstraint'.
            - 'ScaleConstraint' is from 'package:rive/
src/rive_core/constraints/scale_constraint.dart' ('/C:
/Users/subhabrata/AppData/Local/Pub/Cache/hosted/pub.d
ev/rive-0.12.4/lib/src/rive_core/constraints/scale_con
straint.dart').
                 Mat2D.decompose(transformB, 
componentsB);
                 ^^^^^
           /C:/Users/subhabrata/AppData/Local/Pub/Cach
e/hosted/pub.dev/rive-0.12.4/lib/src/rive_core/constra
ints/scale_constraint.dart:91:7:
           Error: The getter 'Mat2D' isn't defined 
for the type 'ScaleConstraint'.
            - 'ScaleConstraint' is from 'package:rive/
src/rive_core/constraints/scale_constraint.dart' ('/C:
/Users/subhabrata/AppData/Local/Pub/Cache/hosted/pub.d
ev/rive-0.12.4/lib/src/rive_core/constraints/scale_con
straint.dart').
                 Mat2D.compose(transformB, 
componentsB);
                 ^^^^^
           /C:/Users/subhabrata/AppData/Local/Pub/Cach
e/hosted/pub.dev/rive-0.12.4/lib/src/rive_core/constra
ints/scale_constraint.dart:92:7:
           Error: The getter 'Mat2D' isn't defined 
for the type 'ScaleConstraint'.
            - 'ScaleConstraint' is from 'package:rive/
src/rive_core/constraints/scale_constraint.dart' ('/C:
/Users/subhabrata/AppData/Local/Pub/Cache/hosted/pub.d
ev/rive-0.12.4/lib/src/rive_core/constraints/scale_con
straint.dart').
                 Mat2D.multiply(transformB, 
parentWorld(component), transformB);
                 ^^^^^
           /C:/Users/subhabrata/AppData/Local/Pub/Cach
e/hosted/pub.dev/rive-0.12.4/lib/src/rive_core/constra
ints/scale_constraint.dart:93:7:
           Error: The getter 'Mat2D' isn't defined 
for the type 'ScaleConstraint'.
            - 'ScaleConstraint' is from 'package:rive/
src/rive_core/constraints/scale_constraint.dart' ('/C:
/Users/subhabrata/AppData/Local/Pub/Cache/hosted/pub.d
ev/rive-0.12.4/lib/src/rive_core/constraints/scale_con
straint.dart').
                 Mat2D.decompose(transformB, 
componentsB);
                 ^^^^^
           /C:/Users/subhabrata/AppData/Local/Pub/Cach
e/hosted/pub.dev/rive-0.12.4/lib/src/rive_core/constra
ints/scale_constraint.dart:107:5:
           Error: The getter 'Mat2D' isn't defined 
for the type 'ScaleConstraint'.
            - 'ScaleConstraint' is from 'package:rive/
src/rive_core/constraints/scale_constraint.dart' ('/C:
/Users/subhabrata/AppData/Local/Pub/Cache/hosted/pub.d
ev/rive-0.12.4/lib/src/rive_core/constraints/scale_con
straint.dart').
               
Mat2D.compose(component.worldTransform, componentsB);
               ^^^^^
           /C:/Users/subhabrata/AppData/Local/Pub/Cach
e/hosted/pub.dev/rive-0.12.4/lib/src/rive_core/constra
ints/transform_constraint.dart:16:17:
           Error: The getter 'Mat2D' isn't defined 
for the type 'TransformConstraint'.
            - 'TransformConstraint' is from 'package:r
ive/src/rive_core/constraints/transform_constraint.dar
t' ('/C:/Users/subhabrata/AppData/Local/Pub/Cache/host
ed/pub.dev/rive-0.12.4/lib/src/rive_core/constraints/t
ransform_constraint.dart').
               var local = Mat2D.fromTranslation(
                           ^^^^^
           /C:/Users/subhabrata/AppData/Local/Pub/Cach
e/hosted/pub.dev/rive-0.12.4/lib/src/rive_core/constra
ints/transform_constraint.dart:17:7:
           Error: The getter 'Vec2D' isn't defined 
for the type 'TransformConstraint'.
            - 'TransformConstraint' is from 'package:r
ive/src/rive_core/constraints/transform_constraint.dar
t' ('/C:/Users/subhabrata/AppData/Local/Pub/Cache/host
ed/pub.dev/rive-0.12.4/lib/src/rive_core/constraints/t
ransform_constraint.dart').
                 Vec2D.fromValues(
                 ^^^^^
           /C:/Users/subhabrata/AppData/Local/Pub/Cach
e/hosted/pub.dev/rive-0.12.4/lib/src/rive_core/constra
ints/transform_constraint.dart:22:12:
           Error: The getter 'Mat2D' isn't defined 
for the type 'TransformConstraint'.
            - 'TransformConstraint' is from 'package:r
ive/src/rive_core/constraints/transform_constraint.dar
t' ('/C:/Users/subhabrata/AppData/Local/Pub/Cache/host
ed/pub.dev/rive-0.12.4/lib/src/rive_core/constraints/t
ransform_constraint.dart').
               return Mat2D.multiply(Mat2D(), 
target!.worldTransform, local);
                      ^^^^^
           /C:/Users/subhabrata/AppData/Local/Pub/Cach
e/hosted/pub.dev/rive-0.12.4/lib/src/rive_core/constra
ints/transform_constraint.dart:22:27:
           Error: The method 'Mat2D' isn't defined 
for the type 'TransformConstraint'.
            - 'TransformConstraint' is from 'package:r
ive/src/rive_core/constraints/transform_constraint.dar
t' ('/C:/Users/subhabrata/AppData/Local/Pub/Cache/host
ed/pub.dev/rive-0.12.4/lib/src/rive_core/constraints/t
ransform_constraint.dart').
               return Mat2D.multiply(Mat2D(), 
target!.worldTransform, local);
                                     ^^^^^
           /C:/Users/subhabrata/AppData/Local/Pub/Cach
e/hosted/pub.dev/rive-0.12.4/lib/src/rive_core/constra
ints/transform_constraint.dart:31:22:
           Error: The getter 'Mat2D' isn't defined 
for the type 'TransformConstraint'.
            - 'TransformConstraint' is from 'package:r
ive/src/rive_core/constraints/transform_constraint.dar
t' ('/C:/Users/subhabrata/AppData/Local/Pub/Cache/host
ed/pub.dev/rive-0.12.4/lib/src/rive_core/constraints/t
ransform_constraint.dart').
               var transformB = 
Mat2D.clone(targetTransform);
                                ^^^^^
           /C:/Users/subhabrata/AppData/Local/Pub/Cach
e/hosted/pub.dev/rive-0.12.4/lib/src/rive_core/constra
ints/transform_constraint.dart:35:21:
           Error: The method 'Mat2D' isn't defined 
for the type 'TransformConstraint'.
            - 'TransformConstraint' is from 'package:r
ive/src/rive_core/constraints/transform_constraint.dar
t' ('/C:/Users/subhabrata/AppData/Local/Pub/Cache/host
ed/pub.dev/rive-0.12.4/lib/src/rive_core/constraints/t
ransform_constraint.dart').
                 var inverse = Mat2D();
                               ^^^^^
           /C:/Users/subhabrata/AppData/Local/Pub/Cach
e/hosted/pub.dev/rive-0.12.4/lib/src/rive_core/constra
ints/transform_constraint.dart:36:12:
           Error: The getter 'Mat2D' isn't defined 
for the type 'TransformConstraint'.
            - 'TransformConstraint' is from 'package:r
ive/src/rive_core/constraints/transform_constraint.dar
t' ('/C:/Users/subhabrata/AppData/Local/Pub/Cache/host
ed/pub.dev/rive-0.12.4/lib/src/rive_core/constraints/t
ransform_constraint.dart').
                 if (!Mat2D.invert(inverse, 
targetParentWorld)) {
                      ^^^^^
           /C:/Users/subhabrata/AppData/Local/Pub/Cach
e/hosted/pub.dev/rive-0.12.4/lib/src/rive_core/constra
ints/transform_constraint.dart:39:7:
           Error: The getter 'Mat2D' isn't defined 
for the type 'TransformConstraint'.
            - 'TransformConstraint' is from 'package:r
ive/src/rive_core/constraints/transform_constraint.dar
t' ('/C:/Users/subhabrata/AppData/Local/Pub/Cache/host
ed/pub.dev/rive-0.12.4/lib/src/rive_core/constraints/t
ransform_constraint.dart').
                 Mat2D.multiply(transformB, inverse, 
transformB);
                 ^^^^^
           /C:/Users/subhabrata/AppData/Local/Pub/Cach
e/hosted/pub.dev/rive-0.12.4/lib/src/rive_core/constra
ints/transform_constraint.dart:43:7:
           Error: The getter 'Mat2D' isn't defined 
for the type 'TransformConstraint'.
            - 'TransformConstraint' is from 'package:r
ive/src/rive_core/constraints/transform_constraint.dar
t' ('/C:/Users/subhabrata/AppData/Local/Pub/Cache/host
ed/pub.dev/rive-0.12.4/lib/src/rive_core/constraints/t
ransform_constraint.dart').
                 Mat2D.multiply(transformB, 
targetParentWorld, transformB);
                 ^^^^^
           /C:/Users/subhabrata/AppData/Local/Pub/Cach
e/hosted/pub.dev/rive-0.12.4/lib/src/rive_core/constra
ints/transform_constraint.dart:46:5:
           Error: The getter 'Mat2D' isn't defined 
for the type 'TransformConstraint'.
            - 'TransformConstraint' is from 'package:r
ive/src/rive_core/constraints/transform_constraint.dar
t' ('/C:/Users/subhabrata/AppData/Local/Pub/Cache/host
ed/pub.dev/rive-0.12.4/lib/src/rive_core/constraints/t
ransform_constraint.dart').
               Mat2D.decompose(transformA, 
componentsA);
               ^^^^^
           /C:/Users/subhabrata/AppData/Local/Pub/Cach
e/hosted/pub.dev/rive-0.12.4/lib/src/rive_core/constra
ints/transform_constraint.dart:47:5:
           Error: The getter 'Mat2D' isn't defined 
for the type 'TransformConstraint'.
            - 'TransformConstraint' is from 'package:r
ive/src/rive_core/constraints/transform_constraint.dar
t' ('/C:/Users/subhabrata/AppData/Local/Pub/Cache/host
ed/pub.dev/rive-0.12.4/lib/src/rive_core/constraints/t
ransform_constraint.dart').
               Mat2D.decompose(transformB, 
componentsB);
               ^^^^^
           /C:/Users/subhabrata/AppData/Local/Pub/Cach
e/hosted/pub.dev/rive-0.12.4/lib/src/rive_core/constra
ints/transform_constraint.dart:68:5:
           Error: The getter 'Mat2D' isn't defined 
for the type 'TransformConstraint'.
            - 'TransformConstraint' is from 'package:r
ive/src/rive_core/constraints/transform_constraint.dar
t' ('/C:/Users/subhabrata/AppData/Local/Pub/Cache/host
ed/pub.dev/rive-0.12.4/lib/src/rive_core/constraints/t
ransform_constraint.dart').
               
Mat2D.compose(component.worldTransform, componentsB);
               ^^^^^
           /C:/Users/subhabrata/AppData/Local/Pub/Cach
e/hosted/pub.dev/rive-0.12.4/lib/src/rive_core/constra
ints/translation_constraint.dart:19:24:
           Error: The getter 'Vec2D' isn't defined 
for the type 'TranslationConstraint'.
            - 'TranslationConstraint' is from 'package
:rive/src/rive_core/constraints/translation_constraint
.dart' ('/C:/Users/subhabrata/AppData/Local/Pub/Cache/
hosted/pub.dev/rive-0.12.4/lib/src/rive_core/constrain
ts/translation_constraint.dart').
               var translationA = 
Vec2D.fromValues(transformA[4], transformA[5]);
                                  ^^^^^
           /C:/Users/subhabrata/AppData/Local/Pub/Cach
e/hosted/pub.dev/rive-0.12.4/lib/src/rive_core/constra
ints/translation_constraint.dart:20:24:
           Error: The method 'Vec2D' isn't defined 
for the type 'TranslationConstraint'.
            - 'TranslationConstraint' is from 'package
:rive/src/rive_core/constraints/translation_constraint
.dart' ('/C:/Users/subhabrata/AppData/Local/Pub/Cache/
hosted/pub.dev/rive-0.12.4/lib/src/rive_core/constrain
ts/translation_constraint.dart').
               var translationB = Vec2D();
                                  ^^^^^
           /C:/Users/subhabrata/AppData/Local/Pub/Cach
e/hosted/pub.dev/rive-0.12.4/lib/src/rive_core/constra
ints/translation_constraint.dart:22:7:
           Error: The getter 'Vec2D' isn't defined 
for the type 'TranslationConstraint'.
            - 'TranslationConstraint' is from 'package
:rive/src/rive_core/constraints/translation_constraint
.dart' ('/C:/Users/subhabrata/AppData/Local/Pub/Cache/
hosted/pub.dev/rive-0.12.4/lib/src/rive_core/constrain
ts/translation_constraint.dart').
                 Vec2D.copy(translationB, 
translationA);
                 ^^^^^
           /C:/Users/subhabrata/AppData/Local/Pub/Cach
e/hosted/pub.dev/rive-0.12.4/lib/src/rive_core/constra
ints/translation_constraint.dart:24:24:
           Error: The getter 'Mat2D' isn't defined 
for the type 'TranslationConstraint'.
            - 'TranslationConstraint' is from 'package
:rive/src/rive_core/constraints/translation_constraint
.dart' ('/C:/Users/subhabrata/AppData/Local/Pub/Cache/
hosted/pub.dev/rive-0.12.4/lib/src/rive_core/constrain
ts/translation_constraint.dart').
                 var transformB = 
Mat2D.clone(target!.worldTransform);
                                  ^^^^^
           /C:/Users/subhabrata/AppData/Local/Pub/Cach
e/hosted/pub.dev/rive-0.12.4/lib/src/rive_core/constra
ints/translation_constraint.dart:26:23:
           Error: The method 'Mat2D' isn't defined 
for the type 'TranslationConstraint'.
            - 'TranslationConstraint' is from 'package
:rive/src/rive_core/constraints/translation_constraint
.dart' ('/C:/Users/subhabrata/AppData/Local/Pub/Cache/
hosted/pub.dev/rive-0.12.4/lib/src/rive_core/constrain
ts/translation_constraint.dart').
                   var inverse = Mat2D();
                                 ^^^^^
           /C:/Users/subhabrata/AppData/Local/Pub/Cach
e/hosted/pub.dev/rive-0.12.4/lib/src/rive_core/constra
ints/translation_constraint.dart:27:14:
           Error: The getter 'Mat2D' isn't defined 
for the type 'TranslationConstraint'.
            - 'TranslationConstraint' is from 'package
:rive/src/rive_core/constraints/translation_constraint
.dart' ('/C:/Users/subhabrata/AppData/Local/Pub/Cache/
hosted/pub.dev/rive-0.12.4/lib/src/rive_core/constrain
ts/translation_constraint.dart').
                   if (!Mat2D.invert(inverse, 
parentWorld(target!))) {
                        ^^^^^
           /C:/Users/subhabrata/AppData/Local/Pub/Cach
e/hosted/pub.dev/rive-0.12.4/lib/src/rive_core/constra
ints/translation_constraint.dart:30:9:
           Error: The getter 'Mat2D' isn't defined 
for the type 'TranslationConstraint'.
            - 'TranslationConstraint' is from 'package
:rive/src/rive_core/constraints/translation_constraint
.dart' ('/C:/Users/subhabrata/AppData/Local/Pub/Cache/
hosted/pub.dev/rive-0.12.4/lib/src/rive_core/constrain
ts/translation_constraint.dart').
                   Mat2D.multiply(transformB, 
inverse, transformB);
                   ^^^^^
           /C:/Users/subhabrata/AppData/Local/Pub/Cach
e/hosted/pub.dev/rive-0.12.4/lib/src/rive_core/constra
ints/translation_constraint.dart:63:20:
           Error: The method 'Mat2D' isn't defined 
for the type 'TranslationConstraint'.
            - 'TranslationConstraint' is from 'package
:rive/src/rive_core/constraints/translation_constraint
.dart' ('/C:/Users/subhabrata/AppData/Local/Pub/Cache/
hosted/pub.dev/rive-0.12.4/lib/src/rive_core/constrain
ts/translation_constraint.dart').
                 var invert = Mat2D();
                              ^^^^^
           /C:/Users/subhabrata/AppData/Local/Pub/Cach
e/hosted/pub.dev/rive-0.12.4/lib/src/rive_core/constra
ints/translation_constraint.dart:64:12:
           Error: The getter 'Mat2D' isn't defined 
for the type 'TranslationConstraint'.
            - 'TranslationConstraint' is from 'package
:rive/src/rive_core/constraints/translation_constraint
.dart' ('/C:/Users/subhabrata/AppData/Local/Pub/Cache/
hosted/pub.dev/rive-0.12.4/lib/src/rive_core/constrain
ts/translation_constraint.dart').
                 if (!Mat2D.invert(invert, 
parentWorld(component))) {
                      ^^^^^
           /C:/Users/subhabrata/AppData/Local/Pub/Cach
e/hosted/pub.dev/rive-0.12.4/lib/src/rive_core/shapes/
cubic_asymmetric_vertex.dart:23:5:
           Error: 'Vec2D' isn't a type.
               Vec2D? inPoint,
               ^^^^^
           /C:/Users/subhabrata/AppData/Local/Pub/Cach
e/hosted/pub.dev/rive-0.12.4/lib/src/rive_core/shapes/
cubic_asymmetric_vertex.dart:24:5:
           Error: 'Vec2D' isn't a type.
               Vec2D? outPoint,
               ^^^^^
           /C:/Users/subhabrata/AppData/Local/Pub/Cach
e/hosted/pub.dev/rive-0.12.4/lib/src/rive_core/shapes/
cubic_asymmetric_vertex.dart:29:20:
           Error: The getter 'Vec2D' isn't defined 
for the type 'CubicAsymmetricVertex'.
            - 'CubicAsymmetricVertex' is from 'package
:rive/src/rive_core/shapes/cubic_asymmetric_vertex.dar
t' ('/C:/Users/subhabrata/AppData/Local/Pub/Cache/host
ed/pub.dev/rive-0.12.4/lib/src/rive_core/shapes/cubic_
asymmetric_vertex.dart').
               this.inPoint = Vec2D.fromValues(inX ?? 
inPoint!.x, inY ?? inPoint!.y);
                              ^^^^^
           /C:/Users/subhabrata/AppData/Local/Pub/Cach
e/hosted/pub.dev/rive-0.12.4/lib/src/rive_core/shapes/
cubic_asymmetric_vertex.dart:30:21:
           Error: The getter 'Vec2D' isn't defined 
for the type 'CubicAsymmetricVertex'.
            - 'CubicAsymmetricVertex' is from 'package
:rive/src/rive_core/shapes/cubic_asymmetric_vertex.dar
t' ('/C:/Users/subhabrata/AppData/Local/Pub/Cache/host
ed/pub.dev/rive-0.12.4/lib/src/rive_core/shapes/cubic_
asymmetric_vertex.dart').
               this.outPoint = Vec2D.fromValues(outX 
?? outPoint!.x, outY ?? outPoint!.y);
                               ^^^^^
           /C:/Users/subhabrata/AppData/Local/Pub/Cach
e/hosted/pub.dev/rive-0.12.4/lib/src/rive_core/shapes/
cubic_asymmetric_vertex.dart:33:3:
           Error: 'Vec2D' isn't a type.
             Vec2D? _inPoint;
             ^^^^^
           /C:/Users/subhabrata/AppData/Local/Pub/Cach
e/hosted/pub.dev/rive-0.12.4/lib/src/rive_core/shapes/
cubic_asymmetric_vertex.dart:34:3:
           Error: 'Vec2D' isn't a type.
             Vec2D? _outPoint;
             ^^^^^
           /C:/Users/subhabrata/AppData/Local/Pub/Cach
e/hosted/pub.dev/rive-0.12.4/lib/src/rive_core/shapes/
cubic_asymmetric_vertex.dart:38:26:
           Error: The getter 'Vec2D' isn't defined 
for the type 'CubicAsymmetricVertex'.
            - 'CubicAsymmetricVertex' is from 'package
:rive/src/rive_core/shapes/cubic_asymmetric_vertex.dar
t' ('/C:/Users/subhabrata/AppData/Local/Pub/Cache/host
ed/pub.dev/rive-0.12.4/lib/src/rive_core/shapes/cubic_
asymmetric_vertex.dart').
               return _outPoint ??= Vec2D.fromValues(
                                    ^^^^^
           /C:/Users/subhabrata/AppData/Local/Pub/Cach
e/hosted/pub.dev/rive-0.12.4/lib/src/rive_core/shapes/
cubic_asymmetric_vertex.dart:44:16:
           Error: 'Vec2D' isn't a type.
             set outPoint(Vec2D value) {
                          ^^^^^
           /C:/Users/subhabrata/AppData/Local/Pub/Cach
e/hosted/pub.dev/rive-0.12.4/lib/src/rive_core/shapes/
cubic_asymmetric_vertex.dart:45:17:
           Error: The getter 'Vec2D' isn't defined 
for the type 'CubicAsymmetricVertex'.
            - 'CubicAsymmetricVertex' is from 'package
:rive/src/rive_core/shapes/cubic_asymmetric_vertex.dar
t' ('/C:/Users/subhabrata/AppData/Local/Pub/Cache/host
ed/pub.dev/rive-0.12.4/lib/src/rive_core/shapes/cubic_
asymmetric_vertex.dart').
               _outPoint = Vec2D.clone(value);
                           ^^^^^
           /C:/Users/subhabrata/AppData/Local/Pub/Cach
e/hosted/pub.dev/rive-0.12.4/lib/src/rive_core/shapes/
cubic_asymmetric_vertex.dart:50:25:
           Error: The getter 'Vec2D' isn't defined 
for the type 'CubicAsymmetricVertex'.
            - 'CubicAsymmetricVertex' is from 'package
:rive/src/rive_core/shapes/cubic_asymmetric_vertex.dar
t' ('/C:/Users/subhabrata/AppData/Local/Pub/Cache/host
ed/pub.dev/rive-0.12.4/lib/src/rive_core/shapes/cubic_
asymmetric_vertex.dart').
               return _inPoint ??= Vec2D.fromValues(
                                   ^^^^^
           /C:/Users/subhabrata/AppData/Local/Pub/Cach
e/hosted/pub.dev/rive-0.12.4/lib/src/rive_core/shapes/
cubic_asymmetric_vertex.dart:56:15:
           Error: 'Vec2D' isn't a type.
             set inPoint(Vec2D value) {
                         ^^^^^
           /C:/Users/subhabrata/AppData/Local/Pub/Cach
e/hosted/pub.dev/rive-0.12.4/lib/src/rive_core/shapes/
cubic_asymmetric_vertex.dart:57:16:
           Error: The getter 'Vec2D' isn't defined 
for the type 'CubicAsymmetricVertex'.
            - 'CubicAsymmetricVertex' is from 'package
:rive/src/rive_core/shapes/cubic_asymmetric_vertex.dar
t' ('/C:/Users/subhabrata/AppData/Local/Pub/Cache/host
ed/pub.dev/rive-0.12.4/lib/src/rive_core/shapes/cubic_
asymmetric_vertex.dart').
               _inPoint = Vec2D.clone(value);
                          ^^^^^
           /C:/Users/subhabrata/AppData/Local/Pub/Cach
e/hosted/pub.dev/rive-0.12.4/lib/src/rive_core/shapes/
cubic_detached_vertex.dart:11:3:
           Error: 'Vec2D' isn't a type.
             Vec2D? _inPoint;
             ^^^^^
           /C:/Users/subhabrata/AppData/Local/Pub/Cach
e/hosted/pub.dev/rive-0.12.4/lib/src/rive_core/shapes/
cubic_detached_vertex.dart:12:3:
           Error: 'Vec2D' isn't a type.
             Vec2D? _outPoint;
             ^^^^^
           /C:/Users/subhabrata/AppData/Local/Pub/Cach
e/hosted/pub.dev/rive-0.12.4/lib/src/rive_core/shapes/
cubic_detached_vertex.dart:22:5:
           Error: 'Vec2D' isn't a type.
               Vec2D? inPoint,
               ^^^^^
           /C:/Users/subhabrata/AppData/Local/Pub/Cach
e/hosted/pub.dev/rive-0.12.4/lib/src/rive_core/shapes/
cubic_detached_vertex.dart:23:5:
           Error: 'Vec2D' isn't a type.
               Vec2D? outPoint,
               ^^^^^
           /C:/Users/subhabrata/AppData/Local/Pub/Cach
e/hosted/pub.dev/rive-0.12.4/lib/src/rive_core/shapes/
cubic_detached_vertex.dart:28:20:
           Error: The getter 'Vec2D' isn't defined 
for the type 'CubicDetachedVertex'.
            - 'CubicDetachedVertex' is from 'package:r
ive/src/rive_core/shapes/cubic_detached_vertex.dart' (
'/C:/Users/subhabrata/AppData/Local/Pub/Cache/hosted/p
ub.dev/rive-0.12.4/lib/src/rive_core/shapes/cubic_deta
ched_vertex.dart').
               this.inPoint = Vec2D.fromValues(inX ?? 
inPoint!.x, inY ?? inPoint!.y);
                              ^^^^^
           /C:/Users/subhabrata/AppData/Local/Pub/Cach
e/hosted/pub.dev/rive-0.12.4/lib/src/rive_core/shapes/
cubic_detached_vertex.dart:29:21:
           Error: The getter 'Vec2D' isn't defined 
for the type 'CubicDetachedVertex'.
            - 'CubicDetachedVertex' is from 'package:r
ive/src/rive_core/shapes/cubic_detached_vertex.dart' (
'/C:/Users/subhabrata/AppData/Local/Pub/Cache/hosted/p
ub.dev/rive-0.12.4/lib/src/rive_core/shapes/cubic_deta
ched_vertex.dart').
               this.outPoint = Vec2D.fromValues(outX 
?? outPoint!.x, outY ?? outPoint!.y);
                               ^^^^^
           /C:/Users/subhabrata/AppData/Local/Pub/Cach
e/hosted/pub.dev/rive-0.12.4/lib/src/rive_core/shapes/
cubic_detached_vertex.dart:33:39:
           Error: The getter 'Vec2D' isn't defined 
for the type 'CubicDetachedVertex'.
            - 'CubicDetachedVertex' is from 'package:r
ive/src/rive_core/shapes/cubic_detached_vertex.dart' (
'/C:/Users/subhabrata/AppData/Local/Pub/Cache/hosted/p
ub.dev/rive-0.12.4/lib/src/rive_core/shapes/cubic_deta
ched_vertex.dart').
             Vec2D get outPoint => _outPoint ??= 
Vec2D.fromValues(
                                                 ^^^^^
           /C:/Users/subhabrata/AppData/Local/Pub/Cach
e/hosted/pub.dev/rive-0.12.4/lib/src/rive_core/shapes/
cubic_detached_vertex.dart:38:16:
           Error: 'Vec2D' isn't a type.
             set outPoint(Vec2D value) {
                          ^^^^^
           /C:/Users/subhabrata/AppData/Local/Pub/Cach
e/hosted/pub.dev/rive-0.12.4/lib/src/rive_core/shapes/
cubic_detached_vertex.dart:39:17:
           Error: The getter 'Vec2D' isn't defined 
for the type 'CubicDetachedVertex'.
            - 'CubicDetachedVertex' is from 'package:r
ive/src/rive_core/shapes/cubic_detached_vertex.dart' (
'/C:/Users/subhabrata/AppData/Local/Pub/Cache/hosted/p
ub.dev/rive-0.12.4/lib/src/rive_core/shapes/cubic_deta
ched_vertex.dart').
               _outPoint = Vec2D.clone(value);
                           ^^^^^
           /C:/Users/subhabrata/AppData/Local/Pub/Cach
e/hosted/pub.dev/rive-0.12.4/lib/src/rive_core/shapes/
cubic_detached_vertex.dart:43:37:
           Error: The getter 'Vec2D' isn't defined 
for the type 'CubicDetachedVertex'.
            - 'CubicDetachedVertex' is from 'package:r
ive/src/rive_core/shapes/cubic_detached_vertex.dart' (
'/C:/Users/subhabrata/AppData/Local/Pub/Cache/hosted/p
ub.dev/rive-0.12.4/lib/src/rive_core/shapes/cubic_deta
ched_vertex.dart').
             Vec2D get inPoint => _inPoint ??= 
Vec2D.fromValues(
                                               ^^^^^
           /C:/Users/subhabrata/AppData/Local/Pub/Cach
e/hosted/pub.dev/rive-0.12.4/lib/src/rive_core/shapes/
cubic_detached_vertex.dart:48:15:
           Error: 'Vec2D' isn't a type.
             set inPoint(Vec2D value) {
                         ^^^^^
           /C:/Users/subhabrata/AppData/Local/Pub/Cach
e/hosted/pub.dev/rive-0.12.4/lib/src/rive_core/shapes/
cubic_detached_vertex.dart:49:16:
           Error: The getter 'Vec2D' isn't defined 
for the type 'CubicDetachedVertex'.
            - 'CubicDetachedVertex' is from 'package:r
ive/src/rive_core/shapes/cubic_detached_vertex.dart' (
'/C:/Users/subhabrata/AppData/Local/Pub/Cache/hosted/p
ub.dev/rive-0.12.4/lib/src/rive_core/shapes/cubic_deta
ched_vertex.dart').
               _inPoint = Vec2D.clone(value);
                          ^^^^^
           /C:/Users/subhabrata/AppData/Local/Pub/Cach
e/hosted/pub.dev/rive-0.12.4/lib/src/rive_core/shapes/
cubic_mirrored_vertex.dart:18:3:
           Error: 'Vec2D' isn't a type.
             Vec2D? _inPoint;
             ^^^^^
           /C:/Users/subhabrata/AppData/Local/Pub/Cach
e/hosted/pub.dev/rive-0.12.4/lib/src/rive_core/shapes/
cubic_mirrored_vertex.dart:19:3:
           Error: 'Vec2D' isn't a type.
             Vec2D? _outPoint;
             ^^^^^
           /C:/Users/subhabrata/AppData/Local/Pub/Cach
e/hosted/pub.dev/rive-0.12.4/lib/src/rive_core/shapes/
cubic_mirrored_vertex.dart:23:26:
           Error: The getter 'Vec2D' isn't defined 
for the type 'CubicMirroredVertex'.
            - 'CubicMirroredVertex' is from 'package:r
ive/src/rive_core/shapes/cubic_mirrored_vertex.dart' (
'/C:/Users/subhabrata/AppData/Local/Pub/Cache/hosted/p
ub.dev/rive-0.12.4/lib/src/rive_core/shapes/cubic_mirr
ored_vertex.dart').
               return _outPoint ??= Vec2D.fromValues(
                                    ^^^^^
           /C:/Users/subhabrata/AppData/Local/Pub/Cach
e/hosted/pub.dev/rive-0.12.4/lib/src/rive_core/shapes/
cubic_mirrored_vertex.dart:29:16:
           Error: 'Vec2D' isn't a type.
             set outPoint(Vec2D value) {
                          ^^^^^
           /C:/Users/subhabrata/AppData/Local/Pub/Cach
e/hosted/pub.dev/rive-0.12.4/lib/src/rive_core/shapes/
cubic_mirrored_vertex.dart:30:17:
           Error: The getter 'Vec2D' isn't defined 
for the type 'CubicMirroredVertex'.
            - 'CubicMirroredVertex' is from 'package:r
ive/src/rive_core/shapes/cubic_mirrored_vertex.dart' (
'/C:/Users/subhabrata/AppData/Local/Pub/Cache/hosted/p
ub.dev/rive-0.12.4/lib/src/rive_core/shapes/cubic_mirr
ored_vertex.dart').
               _outPoint = Vec2D.clone(value);
                           ^^^^^
           /C:/Users/subhabrata/AppData/Local/Pub/Cach
e/hosted/pub.dev/rive-0.12.4/lib/src/rive_core/shapes/
cubic_mirrored_vertex.dart:35:25:
           Error: The getter 'Vec2D' isn't defined 
for the type 'CubicMirroredVertex'.
            - 'CubicMirroredVertex' is from 'package:r
ive/src/rive_core/shapes/cubic_mirrored_vertex.dart' (
'/C:/Users/subhabrata/AppData/Local/Pub/Cache/hosted/p
ub.dev/rive-0.12.4/lib/src/rive_core/shapes/cubic_mirr
ored_vertex.dart').
               return _inPoint ??= Vec2D.fromValues(
                                   ^^^^^
           /C:/Users/subhabrata/AppData/Local/Pub/Cach
e/hosted/pub.dev/rive-0.12.4/lib/src/rive_core/shapes/
cubic_mirrored_vertex.dart:41:15:
           Error: 'Vec2D' isn't a type.
             set inPoint(Vec2D value) {
                         ^^^^^
           /C:/Users/subhabrata/AppData/Local/Pub/Cach
e/hosted/pub.dev/rive-0.12.4/lib/src/rive_core/shapes/
cubic_mirrored_vertex.dart:42:18:
           Error: The getter 'Vec2D' isn't defined 
for the type 'CubicMirroredVertex'.
            - 'CubicMirroredVertex' is from 'package:r
ive/src/rive_core/shapes/cubic_mirrored_vertex.dart' (
'/C:/Users/subhabrata/AppData/Local/Pub/Cache/hosted/p
ub.dev/rive-0.12.4/lib/src/rive_core/shapes/cubic_mirr
ored_vertex.dart').
               var diffIn = Vec2D.fromValues(value.x 
- x, value.y - y);
                            ^^^^^
           /C:/Users/subhabrata/AppData/Local/Pub/Cach
e/hosted/pub.dev/rive-0.12.4/lib/src/rive_core/shapes/
ellipse.dart:18:29:
           Error: The getter 'circleConstant' isn't 
defined for the type 'Ellipse'.
            - 'Ellipse' is from 
'package:rive/src/rive_core/shapes/ellipse.dart' ('/C:
/Users/subhabrata/AppData/Local/Pub/Cache/hosted/pub.d
ev/rive-0.12.4/lib/src/rive_core/shapes/ellipse.dart')
.
                   inX: ox - radiusX * circleConstant,
                                       ^^^^^^^^^^^^^^
           /C:/Users/subhabrata/AppData/Local/Pub/Cach
e/hosted/pub.dev/rive-0.12.4/lib/src/rive_core/shapes/
ellipse.dart:20:30:
           Error: The getter 'circleConstant' isn't 
defined for the type 'Ellipse'.
            - 'Ellipse' is from 
'package:rive/src/rive_core/shapes/ellipse.dart' ('/C:
/Users/subhabrata/AppData/Local/Pub/Cache/hosted/pub.d
ev/rive-0.12.4/lib/src/rive_core/shapes/ellipse.dart')
.
                   outX: ox + radiusX * 
circleConstant,
                                        ^^^^^^^^^^^^^^
           /C:/Users/subhabrata/AppData/Local/Pub/Cach
e/hosted/pub.dev/rive-0.12.4/lib/src/rive_core/shapes/
ellipse.dart:27:19:
           Error: The getter 'circleConstant' isn't 
defined for the type 'Ellipse'.
            - 'Ellipse' is from 
'package:rive/src/rive_core/shapes/ellipse.dart' ('/C:
/Users/subhabrata/AppData/Local/Pub/Cache/hosted/pub.d
ev/rive-0.12.4/lib/src/rive_core/shapes/ellipse.dart')
.
                   inY: oy + circleConstant * 
-radiusY,
                             ^^^^^^^^^^^^^^
           /C:/Users/subhabrata/AppData/Local/Pub/Cach
e/hosted/pub.dev/rive-0.12.4/lib/src/rive_core/shapes/
ellipse.dart:29:20:
           Error: The getter 'circleConstant' isn't 
defined for the type 'Ellipse'.
            - 'Ellipse' is from 
'package:rive/src/rive_core/shapes/ellipse.dart' ('/C:
/Users/subhabrata/AppData/Local/Pub/Cache/hosted/pub.d
ev/rive-0.12.4/lib/src/rive_core/shapes/ellipse.dart')
.
                   outY: oy + circleConstant * 
radiusY,
                              ^^^^^^^^^^^^^^
           /C:/Users/subhabrata/AppData/Local/Pub/Cach
e/hosted/pub.dev/rive-0.12.4/lib/src/rive_core/shapes/
ellipse.dart:34:29:
           Error: The getter 'circleConstant' isn't 
defined for the type 'Ellipse'.
            - 'Ellipse' is from 
'package:rive/src/rive_core/shapes/ellipse.dart' ('/C:
/Users/subhabrata/AppData/Local/Pub/Cache/hosted/pub.d
ev/rive-0.12.4/lib/src/rive_core/shapes/ellipse.dart')
.
                   inX: ox + radiusX * circleConstant,
                                       ^^^^^^^^^^^^^^
           /C:/Users/subhabrata/AppData/Local/Pub/Cach
e/hosted/pub.dev/rive-0.12.4/lib/src/rive_core/shapes/
ellipse.dart:36:30:
           Error: The getter 'circleConstant' isn't 
defined for the type 'Ellipse'.
            - 'Ellipse' is from 
'package:rive/src/rive_core/shapes/ellipse.dart' ('/C:
/Users/subhabrata/AppData/Local/Pub/Cache/hosted/pub.d
ev/rive-0.12.4/lib/src/rive_core/shapes/ellipse.dart')
.
                   outX: ox - radiusX * 
circleConstant,
                                        ^^^^^^^^^^^^^^
           /C:/Users/subhabrata/AppData/Local/Pub/Cach
e/hosted/pub.dev/rive-0.12.4/lib/src/rive_core/shapes/
ellipse.dart:43:29:
           Error: The getter 'circleConstant' isn't 
defined for the type 'Ellipse'.
            - 'Ellipse' is from 
'package:rive/src/rive_core/shapes/ellipse.dart' ('/C:
/Users/subhabrata/AppData/Local/Pub/Cache/hosted/pub.d
ev/rive-0.12.4/lib/src/rive_core/shapes/ellipse.dart')
.
                   inY: oy + radiusY * circleConstant,
                                       ^^^^^^^^^^^^^^
           /C:/Users/subhabrata/AppData/Local/Pub/Cach
e/hosted/pub.dev/rive-0.12.4/lib/src/rive_core/shapes/
ellipse.dart:45:30:
           Error: The getter 'circleConstant' isn't 
defined for the type 'Ellipse'.
            - 'Ellipse' is from 
'package:rive/src/rive_core/shapes/ellipse.dart' ('/C:
/Users/subhabrata/AppData/Local/Pub/Cache/hosted/pub.d
ev/rive-0.12.4/lib/src/rive_core/shapes/ellipse.dart')
.
                   outY: oy - radiusY * 
circleConstant,
                                        ^^^^^^^^^^^^^^
           /C:/Users/subhabrata/AppData/Local/Pub/Cach
e/hosted/pub.dev/rive-0.12.4/lib/src/rive_core/shapes/
points_path.dart:20:45:
           Error: The getter 'Mat2D' isn't defined 
for the type 'PointsPath'.
            - 'PointsPath' is from 
'package:rive/src/rive_core/shapes/points_path.dart' (
'/C:/Users/subhabrata/AppData/Local/Pub/Cache/hosted/p
ub.dev/rive-0.12.4/lib/src/rive_core/shapes/points_pat
h.dart').
             Mat2D get pathTransform => skin != null 
? Mat2D.identity : worldTransform;
                                                      
 ^^^^^
           /C:/Users/subhabrata/AppData/Local/Pub/Cach
e/hosted/pub.dev/rive-0.12.4/lib/src/rive_core/shapes/
points_path.dart:25:22:
           Error: The method 'Mat2D' isn't defined 
for the type 'PointsPath'.
            - 'PointsPath' is from 
'package:rive/src/rive_core/shapes/points_path.dart' (
'/C:/Users/subhabrata/AppData/Local/Pub/Cache/hosted/p
ub.dev/rive-0.12.4/lib/src/rive_core/shapes/points_pat
h.dart').
                 skin != null ? Mat2D() : 
inverseWorldTransform;
                                ^^^^^
           /C:/Users/subhabrata/AppData/Local/Pub/Cach
e/hosted/pub.dev/rive-0.12.4/lib/src/rive_core/text/te
xt_modifier_range.dart:109:34:
           Error: 'TextShapeResult' isn't a type.
             void computeRange(String text, 
TextShapeResult? shape,
                                            
^^^^^^^^^^^^^^^
           /C:/Users/subhabrata/AppData/Local/Pub/Cach
e/hosted/pub.dev/rive-0.12.4/lib/src/rive_core/text/te
xt_modifier_range.dart:110:7:
           Error: 'BreakLinesResult' isn't a type.
                 BreakLinesResult? lines, GlyphLookup 
glyphLookup) {
                 ^^^^^^^^^^^^^^^^
           /C:/Users/subhabrata/AppData/Local/Pub/Cach
e/hosted/pub.dev/rive-0.12.4/lib/src/rive_core/text/te
xt_modifier_range.dart:110:32:
           Error: 'GlyphLookup' isn't a type.
                 BreakLinesResult? lines, GlyphLookup 
glyphLookup) {
                                          ^^^^^^^^^^^
           /C:/Users/subhabrata/AppData/Local/Pub/Cach
e/hosted/pub.dev/rive-0.12.4/lib/src/rive_core/text/te
xt_modifier_range.dart:322:29:
           Error: Method not found: 'isWhiteSpace'.
                 if (wantWhiteSpace == 
isWhiteSpace(unit)) {
                                       ^^^^^^^^^^^^
           /C:/Users/subhabrata/AppData/Local/Pub/Cach
e/hosted/pub.dev/rive-0.12.4/lib/src/rive_core/text/te
xt_modifier_range.dart:362:40:
           Error: 'GlyphLookup' isn't a type.
                 String text, int start, int end, 
GlyphLookup glyphLookup,
                                                  
^^^^^^^^^^^
           /C:/Users/subhabrata/AppData/Local/Pub/Cach
e/hosted/pub.dev/rive-0.12.4/lib/src/rive_core/text/te
xt_modifier_range.dart:371:28:
           Error: Method not found: 'isWhiteSpace'.
                 if (withoutSpaces && 
isWhiteSpace(unit)) {
                                      ^^^^^^^^^^^^
           /C:/Users/subhabrata/AppData/Local/Pub/Cach
e/hosted/pub.dev/rive-0.12.4/lib/src/rive_core/text/te
xt_modifier_range.dart:379:9:
           Error: A value of type 'num' can't be 
assigned to a variable of type 'int'.
                 i += codePoints;
                   ^
           /C:/Users/subhabrata/AppData/Local/Pub/Cach
e/hosted/pub.dev/rive-0.12.4/lib/src/rive_core/text/te
xt_modifier_range.dart:387:7:
           Error: 'TextShapeResult' isn't a type.
                 TextShapeResult shape, 
BreakLinesResult lines, GlyphLookup glyphLookup) {
                 ^^^^^^^^^^^^^^^
           /C:/Users/subhabrata/AppData/Local/Pub/Cach
e/hosted/pub.dev/rive-0.12.4/lib/src/rive_core/text/te
xt_modifier_range.dart:387:30:
           Error: 'BreakLinesResult' isn't a type.
                 TextShapeResult shape, 
BreakLinesResult lines, GlyphLookup glyphLookup) {
                                        
^^^^^^^^^^^^^^^^
           /C:/Users/subhabrata/AppData/Local/Pub/Cach
e/hosted/pub.dev/rive-0.12.4/lib/src/rive_core/text/te
xt_modifier_range.dart:387:54:
           Error: 'GlyphLookup' isn't a type.
                 TextShapeResult shape, 
BreakLinesResult lines, GlyphLookup glyphLookup) {
                                                      
          ^^^^^^^^^^^
           /C:/Users/subhabrata/AppData/Local/Pub/Cach
e/hosted/pub.dev/rive-0.12.4/lib/src/rive_core/text/te
xt_modifier_range.dart:403:29:
           Error: Inferred type argument 'dynamic' 
doesn't conform to the bound 'num' of the type 
variable 'T' on 'max'.
                   var endGlyphIndex = max(0, 
line.endIndex - 1);
                                       ^
           Info: This is the type variable whose 
bound isn't conformed to.
           /C:/Users/subhabrata/AppData/Local/Pub/Cach
e/hosted/pub.dev/rive-0.12.4/lib/src/rive_core/text/te
xt_modifier_range.dart:408:29:
           Error: Inferred type argument 'dynamic' 
doesn't conform to the bound 'num' of the type 
variable 'T' on 'max'.
                     var actualStart = max(start, 
indexFrom);
                                       ^
           Info: This is the type variable whose 
bound isn't conformed to.
           /C:/Users/subhabrata/AppData/Local/Pub/Cach
e/hosted/pub.dev/rive-0.12.4/lib/src/rive_core/text/te
xt_modifier_range.dart:409:26:
           Error: Inferred type argument 'dynamic' 
doesn't conform to the bound 'num' of the type 
variable 'T' on 'min'.
                     int selected = min(end, indexTo) 
- actualStart;
                                    ^
           Info: This is the type variable whose 
bound isn't conformed to.
           /C:/Users/subhabrata/AppData/Local/Pub/Cach
e/hosted/pub.dev/rive-0.12.4/lib/src/rive_core/text/te
xt_variation_modifier.dart:10:25:
           Error: The getter 'FontTag' isn't defined 
for the type 'TextVariationModifier'.
            - 'TextVariationModifier' is from 'package
:rive/src/rive_core/text/text_variation_modifier.dart'
 ('/C:/Users/subhabrata/AppData/Local/Pub/Cache/hosted
/pub.dev/rive-0.12.4/lib/src/rive_core/text/text_varia
tion_modifier.dart').
             String get tagName => 
FontTag.tagToName(axisTag);
                                   ^^^^^^^
           /C:/Users/subhabrata/AppData/Local/Pub/Cach
e/hosted/pub.dev/rive-0.12.4/lib/src/rive_core/text/te
xt_variation_modifier.dart:24:28:
           Error: 'Font' isn't a type.
             double modify(Text text, Font font, 
HashMap<int, double> variations,
                                      ^^^^
           /C:/Users/subhabrata/AppData/Local/Pub/Cach
e/hosted/pub.dev/rive-0.12.4/lib/src/rive_core/constra
ints/constraint.dart:48:10:
           Error: Method not found: 'Mat2D'.
             return Mat2D();
                    ^^^^^
           /C:/Users/subhabrata/AppData/Local/Pub/Cach
e/hosted/pub.dev/rive-0.12.4/lib/src/rive_core/shapes/
vertex.dart:14:28:
           Error: The getter 'Vec2D' isn't defined 
for the type 'Vertex<T>'.
            - 'Vertex' is from 
'package:rive/src/rive_core/shapes/vertex.dart' ('/C:/
Users/subhabrata/AppData/Local/Pub/Cache/hosted/pub.de
v/rive-0.12.4/lib/src/rive_core/shapes/vertex.dart').
             Vec2D get translation => 
Vec2D.fromValues(x, y);
                                      ^^^^^
           /C:/Users/subhabrata/AppData/Local/Pub/Cach
e/hosted/pub.dev/rive-0.12.4/lib/src/rive_core/shapes/
vertex.dart:17:19:
           Error: 'Vec2D' isn't a type.
             set translation(Vec2D value) {
                             ^^^^^
           /C:/Users/subhabrata/AppData/Local/Pub/Cach
e/hosted/pub.dev/rive-0.12.4/lib/src/rive_core/shapes/
vertex.dart:56:15:
           Error: 'Mat2D' isn't a type.
             void deform(Mat2D world, Float32List 
boneTransforms) {
                         ^^^^^
           /C:/Users/subhabrata/AppData/Local/Pub/Cach
e/hosted/pub.dev/rive-0.12.4/lib/src/rive_core/text/te
xt_shape_modifier.dart:10:28:
           Error: 'Font' isn't a type.
             double modify(Text text, Font font, 
HashMap<int, double> variations,
                                      ^^^^
           /C:/Users/subhabrata/AppData/Local/Pub/Cach
e/hosted/pub.dev/rive-0.12.4/lib/src/rive_core/constra
ints/transform_space_constraint.dart:9:9:
           Error: 'TransformComponents' isn't a type.
             final TransformComponents componentsA = 
TransformComponents();
                   ^^^^^^^^^^^^^^^^^^^
           /C:/Users/subhabrata/AppData/Local/Pub/Cach
e/hosted/pub.dev/rive-0.12.4/lib/src/rive_core/constra
ints/transform_space_constraint.dart:9:43:
[ +823 ms] Compiling lib\main.dart for the Web... (completed in 130.4s)
           Error: Method not found: 
'TransformComponents'.
             final TransformComponents componentsA = 
TransformComponents();
                                                     
^^^^^^^^^^^^^^^^^^^
           /C:/Users/subhabrata/AppData/Local/Pub/Cach
e/hosted/pub.dev/rive-0.12.4/lib/src/rive_core/constra
ints/transform_space_constraint.dart:10:9:
           Error: 'TransformComponents' isn't a type.
             final TransformComponents componentsB = 
TransformComponents();
                   ^^^^^^^^^^^^^^^^^^^
           /C:/Users/subhabrata/AppData/Local/Pub/Cach
e/hosted/pub.dev/rive-0.12.4/lib/src/rive_core/constra
ints/transform_space_constraint.dart:10:43:
           Error: Method not found: 
'TransformComponents'.
             final TransformComponents componentsB = 
TransformComponents();
                                                     
^^^^^^^^^^^^^^^^^^^
           Error: Compilation failed.
             Command: C:\Users\subhabrata\flutter\bin\
cache\dart-sdk\bin\dart.exe compile js --platform-bina
ries=C:\Users\subhabrata\flutter\bin\cache\flutter_web
_sdk\kernel --invoker=flutter_tool 
-Ddart.vm.product=true -DFLUTTER_VERSION=3.41.4 
-DFLUTTER_CHANNEL=stable -DFLUTTER_GIT_URL=https://git
hub.com/flutter/flutter.git 
-DFLUTTER_FRAMEWORK_REVISION=ff37bef603 
-DFLUTTER_ENGINE_REVISION=e4b8dca3f1 
-DFLUTTER_DART_VERSION=3.11.1 
-DFLUTTER_WEB_USE_SKIA=true 
-DFLUTTER_WEB_USE_SKWASM=false -DFLUTTER_WEB_CANVASKIT
_URL=https://www.gstatic.com/flutter-canvaskit/e4b8dca
3f1b4ede4c30371002441c88c12187ed6/ 
--native-null-assertions --no-source-maps -O4 
--minify -o D:\Subhabrata\Downloads\OnlineTeachingApp-
main\OnlineTeachingApp-main\.dart_tool\flutter_build\c
130ee3d43418455fe609fe5112f5275\app.dill --packages=D:
\Subhabrata\Downloads\OnlineTeachingApp-main\OnlineTea
chingApp-main\.dart_tool\package_config.json 
--cfe-only D:\Subhabrata\Downloads\OnlineTeachingApp-m
ain\OnlineTeachingApp-main\.dart_tool\flutter_build\c1
30ee3d43418455fe609fe5112f5275\main.dart
[        ] "flutter web" took 1,32,466ms.
           #0      RunResult.throwException 
(package:flutter_tools/src/base/process.dart:153:5)
           #1      _DefaultProcessUtils.run 
(package:flutter_tools/src/base/process.dart:379:19)
           <asynchronous suspension>
           #2      Dart2JSTarget.build (package:flutte
r_tools/src/build_system/targets/web.dart:208:5)
           <asynchronous suspension>
           #3      _BuildInstance._invokeInternal (pac
kage:flutter_tools/src/build_system/build_system.dart:
937:9)
           <asynchronous suspension>
           #4      Future.wait.<anonymous closure> 
(dart:async/future.dart:546:21)
           <asynchronous suspension>
           #5      _BuildInstance.invokeTarget (packag
e:flutter_tools/src/build_system/build_system.dart:875
:32)
           <asynchronous suspension>
           #6      Future.wait.<anonymous closure> 
(dart:async/future.dart:546:21)
           <asynchronous suspension>
           #7      _BuildInstance.invokeTarget (packag
e:flutter_tools/src/build_system/build_system.dart:875
:32)
           <asynchronous suspension>
           #8      FlutterBuildSystem.build (package:f
lutter_tools/src/build_system/build_system.dart:684:16
)
           <asynchronous suspension>
           #9      WebBuilder.buildWeb 
(package:flutter_tools/src/web/compile.dart:107:34)
           <asynchronous suspension>
           #10     BuildWebCommand.runCommand (package
:flutter_tools/src/commands/build_web.dart:300:5)
           <asynchronous suspension>
           #11     FlutterCommand.run.<anonymous 
closure> (package:flutter_tools/src/runner/flutter_com
mand.dart:1590:27)
           <asynchronous suspension>
           #12     AppContext.run.<anonymous closure> 
(package:flutter_tools/src/base/context.dart:154:19)
           <asynchronous suspension>
           #13     CommandRunner.runCommand 
(package:args/command_runner.dart:212:13)
           <asynchronous suspension>
           #14     
FlutterCommandRunner.runCommand.<anonymous closure> (p
ackage:flutter_tools/src/runner/flutter_command_runner
.dart:496:9)
           <asynchronous suspension>
           #15     AppContext.run.<anonymous closure> 
(package:flutter_tools/src/base/context.dart:154:19)
           <asynchronous suspension>
           #16     FlutterCommandRunner.runCommand (pa
ckage:flutter_tools/src/runner/flutter_command_runner.
dart:431:5)
           <asynchronous suspension>
           #17     
FlutterCommandRunner.run.<anonymous closure> (package:
flutter_tools/src/runner/flutter_command_runner.dart:3
07:33)
           <asynchronous suspension>
           #18     run.<anonymous closure>.<anonymous 
closure> (package:flutter_tools/runner.dart:104:11)
           <asynchronous suspension>
           #19     AppContext.run.<anonymous closure> 
(package:flutter_tools/src/base/context.dart:154:19)
           <asynchronous suspension>
           #20     main 
(package:flutter_tools/executable.dart:103:3)
           <asynchronous suspension>

[ +278 ms] Error: Failed to compile application for 
the Web.
[        ] 
           #0      throwToolExit 
(package:flutter_tools/src/base/common.dart:34:3)
           #1      WebBuilder.buildWeb 
(package:flutter_tools/src/web/compile.dart:152:7)
           <asynchronous suspension>
           #2      BuildWebCommand.runCommand (package
:flutter_tools/src/commands/build_web.dart:300:5)
           <asynchronous suspension>
           #3      FlutterCommand.run.<anonymous 
closure> (package:flutter_tools/src/runner/flutter_com
mand.dart:1590:27)
           <asynchronous suspension>
           #4      AppContext.run.<anonymous closure> 
(package:flutter_tools/src/base/context.dart:154:19)
           <asynchronous suspension>
           #5      CommandRunner.runCommand 
(package:args/command_runner.dart:212:13)
           <asynchronous suspension>
           #6      
FlutterCommandRunner.runCommand.<anonymous closure> (p
ackage:flutter_tools/src/runner/flutter_command_runner
.dart:496:9)
           <asynchronous suspension>
           #7      AppContext.run.<anonymous closure> 
(package:flutter_tools/src/base/context.dart:154:19)
           <asynchronous suspension>
           #8      FlutterCommandRunner.runCommand (pa
ckage:flutter_tools/src/runner/flutter_command_runner.
dart:431:5)
           <asynchronous suspension>
           #9      
FlutterCommandRunner.run.<anonymous closure> (package:
flutter_tools/src/runner/flutter_command_runner.dart:3
07:33)
           <asynchronous suspension>
           #10     run.<anonymous closure>.<anonymous 
closure> (package:flutter_tools/runner.dart:104:11)
           <asynchronous suspension>
           #11     AppContext.run.<anonymous closure> 
(package:flutter_tools/src/base/context.dart:154:19)
           <asynchronous suspension>
           #12     main 
(package:flutter_tools/executable.dart:103:3)
           <asynchronous suspension>


[        ] Running 1 shutdown hook
[   +3 ms] Shutdown hooks complete
[ +273 ms] exiting with code 1
